== 23:55:49 chain3 start; java procs: 0
full18-additive-on exit=1
    SMOKE| RAM tier = threehalf (1024 KB as the sandbox sees it; x ramScale 1.8 real bytes, plus kernelMemory)
    SMOKE| PHASE1 ROW: native=additive kernel=watchdog jit=on  mandelbrot/ok/37904620/0.0637/0.0730/638/5
    SMOKE| PHASE1 ROW: native=additive kernel=watchdog jit=on  binarytrees/ok/7038400/0.2464/0.2548/711/5
    SMOKE| PHASE1 ROW: native=additive kernel=watchdog jit=on  trampoline/ok/247388/0.2254/0.2339/678/5
    SMOKE| PHASE1 ROW: native=additive kernel=watchdog jit=on  matmul/ok/481.0000/0.0871/0.0942/769/5
    SMOKE| PHASE1 ROW: native=additive kernel=watchdog jit=on  strings2/ok/12582912-3852468224/0.1882/0.1937/433/5
    SMOKE| PHASE1 ROW: native=additive kernel=watchdog jit=on  nqueens/ok/85200/0.5783/1.1278/366/5
    SMOKE| PHASE1 ROW: native=additive kernel=watchdog jit=on  sha256/ok/4044b97490ea337483cb563ee4336c024272c962e86475de24c58abaade25a5d/0.0496/0.0545/589/5
    SMOKE| MILESTONE mem-2-pressure-flushes-traces: FAIL -- tier=threehalf (1024 KB): held 1558 KB live with sandbox free down to 62 KB; trace_flushes 0 -> 117; traces_live 497 before, min 1 over 60 reads while running (neve
    SMOKE| CHECKS: 65   FAILURES: 1   WALL: 92.0s
    SMOKE| VERDICT: FAIL
        SMOKE| MILESTONE mem-2-pressure-flushes-traces: FAIL -- tier=threehalf (1024 KB): held 1558 KB live with sandbox free down to 62 KB; trace_flushes 0 -> 117; traces_live 497 before, min 1 over 60 reads while running (
    SMOKE FAIL
full18-additive-off exit=0
    SMOKE| RAM tier = threehalf (1024 KB as the sandbox sees it; x ramScale 1.8 real bytes, plus kernelMemory)
    SMOKE| PHASE1 ROW: native=additive kernel=watchdog jit=off  mandelbrot/ok/37904620/0.3830/0.4026/788/5
    SMOKE| PHASE1 ROW: native=additive kernel=watchdog jit=off  binarytrees/ok/7038400/0.3445/0.3953/681/5
    SMOKE| PHASE1 ROW: native=additive kernel=watchdog jit=off  trampoline/ok/247388/0.2771/0.2799/856/5
    SMOKE| PHASE1 ROW: native=additive kernel=watchdog jit=off  matmul/ok/481.0000/0.6041/0.6176/855/5
    SMOKE| PHASE1 ROW: native=additive kernel=watchdog jit=off  strings2/ok/12582912-3852468224/0.4073/0.4174/520/5
    SMOKE| PHASE1 ROW: native=additive kernel=watchdog jit=off  nqueens/ok/85200/0.8980/0.9109/723/5
    SMOKE| PHASE1 ROW: native=additive kernel=watchdog jit=off  sha256/ok/4044b97490ea337483cb563ee4336c024272c962e86475de24c58abaade25a5d/0.7917/0.8238/799/5
    SMOKE| MILESTONE mem-2-pressure-flushes-traces: SKIP -- jit=off: no trace is ever resident, so there is nothing to flush (not counted)
    SMOKE| CHECKS: 63   FAILURES: 0   WALL: 95.2s
    SMOKE| VERDICT: PASS
    SMOKE PASS -- OpenOS booted on LuaJIT, persisted, and resumed.
full18-additive-sieve exit=0
    SMOKE| RAM tier = threehalf (1024 KB as the sandbox sees it; x ramScale 1.8 real bytes, plus kernelMemory)
    SMOKE| PHASE1 ROW: native=additive kernel=watchdog jit=on  sieve/ok/4626000/0.1097/0.1109/552/2
    SMOKE| CHECKS: 59   FAILURES: 0   WALL: 83.2s
    SMOKE| VERDICT: PASS
    SMOKE PASS -- OpenOS booted on LuaJIT, persisted, and resumed.
full18-stock exit=0
    SMOKE| RAM tier = threehalf (1024 KB as the sandbox sees it; x ramScale 1.8 real bytes, plus kernelMemory)
    SMOKE| MILESTONE al-1-machine-heap-is-lj-alloc: SKIP -- native=stock: PUC has no _OCLJ_GCSTATS (not counted)
    SMOKE| MILESTONE acc-1-machine-handover: SKIP -- native=stock: PUC has no _OCLJ_GCSTATS (not counted)
    SMOKE| PHASE1 ROW: native=stock kernel=stock jit=on  mandelbrot/ok/37904620/0.7954/0.8063/624/5
    SMOKE| PHASE1 ROW: native=stock kernel=stock jit=on  binarytrees/ok/7038400/1.6210/1.7050/669/5
    SMOKE| PHASE1 ROW: native=stock kernel=stock jit=on  trampoline/ok/247388/0.4221/0.4306/376/5
    SMOKE| PHASE1 ROW: native=stock kernel=stock jit=on  matmul/ok/481.0000/1.2224/1.2919/749/5
    SMOKE| PHASE1 ROW: native=stock kernel=stock jit=on  strings2/ok/12582912-3852468224/0.6993/0.7409/38/5
    SMOKE| PHASE1 ROW: native=stock kernel=stock jit=on  nqueens/ok/85200/1.8634/1.8977/417/5
    SMOKE| PHASE1 ROW: native=stock kernel=stock jit=on  sha256/ok/4044b97490ea337483cb563ee4336c024272c962e86475de24c58abaade25a5d/0.9682/0.9858/446/5
    SMOKE| MILESTONE acc-1r-restored-machine-handover: SKIP -- native=stock (not counted)
    SMOKE| MILESTONE acc-3..7: SKIP -- native=stock: PUC's accounting is jnlua's own (not counted)
    SMOKE| CHECKS: 47   FAILURES: 0   WALL: 77.8s
    SMOKE| VERDICT: PASS
    SMOKE PASS (BASELINE) -- OpenOS booted on ocelot-brain's stock PUC-Lua 5.2,
== 00:01:59 chain3 done
