== 13:59:42 chainJ dpre native=luajit start; java procs: 0
fullJ-dpre-off-1 exit=0
    SMOKE| MILESTONE b-machine.lua-sandbox: PASS -- kernelMemory=164247 after 2 ticks; running=true; lastError=null
    SMOKE| quiesced after 3 spins, before the VM fingerprint
    SMOKE| quiesced after 0 spins, before the JIT probe read-out
    SMOKE| JIT PROBE: jit.off() + jit.flush() -> jit.status()=false
    SMOKE| JIT PROBE: kernel=watchdog  mode=off  jit.status()=false  traces start/stop/abort/flush=0/0/0/0  ticks-to-shell=180  boot-ms=5193  sandbox-bench(min-s/iters/reps/sum)=0.0651/12000000/3/13500001
    SMOKE| MILESTONE k3-sandbox-loop-is-compiled-NEGATIVE-CONTROL: PASS -- JIT off: sandbox loop = 0.0651 s = 0.97x the raw interpreted reference 0.0668 s -- interpreter speed, must be >= 1/3
    SMOKE| MILESTONE j0-jit-switch-honoured: PASS -- mode=off -> jit.status()=false
    SMOKE| MILESTONE m1-mcode-is-real-NEGATIVE-CONTROL: PASS -- jit=off: mcode=0 B, traces=0 (must be exactly 0)
    SMOKE| VERDICT: PASS
fullJ-dpre-off-2 exit=0
    SMOKE| MILESTONE b-machine.lua-sandbox: PASS -- kernelMemory=164247 after 2 ticks; running=true; lastError=null
    SMOKE| quiesced after 3 spins, before the VM fingerprint
    SMOKE| quiesced after 0 spins, before the JIT probe read-out
    SMOKE| JIT PROBE: jit.off() + jit.flush() -> jit.status()=false
    SMOKE| JIT PROBE: kernel=watchdog  mode=off  jit.status()=false  traces start/stop/abort/flush=0/0/0/0  ticks-to-shell=180  boot-ms=5167  sandbox-bench(min-s/iters/reps/sum)=0.0689/12000000/3/13500001
    SMOKE| MILESTONE k3-sandbox-loop-is-compiled-NEGATIVE-CONTROL: PASS -- JIT off: sandbox loop = 0.0689 s = 1.07x the raw interpreted reference 0.0644 s -- interpreter speed, must be >= 1/3
    SMOKE| MILESTONE j0-jit-switch-honoured: PASS -- mode=off -> jit.status()=false
    SMOKE| MILESTONE m1-mcode-is-real-NEGATIVE-CONTROL: PASS -- jit=off: mcode=0 B, traces=0 (must be exactly 0)
    SMOKE| VERDICT: PASS
fullJ-dpre-off-3 exit=0
    SMOKE| MILESTONE b-machine.lua-sandbox: PASS -- kernelMemory=164247 after 2 ticks; running=true; lastError=null
    SMOKE| quiesced after 3 spins, before the VM fingerprint
    SMOKE| quiesced after 0 spins, before the JIT probe read-out
    SMOKE| JIT PROBE: jit.off() + jit.flush() -> jit.status()=false
    SMOKE| JIT PROBE: kernel=watchdog  mode=off  jit.status()=false  traces start/stop/abort/flush=0/0/0/0  ticks-to-shell=180  boot-ms=5189  sandbox-bench(min-s/iters/reps/sum)=0.0661/12000000/3/13500001
    SMOKE| MILESTONE k3-sandbox-loop-is-compiled-NEGATIVE-CONTROL: PASS -- JIT off: sandbox loop = 0.0661 s = 1.00x the raw interpreted reference 0.0659 s -- interpreter speed, must be >= 1/3
    SMOKE| MILESTONE j0-jit-switch-honoured: PASS -- mode=off -> jit.status()=false
    SMOKE| MILESTONE m1-mcode-is-real-NEGATIVE-CONTROL: PASS -- jit=off: mcode=0 B, traces=0 (must be exactly 0)
    SMOKE| VERDICT: PASS
fullJ-dpre-off-4 exit=0
    SMOKE| MILESTONE b-machine.lua-sandbox: PASS -- kernelMemory=164247 after 2 ticks; running=true; lastError=null
    SMOKE| quiesced after 2 spins, before the VM fingerprint
    SMOKE| quiesced after 0 spins, before the JIT probe read-out
    SMOKE| JIT PROBE: jit.off() + jit.flush() -> jit.status()=false
    SMOKE| JIT PROBE: kernel=watchdog  mode=off  jit.status()=false  traces start/stop/abort/flush=0/0/0/0  ticks-to-shell=180  boot-ms=5203  sandbox-bench(min-s/iters/reps/sum)=0.0658/12000000/3/13500001
    SMOKE| MILESTONE k3-sandbox-loop-is-compiled-NEGATIVE-CONTROL: PASS -- JIT off: sandbox loop = 0.0658 s = 1.00x the raw interpreted reference 0.0657 s -- interpreter speed, must be >= 1/3
    SMOKE| MILESTONE j0-jit-switch-honoured: PASS -- mode=off -> jit.status()=false
    SMOKE| MILESTONE m1-mcode-is-real-NEGATIVE-CONTROL: PASS -- jit=off: mcode=0 B, traces=0 (must be exactly 0)
    SMOKE| VERDICT: PASS
== 14:06:27 chainJ dpre done
