penalty_test: linking /mnt/c/Users/astro/Downloads/OC-LuaJIT/build/native/luajit-linux-x86_64/src/libluajit.a (53bb5bbd0814b2d7421cbddcabcaa188, 1003148 bytes)
penalty_test: alloc=crt realloc/free  jit=on  PENALTY_SLOTS=64 MIN=72 MAX=60000
re-loads of /mnt/c/Users/astro/Downloads/OC-LuaJIT/bench/oc/mandelbrot.lua, N=40, full collect between each:
  run  1: ok     74.5 ms (1.00x run 1)  bc=c79a8948 visit 1  dead-proto slots=-1  inherited=0 (max val 0) after=2 (max val 158)  live=23  heads: 34=JLOOP 45=JFORL 46=FORL
  run  2: ok     68.9 ms (0.92x run 1)  bc=c79a8948 visit 2  dead-proto slots=0  inherited=0 (max val 0) after=2 (max val 321)  live=28  heads: 34=JLOOP 45=JFORL 46=JFORL
  run  3: ok     73.9 ms (0.99x run 1)  bc=c79a8948 visit 3  dead-proto slots=0  inherited=0 (max val 0) after=2 (max val 317)  live=27  heads: 34=JLOOP 45=JFORL 46=FORL
  run  4: ok     73.8 ms (0.99x run 1)  bc=c79a8948 visit 4  dead-proto slots=0  inherited=0 (max val 0) after=2 (max val 296)  live=28  heads: 34=JLOOP 45=JFORL 46=JFORL
  run  5: ok     72.1 ms (0.97x run 1)  bc=c79a8948 visit 5  dead-proto slots=0  inherited=0 (max val 0) after=2 (max val 315)  live=28  heads: 34=JLOOP 45=JFORL 46=FORL
  run  6: ok     72.0 ms (0.97x run 1)  bc=c79a8948 visit 6  dead-proto slots=0  inherited=0 (max val 0) after=2 (max val 297)  live=29  heads: 34=JLOOP 45=JFORL 46=JFORL
  run  7: ok     74.7 ms (1.00x run 1)  bc=c79a8948 visit 7  dead-proto slots=0  inherited=0 (max val 0) after=2 (max val 312)  live=28  heads: 34=JLOOP 45=JFORL 46=FORL
  run  8: ok     71.0 ms (0.95x run 1)  bc=c79a8948 visit 8  dead-proto slots=0  inherited=0 (max val 0) after=2 (max val 321)  live=29  heads: 34=JLOOP 45=JFORL 46=JFORL
  run  9: ok     67.5 ms (0.91x run 1)  bc=c79a8948 visit 9  dead-proto slots=0  inherited=0 (max val 0) after=2 (max val 317)  live=28  heads: 34=JLOOP 45=JFORL 46=FORL
  run 10: ok     69.6 ms (0.93x run 1)  bc=c79a8948 visit 10  dead-proto slots=0  inherited=0 (max val 0) after=2 (max val 320)  live=29  heads: 34=JLOOP 45=JFORL 46=JFORL
  run 11: ok     77.5 ms (1.04x run 1)  bc=c79a8948 visit 11  dead-proto slots=0  inherited=0 (max val 0) after=2 (max val 324)  live=29  heads: 34=JLOOP 45=JFORL 46=FORL
  run 12: ok     71.3 ms (0.96x run 1)  bc=c79a8948 visit 12  dead-proto slots=0  inherited=0 (max val 0) after=2 (max val 297)  live=31  heads: 34=JLOOP 45=JFORL 46=JFORL
  run 13: ok     67.9 ms (0.91x run 1)  bc=c79a8948 visit 13  dead-proto slots=0  inherited=0 (max val 0) after=2 (max val 155)  live=27  heads: 34=JLOOP 45=JFORL 46=FORL
  run 14: ok     77.5 ms (1.04x run 1)  bc=c79a8948 visit 14  dead-proto slots=0  inherited=0 (max val 0) after=2 (max val 158)  live=30  heads: 34=JLOOP 45=JFORL 46=JFORL
  run 15: ok     73.1 ms (0.98x run 1)  bc=c79a8948 visit 15  dead-proto slots=0  inherited=0 (max val 0) after=2 (max val 148)  live=30  heads: 34=JLOOP 45=JFORL 46=FORL
  run 16: ok     68.4 ms (0.92x run 1)  bc=c79a8948 visit 16  dead-proto slots=0  inherited=0 (max val 0) after=2 (max val 159)  live=32  heads: 34=JLOOP 45=JFORL 46=JFORL
  run 17: ok     69.2 ms (0.93x run 1)  bc=c79a8948 visit 17  dead-proto slots=0  inherited=0 (max val 0) after=2 (max val 149)  live=32  heads: 34=JLOOP 45=JFORL 46=FORL
  run 18: ok     74.0 ms (0.99x run 1)  bc=c79a8948 visit 18  dead-proto slots=0  inherited=0 (max val 0) after=2 (max val 157)  live=33  heads: 34=JLOOP 45=JFORL 46=JFORL
  run 19: ok     73.6 ms (0.99x run 1)  bc=c79a8948 visit 19  dead-proto slots=0  inherited=0 (max val 0) after=2 (max val 144)  live=32  heads: 34=JLOOP 45=JFORL 46=FORL
  run 20: ok     68.2 ms (0.92x run 1)  bc=c79a8948 visit 20  dead-proto slots=0  inherited=0 (max val 0) after=2 (max val 149)  live=33  heads: 34=JLOOP 45=JFORL 46=JFORL
  run 21: ok     66.6 ms (0.89x run 1)  bc=c79a8948 visit 21  dead-proto slots=0  inherited=0 (max val 0) after=2 (max val 155)  live=32  heads: 34=JLOOP 45=JFORL 46=FORL
  run 22: ok     77.4 ms (1.04x run 1)  bc=c79a8948 visit 22  dead-proto slots=0  inherited=0 (max val 0) after=2 (max val 300)  live=52  heads: 34=JLOOP 45=JFORL 46=JFORL
  run 23: ok     73.8 ms (0.99x run 1)  bc=c79a8948 visit 23  dead-proto slots=0  inherited=0 (max val 0) after=2 (max val 306)  live=51  heads: 34=JLOOP 45=JFORL 46=FORL
  run 24: ok     68.0 ms (0.91x run 1)  bc=c79a8948 visit 24  dead-proto slots=0  inherited=0 (max val 0) after=2 (max val 158)  live=33  heads: 34=JLOOP 45=JFORL 46=JFORL
  run 25: ok     66.9 ms (0.90x run 1)  bc=c79a8948 visit 25  dead-proto slots=0  inherited=0 (max val 0) after=2 (max val 145)  live=32  heads: 34=JLOOP 45=JFORL 46=FORL
  run 26: ok     71.1 ms (0.95x run 1)  bc=c79a8948 visit 26  dead-proto slots=0  inherited=0 (max val 0) after=2 (max val 302)  live=52  heads: 34=JLOOP 45=JFORL 46=JFORL
  run 27: ok     75.6 ms (1.02x run 1)  bc=c79a8948 visit 27  dead-proto slots=0  inherited=0 (max val 0) after=2 (max val 320)  live=51  heads: 34=JLOOP 45=JFORL 46=FORL
  run 28: ok     71.0 ms (0.95x run 1)  bc=c79a8948 visit 28  dead-proto slots=0  inherited=0 (max val 0) after=2 (max val 148)  live=33  heads: 34=JLOOP 45=JFORL 46=JFORL
  run 29: ok     68.1 ms (0.91x run 1)  bc=c79a8948 visit 29  dead-proto slots=0  inherited=0 (max val 0) after=2 (max val 159)  live=32  heads: 34=JLOOP 45=JFORL 46=FORL
  run 30: ok     73.8 ms (0.99x run 1)  bc=c79a8948 visit 30  dead-proto slots=0  inherited=0 (max val 0) after=2 (max val 145)  live=33  heads: 34=JLOOP 45=JFORL 46=JFORL
  run 31: ok     72.7 ms (0.98x run 1)  bc=c79a8948 visit 31  dead-proto slots=0  inherited=0 (max val 0) after=2 (max val 156)  live=32  heads: 34=JLOOP 45=JFORL 46=FORL
  run 32: ok     73.1 ms (0.98x run 1)  bc=c79a8948 visit 32  dead-proto slots=0  inherited=0 (max val 0) after=2 (max val 304)  live=52  heads: 34=JLOOP 45=JFORL 46=JFORL
  run 33: ok     68.5 ms (0.92x run 1)  bc=c79a8948 visit 33  dead-proto slots=0  inherited=0 (max val 0) after=2 (max val 156)  live=32  heads: 34=JLOOP 45=JFORL 46=FORL
  run 34: ok     74.8 ms (1.00x run 1)  bc=c79a8948 visit 34  dead-proto slots=0  inherited=0 (max val 0) after=2 (max val 156)  live=33  heads: 34=JLOOP 45=JFORL 46=JFORL
  run 35: ok     72.5 ms (0.97x run 1)  bc=c79a8948 visit 35  dead-proto slots=0  inherited=0 (max val 0) after=2 (max val 148)  live=32  heads: 34=JLOOP 45=JFORL 46=FORL
  run 36: ok     71.5 ms (0.96x run 1)  bc=c79a8948 visit 36  dead-proto slots=0  inherited=0 (max val 0) after=2 (max val 154)  live=33  heads: 34=JLOOP 45=JFORL 46=JFORL
  run 37: ok     71.6 ms (0.96x run 1)  bc=c79a8948 visit 37  dead-proto slots=0  inherited=0 (max val 0) after=2 (max val 157)  live=32  heads: 34=JLOOP 45=JFORL 46=FORL
  run 38: ok     66.7 ms (0.89x run 1)  bc=c79a8948 visit 38  dead-proto slots=0  inherited=0 (max val 0) after=2 (max val 158)  live=33  heads: 34=JLOOP 45=JFORL 46=JFORL
  run 39: ok     75.6 ms (1.01x run 1)  bc=c79a8948 visit 39  dead-proto slots=0  inherited=0 (max val 0) after=2 (max val 158)  live=32  heads: 34=JLOOP 45=JFORL 46=FORL
  run 40: ok     73.3 ms (0.98x run 1)  bc=c79a8948 visit 40  dead-proto slots=0  inherited=0 (max val 0) after=2 (max val 154)  live=33  heads: 34=JLOOP 45=JFORL 46=JFORL

  PASS  P1 every re-load computed the published checksum               40/40 ok (expect 37904620)
  PASS  P2 no re-load reads a blacklisted loop head (ILOOP/IFORL/IITERL) 0/40
  PASS  P3 no re-load slower than 3x the first                         run 1 74.5 ms, slowest 1.04x
  PASS  P4 no penalty slot outlives its prototype (the mechanism)      max slots still pointing into a dead prototype's bytecode = 0
  PASS  P5 while blacklisting still works within a live prototype (-> ILOOP) head reads ILOOP after 400000 iterations in 8.4 ms; penalty slots in proto=1 max val 42047
  PASS  P6 for blacklisting still works within a live prototype (-> IFORL) head reads IFORL after 400000 iterations in 15.9 ms; penalty slots in proto=1 max val 38359

checks=6 failures=0
