r-record-r1-R-D exit=0 CLASS=CLEAN APACITY| shape=record native=additive jit=on jitearly=- tier=192KB scale=1.8 kernelMemory=164923 held=616 why=not_enough_memory t_first5=0.0004 t_last5=0.0008 batches=62 last/first=2.00 freeKB_at_end/totalKB=0/192 arms=+165 refusals=+3 trace_flushes=+26 fill_ms=2233 queued=true running=true lastError=<null>
    r-record-r1-R-D CAP-IDLE| ticks=400 arms=+20 collects=+20 bailouts=+0 refusals=+0 trace_flushes=+0 trace_flush_bytes=+0 park_resets=+0 traces_live 82 -> 89 armed=0 state=0 stepmul=200 threshold=859800 gctotal=452032 ccap=518818 cused=452032 parked=false wallstats=present running=true
    r-record-r1-R-D CAP-LIVE| used=430318 kernelMemory=164923 user=265395 count(3 collects)=430334/430270/430270 total=518818 traces_live=89
    r-record-r1-R-D CAP-GC| collects=+165 bailouts=+0 overdrafts=+2973 od_peak=33936 od_state=0 park_resets=+0 od_limit=32768 kslice=16384 gc_low=388701 armby=0 window=4096 lends=+53 win=0 refused=28 end: armed=0 state=0 stepmul=200 threshold=779000 gctotal=434097 ccap=518818 cused=434097 parked=false
    r-record-r1-R-D CAP-X| batch=10 junk=24 OCLJCAPX=62/610/2/0 traces(start/abort) 355/172 -> 625/222 class=CLEAN site=-
    r-record-r1-R-D SMOKE| MILESTONE km-1-kernel-init-compiles-nothing: PASS -- traces live at the kernelMemory baseline = 0; kernelMemory=164923
    r-record-r1-R-D SMOKE| MILESTONE cap-1-refusal-caught-machine-survives: PASS -- shape=record OCLJCAP=done/616/not_enough_memory running=true lastError=<null>
r-record-r1-R-L exit=0 CLASS=CLEAN APACITY| shape=record native=luajit jit=on jitearly=- tier=192KB scale=1.8 kernelMemory=164247 held=557 why=not_enough_memory t_first5=0.0001 t_last5=0.0015 batches=56 last/first=15.00 freeKB_at_end/totalKB=0/192 arms=+129 refusals=+1 trace_flushes=+19 fill_ms=2222 queued=true running=true lastError=<null>
    r-record-r1-R-L CAP-IDLE| ticks=400 arms=+21 collects=+21 bailouts=+0 refusals=+0 trace_flushes=+0 trace_flush_bytes=+0 park_resets=+0 traces_live 73 -> 82 armed=0 state=0 stepmul=200 threshold=846000 gctotal=429884 ccap=0 cused=429884 parked=false wallstats=present running=true
    r-record-r1-R-L CAP-LIVE| used=423538 kernelMemory=164247 user=259291 count(3 collects)=423554/423490/423490 total=518142 traces_live=82
    r-record-r1-R-L CAP-GC| collects=+129 bailouts=+0 overdrafts=+1295 od_peak=16844 od_state=0 park_resets=+0 od_limit=32768 kslice=16384 gc_low=387741 armby=0 window=4096 lends=+8 win=0 refused=40 end: armed=0 state=0 stepmul=200 threshold=777600 gctotal=417169 ccap=0 cused=417169 parked=false
    r-record-r1-R-L CAP-X| batch=10 junk=24 OCLJCAPX=56/550/0/0 traces(start/abort) 348/175 -> 559/213 class=CLEAN site=-
    r-record-r1-R-L SMOKE| MILESTONE km-1-kernel-init-compiles-nothing: PASS -- traces live at the kernelMemory baseline = 0; kernelMemory=164247
    r-record-r1-R-L SMOKE| MILESTONE cap-1-refusal-caught-machine-survives: PASS -- shape=record OCLJCAP=done/557/not_enough_memory running=true lastError=<null>
r-record-r1-R-O exit=0 CLASS=CLEAN APACITY| shape=record native=additive jit=off jitearly=off tier=192KB scale=1.8 kernelMemory=164923 held=603 why=not_enough_memory t_first5=0.0001 t_last5=0.0017 batches=61 last/first=17.00 freeKB_at_end/totalKB=0/192 arms=+122 refusals=+1 trace_flushes=+0 fill_ms=2224 queued=true running=true lastError=<null>
    r-record-r1-R-O CAP-IDLE| ticks=400 arms=+3 collects=+3 bailouts=+0 refusals=+0 trace_flushes=+0 trace_flush_bytes=+0 park_resets=+0 traces_live 0 -> 0 armed=0 state=0 stepmul=200 threshold=707000 gctotal=427674 ccap=518818 cused=427674 parked=false wallstats=present running=true
    r-record-r1-R-O CAP-LIVE| used=354016 kernelMemory=164923 user=189093 count(3 collects)=354032/353968/353968 total=518818 traces_live=0
    r-record-r1-R-O CAP-GC| collects=+122 bailouts=+0 overdrafts=+1710 od_peak=16614 od_state=0 park_resets=+0 od_limit=32768 kslice=16384 gc_low=350047 armby=0 window=4096 lends=+12 win=0 refused=52 end: armed=0 state=0 stepmul=200 threshold=700000 gctotal=358099 ccap=518818 cused=358099 parked=false
    r-record-r1-R-O CAP-X| batch=10 junk=24 OCLJCAPX=61/600/0/0 traces(start/abort) 0/0 -> 0/0 class=CLEAN site=-
    r-record-r1-R-O SMOKE| MILESTONE km-1-kernel-init-compiles-nothing: PASS -- traces live at the kernelMemory baseline = 0; kernelMemory=164923
    r-record-r1-R-O SMOKE| MILESTONE cap-1-refusal-caught-machine-survives: PASS -- shape=record OCLJCAP=done/603/not_enough_memory running=true lastError=<null>
r-string-r1-R-D exit=0 CLASS=CLEAN APACITY| shape=string native=additive jit=on jitearly=- tier=192KB scale=1.8 kernelMemory=164923 held=2048 why=not_enough_memory t_first5=0.0001 t_last5=0.0002 batches=205 last/first=2.00 freeKB_at_end/totalKB=0/192 arms=+389 refusals=+1 trace_flushes=+82 fill_ms=4475 queued=true running=true lastError=<null>
    r-string-r1-R-D CAP-IDLE| ticks=400 arms=+21 collects=+21 bailouts=+0 refusals=+0 trace_flushes=+0 trace_flush_bytes=+0 park_resets=+0 traces_live 52 -> 66 armed=0 state=0 stepmul=200 threshold=836000 gctotal=432830 ccap=518818 cused=432830 parked=false wallstats=present running=true
    r-string-r1-R-D CAP-LIVE| used=418484 kernelMemory=164923 user=253561 count(3 collects)=418500/418436/418436 total=518818 traces_live=66
    r-string-r1-R-D CAP-GC| collects=+389 bailouts=+0 overdrafts=+3374 od_peak=15378 od_state=0 park_resets=+0 od_limit=32768 kslice=16384 gc_low=413817 armby=0 window=4096 lends=+0 win=0 refused=16384 end: armed=0 state=0 stepmul=200 threshold=827600 gctotal=414101 ccap=518818 cused=414101 parked=false
    r-string-r1-R-D CAP-X| batch=10 junk=24 OCLJCAPX=205/2040/0/0 traces(start/abort) 372/217 -> 1220/404 class=CLEAN site=-
    r-string-r1-R-D SMOKE| MILESTONE km-1-kernel-init-compiles-nothing: PASS -- traces live at the kernelMemory baseline = 0; kernelMemory=164923
    r-string-r1-R-D SMOKE| MILESTONE cap-1-refusal-caught-machine-survives: PASS -- shape=string OCLJCAP=done/2048/not_enough_memory running=true lastError=<null>
r-record-r2-R-D exit=0 CLASS=CLEAN APACITY| shape=record native=additive jit=on jitearly=- tier=192KB scale=1.8 kernelMemory=164923 held=549 why=not_enough_memory t_first5=0.0004 t_last5=0.0020 batches=55 last/first=5.00 freeKB_at_end/totalKB=0/192 arms=+134 refusals=+1 trace_flushes=+22 fill_ms=2228 queued=true running=true lastError=<null>
    r-record-r2-R-D CAP-IDLE| ticks=400 arms=+20 collects=+20 bailouts=+0 refusals=+0 trace_flushes=+0 trace_flush_bytes=+0 park_resets=+0 traces_live 52 -> 65 armed=0 state=0 stepmul=200 threshold=823400 gctotal=412072 ccap=518818 cused=412072 parked=false wallstats=present running=true
    r-record-r2-R-D CAP-LIVE| used=412206 kernelMemory=164923 user=247283 count(3 collects)=412158/412158/412158 total=518818 traces_live=65
    r-record-r2-R-D CAP-GC| collects=+134 bailouts=+0 overdrafts=+1201 od_peak=17056 od_state=0 park_resets=+0 od_limit=32768 kslice=16384 gc_low=391869 armby=0 window=4096 lends=+2 win=0 refused=28 end: armed=0 state=0 stepmul=200 threshold=783600 gctotal=413473 ccap=518818 cused=413473 parked=false
    r-record-r2-R-D CAP-X| batch=10 junk=24 OCLJCAPX=55/540/0/0 traces(start/abort) 325/174 -> 574/227 class=CLEAN site=-
    r-record-r2-R-D SMOKE| MILESTONE km-1-kernel-init-compiles-nothing: PASS -- traces live at the kernelMemory baseline = 0; kernelMemory=164923
    r-record-r2-R-D SMOKE| MILESTONE cap-1-refusal-caught-machine-survives: PASS -- shape=record OCLJCAP=done/549/not_enough_memory running=true lastError=<null>
r-record-r2-R-L exit=0 CLASS=CLEAN APACITY| shape=record native=luajit jit=on jitearly=- tier=192KB scale=1.8 kernelMemory=164247 held=608 why=not_enough_memory t_first5=0.0002 t_last5=0.0015 batches=61 last/first=7.50 freeKB_at_end/totalKB=0/192 arms=+183 refusals=+3 trace_flushes=+30 fill_ms=2233 queued=true running=true lastError=<null>
    r-record-r2-R-L CAP-IDLE| ticks=400 arms=+21 collects=+21 bailouts=+0 refusals=+0 trace_flushes=+0 trace_flush_bytes=+0 park_resets=+0 traces_live 45 -> 66 armed=0 state=0 stepmul=200 threshold=834200 gctotal=453972 ccap=0 cused=453972 parked=false wallstats=present running=true
    r-record-r2-R-L CAP-LIVE| used=417522 kernelMemory=164247 user=253275 count(3 collects)=417474/417474/417474 total=518142 traces_live=66
    r-record-r2-R-L CAP-GC| collects=+183 bailouts=+0 overdrafts=+2768 od_peak=33568 od_state=0 park_resets=+0 od_limit=32768 kslice=16384 gc_low=388181 armby=0 window=4096 lends=+20 win=0 refused=40 end: armed=0 state=0 stepmul=200 threshold=776200 gctotal=409153 ccap=0 cused=409153 parked=false
    r-record-r2-R-L CAP-X| batch=10 junk=24 OCLJCAPX=61/600/2/0 traces(start/abort) 362/203 -> 635/252 class=CLEAN site=-
    r-record-r2-R-L SMOKE| MILESTONE km-1-kernel-init-compiles-nothing: PASS -- traces live at the kernelMemory baseline = 0; kernelMemory=164247
    r-record-r2-R-L SMOKE| MILESTONE cap-1-refusal-caught-machine-survives: PASS -- shape=record OCLJCAP=done/608/not_enough_memory running=true lastError=<null>
r-record-r2-R-O exit=0 CLASS=CLEAN APACITY| shape=record native=additive jit=off jitearly=off tier=192KB scale=1.8 kernelMemory=164923 held=603 why=not_enough_memory t_first5=0.0001 t_last5=0.0019 batches=61 last/first=19.00 freeKB_at_end/totalKB=0/192 arms=+116 refusals=+1 trace_flushes=+0 fill_ms=2229 queued=true running=true lastError=<null>
    r-record-r2-R-O CAP-IDLE| ticks=400 arms=+1 collects=+1 bailouts=+0 refusals=+0 trace_flushes=+0 trace_flush_bytes=+0 park_resets=+0 traces_live 0 -> 0 armed=0 state=0 stepmul=200 threshold=707000 gctotal=368362 ccap=518818 cused=368362 parked=false wallstats=present running=true
    r-record-r2-R-O CAP-LIVE| used=354016 kernelMemory=164923 user=189093 count(3 collects)=354032/353968/353968 total=518818 traces_live=0
    r-record-r2-R-O CAP-GC| collects=+116 bailouts=+0 overdrafts=+1711 od_peak=16614 od_state=0 park_resets=+0 od_limit=32768 kslice=16384 gc_low=350047 armby=1 window=4096 lends=+12 win=0 refused=52 end: armed=0 state=0 stepmul=200 threshold=700000 gctotal=385755 ccap=518818 cused=385755 parked=false
    r-record-r2-R-O CAP-X| batch=10 junk=24 OCLJCAPX=61/600/0/0 traces(start/abort) 0/0 -> 0/0 class=CLEAN site=-
    r-record-r2-R-O SMOKE| MILESTONE km-1-kernel-init-compiles-nothing: PASS -- traces live at the kernelMemory baseline = 0; kernelMemory=164923
    r-record-r2-R-O SMOKE| MILESTONE cap-1-refusal-caught-machine-survives: PASS -- shape=record OCLJCAP=done/603/not_enough_memory running=true lastError=<null>
r-string-r2-R-D exit=0 CLASS=CLEAN APACITY| shape=string native=additive jit=on jitearly=- tier=192KB scale=1.8 kernelMemory=164923 held=2048 why=not_enough_memory t_first5=0.0003 t_last5=0.0002 batches=205 last/first=0.67 freeKB_at_end/totalKB=0/192 arms=+362 refusals=+1 trace_flushes=+78 fill_ms=4443 queued=true running=true lastError=<null>
    r-string-r2-R-D CAP-IDLE| ticks=400 arms=+20 collects=+20 bailouts=+0 refusals=+0 trace_flushes=+0 trace_flush_bytes=+0 park_resets=+0 traces_live 63 -> 71 armed=0 state=0 stepmul=200 threshold=835800 gctotal=418262 ccap=518818 cused=418262 parked=false wallstats=present running=true
    r-string-r2-R-D CAP-LIVE| used=418396 kernelMemory=164923 user=253473 count(3 collects)=418348/418348/418348 total=518818 traces_live=71
    r-string-r2-R-D CAP-GC| collects=+362 bailouts=+0 overdrafts=+3203 od_peak=13882 od_state=0 park_resets=+0 od_limit=32768 kslice=16384 gc_low=406513 armby=0 window=4096 lends=+0 win=0 refused=16384 end: armed=0 state=0 stepmul=200 threshold=812800 gctotal=423489 ccap=518818 cused=423489 parked=false
    r-string-r2-R-D CAP-X| batch=10 junk=24 OCLJCAPX=205/2040/0/0 traces(start/abort) 368/215 -> 1092/340 class=CLEAN site=-
    r-string-r2-R-D SMOKE| MILESTONE km-1-kernel-init-compiles-nothing: PASS -- traces live at the kernelMemory baseline = 0; kernelMemory=164923
    r-string-r2-R-D SMOKE| MILESTONE cap-1-refusal-caught-machine-survives: PASS -- shape=string OCLJCAP=done/2048/not_enough_memory running=true lastError=<null>
r-record-r3-R-D exit=0 CLASS=CLEAN APACITY| shape=record native=additive jit=on jitearly=- tier=192KB scale=1.8 kernelMemory=164923 held=607 why=not_enough_memory t_first5=0.0001 t_last5=0.0009 batches=61 last/first=9.00 freeKB_at_end/totalKB=0/192 arms=+148 refusals=+2 trace_flushes=+27 fill_ms=2225 queued=true running=true lastError=<null>
    r-record-r3-R-D CAP-IDLE| ticks=400 arms=+20 collects=+20 bailouts=+0 refusals=+0 trace_flushes=+0 trace_flush_bytes=+0 park_resets=+0 traces_live 50 -> 63 armed=0 state=0 stepmul=200 threshold=823400 gctotal=434508 ccap=518818 cused=434508 parked=false wallstats=present running=true
    r-record-r3-R-D CAP-LIVE| used=412162 kernelMemory=164923 user=247239 count(3 collects)=412178/412114/412114 total=518818 traces_live=63
    r-record-r3-R-D CAP-GC| collects=+148 bailouts=+0 overdrafts=+2757 od_peak=33172 od_state=0 park_resets=+0 od_limit=32768 kslice=16384 gc_low=385381 armby=0 window=4096 lends=+29 win=0 refused=28 end: armed=0 state=0 stepmul=200 threshold=773800 gctotal=387225 ccap=518818 cused=387225 parked=false
    r-record-r3-R-D CAP-X| batch=10 junk=24 OCLJCAPX=61/600/1/0 traces(start/abort) 322/174 -> 551/217 class=CLEAN site=-
    r-record-r3-R-D SMOKE| MILESTONE km-1-kernel-init-compiles-nothing: PASS -- traces live at the kernelMemory baseline = 0; kernelMemory=164923
    r-record-r3-R-D SMOKE| MILESTONE cap-1-refusal-caught-machine-survives: PASS -- shape=record OCLJCAP=done/607/not_enough_memory running=true lastError=<null>
r-record-r3-R-L exit=0 CLASS=CLEAN APACITY| shape=record native=luajit jit=on jitearly=- tier=192KB scale=1.8 kernelMemory=164247 held=549 why=not_enough_memory t_first5=0.0001 t_last5=0.0020 batches=55 last/first=20.00 freeKB_at_end/totalKB=0/192 arms=+113 refusals=+1 trace_flushes=+22 fill_ms=2242 queued=true running=true lastError=<null>
    r-record-r3-R-L CAP-IDLE| ticks=400 arms=+20 collects=+20 bailouts=+0 refusals=+0 trace_flushes=+0 trace_flush_bytes=+0 park_resets=+0 traces_live 42 -> 55 armed=0 state=0 stepmul=200 threshold=824200 gctotal=434292 ccap=0 cused=434292 parked=false wallstats=present running=true
    r-record-r3-R-L CAP-LIVE| used=412578 kernelMemory=164247 user=248331 count(3 collects)=412594/412530/412530 total=518142 traces_live=55
    r-record-r3-R-L CAP-GC| collects=+113 bailouts=+0 overdrafts=+1110 od_peak=18308 od_state=0 park_resets=+0 od_limit=32768 kslice=16384 gc_low=394661 armby=0 window=4096 lends=+4 win=0 refused=28 end: armed=0 state=0 stepmul=200 threshold=789400 gctotal=437837 ccap=0 cused=437837 parked=false
    r-record-r3-R-L CAP-X| batch=10 junk=24 OCLJCAPX=55/540/0/0 traces(start/abort) 343/203 -> 582/253 class=CLEAN site=-
    r-record-r3-R-L SMOKE| MILESTONE km-1-kernel-init-compiles-nothing: PASS -- traces live at the kernelMemory baseline = 0; kernelMemory=164247
    r-record-r3-R-L SMOKE| MILESTONE cap-1-refusal-caught-machine-survives: PASS -- shape=record OCLJCAP=done/549/not_enough_memory running=true lastError=<null>
r-record-r3-R-O exit=0 CLASS=CLEAN APACITY| shape=record native=additive jit=off jitearly=off tier=192KB scale=1.8 kernelMemory=164923 held=602 why=not_enough_memory t_first5=0.0001 t_last5=0.0022 batches=61 last/first=22.00 freeKB_at_end/totalKB=0/192 arms=+125 refusals=+1 trace_flushes=+0 fill_ms=2246 queued=true running=true lastError=<null>
    r-record-r3-R-O CAP-IDLE| ticks=400 arms=+1 collects=+1 bailouts=+0 refusals=+0 trace_flushes=+0 trace_flush_bytes=+0 park_resets=+0 traces_live 0 -> 0 armed=0 state=0 stepmul=200 threshold=707600 gctotal=375938 ccap=518818 cused=375938 parked=false wallstats=present running=true
    r-record-r3-R-O CAP-LIVE| used=354224 kernelMemory=164923 user=189301 count(3 collects)=354240/354176/354176 total=518818 traces_live=0
    r-record-r3-R-O CAP-GC| collects=+125 bailouts=+0 overdrafts=+1713 od_peak=16662 od_state=0 park_resets=+0 od_limit=32768 kslice=16384 gc_low=350255 armby=1 window=4096 lends=+38 win=0 refused=52 end: armed=0 state=0 stepmul=200 threshold=700400 gctotal=386595 ccap=518818 cused=386595 parked=false
    r-record-r3-R-O CAP-X| batch=10 junk=24 OCLJCAPX=61/600/0/0 traces(start/abort) 0/0 -> 0/0 class=CLEAN site=-
    r-record-r3-R-O SMOKE| MILESTONE km-1-kernel-init-compiles-nothing: PASS -- traces live at the kernelMemory baseline = 0; kernelMemory=164923
    r-record-r3-R-O SMOKE| MILESTONE cap-1-refusal-caught-machine-survives: PASS -- shape=record OCLJCAP=done/602/not_enough_memory running=true lastError=<null>
r-string-r3-R-D exit=0 CLASS=CLEAN APACITY| shape=string native=additive jit=on jitearly=- tier=192KB scale=1.8 kernelMemory=164923 held=2048 why=not_enough_memory t_first5=0.0002 t_last5=0.0002 batches=205 last/first=1.00 freeKB_at_end/totalKB=0/192 arms=+382 refusals=+1 trace_flushes=+82 fill_ms=4458 queued=true running=true lastError=<null>
    r-string-r3-R-D CAP-IDLE| ticks=400 arms=+20 collects=+20 bailouts=+0 refusals=+0 trace_flushes=+0 trace_flush_bytes=+0 park_resets=+0 traces_live 48 -> 60 armed=0 state=0 stepmul=200 threshold=814000 gctotal=423926 ccap=518818 cused=423926 parked=false wallstats=present running=true
    r-string-r3-R-D CAP-LIVE| used=407196 kernelMemory=164923 user=242273 count(3 collects)=407212/407148/407148 total=518818 traces_live=60
    r-string-r3-R-D CAP-GC| collects=+382 bailouts=+0 overdrafts=+2969 od_peak=13030 od_state=0 park_resets=+0 od_limit=32768 kslice=16384 gc_low=410117 armby=0 window=4096 lends=+0 win=0 refused=16384 end: armed=0 state=0 stepmul=200 threshold=820200 gctotal=432973 ccap=518818 cused=432973 parked=false
    r-string-r3-R-D CAP-X| batch=10 junk=24 OCLJCAPX=205/2040/0/0 traces(start/abort) 320/173 -> 1084/330 class=CLEAN site=-
    r-string-r3-R-D SMOKE| MILESTONE km-1-kernel-init-compiles-nothing: PASS -- traces live at the kernelMemory baseline = 0; kernelMemory=164923
    r-string-r3-R-D SMOKE| MILESTONE cap-1-refusal-caught-machine-survives: PASS -- shape=string OCLJCAP=done/2048/not_enough_memory running=true lastError=<null>
r-record-r4-R-D exit=0 CLASS=CLEAN APACITY| shape=record native=additive jit=on jitearly=- tier=192KB scale=1.8 kernelMemory=164923 held=620 why=not_enough_memory t_first5=0.0002 t_last5=0.0011 batches=63 last/first=5.50 freeKB_at_end/totalKB=0/192 arms=+182 refusals=+5 trace_flushes=+28 fill_ms=2479 queued=true running=true lastError=<null>
    r-record-r4-R-D CAP-IDLE| ticks=400 arms=+20 collects=+20 bailouts=+0 refusals=+0 trace_flushes=+0 trace_flush_bytes=+0 park_resets=+0 traces_live 49 -> 61 armed=0 state=0 stepmul=200 threshold=813600 gctotal=407128 ccap=518818 cused=407128 parked=false wallstats=present running=true
    r-record-r4-R-D CAP-LIVE| used=407262 kernelMemory=164923 user=242339 count(3 collects)=407214/407214/407214 total=518818 traces_live=61
    r-record-r4-R-D CAP-GC| collects=+182 bailouts=+0 overdrafts=+2814 od_peak=33916 od_state=0 park_resets=+0 od_limit=32768 kslice=16384 gc_low=385877 armby=0 window=4096 lends=+35 win=0 refused=64 end: armed=0 state=0 stepmul=200 threshold=771600 gctotal=386161 ccap=518818 cused=386161 parked=false
    r-record-r4-R-D CAP-X| batch=10 junk=24 OCLJCAPX=63/620/4/0 traces(start/abort) 351/206 -> 592/262 class=CLEAN site=-
    r-record-r4-R-D SMOKE| MILESTONE km-1-kernel-init-compiles-nothing: PASS -- traces live at the kernelMemory baseline = 0; kernelMemory=164923
    r-record-r4-R-D SMOKE| MILESTONE cap-1-refusal-caught-machine-survives: PASS -- shape=record OCLJCAP=done/620/not_enough_memory running=true lastError=<null>
r-record-r4-R-L exit=0 CLASS=CLEAN APACITY| shape=record native=luajit jit=on jitearly=- tier=192KB scale=1.8 kernelMemory=164247 held=605 why=not_enough_memory t_first5=0.0003 t_last5=0.0009 batches=61 last/first=3.00 freeKB_at_end/totalKB=0/192 arms=+144 refusals=+2 trace_flushes=+26 fill_ms=2243 queued=true running=true lastError=<null>
    r-record-r4-R-L CAP-IDLE| ticks=400 arms=+21 collects=+21 bailouts=+0 refusals=+0 trace_flushes=+0 trace_flush_bytes=+0 park_resets=+0 traces_live 57 -> 72 armed=0 state=0 stepmul=200 threshold=847000 gctotal=448716 ccap=0 cused=448716 parked=false wallstats=present running=true
    r-record-r4-R-L CAP-LIVE| used=422198 kernelMemory=164247 user=257951 count(3 collects)=422150/422150/422150 total=518142 traces_live=72
    r-record-r4-R-L CAP-GC| collects=+144 bailouts=+0 overdrafts=+2723 od_peak=32836 od_state=0 park_resets=+0 od_limit=32768 kslice=16384 gc_low=390609 armby=0 window=4096 lends=+15 win=0 refused=52 end: armed=0 state=0 stepmul=200 threshold=781200 gctotal=398093 ccap=0 cused=398093 parked=false
    r-record-r4-R-L CAP-X| batch=10 junk=24 OCLJCAPX=61/600/1/0 traces(start/abort) 352/189 -> 626/249 class=CLEAN site=-
    r-record-r4-R-L SMOKE| MILESTONE km-1-kernel-init-compiles-nothing: PASS -- traces live at the kernelMemory baseline = 0; kernelMemory=164247
    r-record-r4-R-L SMOKE| MILESTONE cap-1-refusal-caught-machine-survives: PASS -- shape=record OCLJCAP=done/605/not_enough_memory running=true lastError=<null>
r-record-r4-R-O exit=0 CLASS=CLEAN APACITY| shape=record native=additive jit=off jitearly=off tier=192KB scale=1.8 kernelMemory=164923 held=602 why=not_enough_memory t_first5=0.0001 t_last5=0.0013 batches=61 last/first=13.00 freeKB_at_end/totalKB=0/192 arms=+116 refusals=+1 trace_flushes=+0 fill_ms=2230 queued=true running=true lastError=<null>
    r-record-r4-R-O CAP-IDLE| ticks=400 arms=+1 collects=+1 bailouts=+0 refusals=+0 trace_flushes=+0 trace_flush_bytes=+0 park_resets=+0 traces_live 0 -> 0 armed=0 state=0 stepmul=200 threshold=707200 gctotal=369062 ccap=518818 cused=369062 parked=false wallstats=present running=true
    r-record-r4-R-O CAP-LIVE| used=354084 kernelMemory=164923 user=189161 count(3 collects)=354100/354036/354036 total=518818 traces_live=0
    r-record-r4-R-O CAP-GC| collects=+116 bailouts=+0 overdrafts=+1712 od_peak=16682 od_state=0 park_resets=+0 od_limit=32768 kslice=16384 gc_low=350115 armby=1 window=4096 lends=+31 win=0 refused=88 end: armed=0 state=0 stepmul=200 threshold=700200 gctotal=385823 ccap=518818 cused=385823 parked=false
    r-record-r4-R-O CAP-X| batch=10 junk=24 OCLJCAPX=61/600/0/0 traces(start/abort) 0/0 -> 0/0 class=CLEAN site=-
    r-record-r4-R-O SMOKE| MILESTONE km-1-kernel-init-compiles-nothing: PASS -- traces live at the kernelMemory baseline = 0; kernelMemory=164923
    r-record-r4-R-O SMOKE| MILESTONE cap-1-refusal-caught-machine-survives: PASS -- shape=record OCLJCAP=done/602/not_enough_memory running=true lastError=<null>
r-string-r4-R-D exit=0 CLASS=CLEAN APACITY| shape=string native=additive jit=on jitearly=- tier=192KB scale=1.8 kernelMemory=164923 held=2048 why=not_enough_memory t_first5=0.0001 t_last5=0.0005 batches=205 last/first=5.00 freeKB_at_end/totalKB=0/192 arms=+361 refusals=+1 trace_flushes=+81 fill_ms=4441 queued=true running=true lastError=<null>
    r-string-r4-R-D CAP-IDLE| ticks=400 arms=+95 collects=+95 bailouts=+0 refusals=+0 trace_flushes=+0 trace_flush_bytes=+0 park_resets=+0 traces_live 94 -> 101 armed=0 state=0 stepmul=200 threshold=903000 gctotal=466332 ccap=518818 cused=466332 parked=false wallstats=present running=true
    r-string-r4-R-D CAP-LIVE| used=451986 kernelMemory=164923 user=287063 count(3 collects)=452002/451938/451938 total=518818 traces_live=101
    r-string-r4-R-D CAP-GC| collects=+361 bailouts=+0 overdrafts=+2776 od_peak=10630 od_state=0 park_resets=+0 od_limit=32768 kslice=16384 gc_low=409125 armby=0 window=4096 lends=+0 win=0 refused=16384 end: armed=0 state=0 stepmul=200 threshold=819600 gctotal=416649 ccap=518818 cused=416649 parked=false
    r-string-r4-R-D CAP-X| batch=10 junk=24 OCLJCAPX=205/2040/0/0 traces(start/abort) 274/173 -> 980/290 class=CLEAN site=-
    r-string-r4-R-D SMOKE| MILESTONE km-1-kernel-init-compiles-nothing: PASS -- traces live at the kernelMemory baseline = 0; kernelMemory=164923
    r-string-r4-R-D SMOKE| MILESTONE cap-1-refusal-caught-machine-survives: PASS -- shape=string OCLJCAP=done/2048/not_enough_memory running=true lastError=<null>
r-record-r5-R-D exit=0 CLASS=CLEAN APACITY| shape=record native=additive jit=on jitearly=- tier=192KB scale=1.8 kernelMemory=164923 held=613 why=not_enough_memory t_first5=0.0003 t_last5=0.0014 batches=62 last/first=4.67 freeKB_at_end/totalKB=0/192 arms=+171 refusals=+3 trace_flushes=+30 fill_ms=2474 queued=true running=true lastError=<null>
    r-record-r5-R-D CAP-IDLE| ticks=400 arms=+20 collects=+20 bailouts=+0 refusals=+0 trace_flushes=+0 trace_flush_bytes=+0 park_resets=+0 traces_live 26 -> 54 armed=0 state=0 stepmul=200 threshold=804200 gctotal=410132 ccap=518818 cused=410132 parked=false wallstats=present running=true
    r-record-r5-R-D CAP-LIVE| used=402522 kernelMemory=164923 user=237599 count(3 collects)=402538/402474/402474 total=518818 traces_live=54
    r-record-r5-R-D CAP-GC| collects=+171 bailouts=+0 overdrafts=+2953 od_peak=34128 od_state=0 park_resets=+0 od_limit=32768 kslice=16384 gc_low=386601 armby=0 window=4096 lends=+29 win=0 refused=88 end: armed=0 state=0 stepmul=200 threshold=775000 gctotal=394961 ccap=518818 cused=394961 parked=false
    r-record-r5-R-D CAP-X| batch=10 junk=24 OCLJCAPX=62/610/2/0 traces(start/abort) 359/199 -> 622/250 class=CLEAN site=-
    r-record-r5-R-D SMOKE| MILESTONE km-1-kernel-init-compiles-nothing: PASS -- traces live at the kernelMemory baseline = 0; kernelMemory=164923
    r-record-r5-R-D SMOKE| MILESTONE cap-1-refusal-caught-machine-survives: PASS -- shape=record OCLJCAP=done/613/not_enough_memory running=true lastError=<null>
r-record-r5-R-L exit=0 CLASS=CLEAN APACITY| shape=record native=luajit jit=on jitearly=- tier=192KB scale=1.8 kernelMemory=164247 held=619 why=not_enough_memory t_first5=0.0002 t_last5=0.0018 batches=62 last/first=9.00 freeKB_at_end/totalKB=0/192 arms=+159 refusals=+3 trace_flushes=+28 fill_ms=2453 queued=true running=true lastError=<null>
    r-record-r5-R-L CAP-IDLE| ticks=400 arms=+39 collects=+39 bailouts=+0 refusals=+0 trace_flushes=+1 trace_flush_bytes=+86020 park_resets=+0 traces_live 95 -> 53 armed=0 state=0 stepmul=200 threshold=801400 gctotal=459096 ccap=0 cused=459096 parked=false wallstats=present running=true
    r-record-r5-R-L CAP-LIVE| used=401846 kernelMemory=164247 user=237599 count(3 collects)=401798/401798/401798 total=518142 traces_live=53
    r-record-r5-R-L CAP-GC| collects=+159 bailouts=+0 overdrafts=+3095 od_peak=33452 od_state=0 park_resets=+0 od_limit=32768 kslice=16384 gc_low=384385 armby=0 window=4096 lends=+29 win=0 refused=88 end: armed=0 state=0 stepmul=200 threshold=777200 gctotal=402853 ccap=0 cused=402853 parked=false
    r-record-r5-R-L CAP-X| batch=10 junk=24 OCLJCAPX=62/610/2/0 traces(start/abort) 348/192 -> 616/249 class=CLEAN site=-
    r-record-r5-R-L SMOKE| MILESTONE km-1-kernel-init-compiles-nothing: PASS -- traces live at the kernelMemory baseline = 0; kernelMemory=164247
    r-record-r5-R-L SMOKE| MILESTONE cap-1-refusal-caught-machine-survives: PASS -- shape=record OCLJCAP=done/619/not_enough_memory running=true lastError=<null>
r-record-r5-R-O exit=0 CLASS=CLEAN APACITY| shape=record native=additive jit=off jitearly=off tier=192KB scale=1.8 kernelMemory=164923 held=602 why=not_enough_memory t_first5=0.0002 t_last5=0.0024 batches=61 last/first=12.00 freeKB_at_end/totalKB=0/192 arms=+139 refusals=+1 trace_flushes=+0 fill_ms=2483 queued=true running=true lastError=<null>
    r-record-r5-R-O CAP-IDLE| ticks=400 arms=+1 collects=+1 bailouts=+0 refusals=+0 trace_flushes=+0 trace_flush_bytes=+0 park_resets=+0 traces_live 0 -> 0 armed=0 state=0 stepmul=200 threshold=707200 gctotal=376430 ccap=518818 cused=376430 parked=false wallstats=present running=true
    r-record-r5-R-O CAP-LIVE| used=354084 kernelMemory=164923 user=189161 count(3 collects)=354100/354036/354036 total=518818 traces_live=0
    r-record-r5-R-O CAP-GC| collects=+139 bailouts=+0 overdrafts=+1717 od_peak=16682 od_state=0 park_resets=+0 od_limit=32768 kslice=16384 gc_low=350115 armby=1 window=4096 lends=+59 win=0 refused=88 end: armed=0 state=0 stepmul=200 threshold=700200 gctotal=364903 ccap=518818 cused=364903 parked=false
    r-record-r5-R-O CAP-X| batch=10 junk=24 OCLJCAPX=61/600/0/0 traces(start/abort) 0/0 -> 0/0 class=CLEAN site=-
    r-record-r5-R-O SMOKE| MILESTONE km-1-kernel-init-compiles-nothing: PASS -- traces live at the kernelMemory baseline = 0; kernelMemory=164923
    r-record-r5-R-O SMOKE| MILESTONE cap-1-refusal-caught-machine-survives: PASS -- shape=record OCLJCAP=done/602/not_enough_memory running=true lastError=<null>
r-string-r5-R-D exit=0 CLASS=CLEAN APACITY| shape=string native=additive jit=on jitearly=- tier=192KB scale=1.8 kernelMemory=164923 held=2049 why=not_enough_memory t_first5=0.0004 t_last5=0.0109 batches=205 last/first=27.25 freeKB_at_end/totalKB=0/192 arms=+426 refusals=+1 trace_flushes=+81 fill_ms=4940 queued=true running=true lastError=<null>
    r-string-r5-R-D CAP-IDLE| ticks=400 arms=+20 collects=+20 bailouts=+0 refusals=+0 trace_flushes=+0 trace_flush_bytes=+0 park_resets=+0 traces_live 51 -> 61 armed=0 state=0 stepmul=200 threshold=815000 gctotal=407850 ccap=518818 cused=407850 parked=false wallstats=present running=true
    r-string-r5-R-D CAP-LIVE| used=407984 kernelMemory=164923 user=243061 count(3 collects)=407936/407936/407936 total=518818 traces_live=61
    r-string-r5-R-D CAP-GC| collects=+426 bailouts=+0 overdrafts=+1519 od_peak=19062 od_state=0 park_resets=+0 od_limit=32768 kslice=16384 gc_low=402293 armby=0 window=4096 lends=+3 win=0 refused=52 end: armed=0 state=0 stepmul=200 threshold=804600 gctotal=431885 ccap=518818 cused=431885 parked=false
    r-string-r5-R-D CAP-X| batch=10 junk=24 OCLJCAPX=205/2040/0/0 traces(start/abort) 340/185 -> 1121/337 class=CLEAN site=-
    r-string-r5-R-D SMOKE| MILESTONE km-1-kernel-init-compiles-nothing: PASS -- traces live at the kernelMemory baseline = 0; kernelMemory=164923
    r-string-r5-R-D SMOKE| MILESTONE cap-1-refusal-caught-machine-survives: PASS -- shape=string OCLJCAP=done/2049/not_enough_memory running=true lastError=<null>
r-record-r6-R-D exit=0 CLASS=CLEAN APACITY| shape=record native=additive jit=on jitearly=- tier=192KB scale=1.8 kernelMemory=164923 held=609 why=not_enough_memory t_first5=0.0011 t_last5=0.0014 batches=61 last/first=1.27 freeKB_at_end/totalKB=0/192 arms=+172 refusals=+2 trace_flushes=+29 fill_ms=2490 queued=true running=true lastError=<null>
    r-record-r6-R-D CAP-IDLE| ticks=400 arms=+23 collects=+23 bailouts=+0 refusals=+0 trace_flushes=+0 trace_flush_bytes=+0 park_resets=+0 traces_live 60 -> 73 armed=0 state=0 stepmul=200 threshold=853800 gctotal=435012 ccap=518818 cused=435012 parked=false wallstats=present running=true
    r-record-r6-R-D CAP-LIVE| used=427402 kernelMemory=164923 user=262479 count(3 collects)=427418/427354/427354 total=518818 traces_live=73
    r-record-r6-R-D CAP-GC| collects=+172 bailouts=+0 overdrafts=+2831 od_peak=33252 od_state=0 park_resets=+0 od_limit=32768 kslice=16384 gc_low=388765 armby=0 window=4096 lends=+38 win=0 refused=28 end: armed=0 state=0 stepmul=200 threshold=781200 gctotal=406033 ccap=518818 cused=406033 parked=false
    r-record-r6-R-D CAP-X| batch=10 junk=24 OCLJCAPX=61/600/1/0 traces(start/abort) 365/205 -> 658/271 class=CLEAN site=-
    r-record-r6-R-D SMOKE| MILESTONE km-1-kernel-init-compiles-nothing: PASS -- traces live at the kernelMemory baseline = 0; kernelMemory=164923
    r-record-r6-R-D SMOKE| MILESTONE cap-1-refusal-caught-machine-survives: PASS -- shape=record OCLJCAP=done/609/not_enough_memory running=true lastError=<null>
r-record-r7-R-D exit=0 CLASS=CLEAN APACITY| shape=record native=additive jit=on jitearly=- tier=192KB scale=1.8 kernelMemory=164923 held=615 why=not_enough_memory t_first5=0.0004 t_last5=0.0011 batches=62 last/first=2.75 freeKB_at_end/totalKB=0/192 arms=+174 refusals=+3 trace_flushes=+31 fill_ms=2485 queued=true running=true lastError=<null>
    r-record-r7-R-D CAP-IDLE| ticks=400 arms=+23 collects=+23 bailouts=+0 refusals=+0 trace_flushes=+0 trace_flush_bytes=+0 park_resets=+0 traces_live 58 -> 73 armed=0 state=0 stepmul=200 threshold=834600 gctotal=425380 ccap=518818 cused=425380 parked=false wallstats=present running=true
    r-record-r7-R-D CAP-LIVE| used=417770 kernelMemory=164923 user=252847 count(3 collects)=417786/417722/417722 total=518818 traces_live=73
    r-record-r7-R-D CAP-GC| collects=+174 bailouts=+0 overdrafts=+2858 od_peak=34620 od_state=0 park_resets=+0 od_limit=32768 kslice=16384 gc_low=392529 armby=0 window=4096 lends=+21 win=0 refused=28 end: armed=0 state=0 stepmul=200 threshold=785000 gctotal=422685 ccap=518818 cused=422685 parked=false
    r-record-r7-R-D CAP-X| batch=10 junk=24 OCLJCAPX=62/610/2/0 traces(start/abort) 343/172 -> 623/227 class=CLEAN site=-
    r-record-r7-R-D SMOKE| MILESTONE km-1-kernel-init-compiles-nothing: PASS -- traces live at the kernelMemory baseline = 0; kernelMemory=164923
    r-record-r7-R-D SMOKE| MILESTONE cap-1-refusal-caught-machine-survives: PASS -- shape=record OCLJCAP=done/615/not_enough_memory running=true lastError=<null>
r-record-r8-R-D exit=0 CLASS=CLEAN APACITY| shape=record native=additive jit=on jitearly=- tier=192KB scale=1.8 kernelMemory=164923 held=616 why=not_enough_memory t_first5=0.0004 t_last5=0.0033 batches=62 last/first=8.25 freeKB_at_end/totalKB=0/192 arms=+166 refusals=+4 trace_flushes=+29 fill_ms=2491 queued=true running=true lastError=<null>
    r-record-r8-R-D CAP-IDLE| ticks=400 arms=+23 collects=+23 bailouts=+0 refusals=+0 trace_flushes=+0 trace_flush_bytes=+0 park_resets=+0 traces_live 51 -> 64 armed=0 state=0 stepmul=200 threshold=827600 gctotal=429264 ccap=518818 cused=429264 parked=false wallstats=present running=true
    r-record-r8-R-D CAP-LIVE| used=414286 kernelMemory=164923 user=249363 count(3 collects)=414302/414238/414238 total=518818 traces_live=64
    r-record-r8-R-D CAP-GC| collects=+166 bailouts=+0 overdrafts=+2898 od_peak=34196 od_state=0 park_resets=+0 od_limit=32768 kslice=16384 gc_low=384913 armby=0 window=4096 lends=+19 win=0 refused=52 end: armed=0 state=0 stepmul=200 threshold=770800 gctotal=385721 ccap=518818 cused=385721 parked=false
    r-record-r8-R-D CAP-X| batch=10 junk=24 OCLJCAPX=62/610/3/0 traces(start/abort) 367/216 -> 608/273 class=CLEAN site=-
    r-record-r8-R-D SMOKE| MILESTONE km-1-kernel-init-compiles-nothing: PASS -- traces live at the kernelMemory baseline = 0; kernelMemory=164923
    r-record-r8-R-D SMOKE| MILESTONE cap-1-refusal-caught-machine-survives: PASS -- shape=record OCLJCAP=done/616/not_enough_memory running=true lastError=<null>
r-record-r9-R-D exit=0 CLASS=CLEAN APACITY| shape=record native=additive jit=on jitearly=- tier=192KB scale=1.8 kernelMemory=164923 held=612 why=not_enough_memory t_first5=0.0004 t_last5=0.0023 batches=62 last/first=5.75 freeKB_at_end/totalKB=0/192 arms=+221 refusals=+3 trace_flushes=+30 fill_ms=2471 queued=true running=true lastError=<null>
    r-record-r9-R-D CAP-IDLE| ticks=400 arms=+20 collects=+20 bailouts=+0 refusals=+0 trace_flushes=+0 trace_flush_bytes=+0 park_resets=+0 traces_live 62 -> 70 armed=0 state=0 stepmul=200 threshold=831200 gctotal=431068 ccap=518818 cused=431068 parked=false wallstats=present running=true
    r-record-r9-R-D CAP-LIVE| used=416090 kernelMemory=164923 user=251167 count(3 collects)=416106/416042/416042 total=518818 traces_live=70
    r-record-r9-R-D CAP-GC| collects=+221 bailouts=+0 overdrafts=+3209 od_peak=33964 od_state=0 park_resets=+0 od_limit=32768 kslice=16384 gc_low=388885 armby=0 window=4096 lends=+76 win=0 refused=52 end: armed=0 state=0 stepmul=200 threshold=780800 gctotal=413245 ccap=518818 cused=413245 parked=false
    r-record-r9-R-D CAP-X| batch=10 junk=24 OCLJCAPX=62/610/2/0 traces(start/abort) 347/185 -> 629/250 class=CLEAN site=-
    r-record-r9-R-D SMOKE| MILESTONE km-1-kernel-init-compiles-nothing: PASS -- traces live at the kernelMemory baseline = 0; kernelMemory=164923
    r-record-r9-R-D SMOKE| MILESTONE cap-1-refusal-caught-machine-survives: PASS -- shape=record OCLJCAP=done/612/not_enough_memory running=true lastError=<null>
r-record-r10-R-D exit=0 CLASS=CLEAN APACITY| shape=record native=additive jit=on jitearly=- tier=192KB scale=1.8 kernelMemory=164923 held=610 why=not_enough_memory t_first5=0.0005 t_last5=0.0018 batches=62 last/first=3.60 freeKB_at_end/totalKB=0/192 arms=+180 refusals=+4 trace_flushes=+29 fill_ms=2475 queued=true running=true lastError=<null>
    r-record-r10-R-D CAP-IDLE| ticks=400 arms=+20 collects=+20 bailouts=+0 refusals=+0 trace_flushes=+0 trace_flush_bytes=+0 park_resets=+0 traces_live 49 -> 66 armed=0 state=0 stepmul=200 threshold=835200 gctotal=447100 ccap=518818 cused=447100 parked=false wallstats=present running=true
    r-record-r10-R-D CAP-LIVE| used=418018 kernelMemory=164923 user=253095 count(3 collects)=418034/417970/417970 total=518818 traces_live=66
    r-record-r10-R-D CAP-GC| collects=+180 bailouts=+0 overdrafts=+2885 od_peak=33860 od_state=0 park_resets=+0 od_limit=32768 kslice=16384 gc_low=389441 armby=0 window=4096 lends=+27 win=0 refused=64 end: armed=0 state=0 stepmul=200 threshold=778800 gctotal=418333 ccap=518818 cused=418333 parked=false
    r-record-r10-R-D CAP-X| batch=10 junk=24 OCLJCAPX=62/610/3/0 traces(start/abort) 327/182 -> 613/243 class=CLEAN site=-
    r-record-r10-R-D SMOKE| MILESTONE km-1-kernel-init-compiles-nothing: PASS -- traces live at the kernelMemory baseline = 0; kernelMemory=164923
    r-record-r10-R-D SMOKE| MILESTONE cap-1-refusal-caught-machine-survives: PASS -- shape=record OCLJCAP=done/610/not_enough_memory running=true lastError=<null>
