== 13:35:04 chainJ post start; java procs: 0
fullJ-post-off-1 exit=0
    [ocljit] OCLJ_JIT=off: jit.off() + jit.flush() before kernel init
    SMOKE| MILESTONE b-machine.lua-sandbox: PASS -- kernelMemory=164923 after 2 ticks; running=true; lastError=null
    SMOKE| quiesced after 3 spins, before the VM fingerprint
    SMOKE| quiesced after 0 spins, before the JIT probe read-out
    SMOKE| JIT PROBE: jit.off() + jit.flush() -> jit.status()=false
    SMOKE| JIT PROBE: kernel=watchdog  mode=off  jit.status()=false  traces start/stop/abort/flush=0/0/0/0  ticks-to-shell=180  boot-ms=5181  sandbox-bench(min-s/iters/reps/sum)=0.0654/12000000/3/13500001
    SMOKE| MILESTONE k3-sandbox-loop-is-compiled-NEGATIVE-CONTROL: PASS -- JIT off: sandbox loop = 0.0654 s = 0.99x the raw interpreted reference 0.0659 s -- interpreter speed, must be >= 1/3
    SMOKE| MILESTONE j0-jit-switch-honoured: PASS -- mode=off -> jit.status()=false
    SMOKE| MILESTONE m1-mcode-is-real-NEGATIVE-CONTROL: PASS -- jit=off: mcode=0 B, traces=0 (must be exactly 0)
    [ocljit] OCLJ_JIT=off: jit.off() + jit.flush() before kernel init
    [ocljit] OCLJ_JIT=off: jit.off() + jit.flush() before kernel init
    [ocljit] OCLJ_JIT=off: jit.off() + jit.flush() before kernel init
    SMOKE| VERDICT: PASS
fullJ-post-off-2 exit=0
    [ocljit] OCLJ_JIT=off: jit.off() + jit.flush() before kernel init
    SMOKE| MILESTONE b-machine.lua-sandbox: PASS -- kernelMemory=164923 after 2 ticks; running=true; lastError=null
    SMOKE| quiesced after 3 spins, before the VM fingerprint
    SMOKE| quiesced after 0 spins, before the JIT probe read-out
    SMOKE| JIT PROBE: jit.off() + jit.flush() -> jit.status()=false
    SMOKE| JIT PROBE: kernel=watchdog  mode=off  jit.status()=false  traces start/stop/abort/flush=0/0/0/0  ticks-to-shell=180  boot-ms=5196  sandbox-bench(min-s/iters/reps/sum)=0.0661/12000000/3/13500001
    SMOKE| MILESTONE k3-sandbox-loop-is-compiled-NEGATIVE-CONTROL: PASS -- JIT off: sandbox loop = 0.0661 s = 1.02x the raw interpreted reference 0.0647 s -- interpreter speed, must be >= 1/3
    SMOKE| MILESTONE j0-jit-switch-honoured: PASS -- mode=off -> jit.status()=false
    SMOKE| MILESTONE m1-mcode-is-real-NEGATIVE-CONTROL: PASS -- jit=off: mcode=0 B, traces=0 (must be exactly 0)
    [ocljit] OCLJ_JIT=off: jit.off() + jit.flush() before kernel init
    [ocljit] OCLJ_JIT=off: jit.off() + jit.flush() before kernel init
    [ocljit] OCLJ_JIT=off: jit.off() + jit.flush() before kernel init
    SMOKE| VERDICT: PASS
fullJ-post-off-3 exit=0
    [ocljit] OCLJ_JIT=off: jit.off() + jit.flush() before kernel init
    SMOKE| MILESTONE b-machine.lua-sandbox: PASS -- kernelMemory=164923 after 1 ticks; running=true; lastError=null
    SMOKE| quiesced after 0 spins, before the VM fingerprint
    SMOKE| quiesced after 0 spins, before the JIT probe read-out
    SMOKE| JIT PROBE: jit.off() + jit.flush() -> jit.status()=false
    SMOKE| JIT PROBE: kernel=watchdog  mode=off  jit.status()=false  traces start/stop/abort/flush=0/0/0/0  ticks-to-shell=180  boot-ms=5180  sandbox-bench(min-s/iters/reps/sum)=0.0654/12000000/3/13500001
    SMOKE| MILESTONE k3-sandbox-loop-is-compiled-NEGATIVE-CONTROL: PASS -- JIT off: sandbox loop = 0.0654 s = 1.00x the raw interpreted reference 0.0656 s -- interpreter speed, must be >= 1/3
    SMOKE| MILESTONE j0-jit-switch-honoured: PASS -- mode=off -> jit.status()=false
    SMOKE| MILESTONE m1-mcode-is-real-NEGATIVE-CONTROL: PASS -- jit=off: mcode=0 B, traces=0 (must be exactly 0)
    [ocljit] OCLJ_JIT=off: jit.off() + jit.flush() before kernel init
    [ocljit] OCLJ_JIT=off: jit.off() + jit.flush() before kernel init
    [ocljit] OCLJ_JIT=off: jit.off() + jit.flush() before kernel init
    SMOKE| VERDICT: PASS
fullJ-post-off-4 exit=0
    [ocljit] OCLJ_JIT=off: jit.off() + jit.flush() before kernel init
    SMOKE| MILESTONE b-machine.lua-sandbox: PASS -- kernelMemory=164923 after 2 ticks; running=true; lastError=null
    SMOKE| quiesced after 3 spins, before the VM fingerprint
    SMOKE| quiesced after 0 spins, before the JIT probe read-out
    SMOKE| JIT PROBE: jit.off() + jit.flush() -> jit.status()=false
    SMOKE| JIT PROBE: kernel=watchdog  mode=off  jit.status()=false  traces start/stop/abort/flush=0/0/0/0  ticks-to-shell=180  boot-ms=5204  sandbox-bench(min-s/iters/reps/sum)=0.0647/12000000/3/13500001
    SMOKE| MILESTONE k3-sandbox-loop-is-compiled-NEGATIVE-CONTROL: PASS -- JIT off: sandbox loop = 0.0647 s = 0.97x the raw interpreted reference 0.0666 s -- interpreter speed, must be >= 1/3
    SMOKE| MILESTONE j0-jit-switch-honoured: PASS -- mode=off -> jit.status()=false
    SMOKE| MILESTONE m1-mcode-is-real-NEGATIVE-CONTROL: PASS -- jit=off: mcode=0 B, traces=0 (must be exactly 0)
    [ocljit] OCLJ_JIT=off: jit.off() + jit.flush() before kernel init
    [ocljit] OCLJ_JIT=off: jit.off() + jit.flush() before kernel init
    [ocljit] OCLJ_JIT=off: jit.off() + jit.flush() before kernel init
    SMOKE| VERDICT: PASS
fullJ-post-off-5 exit=0
    [ocljit] OCLJ_JIT=off: jit.off() + jit.flush() before kernel init
    SMOKE| MILESTONE b-machine.lua-sandbox: PASS -- kernelMemory=164923 after 2 ticks; running=true; lastError=null
    SMOKE| quiesced after 3 spins, before the VM fingerprint
    SMOKE| quiesced after 0 spins, before the JIT probe read-out
    SMOKE| JIT PROBE: jit.off() + jit.flush() -> jit.status()=false
    SMOKE| JIT PROBE: kernel=watchdog  mode=off  jit.status()=false  traces start/stop/abort/flush=0/0/0/0  ticks-to-shell=180  boot-ms=5197  sandbox-bench(min-s/iters/reps/sum)=0.0664/12000000/3/13500001
    SMOKE| MILESTONE k3-sandbox-loop-is-compiled-NEGATIVE-CONTROL: PASS -- JIT off: sandbox loop = 0.0664 s = 1.03x the raw interpreted reference 0.0645 s -- interpreter speed, must be >= 1/3
    SMOKE| MILESTONE j0-jit-switch-honoured: PASS -- mode=off -> jit.status()=false
    SMOKE| MILESTONE m1-mcode-is-real-NEGATIVE-CONTROL: PASS -- jit=off: mcode=0 B, traces=0 (must be exactly 0)
    [ocljit] OCLJ_JIT=off: jit.off() + jit.flush() before kernel init
    [ocljit] OCLJ_JIT=off: jit.off() + jit.flush() before kernel init
    [ocljit] OCLJ_JIT=off: jit.off() + jit.flush() before kernel init
    SMOKE| VERDICT: PASS
fullJ-post-off-6 exit=0
    [ocljit] OCLJ_JIT=off: jit.off() + jit.flush() before kernel init
    SMOKE| MILESTONE b-machine.lua-sandbox: PASS -- kernelMemory=164923 after 1 ticks; running=true; lastError=null
    SMOKE| quiesced after 0 spins, before the VM fingerprint
    SMOKE| quiesced after 0 spins, before the JIT probe read-out
    SMOKE| JIT PROBE: jit.off() + jit.flush() -> jit.status()=false
    SMOKE| JIT PROBE: kernel=watchdog  mode=off  jit.status()=false  traces start/stop/abort/flush=0/0/0/0  ticks-to-shell=180  boot-ms=5183  sandbox-bench(min-s/iters/reps/sum)=0.0648/12000000/3/13500001
    SMOKE| MILESTONE k3-sandbox-loop-is-compiled-NEGATIVE-CONTROL: PASS -- JIT off: sandbox loop = 0.0648 s = 1.00x the raw interpreted reference 0.0651 s -- interpreter speed, must be >= 1/3
    SMOKE| MILESTONE j0-jit-switch-honoured: PASS -- mode=off -> jit.status()=false
    SMOKE| MILESTONE m1-mcode-is-real-NEGATIVE-CONTROL: PASS -- jit=off: mcode=0 B, traces=0 (must be exactly 0)
    [ocljit] OCLJ_JIT=off: jit.off() + jit.flush() before kernel init
    [ocljit] OCLJ_JIT=off: jit.off() + jit.flush() before kernel init
    [ocljit] OCLJ_JIT=off: jit.off() + jit.flush() before kernel init
    SMOKE| VERDICT: PASS
== 13:45:02 chainJ post done
