== 09:53:37 chainA2 start; java procs: 0
fullA2-additive-on exit=0
    SMOKE| MILESTONE acc-4-constructor-cap-bites: PASS -- new LuaStateLuaJIT(4194304), no setTotalMemory: csync 1, native cap 4194304; unbounded allocation raised LuaMemoryAllocationException: not enough memory at native used 4194281; JNI crossings during it 0; cap lowered to 1048576: free 0, native cap 1048576
    SMOKE| CHECKS: 65   FAILURES: 0   WALL: 91.6s
    SMOKE| VERDICT: PASS
    SMOKE PASS -- OpenOS booted on LuaJIT, persisted, and resumed.
one-record-r4-E-base exit=1 APACITY| shape=record native=additive jit=on jitearly=off tier=192KB scale=1.8 kernelMemory=164393 held=? why=? t_first5=0.0460 t_last5=0.0460 batches=4 last/first=1.00 freeKB_at_end/totalKB=-1/-1 arms=+1927 refusals=+3 trace_flushes=+5 fill_ms=190 queued=true running=false lastError=not enough memory
    one-record-r4-E-base CAP-IDLE| ticks=400 arms=+1963 collects=+1963 bailouts=+0 refusals=+0 trace_flushes=+28 park_resets=+n/a traces_live 1 -> 25 armed=0 state=0 stepmul=200 threshold=763200 gctotal=384989 ccap=518288 cused=384989 parked=false wallstats=absent running=true
    one-record-r4-E-base CAP-LIVE| used=382199 kernelMemory=164393 user=217806 count(3 collects)=382151/382151/382151 total=518288 traces_live=25
    one-record-r4-E-base CAP-MID| snaps=6 stopped=1 stepmul0=0 parked=0 last: armed=1 state=0 stepmul=0 threshold=255000 gctotal=127618 ccap=2147483647 cused=127618
    one-record-r4-E-base CAP-GC| collects=+1926 bailouts=+0 overdrafts=+n/a od_peak=n/a od_state=n/a park_resets=+n/a od_limit=n/a kslice=n/a backoffs=+n/a end: armed=1 state=0 stepmul=0 threshold=255000 gctotal=127618 ccap=2147483647 cused=127618 parked=true
    one-record-r4-E-base SMOKE| MILESTONE cap-1-refusal-caught-machine-survives: FAIL -- shape=record OCLJCAP=filling/400 running=false lastError=not enough memory   <- a refusal took the MACHINE down: raised where no handler of the program caught it (OpenOS's dispatcher, the kernel, or the probe's own allocations between batches)
    one-record-r4-E-base     SMOKE| MILESTONE cap-1-refusal-caught-machine-survives: FAIL -- shape=record OCLJCAP=filling/400 running=false lastError=not enough memory   <- a refusal took the MACHINE down: raised where no handler of the program caught it (OpenOS's dispatcher, the kernel, or the probe's own allocations between batches)
one-record-r4-E-A exit=0 APACITY| shape=record native=additive jit=on jitearly=off tier=192KB scale=1.8 kernelMemory=164525 held=510 why=not_enough_memory t_first5=0.0509 t_last5=0.0506 batches=6 last/first=0.99 freeKB_at_end/totalKB=0/192 arms=+2011 refusals=+1 trace_flushes=+8 fill_ms=1497 queued=true running=true lastError=<null>
    one-record-r4-E-A CAP-IDLE| ticks=400 arms=+2304 collects=+2304 bailouts=+0 refusals=+0 trace_flushes=+27 park_resets=+0 traces_live 31 -> 25 armed=0 state=0 stepmul=200 threshold=772000 gctotal=386213 ccap=518420 cused=386213 parked=false wallstats=present running=true
    one-record-r4-E-A CAP-LIVE| used=386411 kernelMemory=164525 user=221886 count(3 collects)=386363/386363/386363 total=518420 traces_live=25
    one-record-r4-E-A CAP-MID| snaps=8 stopped=0 stepmul0=0 parked=0 last: armed=0 state=0 stepmul=200 threshold=723600 gctotal=370221 ccap=518420 cused=370221
    one-record-r4-E-A CAP-GC| collects=+2011 bailouts=+0 overdrafts=+0 od_peak=0 od_state=0 park_resets=+0 od_limit=n/a kslice=n/a backoffs=+n/a end: armed=0 state=0 stepmul=200 threshold=748000 gctotal=381409 ccap=518420 cused=381409 parked=false
    one-record-r4-E-A SMOKE| MILESTONE cap-1-refusal-caught-machine-survives: PASS -- shape=record OCLJCAP=done/510/not_enough_memory running=true lastError=<null>
one-record-r5-E-base exit=1 APACITY| shape=record native=additive jit=on jitearly=off tier=192KB scale=1.8 kernelMemory=164393 held=? why=? t_first5=0.0397 t_last5=0.0397 batches=4 last/first=1.00 freeKB_at_end/totalKB=-1/-1 arms=+1941 refusals=+3 trace_flushes=+5 fill_ms=193 queued=true running=false lastError=not enough memory
    one-record-r5-E-base CAP-IDLE| ticks=400 arms=+2049 collects=+2049 bailouts=+0 refusals=+0 trace_flushes=+26 park_resets=+n/a traces_live 1 -> 24 armed=0 state=0 stepmul=200 threshold=762600 gctotal=381373 ccap=518288 cused=381373 parked=false wallstats=absent running=true
    one-record-r5-E-base CAP-LIVE| used=381683 kernelMemory=164393 user=217290 count(3 collects)=381635/381635/381635 total=518288 traces_live=24
    one-record-r5-E-base CAP-MID| snaps=6 stopped=1 stepmul0=0 parked=0 last: armed=1 state=0 stepmul=0 threshold=255000 gctotal=127594 ccap=2147483647 cused=127594
    one-record-r5-E-base CAP-GC| collects=+1940 bailouts=+0 overdrafts=+n/a od_peak=n/a od_state=n/a park_resets=+n/a od_limit=n/a kslice=n/a backoffs=+n/a end: armed=1 state=0 stepmul=0 threshold=255000 gctotal=127594 ccap=2147483647 cused=127594 parked=true
    one-record-r5-E-base SMOKE| MILESTONE cap-1-refusal-caught-machine-survives: FAIL -- shape=record OCLJCAP=filling/400 running=false lastError=not enough memory   <- a refusal took the MACHINE down: raised where no handler of the program caught it (OpenOS's dispatcher, the kernel, or the probe's own allocations between batches)
    one-record-r5-E-base     SMOKE| MILESTONE cap-1-refusal-caught-machine-survives: FAIL -- shape=record OCLJCAP=filling/400 running=false lastError=not enough memory   <- a refusal took the MACHINE down: raised where no handler of the program caught it (OpenOS's dispatcher, the kernel, or the probe's own allocations between batches)
one-record-r5-E-A exit=0 APACITY| shape=record native=additive jit=on jitearly=off tier=192KB scale=1.8 kernelMemory=164525 held=512 why=not_enough_memory t_first5=0.0573 t_last5=0.0565 batches=6 last/first=0.99 freeKB_at_end/totalKB=1/192 arms=+2121 refusals=+1 trace_flushes=+7 fill_ms=1496 queued=true running=true lastError=<null>
    one-record-r5-E-A CAP-IDLE| ticks=400 arms=+3037 collects=+3037 bailouts=+0 refusals=+0 trace_flushes=+18 park_resets=+0 traces_live 30 -> 28 armed=0 state=0 stepmul=200 threshold=767600 gctotal=384501 ccap=518420 cused=384501 parked=false wallstats=present running=true
    one-record-r5-E-A CAP-LIVE| used=384179 kernelMemory=164525 user=219654 count(3 collects)=384131/384131/384131 total=518420 traces_live=28
    one-record-r5-E-A CAP-MID| snaps=8 stopped=0 stepmul0=0 parked=0 last: armed=0 state=0 stepmul=200 threshold=719400 gctotal=368093 ccap=518420 cused=368093
    one-record-r5-E-A CAP-GC| collects=+2121 bailouts=+0 overdrafts=+0 od_peak=0 od_state=0 park_resets=+0 od_limit=n/a kslice=n/a backoffs=+n/a end: armed=0 state=0 stepmul=200 threshold=770400 gctotal=386721 ccap=518420 cused=386721 parked=false
    one-record-r5-E-A SMOKE| MILESTONE cap-1-refusal-caught-machine-survives: PASS -- shape=record OCLJCAP=done/512/not_enough_memory running=true lastError=<null>
== 09:57:03 chainA2 done
