== 09:30:11 chainA start; java procs: 0
fullA-additive-on exit=1
    SMOKE| RAM tier = threehalf (1024 KB as the sandbox sees it; x ramScale 1.8 real bytes, plus kernelMemory)
    SMOKE| PHASE1 ROW: native=additive kernel=watchdog jit=on  mandelbrot/ok/37904620/0.0634/0.1049/577/5
    SMOKE| PHASE1 ROW: native=additive kernel=watchdog jit=on  binarytrees/ok/7038400/0.2590/0.3222/452/5
    SMOKE| PHASE1 ROW: native=additive kernel=watchdog jit=on  trampoline/ok/247388/0.2265/0.2582/681/5
    SMOKE| PHASE1 ROW: native=additive kernel=watchdog jit=on  matmul/ok/481.0000/0.0869/0.0905/762/5
    SMOKE| PHASE1 ROW: native=additive kernel=watchdog jit=on  strings2/ok/12582912-3852468224/0.1942/0.2110/424/5
    SMOKE| PHASE1 ROW: native=additive kernel=watchdog jit=on  nqueens/ok/85200/0.6345/1.1142/893/5
    SMOKE| PHASE1 ROW: native=additive kernel=watchdog jit=on  sha256/ok/4044b97490ea337483cb563ee4336c024272c962e86475de24c58abaade25a5d/0.0509/0.0551/710/5
    SMOKE| MILESTONE acc-4-constructor-cap-bites: FAIL -- new LuaStateLuaJIT(4194304), no setTotalMemory: csync 1, native cap 4194304; unbounded allocation raised LuaMemoryAllocationException: not enough memory at native use
    SMOKE| CHECKS: 65   FAILURES: 1   WALL: 92.9s
    SMOKE| VERDICT: FAIL
        SMOKE| MILESTONE acc-4-constructor-cap-bites: FAIL -- new LuaStateLuaJIT(4194304), no setTotalMemory: csync 1, native cap 4194304; unbounded allocation raised LuaMemoryAllocationException: not enough memory at native
    SMOKE FAIL
fullA-dropin-on exit=0
    SMOKE| RAM tier = threehalf (1024 KB as the sandbox sees it; x ramScale 1.8 real bytes, plus kernelMemory)
    SMOKE| PHASE1 ROW: native=luajit kernel=watchdog jit=on  mandelbrot/ok/37904620/0.0664/0.0799/680/5
    SMOKE| PHASE1 ROW: native=luajit kernel=watchdog jit=on  binarytrees/ok/7038400/0.4346/0.5256/775/5
    SMOKE| PHASE1 ROW: native=luajit kernel=watchdog jit=on  trampoline/ok/247388/0.2282/0.2392/625/5
    SMOKE| PHASE1 ROW: native=luajit kernel=watchdog jit=on  matmul/ok/481.0000/0.0958/0.1425/773/5
    SMOKE| PHASE1 ROW: native=luajit kernel=watchdog jit=on  strings2/ok/12582912-3852468224/0.2365/0.2684/431/5
    SMOKE| PHASE1 ROW: native=luajit kernel=watchdog jit=on  nqueens/ok/85200/0.5343/1.3700/905/5
    SMOKE| PHASE1 ROW: native=luajit kernel=watchdog jit=on  sha256/ok/4044b97490ea337483cb563ee4336c024272c962e86475de24c58abaade25a5d/0.0544/0.0682/689/5
    SMOKE| MILESTONE acc-4/5/7: SKIP -- native=luajit: they test LuaStateLuaJIT, which the dropin arm does not use (not counted)
    SMOKE| CHECKS: 62   FAILURES: 0   WALL: 93.8s
    SMOKE| VERDICT: PASS
    SMOKE PASS -- OpenOS booted on LuaJIT, persisted, and resumed.
one-record-r1-E-base exit=0 APACITY| shape=record native=additive jit=on jitearly=off tier=192KB scale=1.8 kernelMemory=164393 held=512 why=not_enough_memory t_first5=0.0796 t_last5=0.0716 batches=6 last/first=0.90 freeKB_at_end/totalKB=1/192 arms=+2658 refusals=+4 trace_flushes=+7 fill_ms=1527 queued=true running=true lastError=<null>
    one-record-r1-E-base CAP-IDLE| ticks=400 arms=+1195 collects=+1195 bailouts=+0 refusals=+0 trace_flushes=+27 park_resets=+n/a traces_live 0 -> 18 armed=0 state=0 stepmul=200 threshold=747200 gctotal=383873 ccap=518288 cused=383873 parked=false wallstats=absent running=true
    one-record-r1-E-base CAP-LIVE| used=378059 kernelMemory=164393 user=213666 count(3 collects)=378011/378011/378011 total=518288 traces_live=18
    one-record-r1-E-base CAP-MID| snaps=8 stepmul0=0 parked=0 last: armed=0 state=0 stepmul=200 threshold=721400 gctotal=368005 ccap=518288 cused=368005
    one-record-r1-E-base CAP-GC| collects=+2658 bailouts=+0 overdrafts=+n/a od_peak=n/a od_state=n/a park_resets=+n/a od_limit=n/a kslice=n/a backoffs=+n/a end: armed=0 state=0 stepmul=200 threshold=754600 gctotal=385153 ccap=518288 cused=385153 parked=false
    one-record-r1-E-base SMOKE| MILESTONE cap-1-refusal-caught-machine-survives: PASS -- shape=record OCLJCAP=done/512/not_enough_memory running=true lastError=<null>
one-record-r1-E-A exit=0 APACITY| shape=record native=additive jit=on jitearly=off tier=192KB scale=1.8 kernelMemory=164525 held=512 why=not_enough_memory t_first5=0.0589 t_last5=0.0540 batches=6 last/first=0.92 freeKB_at_end/totalKB=1/192 arms=+2044 refusals=+2 trace_flushes=+6 fill_ms=1488 queued=true running=true lastError=<null>
    one-record-r1-E-A CAP-IDLE| ticks=400 arms=+2300 collects=+2300 bailouts=+0 refusals=+0 trace_flushes=+25 park_resets=+0 traces_live 31 -> 28 armed=0 state=0 stepmul=200 threshold=764800 gctotal=384549 ccap=518420 cused=384549 parked=false wallstats=present running=true
    one-record-r1-E-A CAP-LIVE| used=382723 kernelMemory=164525 user=218198 count(3 collects)=382675/382675/382675 total=518420 traces_live=28
    one-record-r1-E-A CAP-MID| snaps=8 stepmul0=0 parked=0 last: armed=0 state=0 stepmul=200 threshold=721400 gctotal=366825 ccap=518420 cused=366825
    one-record-r1-E-A CAP-GC| collects=+2044 bailouts=+0 overdrafts=+0 od_peak=0 od_state=0 park_resets=+0 od_limit=n/a kslice=n/a backoffs=+n/a end: armed=0 state=0 stepmul=200 threshold=772000 gctotal=386745 ccap=518420 cused=386745 parked=false
    one-record-r1-E-A SMOKE| MILESTONE cap-1-refusal-caught-machine-survives: PASS -- shape=record OCLJCAP=done/512/not_enough_memory running=true lastError=<null>
one-array-r1-E-base exit=0 APACITY| shape=array native=additive jit=on jitearly=off tier=192KB scale=1.8 kernelMemory=164393 held=728 why=not_enough_memory t_first5=0.0367 t_last5=0.0386 batches=8 last/first=1.05 freeKB_at_end/totalKB=0/192 arms=+2187 refusals=+1 trace_flushes=+10 fill_ms=1737 queued=true running=true lastError=<null>
    one-array-r1-E-base CAP-IDLE| ticks=400 arms=+2138 collects=+2138 bailouts=+0 refusals=+0 trace_flushes=+24 park_resets=+n/a traces_live 30 -> 0 armed=0 state=0 stepmul=200 threshold=727800 gctotal=364160 ccap=518288 cused=364160 parked=false wallstats=absent running=true
    one-array-r1-E-base CAP-LIVE| used=364358 kernelMemory=164393 user=199965 count(3 collects)=364310/364310/364310 total=518288 traces_live=0
    one-array-r1-E-base CAP-MID| snaps=16 stepmul0=0 parked=0 last: armed=0 state=0 stepmul=200 threshold=744800 gctotal=383337 ccap=518288 cused=383337
    one-array-r1-E-base CAP-GC| collects=+2187 bailouts=+0 overdrafts=+n/a od_peak=n/a od_state=n/a park_resets=+n/a od_limit=n/a kslice=n/a backoffs=+n/a end: armed=0 state=0 stepmul=200 threshold=721600 gctotal=377297 ccap=518288 cused=377297 parked=false
    one-array-r1-E-base SMOKE| MILESTONE cap-1-refusal-caught-machine-survives: PASS -- shape=array OCLJCAP=done/728/not_enough_memory running=true lastError=<null>
one-array-r1-E-A exit=0 APACITY| shape=array native=additive jit=on jitearly=off tier=192KB scale=1.8 kernelMemory=164525 held=736 why=not_enough_memory t_first5=0.0371 t_last5=0.0418 batches=8 last/first=1.13 freeKB_at_end/totalKB=0/192 arms=+2232 refusals=+1 trace_flushes=+9 fill_ms=1510 queued=true running=true lastError=<null>
    one-array-r1-E-A CAP-IDLE| ticks=400 arms=+2378 collects=+2378 bailouts=+0 refusals=+0 trace_flushes=+22 park_resets=+0 traces_live 33 -> 4 armed=0 state=0 stepmul=200 threshold=726000 gctotal=380052 ccap=518420 cused=380052 parked=false wallstats=present running=true
    one-array-r1-E-A CAP-LIVE| used=366910 kernelMemory=164525 user=202385 count(3 collects)=366862/366862/366862 total=518420 traces_live=4
    one-array-r1-E-A CAP-MID| snaps=8 stepmul0=0 parked=0 last: armed=0 state=0 stepmul=200 threshold=725200 gctotal=376226 ccap=518420 cused=376226
    one-array-r1-E-A CAP-GC| collects=+2232 bailouts=+0 overdrafts=+0 od_peak=0 od_state=0 park_resets=+0 od_limit=n/a kslice=n/a backoffs=+n/a end: armed=0 state=0 stepmul=200 threshold=745400 gctotal=379549 ccap=518420 cused=379549 parked=false
    one-array-r1-E-A SMOKE| MILESTONE cap-1-refusal-caught-machine-survives: PASS -- shape=array OCLJCAP=done/736/not_enough_memory running=true lastError=<null>
one-string-r1-E-base exit=0 APACITY| shape=string native=additive jit=on jitearly=off tier=192KB scale=1.8 kernelMemory=164393 held=1954 why=not_enough_memory t_first5=0.0201 t_last5=0.0596 batches=20 last/first=2.97 freeKB_at_end/totalKB=0/192 arms=+5469 refusals=+5 trace_flushes=+31 fill_ms=1990 queued=true running=true lastError=<null>
    one-string-r1-E-base CAP-IDLE| ticks=400 arms=+1729 collects=+1729 bailouts=+0 refusals=+0 trace_flushes=+30 park_resets=+n/a traces_live 12 -> 24 armed=0 state=0 stepmul=200 threshold=767600 gctotal=386639 ccap=518288 cused=386639 parked=false wallstats=absent running=true
    one-string-r1-E-base CAP-LIVE| used=383849 kernelMemory=164393 user=219456 count(3 collects)=383801/383801/383801 total=518288 traces_live=24
    one-string-r1-E-base CAP-MID| snaps=24 stepmul0=0 parked=0 last: armed=0 state=0 stepmul=200 threshold=765200 gctotal=383289 ccap=518288 cused=383289
    one-string-r1-E-base CAP-GC| collects=+5469 bailouts=+0 overdrafts=+n/a od_peak=n/a od_state=n/a park_resets=+n/a od_limit=n/a kslice=n/a backoffs=+n/a end: armed=0 state=0 stepmul=200 threshold=772600 gctotal=386569 ccap=518288 cused=386569 parked=false
    one-string-r1-E-base SMOKE| MILESTONE cap-1-refusal-caught-machine-survives: PASS -- shape=string OCLJCAP=done/1954/not_enough_memory running=true lastError=<null>
one-string-r1-E-A exit=1 APACITY| shape=string native=additive jit=on jitearly=off tier=192KB scale=1.8 kernelMemory=164525 held=? why=? t_first5=0.0158 t_last5=0.0691 batches=20 last/first=4.37 freeKB_at_end/totalKB=0/192 arms=+163156 refusals=+2 trace_flushes=+3740 fill_ms=249725 queued=true running=true lastError=<null>
    one-string-r1-E-A CAP-IDLE| ticks=400 arms=+2412 collects=+2412 bailouts=+0 refusals=+0 trace_flushes=+21 park_resets=+0 traces_live 27 -> 33 armed=0 state=0 stepmul=200 threshold=771400 gctotal=387159 ccap=518420 cused=387159 parked=false wallstats=present running=true
    one-string-r1-E-A CAP-LIVE| used=385637 kernelMemory=164525 user=221112 count(3 collects)=385589/385589/385589 total=518420 traces_live=33
    one-string-r1-E-A CAP-MID| snaps=8000 stepmul0=14 parked=0 last: armed=0 state=0 stepmul=200 threshold=777000 gctotal=388611 ccap=518420 cused=388611
    one-string-r1-E-A CAP-GC| collects=+163156 bailouts=+0 overdrafts=+0 od_peak=0 od_state=0 park_resets=+0 od_limit=n/a kslice=n/a backoffs=+n/a end: armed=0 state=0 stepmul=200 threshold=772200 gctotal=386787 ccap=518420 cused=386787 parked=false
    one-string-r1-E-A SMOKE| MILESTONE cap-1-refusal-caught-machine-survives: FAIL -- shape=string OCLJCAP=filling/1900 running=true lastError=<null>   <- the program caught the refusal and dropped its data, then its OWN next allocation was refused (OCLJCAPF=0/192 was written, the 'done' row was not): PUC collects and retries there, we refuse
    one-string-r1-E-A     SMOKE| MILESTONE cap-1-refusal-caught-machine-survives: FAIL -- shape=string OCLJCAP=filling/1900 running=true lastError=<null>   <- the program caught the refusal and dropped its data, then its OWN next allocation was refused (OCLJCAPF=0/192 was written, the 'done' row was not): PUC collects and retries there, we refuse
one-closure-r1-E-base exit=1 APACITY| shape=closure native=additive jit=on jitearly=off tier=192KB scale=1.8 kernelMemory=164393 held=? why=? t_first5=0.0469 t_last5=0.0680 batches=7 last/first=1.45 freeKB_at_end/totalKB=-1/-1 arms=+2278 refusals=+4 trace_flushes=+7 fill_ms=256 queued=true running=false lastError=not enough memory
    one-closure-r1-E-base CAP-IDLE| ticks=400 arms=+2649 collects=+2649 bailouts=+0 refusals=+0 trace_flushes=+18 park_resets=+n/a traces_live 21 -> 30 armed=0 state=0 stepmul=200 threshold=766200 gctotal=383601 ccap=518288 cused=383601 parked=false wallstats=absent running=true
    one-closure-r1-E-base CAP-LIVE| used=383391 kernelMemory=164393 user=218998 count(3 collects)=383343/383343/383343 total=518288 traces_live=30
    one-closure-r1-E-base CAP-MID| snaps=8 stepmul0=1 parked=1 last: armed=1 state=0 stepmul=0 threshold=250800 gctotal=125546 ccap=2147483647 cused=125546
    one-closure-r1-E-base CAP-GC| collects=+2277 bailouts=+0 overdrafts=+n/a od_peak=n/a od_state=n/a park_resets=+n/a od_limit=n/a kslice=n/a backoffs=+n/a end: armed=1 state=0 stepmul=0 threshold=250800 gctotal=125546 ccap=2147483647 cused=125546 parked=true
    one-closure-r1-E-base SMOKE| MILESTONE cap-1-refusal-caught-machine-survives: FAIL -- shape=closure OCLJCAP=filling/700 running=false lastError=not enough memory   <- a refusal took the MACHINE down: raised where no handler of the program caught it (OpenOS's dispatcher, the kernel, or the probe's own allocations between batches)
    one-closure-r1-E-base     SMOKE| MILESTONE cap-1-refusal-caught-machine-survives: FAIL -- shape=closure OCLJCAP=filling/700 running=false lastError=not enough memory   <- a refusal took the MACHINE down: raised where no handler of the program caught it (OpenOS's dispatcher, the kernel, or the probe's own allocations between batches)
one-closure-r1-E-A exit=0 APACITY| shape=closure native=additive jit=on jitearly=off tier=192KB scale=1.8 kernelMemory=164525 held=691 why=not_enough_memory t_first5=0.0525 t_last5=0.0579 batches=7 last/first=1.10 freeKB_at_end/totalKB=0/192 arms=+2550 refusals=+1 trace_flushes=+8 fill_ms=1514 queued=true running=true lastError=<null>
    one-closure-r1-E-A CAP-IDLE| ticks=400 arms=+2259 collects=+2259 bailouts=+0 refusals=+0 trace_flushes=+27 park_resets=+0 traces_live 18 -> 22 armed=0 state=0 stepmul=200 threshold=760000 gctotal=384533 ccap=518420 cused=384533 parked=false wallstats=present running=true
    one-closure-r1-E-A CAP-LIVE| used=380207 kernelMemory=164525 user=215682 count(3 collects)=380159/380159/380159 total=518420 traces_live=22
    one-closure-r1-E-A CAP-MID| snaps=8 stepmul0=0 parked=0 last: armed=0 state=0 stepmul=200 threshold=723800 gctotal=368333 ccap=518420 cused=368333
    one-closure-r1-E-A CAP-GC| collects=+2550 bailouts=+0 overdrafts=+0 od_peak=0 od_state=0 park_resets=+0 od_limit=n/a kslice=n/a backoffs=+n/a end: armed=0 state=0 stepmul=200 threshold=756600 gctotal=381693 ccap=518420 cused=381693 parked=false
    one-closure-r1-E-A SMOKE| MILESTONE cap-1-refusal-caught-machine-survives: PASS -- shape=closure OCLJCAP=done/691/not_enough_memory running=true lastError=<null>
one-record-r2-E-A exit=1 APACITY| shape=record native=additive jit=on jitearly=off tier=192KB scale=1.8 kernelMemory=164525 held=? why=? t_first5=0.0602 t_last5=0.0602 batches=5 last/first=1.00 freeKB_at_end/totalKB=-1/-1 arms=+1719 refusals=+2 trace_flushes=+4 fill_ms=165 queued=true running=false lastError=not enough memory
    one-record-r2-E-A CAP-IDLE| ticks=400 arms=+2122 collects=+2122 bailouts=+0 refusals=+0 trace_flushes=+32 park_resets=+0 traces_live 26 -> 9 armed=0 state=0 stepmul=200 threshold=746400 gctotal=373501 ccap=518420 cused=373501 parked=false wallstats=present running=true
    one-record-r2-E-A CAP-LIVE| used=373699 kernelMemory=164525 user=209174 count(3 collects)=373651/373651/373651 total=518420 traces_live=9
    one-record-r2-E-A CAP-MID| snaps=5 stepmul0=1 parked=1 last: armed=1 state=0 stepmul=0 threshold=255200 gctotal=127726 ccap=2147483647 cused=127726
    one-record-r2-E-A CAP-GC| collects=+1718 bailouts=+0 overdrafts=+0 od_peak=0 od_state=0 park_resets=+0 od_limit=n/a kslice=n/a backoffs=+n/a end: armed=1 state=0 stepmul=0 threshold=255200 gctotal=127726 ccap=2147483647 cused=127726 parked=true
    one-record-r2-E-A SMOKE| MILESTONE cap-1-refusal-caught-machine-survives: FAIL -- shape=record OCLJCAP=filling/500 running=false lastError=not enough memory   <- a refusal took the MACHINE down: raised where no handler of the program caught it (OpenOS's dispatcher, the kernel, or the probe's own allocations between batches)
    one-record-r2-E-A     SMOKE| MILESTONE cap-1-refusal-caught-machine-survives: FAIL -- shape=record OCLJCAP=filling/500 running=false lastError=not enough memory   <- a refusal took the MACHINE down: raised where no handler of the program caught it (OpenOS's dispatcher, the kernel, or the probe's own allocations between batches)
one-array-r2-E-A exit=1 APACITY| shape=array native=additive jit=on jitearly=off tier=192KB scale=1.8 kernelMemory=164525 held=? why=? t_first5=0.0363 t_last5=0.0447 batches=6 last/first=1.23 freeKB_at_end/totalKB=-1/-1 arms=+1991 refusals=+3 trace_flushes=+7 fill_ms=230 queued=true running=false lastError=not enough memory
    one-array-r2-E-A CAP-IDLE| ticks=400 arms=+2157 collects=+2157 bailouts=+0 refusals=+0 trace_flushes=+33 park_resets=+0 traces_live 19 -> 25 armed=0 state=0 stepmul=200 threshold=764800 gctotal=384940 ccap=518420 cused=384940 parked=false wallstats=present running=true
    one-array-r2-E-A CAP-LIVE| used=383862 kernelMemory=164525 user=219337 count(3 collects)=383814/383814/383814 total=518420 traces_live=25
    one-array-r2-E-A CAP-MID| snaps=7 stepmul0=1 parked=1 last: armed=1 state=0 stepmul=0 threshold=255200 gctotal=127726 ccap=2147483647 cused=127726
    one-array-r2-E-A CAP-GC| collects=+1990 bailouts=+0 overdrafts=+0 od_peak=0 od_state=0 park_resets=+0 od_limit=n/a kslice=n/a backoffs=+n/a end: armed=1 state=0 stepmul=0 threshold=255200 gctotal=127726 ccap=2147483647 cused=127726 parked=true
    one-array-r2-E-A SMOKE| MILESTONE cap-1-refusal-caught-machine-survives: FAIL -- shape=array OCLJCAP=filling/600 running=false lastError=not enough memory   <- a refusal took the MACHINE down: raised where no handler of the program caught it (OpenOS's dispatcher, the kernel, or the probe's own allocations between batches)
    one-array-r2-E-A     SMOKE| MILESTONE cap-1-refusal-caught-machine-survives: FAIL -- shape=array OCLJCAP=filling/600 running=false lastError=not enough memory   <- a refusal took the MACHINE down: raised where no handler of the program caught it (OpenOS's dispatcher, the kernel, or the probe's own allocations between batches)
one-string-r2-E-A exit=0 APACITY| shape=string native=additive jit=on jitearly=off tier=192KB scale=1.8 kernelMemory=164525 held=1981 why=not_enough_memory t_first5=0.0279 t_last5=0.0564 batches=20 last/first=2.02 freeKB_at_end/totalKB=0/192 arms=+5401 refusals=+2 trace_flushes=+31 fill_ms=2018 queued=true running=true lastError=<null>
    one-string-r2-E-A CAP-IDLE| ticks=400 arms=+2581 collects=+2581 bailouts=+0 refusals=+0 trace_flushes=+27 park_resets=+0 traces_live 25 -> 26 armed=0 state=0 stepmul=200 threshold=764000 gctotal=382347 ccap=518420 cused=382347 parked=false wallstats=present running=true
    one-string-r2-E-A CAP-LIVE| used=382545 kernelMemory=164525 user=218020 count(3 collects)=382497/382497/382497 total=518420 traces_live=26
    one-string-r2-E-A CAP-MID| snaps=24 stepmul0=0 parked=0 last: armed=0 state=0 stepmul=200 threshold=766400 gctotal=383577 ccap=518420 cused=383577
    one-string-r2-E-A CAP-GC| collects=+5401 bailouts=+0 overdrafts=+0 od_peak=0 od_state=0 park_resets=+0 od_limit=n/a kslice=n/a backoffs=+n/a end: armed=0 state=0 stepmul=200 threshold=767000 gctotal=386513 ccap=518420 cused=386513 parked=false
    one-string-r2-E-A SMOKE| MILESTONE cap-1-refusal-caught-machine-survives: PASS -- shape=string OCLJCAP=done/1981/not_enough_memory running=true lastError=<null>
one-closure-r2-E-A exit=0 APACITY| shape=closure native=additive jit=on jitearly=off tier=192KB scale=1.8 kernelMemory=164525 held=705 why=not_enough_memory t_first5=0.0597 t_last5=0.0601 batches=8 last/first=1.01 freeKB_at_end/totalKB=0/192 arms=+2904 refusals=+4 trace_flushes=+9 fill_ms=1742 queued=true running=true lastError=<null>
    one-closure-r2-E-A CAP-IDLE| ticks=400 arms=+2509 collects=+2509 bailouts=+0 refusals=+0 trace_flushes=+21 park_resets=+0 traces_live 34 -> 23 armed=0 state=0 stepmul=200 threshold=759800 gctotal=381549 ccap=518420 cused=381549 parked=false wallstats=present running=true
    one-closure-r2-E-A CAP-LIVE| used=380299 kernelMemory=164525 user=215774 count(3 collects)=380251/380251/380251 total=518420 traces_live=23
    one-closure-r2-E-A CAP-MID| snaps=16 stepmul0=0 parked=0 last: armed=0 state=0 stepmul=200 threshold=738000 gctotal=379097 ccap=518420 cused=379097
    one-closure-r2-E-A CAP-GC| collects=+2904 bailouts=+0 overdrafts=+0 od_peak=0 od_state=0 park_resets=+0 od_limit=n/a kslice=n/a backoffs=+n/a end: armed=0 state=0 stepmul=200 threshold=757800 gctotal=386145 ccap=518420 cused=386145 parked=false
    one-closure-r2-E-A SMOKE| MILESTONE cap-1-refusal-caught-machine-survives: PASS -- shape=closure OCLJCAP=done/705/not_enough_memory running=true lastError=<null>
one-record-r3-E-A exit=0 APACITY| shape=record native=additive jit=on jitearly=off tier=192KB scale=1.8 kernelMemory=164525 held=512 why=not_enough_memory t_first5=0.0722 t_last5=0.0667 batches=6 last/first=0.92 freeKB_at_end/totalKB=0/192 arms=+2129 refusals=+1 trace_flushes=+6 fill_ms=1498 queued=true running=true lastError=<null>
    one-record-r3-E-A CAP-IDLE| ticks=400 arms=+2495 collects=+2495 bailouts=+0 refusals=+0 trace_flushes=+30 park_resets=+0 traces_live 22 -> 8 armed=0 state=0 stepmul=200 threshold=741400 gctotal=371389 ccap=518420 cused=371389 parked=false wallstats=present running=true
    one-record-r3-E-A CAP-LIVE| used=371587 kernelMemory=164525 user=207062 count(3 collects)=371539/371539/371539 total=518420 traces_live=8
    one-record-r3-E-A CAP-MID| snaps=8 stepmul0=0 parked=0 last: armed=0 state=0 stepmul=200 threshold=723600 gctotal=377801 ccap=518420 cused=377801
    one-record-r3-E-A CAP-GC| collects=+2129 bailouts=+0 overdrafts=+0 od_peak=0 od_state=0 park_resets=+0 od_limit=n/a kslice=n/a backoffs=+n/a end: armed=0 state=0 stepmul=200 threshold=769200 gctotal=385301 ccap=518420 cused=385301 parked=false
    one-record-r3-E-A SMOKE| MILESTONE cap-1-refusal-caught-machine-survives: PASS -- shape=record OCLJCAP=done/512/not_enough_memory running=true lastError=<null>
one-array-r3-E-A exit=1 APACITY| shape=array native=additive jit=on jitearly=off tier=192KB scale=1.8 kernelMemory=164525 held=? why=? t_first5=0.0362 t_last5=0.0422 batches=8 last/first=1.17 freeKB_at_end/totalKB=0/192 arms=+43332 refusals=+6 trace_flushes=+687 fill_ms=249791 queued=true running=true lastError=<null>
    one-array-r3-E-A CAP-IDLE| ticks=400 arms=+2214 collects=+2214 bailouts=+0 refusals=+0 trace_flushes=+21 park_resets=+0 traces_live 32 -> 27 armed=0 state=0 stepmul=200 threshold=761600 gctotal=387020 ccap=518420 cused=387020 parked=false wallstats=present running=true
    one-array-r3-E-A CAP-LIVE| used=381366 kernelMemory=164525 user=216841 count(3 collects)=381318/381318/381318 total=518420 traces_live=27
    one-array-r3-E-A CAP-MID| snaps=8000 stepmul0=17 parked=0 last: armed=0 state=0 stepmul=200 threshold=762400 gctotal=387275 ccap=518420 cused=387275
    one-array-r3-E-A CAP-GC| collects=+43332 bailouts=+0 overdrafts=+0 od_peak=0 od_state=0 park_resets=+0 od_limit=n/a kslice=n/a backoffs=+n/a end: armed=0 state=0 stepmul=200 threshold=764600 gctotal=382527 ccap=518420 cused=382527 parked=false
    one-array-r3-E-A SMOKE| MILESTONE cap-1-refusal-caught-machine-survives: FAIL -- shape=array OCLJCAP=filling/700 running=true lastError=<null>   <- the program caught the refusal and dropped its data, then its OWN next allocation was refused (OCLJCAPF=0/192 was written, the 'done' row was not): PUC collects and retries there, we refuse
    one-array-r3-E-A     SMOKE| MILESTONE cap-1-refusal-caught-machine-survives: FAIL -- shape=array OCLJCAP=filling/700 running=true lastError=<null>   <- the program caught the refusal and dropped its data, then its OWN next allocation was refused (OCLJCAPF=0/192 was written, the 'done' row was not): PUC collects and retries there, we refuse
one-string-r3-E-A exit=1 APACITY| shape=string native=additive jit=on jitearly=off tier=192KB scale=1.8 kernelMemory=164525 held=? why=? t_first5=0.0233 t_last5=0.0628 batches=19 last/first=2.70 freeKB_at_end/totalKB=-1/-1 arms=+5161 refusals=+5 trace_flushes=+17 fill_ms=607 queued=true running=false lastError=not enough memory
    one-string-r3-E-A CAP-IDLE| ticks=400 arms=+2158 collects=+2158 bailouts=+0 refusals=+0 trace_flushes=+26 park_resets=+0 traces_live 26 -> 19 armed=0 state=0 stepmul=200 threshold=751200 gctotal=383871 ccap=518420 cused=383871 parked=false wallstats=present running=true
    one-string-r3-E-A CAP-LIVE| used=378345 kernelMemory=164525 user=213820 count(3 collects)=378297/378297/378297 total=518420 traces_live=19
    one-string-r3-E-A CAP-MID| snaps=19 stepmul0=1 parked=1 last: armed=1 state=0 stepmul=0 threshold=288000 gctotal=127726 ccap=2147483647 cused=127726
    one-string-r3-E-A CAP-GC| collects=+5160 bailouts=+0 overdrafts=+0 od_peak=0 od_state=0 park_resets=+0 od_limit=n/a kslice=n/a backoffs=+n/a end: armed=1 state=0 stepmul=0 threshold=288000 gctotal=127726 ccap=2147483647 cused=127726 parked=true
    one-string-r3-E-A SMOKE| MILESTONE cap-1-refusal-caught-machine-survives: FAIL -- shape=string OCLJCAP=filling/1900 running=false lastError=not enough memory   <- a refusal took the MACHINE down: raised where no handler of the program caught it (OpenOS's dispatcher, the kernel, or the probe's own allocations between batches)
    one-string-r3-E-A     SMOKE| MILESTONE cap-1-refusal-caught-machine-survives: FAIL -- shape=string OCLJCAP=filling/1900 running=false lastError=not enough memory   <- a refusal took the MACHINE down: raised where no handler of the program caught it (OpenOS's dispatcher, the kernel, or the probe's own allocations between batches)
one-closure-r3-E-A exit=1 APACITY| shape=closure native=additive jit=on jitearly=off tier=192KB scale=1.8 kernelMemory=164525 held=? why=? t_first5=0.0517 t_last5=0.0662 batches=7 last/first=1.28 freeKB_at_end/totalKB=0/192 arms=+53692 refusals=+2 trace_flushes=+775 fill_ms=238169 queued=true running=true lastError=<null>
    one-closure-r3-E-A CAP-IDLE| ticks=400 arms=+2347 collects=+2347 bailouts=+0 refusals=+0 trace_flushes=+28 park_resets=+0 traces_live 21 -> 20 armed=0 state=0 stepmul=200 threshold=752200 gctotal=385913 ccap=518420 cused=385913 parked=false wallstats=present running=true
    one-closure-r3-E-A CAP-LIVE| used=379107 kernelMemory=164525 user=214582 count(3 collects)=379059/379059/379059 total=518420 traces_live=20
    one-closure-r3-E-A CAP-MID| snaps=8000 stepmul0=18 parked=0 last: armed=0 state=0 stepmul=200 threshold=773200 gctotal=386719 ccap=518420 cused=386719
    one-closure-r3-E-A CAP-GC| collects=+53692 bailouts=+0 overdrafts=+0 od_peak=0 od_state=0 park_resets=+0 od_limit=n/a kslice=n/a backoffs=+n/a end: armed=0 state=0 stepmul=200 threshold=770000 gctotal=385339 ccap=518420 cused=385339 parked=false
    one-closure-r3-E-A SMOKE| MILESTONE cap-1-refusal-caught-machine-survives: FAIL -- shape=closure OCLJCAP=filling/600 running=true lastError=<null>   <- the program caught the refusal and dropped its data, then its OWN next allocation was refused (OCLJCAPF=0/192 was written, the 'done' row was not): PUC collects and retries there, we refuse
    one-closure-r3-E-A     SMOKE| MILESTONE cap-1-refusal-caught-machine-survives: FAIL -- shape=closure OCLJCAP=filling/600 running=true lastError=<null>   <- the program caught the refusal and dropped its data, then its OWN next allocation was refused (OCLJCAPF=0/192 was written, the 'done' row was not): PUC collects and retries there, we refuse
== 09:53:01 chainA done
