SMOKE| ========================================================================
SMOKE| OC-LuaJIT smoke test -- OpenOS on LuaJIT, persist, resume
SMOKE| java=1.8.0_211 amd64  os=Windows 10
SMOKE| conf=C:/Users/astro/AppData/Local/Temp/ocljit-m3/B-sieve/ocljit.conf
SMOKE| LuaStateFactory.isAvailable  = true
SMOKE| LuaStateFactory.include52    = true
SMOKE| LuaStateFactory.includeLuaJ  = false
SMOKE| forceNativeLibPathFirst      = 'C:/Users/astro/Downloads/OC-LuaJIT/build/native/libdir'
SMOKE| computer.lua.allowBytecode   = false
SMOKE| OCLJ_BENCH_ONLY=sieve -- suite restricted to sieve
SMOKE| planted 9 more .lua from bench\oc; suite = sieve x3 reps; encore = sieve every 5 s
SMOKE| planted mandelbrot.lua (1972 B) and a 120-deep directory tree
SMOKE| hdd real path = C:\Users\astro\AppData\Local\Temp\ocljit-smoke-hdd727762061574060440 (autorun.lua planted, 20375 bytes)
SMOKE| architecture pinned to NativeLua52Architecture
SMOKE| MILESTONE a-lua-state-opens: PASS -- LuaState created after 1 ticks
SMOKE| MILESTONE b-machine.lua-sandbox: PASS -- kernelMemory=334401 after 2 ticks; running=true; lastError=null
SMOKE| quiesced after 5 spins (isExecuting=false)
SMOKE| GUARD OK. arch=totoro.ocelot.brain.entity.machine.luac.NativeLua52Architecture
SMOKE| GUARD VM FINGERPRINT: native=luajit/LuaJIT 2.1.ROLLING | _VERSION=Lua+Eris 5.2 | jit=LuaJIT 2.1.ROLLING (ok) | eris=[persist,settings,unpersist,version] | eris.version=eris-lj 0.3 (M3) / 1ee778a4|LuaJIT 2.1.ROLLING / fmt=2
SMOKE| MILESTONE b2-machine-memory-accounted: PASS -- kernelMemory=334401  totalMemory=3480129  freeMemory=3115316  used=364813
SMOKE| MILESTONE k0-kernel-observed: PASS -- asked for watchdog, raw _G._OCLJ_KERNEL=watchdog
SMOKE| JIT PROBE: jit.off() + jit.flush() -> jit.status()=false
SMOKE| JIT PROBE: mode=off  attach -> ok
SMOKE| SCREEN AFTER BOOT (180 ticks, 6.4s, running=true):
????????????????????????????????????????????????????????????
? OpenOS 1.8.9 (1024k RAM)                                 ?
? Most programs can be interrupted by pressing Ctrl+Alt+C. ?
????????????????????????????????????????????????????????????
Note: Your home directory is readonly. Run `install` and reboot.
/home #
pending
OCLJDEADLINE=pending
OCLJBENCH=0.0125/2000000/3
OCLJNONCE=7.9500-503096 OCLJCTR=18
OCLJGATE=refused/refused/textok/50
OCLJENV=1024/978
OCLJB01=pending
OCLJW01=pending
OCLJPDONE=pending OCLJPNOW=- OCLJPCOMPAT=unknown
OCLJENCORE=pending
SMOKE| lastError = null
SMOKE| MILESTONE c-openos-shell: PASS -- OpenOS shell prompt on screen (16 non-empty lines)
SMOKE| MILESTONE d-autorun-counter-live: PASS -- nonce=7.9500-503096 counter 18 -> 56 over 60 ticks
SMOKE| JIT PROBE: kernel=watchdog  mode=off  jit.status()=false  traces start/stop/abort/flush=0/0/0/0  ticks-to-shell=180  boot-ms=4621  sandbox-bench(min-s/iters/reps)=0.0125/2000000/3
SMOKE| MILESTONE k3-sandbox-loop-is-compiled-NEGATIVE-CONTROL: PASS -- JIT off: sandbox loop = 0.0125 s -- interpreter speed, must be >= 0.010
SMOKE| MILESTONE j0-jit-switch-honoured: PASS -- mode=off -> jit.status()=false
SMOKE| MILESTONE d2-sandbox-bytecode-gate: PASS -- allowBytecode=false so want refused;  load(string.dump(f))=refused  load(dump, name, "bt")=refused  load(text)=textok  dump bytes=50
SMOKE| MILESTONE k1-deadline-still-fires: PASS -- kernel=watchdog  pcall(while true do end) -> too_long_without_yielding after 320 ticks   (and the machine survived it: running=true)
SMOKE| WATCHDOG STATS: fires/refires/filtered/depth/hooked = 1/0/0/0/false
SMOKE| MILESTONE k5-watchdog-fired: PASS -- fires=1 after the timeout probe
SMOKE| MILESTONE k4-still-compiled-after-timeout-NEGATIVE-CONTROL: PASS -- kernel=watchdog jit=off: loop after the timeout = 0.0184 (must NOT be compiled-fast here)
SMOKE| PHASE0 env=1024/974 (totalKB/freeKB)
SMOKE| PHASE0 compute=mandelbrot/ok/37904620/0.7336/982
SMOKE| PHASE0 component=132/8.100
SMOKE| MILESTONE p0-compute-checksum: PASS -- mandelbrot CHECK=37904620 (published reference 37904620), 0.7336 s
SMOKE| MILESTONE p0-component-walk-ran: PASS -- walked 132 entries via indirect fs.list calls in 8.1 s of uptime
SMOKE| PHASE0 ROW: native=luajit kernel=watchdog jit=off  compute=0.7336s  component=8.1s  env=1024/974
SMOKE| PHASE1 .. -
SMOKE| MILESTONE p1-suite-complete: PASS -- driver reported OCLJPDONE=1 for 1 benchmarks
SMOKE| PHASE1 compat path in-sandbox: operators
SMOKE| MILESTONE p1-compat-path-known: PASS -- sandbox bit-ops implementation = operators
SMOKE| PHASE1 rows: name/status/CHECK/min/max/freeKB/reps
SMOKE| PHASE1 ROW: native=luajit kernel=watchdog jit=off  sieve/ERROR/not_enough_memory/-1.0000/-1.0000/0/0
SMOKE| MILESTONE p1-sieve: FAIL -- sieve CHECK=not_enough_memory (reference 4626000), min -1.0000 s / max -1.0000 s over 0 reps, 0 KB free after   <- ERROR: not_enough_memory
SMOKE| JIT MEMORY: mcode=0 B of a 2097152 B cap, traces=0, jit=false  (the RAM cap cannot see any of this)
SMOKE| MILESTONE m1-mcode-is-real-NEGATIVE-CONTROL: PASS -- jit=off: mcode=0 B, traces=0 (must be exactly 0)
SMOKE| ENCORE warm: <none>, best of -1 samples = -1.0 s
SMOKE| --- persisting the workspace (eris.persist through OC's PersistenceAPI) ---
SMOKE| JIT MEMORY after persist: mcode=0 B, traces=0
SMOKE| MILESTONE f1-persist-blob: PASS -- persist ok=true err= key=001c2678-e2e4-4bd6-ae4a-83f0b6c7d1ce_kernel blobBytes=51 in 37ms
SMOKE| --- restoring into a fresh workspace ---
SMOKE| restored machine running=false lastError=not enough memory
SMOKE| SCREEN AFTER RESTORE (0 ticks, 24.3s, running=false):
????????????????????????????????????????????????????????????
? OpenOS 1.8.9 (1024k RAM)                                 ?
? Most programs can be interrupted by pressing Ctrl+Alt+C. ?
????????????????????????????????????????????????????????????
Note: Your home directory is readonly. Run `install` and reboot.
/home #
OCLJBENCH2=0.0184
OCLJDEADLINE=too_long_without_yielding
OCLJBENCH=0.0125/2000000/3
OCLJNONCE=7.9500-503096 OCLJCTR=302
OCLJGATE=refused/refused/textok/50
OCLJENV=1024/990
OCLJB01=mandelbrot/ok/37904620/0.7336/982
OCLJW01=132/8.100
OCLJPDONE=1 OCLJPNOW=- OCLJPCOMPAT=operators
OCLJP01=sieve/ERROR/not_enough_memory/-1.0000/-1.0000/0/0
OCLJENCORE=pending
SMOKE| restored lastError = not enough memory
SMOKE| MILESTONE f2-restore-same-vm: PASS -- boot nonce before=7.9500-503096 after=7.9500-503096 (identical=true) 
SMOKE| MILESTONE f3-restore-counter-continues: FAIL -- counter at persist=302, after restore=302 (advanced=false); running=false
SMOKE| MILESTONE f5-restore-memory-still-accounted: FAIL -- kernelMemory after restore = 0   <- restored kernelMemory is not a real measurement
SMOKE| MILESTONE f4-restore-no-error: FAIL -- restored lastError=not enough memory
SMOKE| --- allowBytecode gate (on a private LuaState) ---
SMOKE| MILESTONE g1-bytecode-refused-with-mode-t: PASS -- mode="t" on a chunk starting 0x1B -> rejected: attempt to load chunk with wrong mode
SMOKE| MILESTONE g1b-rejected-load-leaks-no-stack: PASS -- stack top before=0 after=0
SMOKE| MILESTONE g2-text-still-loads-with-mode-t: PASS -- mode="t" on Lua source -> loaded and returned 2
SMOKE| MILESTONE g3-eris-internal-bytecode-path-open: PASS -- eris.persist+unpersist of a cyclic table and a closure -> 144/true/42
SMOKE| MILESTONE e1-accounting-live: PASS -- fresh private state: total=2147483647 free=2147440775 used=42872
SMOKE| MILESTONE e2-freemem-falls: PASS -- after 20000 tables: used 42872 -> 2063966 (+2021094 bytes)
SMOKE| MILESTONE e3-gc-credits-frees: PASS -- after dropping the reference and a full GC: used 2063966 -> 40690 (-2023276 of 2021094 reclaimed)
SMOKE| MILESTONE e4-oom-at-the-cap: PASS -- cap 40690 -> 302834; unbounded allocation ended at used=302834; threw=LuaMemoryAllocationException: not enough memory   (process alive: the bare-frame ERRMEM did not escape)
SMOKE| FINGERPRINT: native=luajit/LuaJIT 2.1.ROLLING | _VERSION=Lua+Eris 5.2 | jit=LuaJIT 2.1.ROLLING (ok) | eris=[persist,settings,unpersist,version] | eris.version=eris-lj 0.3 (M3) / 1ee778a4|LuaJIT 2.1.ROLLING / fmt=2
SMOKE| CHECKS: 31   FAILURES: 4   WALL: 24.3s
SMOKE| VERDICT: FAIL
SMOKE| ========================================================================
