SMOKE| ========================================================================
SMOKE| OC-LuaJIT smoke test -- OpenOS on LuaJIT, persist, resume
SMOKE| java=1.8.0_211 amd64  os=Windows 10
SMOKE| conf=C:/Users/astro/AppData/Local/Temp/ocljit-m3/B-strings/ocljit.conf
SMOKE| LuaStateFactory.isAvailable  = true
SMOKE| LuaStateFactory.include52    = true
SMOKE| LuaStateFactory.includeLuaJ  = false
SMOKE| forceNativeLibPathFirst      = 'C:/Users/astro/Downloads/OC-LuaJIT/build/native/libdir'
SMOKE| computer.lua.allowBytecode   = false
SMOKE| OCLJ_BENCH_ONLY=strings -- suite restricted to strings   (includes a QUARANTINED benchmark: this run may lose the machine, which is the point)
SMOKE| planted 9 more .lua from bench\oc; suite = strings x1 reps; encore = strings every 5 s
SMOKE| planted mandelbrot.lua (1972 B) and a 120-deep directory tree
SMOKE| hdd real path = C:\Users\astro\AppData\Local\Temp\ocljit-smoke-hdd1599404185746803255 (autorun.lua planted, 20375 bytes)
SMOKE| architecture pinned to NativeLua52Architecture
SMOKE| MILESTONE a-lua-state-opens: PASS -- LuaState created after 1 ticks
SMOKE| MILESTONE b-machine.lua-sandbox: PASS -- kernelMemory=322633 after 2 ticks; running=true; lastError=null
SMOKE| quiesced after 3 spins (isExecuting=false)
SMOKE| GUARD OK. arch=totoro.ocelot.brain.entity.machine.luac.NativeLua52Architecture
SMOKE| GUARD VM FINGERPRINT: native=luajit/LuaJIT 2.1.ROLLING | _VERSION=Lua+Eris 5.2 | jit=LuaJIT 2.1.ROLLING (ok) | eris=[persist,settings,unpersist,version] | eris.version=eris-lj 0.3 (M3) / 1ee778a4|LuaJIT 2.1.ROLLING / fmt=2
SMOKE| MILESTONE b2-machine-memory-accounted: PASS -- kernelMemory=322633  totalMemory=3468361  freeMemory=3115316  used=353045
SMOKE| MILESTONE k0-kernel-observed: PASS -- asked for watchdog, raw _G._OCLJ_KERNEL=watchdog
SMOKE| JIT PROBE: jit.off() + jit.flush() -> jit.status()=false
SMOKE| JIT PROBE: mode=off  attach -> ok
SMOKE| SCREEN AFTER BOOT (160 ticks, 6.6s, running=true):
???????????????????????????????????????????????????????????????????????????????????????????????????????????????????????????
? OpenOS 1.8.9 (1024k RAM)                                                                                                ?
? To disable this greeting, install OpenOS to a writeable medium and remove the `/etc/motd` line from `/etc/profile.lua`. ?
???????????????????????????????????????????????????????????????????????????????????????????????????????????????????????????
Note: Your home directory is readonly. Run `install` and reboot.
/home #
pending
OCLJDEADLINE=pending
OCLJBENCH=0.0176/2000000/3
OCLJNONCE=7.4000-997087 OCLJCTR=2
OCLJGATE=refused/refused/textok/50
OCLJENV=1024/946
OCLJB01=pending
OCLJW01=pending
OCLJPDONE=pending OCLJPNOW=- OCLJPCOMPAT=unknown
OCLJENCORE=pending
SMOKE| lastError = null
SMOKE| MILESTONE c-openos-shell: PASS -- OpenOS shell prompt on screen (16 non-empty lines)
SMOKE| MILESTONE d-autorun-counter-live: PASS -- nonce=7.4000-997087 counter 2 -> 49 over 60 ticks
SMOKE| JIT PROBE: kernel=watchdog  mode=off  jit.status()=false  traces start/stop/abort/flush=0/0/0/0  ticks-to-shell=160  boot-ms=4798  sandbox-bench(min-s/iters/reps)=0.0176/2000000/3
SMOKE| MILESTONE k3-sandbox-loop-is-compiled-NEGATIVE-CONTROL: PASS -- JIT off: sandbox loop = 0.0176 s -- interpreter speed, must be >= 0.010
SMOKE| MILESTONE j0-jit-switch-honoured: PASS -- mode=off -> jit.status()=false
SMOKE| MILESTONE d2-sandbox-bytecode-gate: PASS -- allowBytecode=false so want refused;  load(string.dump(f))=refused  load(dump, name, "bt")=refused  load(text)=textok  dump bytes=50
SMOKE| MILESTONE k1-deadline-still-fires: PASS -- kernel=watchdog  pcall(while true do end) -> too_long_without_yielding after 320 ticks   (and the machine survived it: running=true)
SMOKE| WATCHDOG STATS: fires/refires/filtered/depth/hooked = 1/0/0/0/false
SMOKE| MILESTONE k5-watchdog-fired: PASS -- fires=1 after the timeout probe
SMOKE| MILESTONE k4-still-compiled-after-timeout-NEGATIVE-CONTROL: PASS -- kernel=watchdog jit=off: loop after the timeout = 0.0298 (must NOT be compiled-fast here)
SMOKE| PHASE0 env=1024/999 (totalKB/freeKB)
SMOKE| PHASE0 compute=mandelbrot/ok/37904620/0.9052/1005
SMOKE| PHASE0 component=132/7.650
SMOKE| MILESTONE p0-compute-checksum: PASS -- mandelbrot CHECK=37904620 (published reference 37904620), 0.9052 s
SMOKE| MILESTONE p0-component-walk-ran: PASS -- walked 132 entries via indirect fs.list calls in 7.65 s of uptime
SMOKE| PHASE0 ROW: native=luajit kernel=watchdog jit=off  compute=0.9052s  component=7.65s  env=1024/999
SMOKE| PHASE1 .. -
SMOKE| MILESTONE p1-suite-complete: PASS -- driver reported OCLJPDONE=1 for 1 benchmarks
SMOKE| PHASE1 compat path in-sandbox: operators
SMOKE| MILESTONE p1-compat-path-known: PASS -- sandbox bit-ops implementation = operators
SMOKE| PHASE1 rows: name/status/CHECK/min/max/freeKB/reps
SMOKE| PHASE1 ROW: native=luajit kernel=watchdog jit=off  strings/ok/12582912-3852468224/1.1043/1.1043/936/1
SMOKE| MILESTONE p1-strings: PASS -- strings CHECK=12582912-3852468224 (reference 12582912-3852468224), min 1.1043 s / max 1.1043 s over 1 reps, 936 KB free after
SMOKE| JIT MEMORY: mcode=0 B of a 2097152 B cap, traces=0, jit=false  (the RAM cap cannot see any of this)
SMOKE| MILESTONE m1-mcode-is-real-NEGATIVE-CONTROL: PASS -- jit=off: mcode=0 B, traces=0 (must be exactly 0)
SMOKE| ENCORE warm: strings, best of 3 samples = 0.5277 s
SMOKE| --- persisting the workspace (eris.persist through OC's PersistenceAPI) ---
SMOKE| JIT MEMORY after persist: mcode=0 B, traces=0
SMOKE| MILESTONE f1-persist-blob: PASS -- persist ok=true err= key=228735f6-9ce4-4ccb-a2e6-d5675a3c3a9a_kernel blobBytes=161432 in 24ms
SMOKE| --- restoring into a fresh workspace ---
SMOKE| restored machine running=true lastError=null
SMOKE| SCREEN AFTER RESTORE (72 ticks, 32.9s, running=false):
???????????????????????????????????????????????????????????????????????????????????????????????????????????????????????????
? OpenOS 1.8.9 (1024k RAM)                                                                                                ?
? To disable this greeting, install OpenOS to a writeable medium and remove the `/etc/motd` line from `/etc/profile.lua`. ?
???????????????????????????????????????????????????????????????????????????????????????????????????????????????????????????
Note: Your home directory is readonly. Run `install` and reboot.
/home #
OCLJBENCH2=0.0298
OCLJDEADLINE=too_long_without_yielding
OCLJBENCH=0.0176/2000000/3
OCLJNONCE=7.4000-997087 OCLJCTR=708
OCLJGATE=refused/refused/textok/50
OCLJENV=1024/968
OCLJB01=mandelbrot/ok/37904620/0.9052/1005
OCLJW01=132/7.650
OCLJPDONE=1 OCLJPNOW=- OCLJPCOMPAT=operators
OCLJP01=strings/ok/12582912-3852468224/1.1043/1.1043/936/1
OCLJENCORE=strings/ok/12582912-3852468224/0.5592/3
SMOKE| restored lastError = not enough memory
SMOKE| ENCORE cold: strings, first post-restore sample (seq 3 -> -1) = -1.0 s
SMOKE| POST-SAVE RECOVERY: warm 0.5277 s -> cold -1.0 s = n/a   (a world save flushes every compiled trace; with the JIT off there is nothing to flush, so ~1.0x is the control)
SMOKE| MILESTONE m3-post-save-workload-resumes: FAIL -- the encore closure survived the persist and ran again on the other side: strings cold -1.0 s against warm 0.5277 s, ratio n/a   <- no post-restore sample: the encore did not survive, or never fired
SMOKE| MILESTONE f2-restore-same-vm: PASS -- boot nonce before=7.4000-997087 after=7.4000-997087 (identical=true) 
SMOKE| MILESTONE f3-restore-counter-continues: FAIL -- counter at persist=585, after restore=708 (advanced=true); running=false
SMOKE| MILESTONE f5-restore-memory-still-accounted: PASS -- kernelMemory after restore = 322635
SMOKE| MILESTONE f4-restore-no-error: FAIL -- restored lastError=not enough memory
SMOKE| --- allowBytecode gate (on a private LuaState) ---
SMOKE| MILESTONE g1-bytecode-refused-with-mode-t: PASS -- mode="t" on a chunk starting 0x1B -> rejected: attempt to load chunk with wrong mode
SMOKE| MILESTONE g1b-rejected-load-leaks-no-stack: PASS -- stack top before=0 after=0
SMOKE| MILESTONE g2-text-still-loads-with-mode-t: PASS -- mode="t" on Lua source -> loaded and returned 2
SMOKE| MILESTONE g3-eris-internal-bytecode-path-open: PASS -- eris.persist+unpersist of a cyclic table and a closure -> 144/true/42
SMOKE| MILESTONE e1-accounting-live: PASS -- fresh private state: total=2147483647 free=2147440775 used=42872
SMOKE| MILESTONE e2-freemem-falls: PASS -- after 20000 tables: used 42872 -> 2063966 (+2021094 bytes)
SMOKE| MILESTONE e3-gc-credits-frees: PASS -- after dropping the reference and a full GC: used 2063966 -> 40690 (-2023276 of 2021094 reclaimed)
SMOKE| MILESTONE e4-oom-at-the-cap: PASS -- cap 40690 -> 302834; unbounded allocation ended at used=302834; threw=LuaMemoryAllocationException: not enough memory   (process alive: the bare-frame ERRMEM did not escape)
SMOKE| FINGERPRINT: native=luajit/LuaJIT 2.1.ROLLING | _VERSION=Lua+Eris 5.2 | jit=LuaJIT 2.1.ROLLING (ok) | eris=[persist,settings,unpersist,version] | eris.version=eris-lj 0.3 (M3) / 1ee778a4|LuaJIT 2.1.ROLLING / fmt=2
SMOKE| CHECKS: 32   FAILURES: 3   WALL: 32.9s
SMOKE| VERDICT: FAIL
SMOKE| ========================================================================
