== 1. the instrumented copy
wrote frag_types.c (2457 bytes)
wrote frag_protos.c (485 bytes)
wrote frag_hooks.c (16898 bytes)
source C:/Users/astro/Downloads/OC-LuaJIT/native/lj52shim.c md5 28a8f09146b1d8895ca00056de73c3d4
wrote src/lj52shim.c (162740 bytes, 3283 lines, md5 aa6ec2c10deb531cef037716b0a9eea0)
header: the forensics' copy, unchanged
CR count in src/lj52shim.c: 0
== 2. build-native.sh stage 2's line, both variants, plain and instrumented
plain-additive.o: warnings=0 errors=0 md5=1241325b
plain-dropin.o: warnings=0 errors=0 md5=79f19c63
ref-additive.o: warnings=0 errors=0 md5=82c85dfe
ref-dropin.o: warnings=0 errors=0 md5=5f5b3759
ref-additive with -include lj52shim.h: warnings=0 errors=0
== 2b. INERTNESS 1: the plain objects against sc/R's (the shipped objects)
plain-additive.o == R/new-lj52shim-additive.o  (byte-identical)
plain-dropin.o == R/new-lj52shim-dropin.o  (byte-identical)
== 3. build-native.sh's source gates on src/ (its codegrep)
source gates on src/: pass
== 4. the drivers (the forensics' link line; the CURRENT libluajit.a 5dab1374, eris_lj.o 8c94e8b0)
orig_plain: warnings=0 md5=241eb9b3
orig_ref: warnings=0 md5=cb1dfb88
lref_F: warnings=0 md5=8908d926
lref_E: warnings=0 md5=d9102a60
lref_ref: copied, md5=83a4f083 (want 83a4f083)
== md5s
28a8f09146b1d8895ca00056de73c3d4 */c/Users/astro/Downloads/OC-LuaJIT/native/lj52shim.c
1e1dba02522b40cb8b6b3bb07a65c306 */c/Users/astro/Downloads/OC-LuaJIT/native/lj52shim.h
aa6ec2c10deb531cef037716b0a9eea0 *src/lj52shim.c
1e1dba02522b40cb8b6b3bb07a65c306 *src/lj52shim.h
88e6a07c026a5352b856096fec5bb2ff *tools/frag_fields.c
125d721b4524bfedc2a9700d20d6efe0 *tools/frag_hooks.c
0cadef373bca1a052ce48f64779fba1a *tools/frag_protos.c
a8783fc8cacbd56ba34f5753ef2193cc *tools/frag_types.c
5f891aa8db49413fd951dec444a1b6ee *tools/frag-from-forensics.py
03adefb8acd3f6402a7c6493f28c0bf7 *tools/mkref.py
1241325b6f2b696cc2df72080e8bc576 *obj/plain-additive.o
79f19c63a629fac8ab1be5c322bf22c1 *obj/plain-dropin.o
82c85dfebadb90510bebf4fd2a81f799 *obj/ref-additive-inc.o
82c85dfebadb90510bebf4fd2a81f799 *obj/ref-additive.o
5f5b37595c432edcd77a2a74d501c20b *obj/ref-dropin.o
f47a85398ca54b8e94742b749e325180 *obj/wrapcp.o
d9102a60608d2248b11b3067bb900f83 *bin/lref_E.exe
8908d92643d4279817e922e1a270ff21 *bin/lref_F.exe
83a4f08304f2fbf82428f21c55a7ade9 *bin/lref_ref.exe
241eb9b3365c350d0c807197ae6f4e7c *bin/orig_plain.exe
cb1dfb8837dc0ade83b1ff4fb305e00b *bin/orig_ref.exe
5dab1374b1c967037efbfae95b7f0fe4 */c/Users/astro/Downloads/OC-LuaJIT/build/native/luajit-windows-x86_64/src/libluajit.a
8c94e8b0ab95d40918fe56ca9fa83b6a */c/Users/astro/Downloads/OC-LuaJIT/build/native/obj-windows-x86_64/eris_lj.o
