onehalf-record-r1-D-C exit=0 CLASS=CLEAN APACITY| shape=record native=additive jit=on jitearly=- tier=256KB scale=1.8 kernelMemory=164923 held=974 why=not_enough_memory t_first5=0.0010 t_last5=0.0027 batches=10 last/first=2.70 freeKB_at_end/totalKB=0/256 arms=+45 refusals=+2 trace_flushes=+5 fill_ms=1493 queued=true running=true lastError=<null>
    onehalf-record-r1-D-C CAP-IDLE| ticks=400 arms=+0 collects=+0 bailouts=+0 refusals=+0 trace_flushes=+0 trace_flush_bytes=+0 park_resets=+0 traces_live 101 -> 109 armed=0 state=0 stepmul=200 threshold=911600 gctotal=535670 ccap=636783 cused=535670 parked=false wallstats=present running=true
    onehalf-record-r1-D-C CAP-LIVE| used=456308 kernelMemory=164923 user=291385 count(3 collects)=456260/456260/456260 total=636783 traces_live=109
    onehalf-record-r1-D-C CAP-GC| collects=+45 bailouts=+0 overdrafts=+1055 od_peak=39787 od_state=0 park_resets=+0 od_limit=39798 kslice=16384 gc_low=380373 armby=2 window=n/a lends=+n/a win=n/a refused=n/a end: armed=0 state=0 stepmul=200 threshold=807800 gctotal=426117 ccap=636783 cused=426117 parked=false
    onehalf-record-r1-D-C CAP-X| batch=100 junk=24 OCLJCAPX=10/900/0/0 traces(start/abort) 267/158 -> 347/172 class=CLEAN site=-
    onehalf-record-r1-D-C SMOKE| MILESTONE km-1-kernel-init-compiles-nothing: PASS -- traces live at the kernelMemory baseline = 0; kernelMemory=164923
    onehalf-record-r1-D-C SMOKE| MILESTONE cap-1-refusal-caught-machine-survives: PASS -- shape=record OCLJCAP=done/974/not_enough_memory running=true lastError=<null>
onehalf-record-r1-D-E exit=0 CLASS=CLEAN APACITY| shape=record native=additive jit=on jitearly=- tier=256KB scale=1.8 kernelMemory=164923 held=979 why=not_enough_memory t_first5=0.0008 t_last5=0.0031 batches=10 last/first=3.87 freeKB_at_end/totalKB=0/256 arms=+65 refusals=+2 trace_flushes=+5 fill_ms=1488 queued=true running=true lastError=<null>
    onehalf-record-r1-D-E CAP-IDLE| ticks=400 arms=+0 collects=+0 bailouts=+0 refusals=+0 trace_flushes=+0 trace_flush_bytes=+0 park_resets=+0 traces_live 108 -> 115 armed=0 state=0 stepmul=200 threshold=923800 gctotal=536005 ccap=636783 cused=536005 parked=false wallstats=present running=true
    onehalf-record-r1-D-E CAP-LIVE| used=462347 kernelMemory=164923 user=297424 count(3 collects)=462363/462299/462299 total=636783 traces_live=115
    onehalf-record-r1-D-E CAP-GC| collects=+65 bailouts=+0 overdrafts=+1078 od_peak=40195 od_state=0 park_resets=+0 od_limit=39798 kslice=16384 gc_low=380533 armby=2 window=4096 lends=+23 win=0 refused=28 end: armed=0 state=0 stepmul=200 threshold=816800 gctotal=423901 ccap=636783 cused=423901 parked=false
    onehalf-record-r1-D-E CAP-X| batch=100 junk=24 OCLJCAPX=10/900/1/0 traces(start/abort) 265/149 -> 361/172 class=CLEAN site=-
    onehalf-record-r1-D-E SMOKE| MILESTONE km-1-kernel-init-compiles-nothing: PASS -- traces live at the kernelMemory baseline = 0; kernelMemory=164923
    onehalf-record-r1-D-E SMOKE| MILESTONE cap-1-refusal-caught-machine-survives: PASS -- shape=record OCLJCAP=done/979/not_enough_memory running=true lastError=<null>
onehalf-array-r1-D-C exit=0 CLASS=CLEAN APACITY| shape=array native=additive jit=on jitearly=- tier=256KB scale=1.8 kernelMemory=164923 held=1464 why=not_enough_memory t_first5=0.0010 t_last5=0.0027 batches=15 last/first=2.70 freeKB_at_end/totalKB=0/256 arms=+48 refusals=+2 trace_flushes=+7 fill_ms=1491 queued=true running=true lastError=<null>
    onehalf-array-r1-D-C CAP-IDLE| ticks=400 arms=+5 collects=+5 bailouts=+0 refusals=+0 trace_flushes=+0 trace_flush_bytes=+0 park_resets=+0 traces_live 105 -> 118 armed=0 state=0 stepmul=200 threshold=940400 gctotal=470568 ccap=636783 cused=470568 parked=false wallstats=present running=true
    onehalf-array-r1-D-C CAP-LIVE| used=470702 kernelMemory=164923 user=305779 count(3 collects)=470654/470654/470654 total=636783 traces_live=118
    onehalf-array-r1-D-C CAP-GC| collects=+48 bailouts=+0 overdrafts=+1286 od_peak=39794 od_state=0 park_resets=+0 od_limit=39798 kslice=16384 gc_low=362169 armby=2 window=n/a lends=+n/a win=n/a refused=n/a end: armed=0 state=0 stepmul=200 threshold=771400 gctotal=416153 ccap=636783 cused=416153 parked=false
    onehalf-array-r1-D-C CAP-X| batch=100 junk=24 OCLJCAPX=15/1400/0/0 traces(start/abort) 285/167 -> 389/196 class=CLEAN site=-
    onehalf-array-r1-D-C SMOKE| MILESTONE km-1-kernel-init-compiles-nothing: PASS -- traces live at the kernelMemory baseline = 0; kernelMemory=164923
    onehalf-array-r1-D-C SMOKE| MILESTONE cap-1-refusal-caught-machine-survives: PASS -- shape=array OCLJCAP=done/1464/not_enough_memory running=true lastError=<null>
onehalf-array-r1-D-E exit=0 CLASS=CLEAN APACITY| shape=array native=additive jit=on jitearly=- tier=256KB scale=1.8 kernelMemory=164923 held=1375 why=not_enough_memory t_first5=0.0007 t_last5=0.0021 batches=14 last/first=3.00 freeKB_at_end/totalKB=0/256 arms=+36 refusals=+1 trace_flushes=+6 fill_ms=1491 queued=true running=true lastError=<null>
    onehalf-array-r1-D-E CAP-IDLE| ticks=400 arms=+1 collects=+1 bailouts=+0 refusals=+0 trace_flushes=+0 trace_flush_bytes=+0 park_resets=+0 traces_live 114 -> 121 armed=0 state=0 stepmul=200 threshold=937600 gctotal=540712 ccap=636783 cused=540712 parked=false wallstats=present running=true
    onehalf-array-r1-D-E CAP-LIVE| used=469246 kernelMemory=164923 user=304323 count(3 collects)=469262/469198/469198 total=636783 traces_live=121
    onehalf-array-r1-D-E CAP-GC| collects=+36 bailouts=+0 overdrafts=+623 od_peak=20018 od_state=0 park_resets=+0 od_limit=39798 kslice=16384 gc_low=358097 armby=2 window=4096 lends=+3 win=0 refused=52 end: armed=0 state=0 stepmul=200 threshold=762400 gctotal=396053 ccap=636783 cused=396053 parked=false
    onehalf-array-r1-D-E CAP-X| batch=100 junk=24 OCLJCAPX=14/1300/0/0 traces(start/abort) 272/151 -> 374/176 class=CLEAN site=-
    onehalf-array-r1-D-E SMOKE| MILESTONE km-1-kernel-init-compiles-nothing: PASS -- traces live at the kernelMemory baseline = 0; kernelMemory=164923
    onehalf-array-r1-D-E SMOKE| MILESTONE cap-1-refusal-caught-machine-survives: PASS -- shape=array OCLJCAP=done/1375/not_enough_memory running=true lastError=<null>
onehalf-string-r1-D-C exit=0 CLASS=CLEAN APACITY| shape=string native=additive jit=on jitearly=- tier=256KB scale=1.8 kernelMemory=164923 held=2643 why=not_enough_memory t_first5=0.0009 t_last5=0.0004 batches=27 last/first=0.44 freeKB_at_end/totalKB=20/256 arms=+16 refusals=+1 trace_flushes=+4 fill_ms=1745 queued=true running=true lastError=<null>
    onehalf-string-r1-D-C CAP-IDLE| ticks=400 arms=+16 collects=+16 bailouts=+0 refusals=+0 trace_flushes=+0 trace_flush_bytes=+0 park_resets=+1 traces_live 115 -> 126 armed=0 state=0 stepmul=200 threshold=965400 gctotal=554223 ccap=636783 cused=554223 parked=false wallstats=present running=true
    onehalf-string-r1-D-C CAP-LIVE| used=483157 kernelMemory=164923 user=318234 count(3 collects)=483173/483109/483109 total=636783 traces_live=126
    onehalf-string-r1-D-C CAP-GC| collects=+16 bailouts=+0 overdrafts=+0 od_peak=0 od_state=0 park_resets=+0 od_limit=39798 kslice=16384 gc_low=385133 armby=1 window=n/a lends=+n/a win=n/a refused=n/a end: armed=0 state=0 stepmul=200 threshold=812800 gctotal=406701 ccap=636783 cused=406701 parked=false
    onehalf-string-r1-D-C CAP-X| batch=100 junk=24 OCLJCAPX=27/2600/0/0 traces(start/abort) 270/144 -> 388/179 class=CLEAN site=-
    onehalf-string-r1-D-C SMOKE| MILESTONE km-1-kernel-init-compiles-nothing: PASS -- traces live at the kernelMemory baseline = 0; kernelMemory=164923
    onehalf-string-r1-D-C SMOKE| MILESTONE cap-1-refusal-caught-machine-survives: PASS -- shape=string OCLJCAP=done/2643/not_enough_memory running=true lastError=<null>
onehalf-string-r1-D-E exit=0 CLASS=CLEAN APACITY| shape=string native=additive jit=on jitearly=- tier=256KB scale=1.8 kernelMemory=164923 held=3859 why=not_enough_memory t_first5=0.0007 t_last5=0.0028 batches=39 last/first=4.00 freeKB_at_end/totalKB=0/256 arms=+138 refusals=+2 trace_flushes=+15 fill_ms=1990 queued=true running=true lastError=<null>
    onehalf-string-r1-D-E CAP-IDLE| ticks=400 arms=+1 collects=+1 bailouts=+0 refusals=+0 trace_flushes=+0 trace_flush_bytes=+0 park_resets=+0 traces_live 108 -> 119 armed=0 state=0 stepmul=200 threshold=934800 gctotal=474815 ccap=636783 cused=474815 parked=false wallstats=present running=true
    onehalf-string-r1-D-E CAP-LIVE| used=467837 kernelMemory=164923 user=302914 count(3 collects)=467853/467789/467789 total=636783 traces_live=119
    onehalf-string-r1-D-E CAP-GC| collects=+138 bailouts=+0 overdrafts=+3404 od_peak=40517 od_state=0 park_resets=+0 od_limit=39798 kslice=16384 gc_low=374417 armby=2 window=4096 lends=+29 win=0 refused=32 end: armed=0 state=0 stepmul=200 threshold=794200 gctotal=477797 ccap=636783 cused=477797 parked=false
    onehalf-string-r1-D-E CAP-X| batch=100 junk=24 OCLJCAPX=39/3800/1/0 traces(start/abort) 260/141 -> 457/182 class=CLEAN site=-
    onehalf-string-r1-D-E SMOKE| MILESTONE km-1-kernel-init-compiles-nothing: PASS -- traces live at the kernelMemory baseline = 0; kernelMemory=164923
    onehalf-string-r1-D-E SMOKE| MILESTONE cap-1-refusal-caught-machine-survives: PASS -- shape=string OCLJCAP=done/3859/not_enough_memory running=true lastError=<null>
onehalf-closure-r1-D-C exit=0 CLASS=CLEAN APACITY| shape=closure native=additive jit=on jitearly=- tier=256KB scale=1.8 kernelMemory=164923 held=1433 why=not_enough_memory t_first5=0.0012 t_last5=0.0037 batches=15 last/first=3.08 freeKB_at_end/totalKB=0/256 arms=+95 refusals=+3 trace_flushes=+8 fill_ms=1741 queued=true running=true lastError=<null>
    onehalf-closure-r1-D-C CAP-IDLE| ticks=400 arms=+0 collects=+0 bailouts=+0 refusals=+0 trace_flushes=+0 trace_flush_bytes=+0 park_resets=+0 traces_live 95 -> 100 armed=0 state=0 stepmul=200 threshold=906400 gctotal=460674 ccap=636783 cused=460674 parked=false wallstats=present running=true
    onehalf-closure-r1-D-C CAP-LIVE| used=453696 kernelMemory=164923 user=288773 count(3 collects)=453712/453648/453648 total=636783 traces_live=100
    onehalf-closure-r1-D-C CAP-GC| collects=+95 bailouts=+0 overdrafts=+4440 od_peak=39755 od_state=0 park_resets=+0 od_limit=39798 kslice=16384 gc_low=358717 armby=2 window=n/a lends=+n/a win=n/a refused=n/a end: armed=0 state=0 stepmul=200 threshold=763800 gctotal=390009 ccap=636783 cused=390009 parked=false
    onehalf-closure-r1-D-C CAP-X| batch=100 junk=24 OCLJCAPX=15/1400/0/0 traces(start/abort) 244/144 -> 381/200 class=CLEAN site=-
    onehalf-closure-r1-D-C SMOKE| MILESTONE km-1-kernel-init-compiles-nothing: PASS -- traces live at the kernelMemory baseline = 0; kernelMemory=164923
    onehalf-closure-r1-D-C SMOKE| MILESTONE cap-1-refusal-caught-machine-survives: PASS -- shape=closure OCLJCAP=done/1433/not_enough_memory running=true lastError=<null>
onehalf-closure-r1-D-E exit=0 CLASS=CLEAN APACITY| shape=closure native=additive jit=on jitearly=- tier=256KB scale=1.8 kernelMemory=164923 held=1410 why=not_enough_memory t_first5=0.0009 t_last5=0.0033 batches=15 last/first=3.67 freeKB_at_end/totalKB=0/256 arms=+105 refusals=+2 trace_flushes=+7 fill_ms=1742 queued=true running=true lastError=<null>
    onehalf-closure-r1-D-E CAP-IDLE| ticks=400 arms=+2 collects=+2 bailouts=+0 refusals=+0 trace_flushes=+0 trace_flush_bytes=+0 park_resets=+0 traces_live 116 -> 123 armed=0 state=0 stepmul=200 threshold=935200 gctotal=467981 ccap=636783 cused=467981 parked=false wallstats=present running=true
    onehalf-closure-r1-D-E CAP-LIVE| used=468115 kernelMemory=164923 user=303192 count(3 collects)=468067/468067/468067 total=636783 traces_live=123
    onehalf-closure-r1-D-E CAP-GC| collects=+105 bailouts=+0 overdrafts=+1731 od_peak=41271 od_state=0 park_resets=+0 od_limit=39798 kslice=16384 gc_low=364009 armby=2 window=4096 lends=+66 win=0 refused=52 end: armed=0 state=0 stepmul=200 threshold=780200 gctotal=397617 ccap=636783 cused=397617 parked=false
    onehalf-closure-r1-D-E CAP-X| batch=100 junk=24 OCLJCAPX=15/1400/1/0 traces(start/abort) 273/150 -> 380/194 class=CLEAN site=-
    onehalf-closure-r1-D-E SMOKE| MILESTONE km-1-kernel-init-compiles-nothing: PASS -- traces live at the kernelMemory baseline = 0; kernelMemory=164923
    onehalf-closure-r1-D-E SMOKE| MILESTONE cap-1-refusal-caught-machine-survives: PASS -- shape=closure OCLJCAP=done/1410/not_enough_memory running=true lastError=<null>
onehalf-record-r2-D-C exit=0 CLASS=CLEAN APACITY| shape=record native=additive jit=on jitearly=- tier=256KB scale=1.8 kernelMemory=164923 held=985 why=not_enough_memory t_first5=0.0009 t_last5=0.0032 batches=10 last/first=3.56 freeKB_at_end/totalKB=0/256 arms=+53 refusals=+2 trace_flushes=+5 fill_ms=1497 queued=true running=true lastError=<null>
    onehalf-record-r2-D-C CAP-IDLE| ticks=400 arms=+3 collects=+3 bailouts=+0 refusals=+0 trace_flushes=+0 trace_flush_bytes=+0 park_resets=+0 traces_live 111 -> 118 armed=0 state=0 stepmul=200 threshold=935400 gctotal=541413 ccap=636783 cused=541413 parked=false wallstats=present running=true
    onehalf-record-r2-D-C CAP-LIVE| used=468155 kernelMemory=164923 user=303232 count(3 collects)=468171/468107/468107 total=636783 traces_live=118
    onehalf-record-r2-D-C CAP-GC| collects=+53 bailouts=+0 overdrafts=+1088 od_peak=39747 od_state=0 park_resets=+0 od_limit=39798 kslice=16384 gc_low=378489 armby=2 window=n/a lends=+n/a win=n/a refused=n/a end: armed=0 state=0 stepmul=200 threshold=811200 gctotal=420761 ccap=636783 cused=420761 parked=false
    onehalf-record-r2-D-C CAP-X| batch=100 junk=24 OCLJCAPX=10/900/0/0 traces(start/abort) 241/123 -> 341/146 class=CLEAN site=-
    onehalf-record-r2-D-C SMOKE| MILESTONE km-1-kernel-init-compiles-nothing: PASS -- traces live at the kernelMemory baseline = 0; kernelMemory=164923
    onehalf-record-r2-D-C SMOKE| MILESTONE cap-1-refusal-caught-machine-survives: PASS -- shape=record OCLJCAP=done/985/not_enough_memory running=true lastError=<null>
onehalf-record-r2-D-E exit=0 CLASS=CLEAN APACITY| shape=record native=additive jit=on jitearly=- tier=256KB scale=1.8 kernelMemory=164923 held=986 why=not_enough_memory t_first5=0.0007 t_last5=0.0028 batches=10 last/first=4.00 freeKB_at_end/totalKB=0/256 arms=+52 refusals=+2 trace_flushes=+6 fill_ms=1491 queued=true running=true lastError=<null>
    onehalf-record-r2-D-E CAP-IDLE| ticks=400 arms=+15 collects=+15 bailouts=+0 refusals=+0 trace_flushes=+0 trace_flush_bytes=+0 park_resets=+0 traces_live 120 -> 128 armed=0 state=0 stepmul=200 threshold=959400 gctotal=544761 ccap=636783 cused=544761 parked=false wallstats=present running=true
    onehalf-record-r2-D-E CAP-LIVE| used=480143 kernelMemory=164923 user=315220 count(3 collects)=480159/480095/480095 total=636783 traces_live=128
    onehalf-record-r2-D-E CAP-GC| collects=+52 bailouts=+0 overdrafts=+1023 od_peak=40079 od_state=0 park_resets=+0 od_limit=39798 kslice=16384 gc_low=379301 armby=2 window=4096 lends=+10 win=0 refused=28 end: armed=0 state=0 stepmul=200 threshold=809000 gctotal=413201 ccap=636783 cused=413201 parked=false
    onehalf-record-r2-D-E CAP-X| batch=100 junk=24 OCLJCAPX=10/900/1/0 traces(start/abort) 281/153 -> 374/168 class=CLEAN site=-
    onehalf-record-r2-D-E SMOKE| MILESTONE km-1-kernel-init-compiles-nothing: PASS -- traces live at the kernelMemory baseline = 0; kernelMemory=164923
    onehalf-record-r2-D-E SMOKE| MILESTONE cap-1-refusal-caught-machine-survives: PASS -- shape=record OCLJCAP=done/986/not_enough_memory running=true lastError=<null>
onehalf-array-r2-D-C exit=0 CLASS=CLEAN APACITY| shape=array native=additive jit=on jitearly=- tier=256KB scale=1.8 kernelMemory=164923 held=1365 why=not_enough_memory t_first5=0.0008 t_last5=0.0018 batches=14 last/first=2.25 freeKB_at_end/totalKB=0/256 arms=+40 refusals=+1 trace_flushes=+6 fill_ms=1491 queued=true running=true lastError=<null>
    onehalf-array-r2-D-C CAP-IDLE| ticks=400 arms=+2 collects=+2 bailouts=+0 refusals=+0 trace_flushes=+0 trace_flush_bytes=+0 park_resets=+0 traces_live 108 -> 120 armed=0 state=0 stepmul=200 threshold=935000 gctotal=540716 ccap=636783 cused=540716 parked=false wallstats=present running=true
    onehalf-array-r2-D-C CAP-LIVE| used=467978 kernelMemory=164923 user=303055 count(3 collects)=467994/467930/467930 total=636783 traces_live=120
    onehalf-array-r2-D-C CAP-GC| collects=+40 bailouts=+0 overdrafts=+656 od_peak=19882 od_state=0 park_resets=+0 od_limit=39798 kslice=16384 gc_low=362129 armby=2 window=n/a lends=+n/a win=n/a refused=n/a end: armed=0 state=0 stepmul=200 threshold=773800 gctotal=402397 ccap=636783 cused=402397 parked=false
    onehalf-array-r2-D-C CAP-X| batch=100 junk=24 OCLJCAPX=14/1300/0/0 traces(start/abort) 264/144 -> 361/171 class=CLEAN site=-
    onehalf-array-r2-D-C SMOKE| MILESTONE km-1-kernel-init-compiles-nothing: PASS -- traces live at the kernelMemory baseline = 0; kernelMemory=164923
    onehalf-array-r2-D-C SMOKE| MILESTONE cap-1-refusal-caught-machine-survives: PASS -- shape=array OCLJCAP=done/1365/not_enough_memory running=true lastError=<null>
onehalf-array-r2-D-E exit=0 CLASS=CLEAN APACITY| shape=array native=additive jit=on jitearly=- tier=256KB scale=1.8 kernelMemory=164923 held=1362 why=not_enough_memory t_first5=0.0007 t_last5=0.0024 batches=14 last/first=3.43 freeKB_at_end/totalKB=0/256 arms=+38 refusals=+1 trace_flushes=+6 fill_ms=1492 queued=true running=true lastError=<null>
    onehalf-array-r2-D-E CAP-IDLE| ticks=400 arms=+1 collects=+1 bailouts=+0 refusals=+0 trace_flushes=+0 trace_flush_bytes=+0 park_resets=+0 traces_live 113 -> 121 armed=0 state=0 stepmul=200 threshold=937600 gctotal=534936 ccap=636783 cused=534936 parked=false wallstats=present running=true
    onehalf-array-r2-D-E CAP-LIVE| used=469278 kernelMemory=164923 user=304355 count(3 collects)=469294/469230/469230 total=636783 traces_live=121
    onehalf-array-r2-D-E CAP-GC| collects=+38 bailouts=+0 overdrafts=+548 od_peak=19986 od_state=0 park_resets=+0 od_limit=39798 kslice=16384 gc_low=362241 armby=2 window=4096 lends=+3 win=0 refused=52 end: armed=0 state=0 stepmul=200 threshold=775200 gctotal=395029 ccap=636783 cused=395029 parked=false
    onehalf-array-r2-D-E CAP-X| batch=100 junk=24 OCLJCAPX=14/1300/0/0 traces(start/abort) 266/145 -> 355/161 class=CLEAN site=-
    onehalf-array-r2-D-E SMOKE| MILESTONE km-1-kernel-init-compiles-nothing: PASS -- traces live at the kernelMemory baseline = 0; kernelMemory=164923
    onehalf-array-r2-D-E SMOKE| MILESTONE cap-1-refusal-caught-machine-survives: PASS -- shape=array OCLJCAP=done/1362/not_enough_memory running=true lastError=<null>
onehalf-string-r2-D-C exit=0 CLASS=CLEAN APACITY| shape=string native=additive jit=on jitearly=- tier=256KB scale=1.8 kernelMemory=164923 held=2675 why=not_enough_memory t_first5=0.0007 t_last5=0.0004 batches=27 last/first=0.57 freeKB_at_end/totalKB=22/256 arms=+13 refusals=+1 trace_flushes=+3 fill_ms=1735 queued=true running=true lastError=<null>
    onehalf-string-r2-D-C CAP-IDLE| ticks=400 arms=+0 collects=+0 bailouts=+0 refusals=+0 trace_flushes=+0 trace_flush_bytes=+0 park_resets=+0 traces_live 108 -> 116 armed=0 state=0 stepmul=200 threshold=930400 gctotal=543436 ccap=636783 cused=543436 parked=false wallstats=present running=true
    onehalf-string-r2-D-C CAP-LIVE| used=465634 kernelMemory=164923 user=300711 count(3 collects)=465586/465586/465586 total=636783 traces_live=116
    onehalf-string-r2-D-C CAP-GC| collects=+13 bailouts=+0 overdrafts=+0 od_peak=0 od_state=0 park_resets=+0 od_limit=39798 kslice=16384 gc_low=385772 armby=1 window=n/a lends=+n/a win=n/a refused=n/a end: armed=0 state=0 stepmul=200 threshold=805000 gctotal=410633 ccap=636783 cused=410633 parked=false
    onehalf-string-r2-D-C CAP-X| batch=100 junk=24 OCLJCAPX=27/2600/0/0 traces(start/abort) 272/156 -> 376/182 class=CLEAN site=-
    onehalf-string-r2-D-C SMOKE| MILESTONE km-1-kernel-init-compiles-nothing: PASS -- traces live at the kernelMemory baseline = 0; kernelMemory=164923
    onehalf-string-r2-D-C SMOKE| MILESTONE cap-1-refusal-caught-machine-survives: PASS -- shape=string OCLJCAP=done/2675/not_enough_memory running=true lastError=<null>
onehalf-string-r2-D-E exit=0 CLASS=CLEAN APACITY| shape=string native=additive jit=on jitearly=- tier=256KB scale=1.8 kernelMemory=164923 held=3459 why=not_enough_memory t_first5=0.0008 t_last5=0.0043 batches=35 last/first=5.38 freeKB_at_end/totalKB=0/256 arms=+92 refusals=+1 trace_flushes=+13 fill_ms=1987 queued=true running=true lastError=<null>
    onehalf-string-r2-D-E CAP-IDLE| ticks=400 arms=+0 collects=+0 bailouts=+0 refusals=+0 trace_flushes=+0 trace_flush_bytes=+0 park_resets=+0 traces_live 112 -> 119 armed=0 state=0 stepmul=200 threshold=935000 gctotal=482351 ccap=636783 cused=482351 parked=false wallstats=present running=true
    onehalf-string-r2-D-E CAP-LIVE| used=468005 kernelMemory=164923 user=303082 count(3 collects)=468021/467957/467957 total=636783 traces_live=119
    onehalf-string-r2-D-E CAP-GC| collects=+92 bailouts=+0 overdrafts=+1784 od_peak=21189 od_state=0 park_resets=+0 od_limit=39798 kslice=16384 gc_low=378513 armby=2 window=4096 lends=+5 win=0 refused=32 end: armed=0 state=0 stepmul=200 threshold=816600 gctotal=415753 ccap=636783 cused=415753 parked=false
    onehalf-string-r2-D-E CAP-X| batch=100 junk=24 OCLJCAPX=35/3400/0/0 traces(start/abort) 255/136 -> 440/166 class=CLEAN site=-
    onehalf-string-r2-D-E SMOKE| MILESTONE km-1-kernel-init-compiles-nothing: PASS -- traces live at the kernelMemory baseline = 0; kernelMemory=164923
    onehalf-string-r2-D-E SMOKE| MILESTONE cap-1-refusal-caught-machine-survives: PASS -- shape=string OCLJCAP=done/3459/not_enough_memory running=true lastError=<null>
onehalf-closure-r2-D-C exit=0 CLASS=CLEAN APACITY| shape=closure native=additive jit=on jitearly=- tier=256KB scale=1.8 kernelMemory=164923 held=1418 why=not_enough_memory t_first5=0.0009 t_last5=0.0031 batches=15 last/first=3.44 freeKB_at_end/totalKB=0/256 arms=+75 refusals=+3 trace_flushes=+8 fill_ms=1735 queued=true running=true lastError=<null>
    onehalf-closure-r2-D-C CAP-IDLE| ticks=400 arms=+0 collects=+0 bailouts=+0 refusals=+0 trace_flushes=+0 trace_flush_bytes=+0 park_resets=+0 traces_live 104 -> 113 armed=0 state=0 stepmul=200 threshold=922400 gctotal=541037 ccap=636783 cused=541037 parked=false wallstats=present running=true
    onehalf-closure-r2-D-C CAP-LIVE| used=461675 kernelMemory=164923 user=296752 count(3 collects)=461627/461627/461627 total=636783 traces_live=113
    onehalf-closure-r2-D-C CAP-GC| collects=+75 bailouts=+0 overdrafts=+1772 od_peak=39761 od_state=0 park_resets=+0 od_limit=39798 kslice=16384 gc_low=362067 armby=2 window=n/a lends=+n/a win=n/a refused=n/a end: armed=0 state=0 stepmul=200 threshold=778600 gctotal=396775 ccap=636783 cused=396775 parked=false
    onehalf-closure-r2-D-C CAP-X| batch=100 junk=24 OCLJCAPX=15/1400/0/0 traces(start/abort) 262/149 -> 372/183 class=CLEAN site=-
    onehalf-closure-r2-D-C SMOKE| MILESTONE km-1-kernel-init-compiles-nothing: PASS -- traces live at the kernelMemory baseline = 0; kernelMemory=164923
    onehalf-closure-r2-D-C SMOKE| MILESTONE cap-1-refusal-caught-machine-survives: PASS -- shape=closure OCLJCAP=done/1418/not_enough_memory running=true lastError=<null>
onehalf-closure-r2-D-E exit=0 CLASS=CLEAN APACITY| shape=closure native=additive jit=on jitearly=- tier=256KB scale=1.8 kernelMemory=164923 held=1319 why=not_enough_memory t_first5=0.0008 t_last5=0.0028 batches=14 last/first=3.50 freeKB_at_end/totalKB=0/256 arms=+69 refusals=+1 trace_flushes=+6 fill_ms=1493 queued=true running=true lastError=<null>
    onehalf-closure-r2-D-E CAP-IDLE| ticks=400 arms=+13 collects=+13 bailouts=+0 refusals=+0 trace_flushes=+0 trace_flush_bytes=+0 park_resets=+0 traces_live 123 -> 131 armed=0 state=0 stepmul=200 threshold=963000 gctotal=537649 ccap=636783 cused=537649 parked=false wallstats=present running=true
    onehalf-closure-r2-D-E CAP-LIVE| used=481959 kernelMemory=164923 user=317036 count(3 collects)=481975/481911/481911 total=636783 traces_live=131
    onehalf-closure-r2-D-E CAP-GC| collects=+69 bailouts=+0 overdrafts=+992 od_peak=20327 od_state=0 park_resets=+0 od_limit=39798 kslice=16384 gc_low=362965 armby=2 window=4096 lends=+8 win=0 refused=52 end: armed=0 state=0 stepmul=200 threshold=781400 gctotal=427613 ccap=636783 cused=427613 parked=false
    onehalf-closure-r2-D-E CAP-X| batch=100 junk=24 OCLJCAPX=14/1300/0/0 traces(start/abort) 287/156 -> 396/196 class=CLEAN site=-
    onehalf-closure-r2-D-E SMOKE| MILESTONE km-1-kernel-init-compiles-nothing: PASS -- traces live at the kernelMemory baseline = 0; kernelMemory=164923
    onehalf-closure-r2-D-E SMOKE| MILESTONE cap-1-refusal-caught-machine-survives: PASS -- shape=closure OCLJCAP=done/1319/not_enough_memory running=true lastError=<null>
