SMOKE| ========================================================================
SMOKE| OC-LuaJIT smoke test -- OpenOS on LuaJIT, persist, resume
SMOKE| java=1.8.0_211 amd64  os=Windows 10
SMOKE| conf=C:/Users/astro/AppData/Local/Temp/ocljit-m4-C/ocljit.conf
SMOKE| LuaStateFactory.isAvailable  = true
SMOKE| LuaStateFactory.include52    = true
SMOKE| LuaStateFactory.includeLuaJ  = false
SMOKE| forceNativeLibPathFirst      = 'C:/Users/astro/Downloads/OC-LuaJIT/build/native/libdir'
SMOKE| computer.lua.allowBytecode   = false
SMOKE| OCLJ_BENCH_ONLY=sieve -- suite restricted to sieve
SMOKE| planted 9 more .lua from bench\oc; suite = sieve x3 reps; encore = sieve every 5 s
SMOKE| planted mandelbrot.lua (1972 B) and a 120-deep directory tree
SMOKE| hdd real path = C:\Users\astro\AppData\Local\Temp\ocljit-smoke-hdd2614668706055870053 (autorun.lua planted, 24090 bytes)
SMOKE| architecture pinned to NativeLua52Architecture
SMOKE| MILESTONE a-lua-state-opens: PASS -- LuaState created after 1 ticks
SMOKE| MILESTONE b-machine.lua-sandbox: PASS -- kernelMemory=332161 after 2 ticks; running=true; lastError=null
SMOKE| quiesced after 5 spins, before the VM fingerprint
SMOKE| GUARD OK. arch=totoro.ocelot.brain.entity.machine.luac.NativeLua52Architecture
SMOKE| GUARD VM FINGERPRINT: native=luajit/LuaJIT 2.1.ROLLING | _VERSION=Lua+Eris 5.2 | jit=LuaJIT 2.1.ROLLING (ok) | eris=[persist,settings,unpersist,version] | eris.version=eris-lj 0.3 (M3) / 1ee778a4|LuaJIT 2.1.ROLLING / fmt=2
SMOKE| MILESTONE b2-machine-memory-accounted: PASS -- kernelMemory=332161  totalMemory=3477889  freeMemory=3115316  used=362573
SMOKE| !! raw-state read on a dirty stack: getTop=2 (expected 1) -- something else is using this state
SMOKE| MILESTONE k0-kernel-observed: PASS -- asked for watchdog, raw _G._OCLJ_KERNEL=watchdog
SMOKE| quiesced after 0 spins, before the JIT probe read-out
SMOKE| !! raw-state read on a dirty stack: getTop=2 (expected 1) -- something else is using this state
SMOKE| JIT PROBE: mode=on  attach -> ok
SMOKE| SCREEN AFTER BOOT (180 ticks, 7.0s, running=true):
????????????????????????????????????????????????????????????????????????????????????????????????
? OpenOS 1.8.9 (1024k RAM)                                                                     ?
? Most blocks act as 'cables' - use relays and power distributors to create separate networks. ?
????????????????????????????????????????????????????????????????????????????????????????????????
Note: Your home directory is readonly. Run `install` and reboot.
/home #
pending
OCLJDEADLINE=pending
OCLJBENCH=0.0049/2000000/3
OCLJNONCE=7.5000-325108 OCLJCTR=31
OCLJGATE=refused/refused/textok/50
OCLJTICK=31 OCLJPERR=0:none
OCLJENV=1024/905
OCLJB01=pending
OCLJW01=pending
OCLJPDONE=pending OCLJPNOW=- OCLJPCOMPAT=unknown
OCLJENCORE=pending
SMOKE| lastError = null
SMOKE| MILESTONE c-openos-shell: PASS -- OpenOS shell prompt on screen (17 non-empty lines)
SMOKE| MILESTONE d-autorun-counter-live: PASS -- nonce=7.5000-325108 counter 31 -> 77 over 60 ticks
SMOKE| quiesced after 0 spins, before the k-milestone read-out
SMOKE| !! raw-state read on a dirty stack: getTop=2 (expected 1) -- something else is using this state
SMOKE| !! raw-state read on a dirty stack: getTop=2 (expected 1) -- something else is using this state
SMOKE| !! raw-state read on a dirty stack: getTop=2 (expected 1) -- something else is using this state
SMOKE| JIT PROBE: kernel=watchdog  mode=on  jit.status()=true  traces start/stop/abort/flush=279/147/132/0  ticks-to-shell=180  boot-ms=5347  sandbox-bench(min-s/iters/reps)=0.0049/2000000/3
SMOKE| MILESTONE k2-jit-not-thrashing: PASS -- traces completed during boot = 147 (standing hook: ~2500; want < 300)
SMOKE| MILESTONE k3-sandbox-loop-is-compiled: PASS -- sandbox loop best-of-3 = 0.0049 s (interpreter: 0.017-0.026; standing hook: 0.47; want < 0.010)
SMOKE| MILESTONE j0-jit-switch-honoured: PASS -- mode=on -> jit.status()=true
SMOKE| MILESTONE d2-sandbox-bytecode-gate: PASS -- allowBytecode=false so want refused;  load(string.dump(f))=refused  load(dump, name, "bt")=refused  load(text)=textok  dump bytes=50
SMOKE| MILESTONE k1-deadline-still-fires: PASS -- kernel=watchdog  pcall(while true do end) -> too_long_without_yielding after 310 ticks   (and the machine survived it: running=true)
SMOKE| quiesced after 0 spins, before the watchdog stats read-out
SMOKE| WATCHDOG STATS: fires/refires/filtered/depth/hooked = 1/0/0/0/false
SMOKE| MILESTONE k5-watchdog-fired: PASS -- fires=1 after the timeout probe
SMOKE| MILESTONE k4-still-compiled-after-timeout: PASS -- sandbox loop on the resume after the timeout = <missing> s (before: 0.0049; want < 0.010), reported after 14 ticks   (not reported -- the follow-up timer lost its race with the grace; no claim either way)
SMOKE| PHASE0 env=1024/1 (totalKB/freeKB)
SMOKE| PHASE0 compute=mandelbrot/ok/37904620/0.1570/911
SMOKE| PHASE0 component=132/7.650
SMOKE| MILESTONE p0-compute-checksum: PASS -- mandelbrot CHECK=37904620 (published reference 37904620), 0.157 s
SMOKE| MILESTONE p0-component-walk-ran: PASS -- walked 132 entries via indirect fs.list calls in 7.65 s of uptime
SMOKE| PHASE0 ROW: native=luajit kernel=watchdog jit=on  compute=0.157s  component=7.65s  env=1024/1
SMOKE| !! MACHINE STOPPED during the Phase 1 suite: running=false lastError=not enough memory
SMOKE| !! screen at death:
????????????????????????????????????????????????????????????????????????????????????????????????
? OpenOS 1.8.9 (1024k RAM)                                                                     ?
? Most blocks act as 'cables' - use relays and power distributors to create separate networks. ?
????????????????????????????????????????????????????????????????????????????????????????????????
Note: Your home directory is readonly. Run `install` and reboot.
/home #
OCLJBENCH2=0.0048
OCLJDEADLINE=too_long_without_yielding
OCLJBENCH=0.0049/2000000/3
OCLJNONCE=7.5000-325108 OCLJCTR=117
OCLJGATE=refused/refused/textok/50
OCLJTICK=117 OCLJPERR=0:none
OCLJENV=1024/1
OCLJB01=mandelbrot/ok/37904620/0.1570/911
OCLJW01=132/7.650
OCLJPDONE=pending OCLJPNOW=sieve#1 OCLJPCOMPAT=operators
OCLJP01=sieve/pending/-/-1.0000/-1.0000/0/0
OCLJENCORE=pending
SMOKE| MILESTONE p1-suite-complete: FAIL -- driver reported OCLJPDONE=pending for 1 benchmarks   <- the suite did not finish; rows below are partial
SMOKE| PHASE1 compat path in-sandbox: operators
SMOKE| MILESTONE p1-compat-path-known: PASS -- sandbox bit-ops implementation = operators
SMOKE| PHASE1 rows: name/status/CHECK/min/max/freeKB/reps
SMOKE| PHASE1 ROW: native=luajit kernel=watchdog jit=on  sieve/pending/-/-1.0000/-1.0000/0/0
SMOKE| MILESTONE p1-sieve: FAIL -- sieve CHECK=- (reference 4626000), min -1.0000 s / max -1.0000 s over 0 reps, 0 KB free after   <- pending: -
SMOKE| quiesced after 0 spins, before the mcode read-out
SMOKE| JIT MEMORY: mcode=196608 B of a 2097152 B cap, traces=471, jit=true  (the RAM cap cannot see any of this)
SMOKE| MILESTONE m1-mcode-is-real: PASS -- kernel=watchdog: 196608 B of machine code the RAM cap does not charge for, 471 traces, cap 2097152 B
SMOKE| ENCORE warm: <none>, best of -1 samples = -1.0 s
SMOKE| --- persisting the workspace (eris.persist through OC's PersistenceAPI) ---
SMOKE| JIT MEMORY after persist: mcode=196608 B, traces=0   (traces survived the save)
SMOKE| MILESTONE m2-persist-flush-observed: PASS -- mcode 196608 -> 196608 B, traces 471 -> 0  (this save did not trigger the for-in flush)
SMOKE| MILESTONE f1-persist-blob: PASS -- persist ok=true err= key=44049a74-2c47-4933-9e18-6865fc3aaa84_kernel blobBytes=51 in 30ms
SMOKE| --- restoring into a fresh workspace ---
SMOKE| restored machine running=false lastError=not enough memory
SMOKE| SCREEN AFTER RESTORE (0 ticks, 21.1s, running=false):
????????????????????????????????????????????????????????????????????????????????????????????????
? OpenOS 1.8.9 (1024k RAM)                                                                     ?
? Most blocks act as 'cables' - use relays and power distributors to create separate networks. ?
????????????????????????????????????????????????????????????????????????????????????????????????
Note: Your home directory is readonly. Run `install` and reboot.
/home #
OCLJBENCH2=0.0048
OCLJDEADLINE=too_long_without_yielding
OCLJBENCH=0.0049/2000000/3
OCLJNONCE=7.5000-325108 OCLJCTR=117
OCLJGATE=refused/refused/textok/50
OCLJTICK=117 OCLJPERR=0:none
OCLJENV=1024/1
OCLJB01=mandelbrot/ok/37904620/0.1570/911
OCLJW01=132/7.650
OCLJPDONE=pending OCLJPNOW=sieve#1 OCLJPCOMPAT=operators
OCLJP01=sieve/pending/-/-1.0000/-1.0000/0/0
OCLJENCORE=pending
SMOKE| restored lastError = not enough memory
SMOKE| MILESTONE f2-restore-same-vm: PASS -- boot nonce before=7.5000-325108 after=7.5000-325108 (identical=true) 
SMOKE| MILESTONE f3-restore-counter-continues: FAIL -- counter at persist=117, after restore=117 (advanced=false); running=false
SMOKE| MILESTONE f5-restore-memory-still-accounted: FAIL -- kernelMemory after restore = 0   <- restored kernelMemory is not a real measurement
SMOKE| MILESTONE f4-restore-no-error: FAIL -- restored lastError=not enough memory
SMOKE| --- allowBytecode gate (on a private LuaState) ---
SMOKE| MILESTONE g1-bytecode-refused-with-mode-t: PASS -- mode="t" on a chunk starting 0x1B -> rejected: attempt to load chunk with wrong mode
SMOKE| MILESTONE g1b-rejected-load-leaks-no-stack: PASS -- stack top before=0 after=0
SMOKE| MILESTONE g2-text-still-loads-with-mode-t: PASS -- mode="t" on Lua source -> loaded and returned 2
SMOKE| MILESTONE g3-eris-internal-bytecode-path-open: PASS -- eris.persist+unpersist of a cyclic table and a closure -> 144/true/42
SMOKE| MILESTONE e1-accounting-live: PASS -- fresh private state: total=2147483647 free=2147440775 used=42872
SMOKE| MILESTONE e2-freemem-falls: PASS -- after 20000 tables: used 42872 -> 2063966 (+2021094 bytes)
SMOKE| MILESTONE e3-gc-credits-frees: PASS -- after dropping the reference and a full GC: used 2063966 -> 40690 (-2023276 of 2021094 reclaimed)
SMOKE| MILESTONE e4-oom-at-the-cap: PASS -- cap 40690 -> 302834; unbounded allocation ended at used=302834; threw=LuaMemoryAllocationException: not enough memory   (process alive: the bare-frame ERRMEM did not escape)
SMOKE| FINGERPRINT: native=luajit/LuaJIT 2.1.ROLLING | _VERSION=Lua+Eris 5.2 | jit=LuaJIT 2.1.ROLLING (ok) | eris=[persist,settings,unpersist,version] | eris.version=eris-lj 0.3 (M3) / 1ee778a4|LuaJIT 2.1.ROLLING / fmt=2
SMOKE| CHECKS: 33   FAILURES: 5   WALL: 21.1s
SMOKE| VERDICT: FAIL
SMOKE| ========================================================================
