== 10:21:55 chainB2 start; java procs: 0
fullB2-additive-on exit=0
    SMOKE| RAM tier = threehalf (1024 KB as the sandbox sees it; x ramScale 1.8 real bytes, plus kernelMemory)
    SMOKE| PHASE1 ROW: native=additive kernel=watchdog jit=on  mandelbrot/ok/37904620/0.0642/0.0730/573/5
    SMOKE| PHASE1 ROW: native=additive kernel=watchdog jit=on  binarytrees/ok/7038400/0.2521/0.2756/689/5
    SMOKE| PHASE1 ROW: native=additive kernel=watchdog jit=on  trampoline/ok/247388/0.2291/0.2355/584/5
    SMOKE| PHASE1 ROW: native=additive kernel=watchdog jit=on  matmul/ok/481.0000/0.0863/0.1163/648/5
    SMOKE| PHASE1 ROW: native=additive kernel=watchdog jit=on  strings2/ok/12582912-3852468224/0.1880/0.1979/483/5
    SMOKE| PHASE1 ROW: native=additive kernel=watchdog jit=on  nqueens/ok/85200/0.6074/1.2320/701/5
    SMOKE| PHASE1 ROW: native=additive kernel=watchdog jit=on  sha256/ok/4044b97490ea337483cb563ee4336c024272c962e86475de24c58abaade25a5d/0.0496/0.0558/440/5
    SMOKE| CHECKS: 65   FAILURES: 0   WALL: 89.8s
    SMOKE| VERDICT: PASS
    SMOKE PASS -- OpenOS booted on LuaJIT, persisted, and resumed.
fullB2-additive-off exit=0
    SMOKE| RAM tier = threehalf (1024 KB as the sandbox sees it; x ramScale 1.8 real bytes, plus kernelMemory)
    SMOKE| PHASE1 ROW: native=additive kernel=watchdog jit=off  mandelbrot/ok/37904620/0.3869/0.4193/818/5
    SMOKE| PHASE1 ROW: native=additive kernel=watchdog jit=off  binarytrees/ok/7038400/0.3520/0.3744/733/5
    SMOKE| PHASE1 ROW: native=additive kernel=watchdog jit=off  trampoline/ok/247388/0.2799/0.2973/885/5
    SMOKE| PHASE1 ROW: native=additive kernel=watchdog jit=off  matmul/ok/481.0000/0.6247/0.6390/769/5
    SMOKE| PHASE1 ROW: native=additive kernel=watchdog jit=off  strings2/ok/12582912-3852468224/0.4086/0.4327/405/5
    SMOKE| PHASE1 ROW: native=additive kernel=watchdog jit=off  nqueens/ok/85200/0.9110/0.9249/717/5
    SMOKE| PHASE1 ROW: native=additive kernel=watchdog jit=off  sha256/ok/4044b97490ea337483cb563ee4336c024272c962e86475de24c58abaade25a5d/0.7893/0.9130/740/5
    SMOKE| MILESTONE mem-2-pressure-flushes-traces: SKIP -- jit=off: no trace is ever resident, so there is nothing to flush (not counted)
    SMOKE| CHECKS: 63   FAILURES: 0   WALL: 94.2s
    SMOKE| VERDICT: PASS
    SMOKE PASS -- OpenOS booted on LuaJIT, persisted, and resumed.
fullB2-additive-sieve exit=0
    SMOKE| RAM tier = threehalf (1024 KB as the sandbox sees it; x ramScale 1.8 real bytes, plus kernelMemory)
    SMOKE| PHASE1 ROW: native=additive kernel=watchdog jit=on  sieve/ok/4626000/0.1073/0.1109/730/2
    SMOKE| CHECKS: 59   FAILURES: 0   WALL: 82.2s
    SMOKE| VERDICT: PASS
    SMOKE PASS -- OpenOS booted on LuaJIT, persisted, and resumed.
fullB2-dropin-on exit=1
    SMOKE| RAM tier = threehalf (1024 KB as the sandbox sees it; x ramScale 1.8 real bytes, plus kernelMemory)
    SMOKE| PHASE1 ROW: native=luajit kernel=watchdog jit=on  mandelbrot/ok/37904620/0.0634/0.0670/663/5
    SMOKE| PHASE1 ROW: native=luajit kernel=watchdog jit=on  binarytrees/ok/7038400/0.4281/0.4339/319/5
    SMOKE| PHASE1 ROW: native=luajit kernel=watchdog jit=on  trampoline/ok/247388/0.2190/0.2234/606/5
    SMOKE| PHASE1 ROW: native=luajit kernel=watchdog jit=on  matmul/ok/481.0000/0.0950/0.1097/612/5
    SMOKE| PHASE1 ROW: native=luajit kernel=watchdog jit=on  strings2/ok/12582912-3852468224/0.2210/0.2933/379/5
    SMOKE| PHASE1 ROW: native=luajit kernel=watchdog jit=on  nqueens/ok/85200/0.5974/1.1975/893/5
    SMOKE| PHASE1 ROW: native=luajit kernel=watchdog jit=on  sha256/ok/4044b97490ea337483cb563ee4336c024272c962e86475de24c58abaade25a5d/0.0495/0.0511/763/5
    SMOKE| MILESTONE mem-2-pressure-flushes-traces: FAIL -- tier=threehalf (1024 KB): held 1375 KB live with sandbox free down to 43 KB; trace_flushes 0 -> 0; traces_live 81 before, min 88 over 55 reads while running (never 
    SMOKE| MILESTONE acc-4/5/7: SKIP -- native=luajit: they test LuaStateLuaJIT, which the dropin arm does not use (not counted)
    SMOKE| CHECKS: 62   FAILURES: 1   WALL: 92.1s
    SMOKE| VERDICT: FAIL
        SMOKE| MILESTONE mem-2-pressure-flushes-traces: FAIL -- tier=threehalf (1024 KB): held 1375 KB live with sandbox free down to 43 KB; trace_flushes 0 -> 0; traces_live 81 before, min 88 over 55 reads while running (ne
    SMOKE FAIL
fullB2-stock exit=0
    SMOKE| RAM tier = threehalf (1024 KB as the sandbox sees it; x ramScale 1.8 real bytes, plus kernelMemory)
    SMOKE| MILESTONE al-1-machine-heap-is-lj-alloc: SKIP -- native=stock: PUC has no _OCLJ_GCSTATS (not counted)
    SMOKE| MILESTONE acc-1-machine-handover: SKIP -- native=stock: PUC has no _OCLJ_GCSTATS (not counted)
    SMOKE| PHASE1 ROW: native=stock kernel=stock jit=on  mandelbrot/ok/37904620/0.7884/0.7985/619/5
    SMOKE| PHASE1 ROW: native=stock kernel=stock jit=on  binarytrees/ok/7038400/1.6738/1.6837/548/5
    SMOKE| PHASE1 ROW: native=stock kernel=stock jit=on  trampoline/ok/247388/0.4131/0.4146/531/5
    SMOKE| PHASE1 ROW: native=stock kernel=stock jit=on  matmul/ok/481.0000/1.2193/1.2297/292/5
    SMOKE| PHASE1 ROW: native=stock kernel=stock jit=on  strings2/ok/12582912-3852468224/0.7018/0.7159/325/5
    SMOKE| PHASE1 ROW: native=stock kernel=stock jit=on  nqueens/ok/85200/1.8104/1.8372/779/5
    SMOKE| PHASE1 ROW: native=stock kernel=stock jit=on  sha256/ok/4044b97490ea337483cb563ee4336c024272c962e86475de24c58abaade25a5d/0.9603/0.9682/443/5
    SMOKE| MILESTONE acc-1r-restored-machine-handover: SKIP -- native=stock (not counted)
    SMOKE| MILESTONE acc-3..7: SKIP -- native=stock: PUC's accounting is jnlua's own (not counted)
    SMOKE| CHECKS: 47   FAILURES: 0   WALL: 77.3s
    SMOKE| VERDICT: PASS
    SMOKE PASS (BASELINE) -- OpenOS booted on ocelot-brain's stock PUC-Lua 5.2,
one-record-r1-S-stock exit=0 APACITY| shape=record native=stock jit=on jitearly=- tier=192KB scale=1.8 kernelMemory=174605 held=262 why=not_enough_memory t_first5=0.0017 t_last5=0.0017 batches=3 last/first=1.00 freeKB_at_end/totalKB=0/192 arms=+n/a refusals=+n/a trace_flushes=+n/a fill_ms=1495 queued=true running=true lastError=<null>
    one-record-r1-S-stock CAP-IDLE| ticks=400 arms=+n/a collects=+n/a bailouts=+n/a refusals=+n/a trace_flushes=+n/a park_resets=+n/a traces_live -1 -> -1 armed=n/a state=n/a stepmul=n/a threshold=n/a gctotal=n/a ccap=n/a cused=n/a parked=false wallstats=n/a running=true
    one-record-r1-S-stock CAP-LIVE| used=430671 kernelMemory=174605 user=256066 count(3 collects)=433066/433066/433066 total=528500 traces_live=-1
    one-record-r1-S-stock CAP-MID| snaps=0 stopped=0 stepmul0=0 parked=0 last: armed=n/a state=n/a stepmul=n/a threshold=n/a gctotal=n/a ccap=n/a cused=n/a
    one-record-r1-S-stock CAP-GC| collects=+n/a bailouts=+n/a overdrafts=+n/a od_peak=n/a od_state=n/a park_resets=+n/a od_limit=n/a kslice=n/a backoffs=+n/a end: armed=n/a state=n/a stepmul=n/a threshold=n/a gctotal=n/a ccap=n/a cused=n/a parked=false
    one-record-r1-S-stock SMOKE| MILESTONE cap-1-refusal-caught-machine-survives: PASS -- shape=record OCLJCAP=done/262/not_enough_memory running=true lastError=<null>
one-record-r1-D-B2 exit=0 APACITY| shape=record native=additive jit=on jitearly=- tier=192KB scale=1.8 kernelMemory=334965 held=1071 why=not_enough_memory t_first5=0.0009 t_last5=0.0021 batches=11 last/first=2.33 freeKB_at_end/totalKB=0/192 arms=+23 refusals=+1 trace_flushes=+6 fill_ms=1495 queued=true running=true lastError=<null>
    one-record-r1-D-B2 CAP-IDLE| ticks=400 arms=+0 collects=+0 bailouts=+0 refusals=+0 trace_flushes=+0 park_resets=+0 traces_live 92 -> 100 armed=0 state=0 stepmul=200 threshold=897200 gctotal=473463 ccap=688860 cused=473463 parked=false wallstats=present running=true
    one-record-r1-D-B2 CAP-LIVE| used=449137 kernelMemory=334965 user=114172 count(3 collects)=449089/449089/449089 total=688860 traces_live=100
    one-record-r1-D-B2 CAP-MID| snaps=8 stopped=0 stepmul0=0 parked=0 last: armed=0 state=0 stepmul=200 threshold=758400 gctotal=387433 ccap=688860 cused=387433
    one-record-r1-D-B2 CAP-GC| collects=+23 bailouts=+0 overdrafts=+318 od_peak=21515 od_state=0 park_resets=+0 od_limit=43053 kslice=16384 backoffs=+6 end: armed=0 state=0 stepmul=200 threshold=806600 gctotal=415721 ccap=688860 cused=415721 parked=false
    one-record-r1-D-B2 SMOKE| MILESTONE cap-1-refusal-caught-machine-survives: PASS -- shape=record OCLJCAP=done/1071/not_enough_memory running=true lastError=<null>
