penalty_test: linking /c/Users/astro/Downloads/OC-LuaJIT/build/native/luajit-windows-x86_64/src/libluajit.a (4745eeb2b63271768b88b03ff70baa4b, 835838 bytes)
penalty_test: alloc=crt realloc/free  jit=on  PENALTY_SLOTS=64 MIN=72 MAX=60000
re-loads of C:/Users/astro/Downloads/OC-LuaJIT/bench/oc/mandelbrot.lua, N=40, full collect between each:
  run  1: ok     69.6 ms (1.00x run 1)  bc=7a8a7c58 visit 1  dead-proto slots=-1  inherited=0 (max val 0) after=2 (max val 148)  live=23  heads: 34=JLOOP 45=JFORL 46=FORL
  run  2: ok     69.0 ms (0.99x run 1)  bc=7a8a8218 visit 1  dead-proto slots=0  inherited=0 (max val 0) after=2 (max val 301)  live=43  heads: 34=JLOOP 45=JFORL 46=FORL
  run  3: ok     70.7 ms (1.02x run 1)  bc=7a8a8218 visit 2  dead-proto slots=0  inherited=0 (max val 0) after=2 (max val 144)  live=25  heads: 34=JLOOP 45=JFORL 46=JFORL
  run  4: ok     70.8 ms (1.02x run 1)  bc=7a8a8218 visit 3  dead-proto slots=0  inherited=0 (max val 0) after=2 (max val 305)  live=43  heads: 34=JLOOP 45=JFORL 46=FORL
  run  5: ok     69.4 ms (1.00x run 1)  bc=7a8a8218 visit 4  dead-proto slots=0  inherited=0 (max val 0) after=2 (max val 148)  live=26  heads: 34=JLOOP 45=JFORL 46=JFORL
  run  6: ok     69.3 ms (1.00x run 1)  bc=7a8a8218 visit 5  dead-proto slots=0  inherited=0 (max val 0) after=2 (max val 148)  live=25  heads: 34=JLOOP 45=JFORL 46=FORL
  run  7: ok     68.0 ms (0.98x run 1)  bc=7a8a8218 visit 6  dead-proto slots=0  inherited=0 (max val 0) after=2 (max val 295)  live=45  heads: 34=JLOOP 45=JFORL 46=JFORL
  run  8: ok     68.0 ms (0.98x run 1)  bc=7a8a8218 visit 7  dead-proto slots=0  inherited=0 (max val 0) after=2 (max val 315)  live=44  heads: 34=JLOOP 45=JFORL 46=FORL
  run  9: ok     68.0 ms (0.98x run 1)  bc=7a8a8218 visit 8  dead-proto slots=0  inherited=0 (max val 0) after=2 (max val 302)  live=45  heads: 34=JLOOP 45=JFORL 46=JFORL
  run 10: ok     68.7 ms (0.99x run 1)  bc=7a8a8218 visit 9  dead-proto slots=0  inherited=0 (max val 0) after=2 (max val 159)  live=25  heads: 34=JLOOP 45=JFORL 46=FORL
  run 11: ok     69.2 ms (0.99x run 1)  bc=7a8a8218 visit 10  dead-proto slots=0  inherited=0 (max val 0) after=2 (max val 144)  live=27  heads: 34=JLOOP 45=JFORL 46=JFORL
  run 12: ok     68.4 ms (0.98x run 1)  bc=7a8a7c58 visit 2  dead-proto slots=0  inherited=0 (max val 0) after=2 (max val 156)  live=28  heads: 34=JLOOP 45=JFORL 46=JFORL
  run 13: ok     67.9 ms (0.98x run 1)  bc=7a8ae938 visit 1  dead-proto slots=0  inherited=0 (max val 0) after=2 (max val 157)  live=27  heads: 34=JLOOP 45=JFORL 46=FORL
  run 14: ok     69.2 ms (1.00x run 1)  bc=7a8b0c28 visit 1  dead-proto slots=0  inherited=0 (max val 0) after=2 (max val 157)  live=29  heads: 34=JLOOP 45=JFORL 46=FORL
  run 15: ok     70.5 ms (1.01x run 1)  bc=7a8b0c28 visit 2  dead-proto slots=0  inherited=0 (max val 0) after=2 (max val 159)  live=31  heads: 34=JLOOP 45=JFORL 46=JFORL
  run 16: ok     68.8 ms (0.99x run 1)  bc=7a8a8218 visit 11  dead-proto slots=0  inherited=0 (max val 0) after=2 (max val 156)  live=31  heads: 34=JLOOP 45=JFORL 46=FORL
  run 17: ok     68.0 ms (0.98x run 1)  bc=7a8ab058 visit 1  dead-proto slots=0  inherited=0 (max val 0) after=2 (max val 294)  live=51  heads: 34=JLOOP 45=JFORL 46=FORL
  run 18: ok     69.7 ms (1.00x run 1)  bc=7a8ab058 visit 2  dead-proto slots=0  inherited=0 (max val 0) after=2 (max val 156)  live=33  heads: 34=JLOOP 45=JFORL 46=JFORL
  run 19: ok     68.7 ms (0.99x run 1)  bc=7a8ab058 visit 3  dead-proto slots=0  inherited=0 (max val 0) after=2 (max val 154)  live=32  heads: 34=JLOOP 45=JFORL 46=FORL
  run 20: ok     69.0 ms (0.99x run 1)  bc=7a8a8218 visit 12  dead-proto slots=0  inherited=0 (max val 0) after=2 (max val 154)  live=33  heads: 34=JLOOP 45=JFORL 46=JFORL
  run 21: ok     68.7 ms (0.99x run 1)  bc=7a8a8218 visit 13  dead-proto slots=0  inherited=0 (max val 0) after=2 (max val 148)  live=32  heads: 34=JLOOP 45=JFORL 46=FORL
  run 22: ok     67.9 ms (0.98x run 1)  bc=7a8a8218 visit 14  dead-proto slots=0  inherited=0 (max val 0) after=2 (max val 154)  live=33  heads: 34=JLOOP 45=JFORL 46=JFORL
  run 23: ok     68.2 ms (0.98x run 1)  bc=7a8a8218 visit 15  dead-proto slots=0  inherited=0 (max val 0) after=2 (max val 303)  live=51  heads: 34=JLOOP 45=JFORL 46=FORL
  run 24: ok     68.1 ms (0.98x run 1)  bc=7a8a8218 visit 16  dead-proto slots=0  inherited=0 (max val 0) after=2 (max val 298)  live=52  heads: 34=JLOOP 45=JFORL 46=JFORL
  run 25: ok     71.9 ms (1.03x run 1)  bc=7a8a8218 visit 17  dead-proto slots=0  inherited=0 (max val 0) after=2 (max val 148)  live=32  heads: 34=JLOOP 45=JFORL 46=FORL
  run 26: ok     68.3 ms (0.98x run 1)  bc=7a8a8218 visit 18  dead-proto slots=0  inherited=0 (max val 0) after=2 (max val 149)  live=33  heads: 34=JLOOP 45=JFORL 46=JFORL
  run 27: ok     69.4 ms (1.00x run 1)  bc=7a8a8218 visit 19  dead-proto slots=0  inherited=0 (max val 0) after=2 (max val 155)  live=32  heads: 34=JLOOP 45=JFORL 46=FORL
  run 28: ok     68.4 ms (0.98x run 1)  bc=7a8a8218 visit 20  dead-proto slots=0  inherited=0 (max val 0) after=2 (max val 305)  live=52  heads: 34=JLOOP 45=JFORL 46=JFORL
  run 29: ok     68.0 ms (0.98x run 1)  bc=7a8a8218 visit 21  dead-proto slots=0  inherited=0 (max val 0) after=2 (max val 306)  live=51  heads: 34=JLOOP 45=JFORL 46=FORL
  run 30: ok     68.2 ms (0.98x run 1)  bc=7a8a8218 visit 22  dead-proto slots=0  inherited=0 (max val 0) after=2 (max val 623)  live=52  heads: 34=JLOOP 45=JFORL 46=JFORL
  run 31: ok     68.1 ms (0.98x run 1)  bc=7a8a8218 visit 23  dead-proto slots=0  inherited=0 (max val 0) after=2 (max val 156)  live=32  heads: 34=JLOOP 45=JFORL 46=FORL
  run 32: ok     69.8 ms (1.00x run 1)  bc=7a8a8218 visit 24  dead-proto slots=0  inherited=0 (max val 0) after=2 (max val 154)  live=33  heads: 34=JLOOP 45=JFORL 46=JFORL
  run 33: ok     68.6 ms (0.99x run 1)  bc=7a8a8218 visit 25  dead-proto slots=0  inherited=0 (max val 0) after=2 (max val 149)  live=32  heads: 34=JLOOP 45=JFORL 46=FORL
  run 34: ok     71.1 ms (1.02x run 1)  bc=7a8a8218 visit 26  dead-proto slots=0  inherited=0 (max val 0) after=2 (max val 144)  live=33  heads: 34=JLOOP 45=JFORL 46=JFORL
  run 35: ok     68.2 ms (0.98x run 1)  bc=7a8a8218 visit 27  dead-proto slots=0  inherited=0 (max val 0) after=2 (max val 157)  live=32  heads: 34=JLOOP 45=JFORL 46=FORL
  run 36: ok     67.9 ms (0.98x run 1)  bc=7a8a8218 visit 28  dead-proto slots=0  inherited=0 (max val 0) after=2 (max val 145)  live=33  heads: 34=JLOOP 45=JFORL 46=JFORL
  run 37: ok     68.2 ms (0.98x run 1)  bc=7a8a8218 visit 29  dead-proto slots=0  inherited=0 (max val 0) after=2 (max val 149)  live=32  heads: 34=JLOOP 45=JFORL 46=FORL
  run 38: ok     68.2 ms (0.98x run 1)  bc=7a8a8218 visit 30  dead-proto slots=0  inherited=0 (max val 0) after=2 (max val 303)  live=52  heads: 34=JLOOP 45=JFORL 46=JFORL
  run 39: ok     68.3 ms (0.98x run 1)  bc=7a8a8218 visit 31  dead-proto slots=0  inherited=0 (max val 0) after=2 (max val 317)  live=51  heads: 34=JLOOP 45=JFORL 46=FORL
  run 40: ok     68.0 ms (0.98x run 1)  bc=7a8a8218 visit 32  dead-proto slots=0  inherited=0 (max val 0) after=2 (max val 145)  live=33  heads: 34=JLOOP 45=JFORL 46=JFORL

  PASS  P1 every re-load computed the published checksum               40/40 ok (expect 37904620)
  PASS  P2 no re-load reads a blacklisted loop head (ILOOP/IFORL/IITERL) 0/40
  PASS  P3 no re-load slower than 3x the first                         run 1 69.6 ms, slowest 1.03x
  PASS  P4 no penalty slot outlives its prototype (the mechanism)      max slots still pointing into a dead prototype's bytecode = 0
  PASS  P5 while blacklisting still works within a live prototype (-> ILOOP) head reads ILOOP after 400000 iterations in 21.9 ms; penalty slots in proto=1 max val 39441
  PASS  P6 for blacklisting still works within a live prototype (-> IFORL) head reads IFORL after 400000 iterations in 50.2 ms; penalty slots in proto=1 max val 40432

checks=6 failures=0
