fullE2-additive-on exit=0
    SMOKE| MILESTONE b2-machine-memory-accounted: PASS -- kernelMemory=164923  totalMemory=2052360  freeMemory=1856349  used=196011
    SMOKE| MILESTONE km-1-kernel-init-compiles-nothing: PASS -- traces live at the kernelMemory baseline = 0; kernelMemory=164923
    SMOKE| MILESTONE j0-jit-switch-honoured: PASS -- mode=on -> jit.status()=true
    SMOKE| MILESTONE mem-2-pressure-flushes-traces: PASS -- tier=threehalf (1024 KB): held 1316 KB live with sandbox free down to 57 KB; trace_flushes 0 -> 15; traces_live 245 before, min 0 over 54 reads while running (0 first seen at poll 136, program still stepp
    SMOKE| MILESTONE acc-4-constructor-cap-bites: PASS -- new LuaStateLuaJIT(4194304), no setTotalMemory: csync 1, native cap 4194304; unbounded allocation raised LuaMemoryAllocationException: not enough memory at native used 4340346 (credit 278528); JNI crossings
    SMOKE| CHECKS: 66   FAILURES: 0   WALL: 93.0s
    SMOKE| VERDICT: PASS
    SMOKE PASS -- OpenOS booted on LuaJIT, persisted, and resumed.
fullE2-dropin-on exit=0
    SMOKE| MILESTONE b2-machine-memory-accounted: PASS -- kernelMemory=164247  totalMemory=2051684  freeMemory=1856349  used=195335
    SMOKE| MILESTONE km-1-kernel-init-compiles-nothing: PASS -- traces live at the kernelMemory baseline = 0; kernelMemory=164247
    SMOKE| MILESTONE j0-jit-switch-honoured: PASS -- mode=on -> jit.status()=true
    SMOKE| MILESTONE mem-2-pressure-flushes-traces: PASS -- tier=threehalf (1024 KB): held 1332 KB live with sandbox free down to 53 KB; trace_flushes 0 -> 20; traces_live 258 before, min 1 over 54 reads while running (never 0); near-empty (<= 12) first at poll 12
    SMOKE| MILESTONE acc-4/5/7: SKIP -- native=luajit: they test LuaStateLuaJIT, which the dropin arm does not use (not counted)
    SMOKE| CHECKS: 63   FAILURES: 0   WALL: 92.2s
    SMOKE| VERDICT: PASS
    SMOKE PASS -- OpenOS booted on LuaJIT, persisted, and resumed.
fullE2-additive-off exit=0
    SMOKE| MILESTONE b2-machine-memory-accounted: PASS -- kernelMemory=164923  totalMemory=2052360  freeMemory=1882378  used=169982
    SMOKE| MILESTONE km-1-kernel-init-compiles-nothing: PASS -- traces live at the kernelMemory baseline = 0; kernelMemory=164923
    SMOKE| MILESTONE j0-jit-switch-honoured: PASS -- mode=off -> jit.status()=false
    SMOKE| MILESTONE mem-2-pressure-flushes-traces: SKIP -- jit=off: no trace is ever resident, so there is nothing to flush (not counted)
    SMOKE| MILESTONE acc-4-constructor-cap-bites: PASS -- new LuaStateLuaJIT(4194304), no setTotalMemory: csync 1, native cap 4194304; unbounded allocation raised LuaMemoryAllocationException: not enough memory at native used 4340346 (credit 278528); JNI crossings
    SMOKE| CHECKS: 64   FAILURES: 0   WALL: 95.6s
    SMOKE| VERDICT: PASS
    SMOKE PASS -- OpenOS booted on LuaJIT, persisted, and resumed.
fullE2-additive-sieve exit=0
    SMOKE| MILESTONE b2-machine-memory-accounted: PASS -- kernelMemory=164923  totalMemory=2052360  freeMemory=1856349  used=196011
    SMOKE| MILESTONE km-1-kernel-init-compiles-nothing: PASS -- traces live at the kernelMemory baseline = 0; kernelMemory=164923
    SMOKE| MILESTONE j0-jit-switch-honoured: PASS -- mode=on -> jit.status()=true
    SMOKE| MILESTONE mem-2-pressure-flushes-traces: PASS -- tier=threehalf (1024 KB): held 1406 KB live with sandbox free down to 57 KB; trace_flushes 0 -> 17; traces_live 245 before, min 0 over 56 reads while running (0 first seen at poll 144, program still stepp
    SMOKE| MILESTONE acc-4-constructor-cap-bites: PASS -- new LuaStateLuaJIT(4194304), no setTotalMemory: csync 1, native cap 4194304; unbounded allocation raised LuaMemoryAllocationException: not enough memory at native used 4340346 (credit 278528); JNI crossings
    SMOKE| CHECKS: 60   FAILURES: 0   WALL: 83.5s
    SMOKE| VERDICT: PASS
    SMOKE PASS -- OpenOS booted on LuaJIT, persisted, and resumed.
fullE2-stock exit=0
    SMOKE| MILESTONE b2-machine-memory-accounted: PASS -- kernelMemory=174605  totalMemory=2062042  freeMemory=1845286  used=216756
    SMOKE| MILESTONE km-1-kernel-init-compiles-nothing: SKIP -- kernel=stock: OpenComputers' own kernel has no site 13 (not counted)
    SMOKE| MILESTONE al-1-machine-heap-is-lj-alloc: SKIP -- native=stock: PUC has no _OCLJ_GCSTATS (not counted)
    SMOKE| MILESTONE acc-1-machine-handover: SKIP -- native=stock: PUC has no _OCLJ_GCSTATS (not counted)
    SMOKE| MILESTONE j0-jit-switch-honoured: PASS -- mode=on -> jit.status()=<error: smoke:1: attempt to index global 'jit' (a nil value)>
    SMOKE| MILESTONE acc-1r-restored-machine-handover: SKIP -- native=stock (not counted)
    SMOKE| MILESTONE acc-3..7: SKIP -- native=stock: PUC's accounting is jnlua's own (not counted)
    SMOKE| CHECKS: 47   FAILURES: 0   WALL: 79.5s
    SMOKE| VERDICT: PASS
    SMOKE PASS (BASELINE) -- OpenOS booted on ocelot-brain's stock PUC-Lua 5.2,
