mem_test -- lj52 memory accounting
  PASS  M0 the state's heap is its own lj_alloc arena        _OCLJ_GCSTATS heap=1 (1 = own lj_alloc arena, 0 = libc, -1 = absent)
  PASS  M1 uncapped state is not charged                     2000 tables allocated, setluamemory never called
  PASS  M2 capped but unbound: still not charged             lua_setallocf before the javastate exists is harmless
  PASS  M2b settling up at bind leaves used non-negative     used=430738 after settling up
  PASS  M3 allocation is charged                             used 430738 -> 2259244 (+1828506) over 20000 tables
  PASS  M3b charged to the byte, vs lua_gc(GCCOUNT)          we charged +1828506, LuaJIT counted +1828506  (difference 0)
  PASS  M3c legacy mode keeps the native figure too, exact   native used 2259244, Java's field 2259244, LuaJIT 2259244
  PASS  M4 freeing is credited back                          used 2259244 -> 43510 (2215734 of 1828506 reclaimed)
  PASS  M4c credited to the byte, vs lua_gc(GCCOUNT)         we credited -2215734, LuaJIT counted -2215734  (difference 0)
  PASS  M4b used never goes negative                         used=43510
  PASS  M5 the cap refuses                                   pcall status=4 (LUA_ERRMEM=4)  used=272872 cap=240118 (+ credit 49152)
  PASS  M6a lua_pushcfunction survives an exhausted cap      used 110314, cap 61162, the credit spent; pushed=yes
  PASS  M6b a RAW push is refused at that same cap           lua_pushcclosure under pcall -> status 4 (LUA_ERRMEM=4)
  PASS  M7 the unrefusable push is still charged             used 110314 -> 110362 (+48)
  PASS  M8 clearing the javastate stops the accounting       5000 tables allocated, setluamemory never called again
        main state after M8: flush_wanted=1 trace_flushes=0 (-1 == stat absent; a standing flag here is M5-M7's, awaiting a resume)
  PASS  M0b the second state is on its own arena too         _OCLJ_GCSTATS heap=1
  PASS  P0 the JIT compiled a few dozen resident traces      traces_live=40 after 40 hot loops
        base live set used=76690  arms=0 collects=0 bailouts=0 refusals=0 trace_flushes=0 (-1 == stat absent)
  PASS  P1a an emergency cycle armed and was proven to complete 13 steps of 64 KB garbage (status 0): arms 0 -> 1, collects 0 -> 1, bailouts +0, refusals +0, used=142346 of 1125266
  PASS  P1b garbage restored the headroom: flush NOT wanted  headroom after the cycle = 982920 (watermark 281316); flush_wanted=0
  PASS  P1c the safe point left the traces alone             arm()+disarm(): traces_live 40 -> 40, trace_flushes=0
  PASS  P1d trace_flushes is 0                               arm()+disarm(): traces_live 40 -> 40, trace_flushes=0
  PASS  P2a the live allocation armed the emergency cycle    used=240634 of 338834 (headroom 98200), armed=1
  PASS  P2b the cycle completed and headroom is STILL under the watermark 1 steps (status 0): collects 1 -> 2, headroom now 98088 (watermark 131072), flush_wanted=1, traces_live=40
  PASS  P2c the collector raised flush_wanted at the proof   1 steps (status 0): collects 1 -> 2, headroom now 98088 (watermark 131072), flush_wanted=1, traces_live=40
  PASS  P2d nothing flushed yet: the allocator never flushes 1 steps (status 0): collects 1 -> 2, headroom now 98088 (watermark 131072), flush_wanted=1, traces_live=40
  PASS  P2e the arm entry point flushed once                 arm(): trace_flushes=1 flush_wanted=0 traces_live=0 flush_bytes=19968 refusals=0 re-armed=1
  PASS  P2f no trace is live after the flush                 arm(): trace_flushes=1 flush_wanted=0 traces_live=0 flush_bytes=19968 refusals=0 re-armed=1
  PASS  P2g the flag is consumed and the cycle re-armed      arm(): trace_flushes=1 flush_wanted=0 traces_live=0 flush_bytes=19968 refusals=0 re-armed=1
  PASS  P2h the accounted used dropped by at least the trace metadata used 240746 -> 241644 -> 220778: dropped 19968 across arm + 1 steps (status 0, collects 2 -> 3); flush unlinked 19968 bytes of trace metadata
  PASS  C0a a freshly bound state is in legacy mode          csync=0, native used=-1 (-1 = not handed over)
  PASS  C0d legacy allocations cross JNI, counted three ways 3000 tables in legacy mode: getluamemory calls +3062, getthreadenv +3062, allocator calls through JNI +3062
  PASS  C0b the handover: native cap and figure are Java's and LuaJIT's csync=1, native cap 67108864 (Java 67108864); used: native 317928, Java's field 317928, LuaJIT 317928
  PASS  C0c _OCLJ_GCSTATS returns 20 values                  20 values (14 before 2026-10-03)
  PASS  C1 after the handover no allocation crosses into the JVM openlibs + 20000 tables: allocator calls +20476, of them through JNI +0; getluamemory +0, setluamemory +0, getthreadenv +0
  PASS  C2a the native figure is LuaJIT's own count, to the byte native used 2363628, LuaJIT 2363628 (difference 0); getFreeMemory 64745236
  PASS  C2b getFreeMemory reads the native figure, once      getFreeMemory=64745236; used reads 3 -> 4
  PASS  C2c frees are credited, to the byte                  used 2363628 -> 43510 (2320118 reclaimed); LuaJIT 43510 (difference 0)
  PASS  C3a a lowered cap refuses on the next allocations    cap lowered to used+192 KB = 240118: status 4 (LUA_ERRMEM=4), used 272872 (credit 49152), native cap 240118
  PASS  C3b a raised cap admits at once                      cap raised to 64 MB: status 0, used 2066788
  PASS  C4a the save's raised cap lets the persist allocate past the machine's under Integer.MAX_VALUE: status 0, used 2066788 (machine cap 109046), free 2145416859
  PASS  C4b the restored cap reads free 0 and refuses growth cap restored to 109046 under used 2066788: free 0, next growth status 4 (LUA_ERRMEM=4)
  PASS  C4c once that garbage is collected the machine runs again after collecting the persist's garbage: free 65536, status 0
  PASS  C5a the emergency cycle arms against the native cap and completes 14 steps of 64 KB garbage under a native cap of used+1 MB (status 0; armed before 0): arms 13 -> 14, collects 13 -> 14
  PASS  C5b live data under the watermark: armed, proven, flush wanted before: armed 0, flush_wanted 0; 160 KB live under used+256 KB: armed=1, 1 steps (status 0), collects 14 -> 15, headroom 98088 (watermark 131072), flush_wanted=1
  PASS  C6 exhausted cap: raw push refused, memo push succeeds, charged native cap 61162 under used 110314, the credit spent: raw push status 4 (LUA_ERRMEM=4); memo push succeeded, used 110314 -> 110362
  PASS  C7 accounting off: nothing refused, the figure still tracks status 0; getluamemory +0, setluamemory +0; native used 617000, LuaJIT 617000
  PASS  C8 -1 where there is no handed-over record           no state -1, foreign allocator -1 (after settotal), uncapped -1; uncapped getFreeMemory 0, csync 0
  PASS  W5a an arm in the sweep does not leave the collector parked state 4 before; arms 0 -> 1; after two checkpoints: state 0, armed 0, stepmul 200, threshold 2109400 vs gc.total 1054798, park resets 1
  PASS  W5b and the churn after it collects, never refused   20000 x 64 B: status 0 (LUA_ERRMEM=4) after 20000 steps; collects 1 -> 13, bailouts 0 -> 0
  PASS  W5c a sweep that frees 100000 blocks is not a bailout 6443433 B held, then an armed cycle: statuses 0/0, collects 0 -> 1, bailouts 0 -> 0
  PASS  W2b a refusal arms, from any headroom                headroom 434056 (watermark 272789), armed before 0; one request of 533688 B: status 4 (LUA_ERRMEM=4), armed after 1
  PASS  W2c and the retry succeeds once the garbage is collected the same request again: status 0, used 576390 of cap 1091158
  PASS  W2d a request inside the credit is lent, then repaid a request of headroom + G/4 (758304 B): status 0, used 1108358 vs cap 1091158 right after; 801214 after the next checkpoint
  INFO  W9 residual: allocate-first retries, no checkpoint   request 567793 B = headroom 434056 + G 68201 + 64 KB, garbage 600 KB: status 0, tries made 20
  PASS  W1 C mode: catch the refusal, drop the data, carry on (x3) [0: status 0, 'not enough memory|256|3', used 44293, 60886 after 1129 tables, cap 1091258, collects +12] [1: status 0, 'not enough memory|256|3', used 44293, 60886 after 1129 tables, cap 1091402, collects +11] [2: status 0, 'not enough memory|256|3', used 44293, 60886 after 1129 tables, cap 1091402, collects +11] od_peak 50963, od_limit 68212
  PASS  W1L legacy mode: catch the refusal, drop the data, carry on (x3) [0: status 0, 'not enough memory|256|3', used 44293, 60886 after 1129 tables, cap 1091258, collects +12] [1: status 0, 'not enough memory|256|3', used 44293, 60886 after 1129 tables, cap 1091402, collects +11] [2: status 0, 'not enough memory|256|3', used 44293, 60886 after 1129 tables, cap 1091402, collects +11] od_peak 50963, od_limit 68212
  PASS  W1j C mode, JIT on: catch, drop, carry on (x3)       [0: status 0, 'not enough memory|256|3', used 46517, 60150 after 1129 tables, cap 1091258, collects +12] [1: status 0, 'not enough memory|256|3', used 46517, 60086 after 1131 tables, cap 1092842, collects +11] [2: status 0, 'not enough memory|256|3', used 46517, 60086 after 1131 tables, cap 1092842, collects +11] od_peak 50987, od_limit 68302
  PASS  W12 a fill to the wall costs a bounded number of cycles the worst W1 round: 12 full cycles (bound 16); back-offs engaged 3
  PASS  W8 an allocation between catch and drop: still recovers status 0, 'err: not enough memory|256|3', used 1142330, 98014 after 1129 tables (status 0), cap 1091258, bailouts 0 -> 0
  PASS  W3 a lone allocation at an exhausted cap is lent     cap == used: status 0 (LUA_ERRMEM=4), t[1] = 2000, overdrafts 1
  PASS  W4 near the wall, cycles per bytes allocated, not per checkpoint 20000 x 64 B, 256 KB live: far (4 watermarks) 0 collects, status 0; near (64 KB) 39 collects (bound 61), status 0, refusals +0; time near/far 0.5
  PASS  W7 caught refusals cannot push the heap past cap + G 4000 caught attempts past the wall, as the sandbox: status 0, caught 3955, refusals +3955, collects +3969; used 337788 vs cap 305078; od_peak 32710, od_limit 32768
  PASS  W10 the kernel allocates after the sandbox spent the credit status 0, 'true|true|2|true' (kernel armed|after disarm|sandbox refusals|resume); used 882796 vs cap 829146
  PASS  W11 live data past total + G/2: the reserve tier, not a refusal setup 0; cap 282190 under used 306766 by 24 KB, G 32768: resume 1 (LUA_YIELD=1), 64 B lent, 32 KB refused; used 311150
  PASS  M9 a state that never hands over stays in legacy mode csync=0; allocator calls 58368, of them through JNI 48596
  PASS  M0c the first state is still on its arena at the end _OCLJ_GCSTATS heap=1 after every case above

checks=65 failures=0
