[negctl] eris_lj.h from /c/Users/astro/Downloads/OC-LuaJIT/serializer

[negctl] --- canon : canonical shim passes every check
[negctl]     exit status  want=0 got=0
[negctl]     failing ids  want=[]
[negctl]                  got =[]
  RESULT: PASS  canonical shim passes every check

[negctl] --- dropmode : mode-dropping shim is caught
[negctl]     exit status  want=1 got=1
[negctl]     failing ids  want=[MG1 MG3 MG9 ]
[negctl]                  got =[MG1 MG3 MG9 ]
  RESULT: PASS  mode-dropping shim is caught

[negctl] --- sniffer : byte-sniffer's unchecked direction and stack leak are caught
[negctl]     exit status  want=1 got=1
[negctl]     failing ids  want=[MG1D MG3 ]
[negctl]                  got =[MG1D MG3 ]
  RESULT: PASS  byte-sniffer's unchecked direction and stack leak are caught
[negctl] 
[negctl] --- sniffer, with OCLJ_NOMODECHECK=1 in the environment
[negctl]     exit status  want=1 got=1
[negctl]     failing ids  want=[MG1 MG3 MG9 ]
[negctl]                  got =[MG1 MG3 MG9 ]
  RESULT: PASS  env bypass is caught

[negctl] --- le51 : 5.1 __le semantics are caught
[negctl]     exit status  want=1 got=1
[negctl]     failing ids  want=[LE1 LE2 LE3 LE4 ]
[negctl]                  got =[LE1 LE2 LE3 LE4 ]
  RESULT: PASS  5.1 __le semantics are caught

[negctl] --- memcanon : canonical shim passes every memory check
[negctl]     exit status  want=0 got=0
[negctl]     failing ids  want=[]
[negctl]                  got =[]
  RESULT: PASS  canonical shim passes every memory check

[negctl] --- stopgap : a discarded allocator swap is caught
[negctl]     exit status  want=1 got=1
[negctl]     failing ids  want=[C0b C0d C3a C4b C5a C5b C6 M3 M3b M3c M4 M4c M5 M6b M7 M9 P1a P2a P2b P2c P2e P2f P2g P2h ]
[negctl]                  got =[C0b C0d C3a C4b C5a C5b C6 M3 M3b M3c M4 M4c M5 M6b M7 M9 P1a P2a P2b P2c P2e P2f P2g P2h W5a W5b W5c ]
  ---- test output ----
  | mem_test -- lj52 memory accounting
  |   PASS  M0 the state's heap is its own lj_alloc arena        _OCLJ_GCSTATS heap=1 (1 = own lj_alloc arena, 0 = libc, -1 = absent)
  |   PASS  M1 uncapped state is not charged                     2000 tables allocated, setluamemory never called
  |   PASS  M2 capped but unbound: still not charged             lua_setallocf before the javastate exists is harmless
  |   PASS  M2b settling up at bind leaves used non-negative     used=0 after settling up
  |   FAIL  M3 allocation is charged                             used 0 -> 0 (+0) over 20000 tables
  |   FAIL  M3b charged to the byte, vs lua_gc(GCCOUNT)          we charged +0, LuaJIT counted +1828506  (difference -1828506)
  |   FAIL  M3c legacy mode keeps the native figure too, exact   native used 2258936, Java's field 0, LuaJIT 2258936
  |   FAIL  M4 freeing is credited back                          used 0 -> 0 (0 of 0 reclaimed)
  |   FAIL  M4c credited to the byte, vs lua_gc(GCCOUNT)         we credited +0, LuaJIT counted -2215734  (difference 2215734)
  |   PASS  M4b used never goes negative                         used=0
  |   FAIL  M5 the cap refuses                                   pcall status=0 (LUA_ERRMEM=4)  used=0 cap=196608
  |   PASS  M6a lua_pushcfunction survives an exhausted cap      used == total == 0; pushed=yes
  |   FAIL  M6b a RAW push is refused at that same cap           the raw push SUCCEEDED, so M6a proves nothing: the cap was not tight
  |   FAIL  M7 the unrefusable push is still charged             the push allocated off the books -- an uncharged path is a hole
  |   PASS  M8 clearing the javastate stops the accounting       5000 tables allocated, setluamemory never called again
  |         main state after M8: flush_wanted=0 trace_flushes=0 (-1 == stat absent; a standing flag here is M5-M7's, awaiting a resume)
  |   PASS  M0b the second state is on its own arena too         _OCLJ_GCSTATS heap=1
  |   PASS  P0 the JIT compiled a few dozen resident traces      traces_live=40 after 40 hot loops
  |         base live set used=0  arms=0 collects=0 bailouts=0 refusals=0 trace_flushes=0 (-1 == stat absent)
  |   FAIL  P1a an emergency cycle armed and was proven to complete 400 steps of 64 KB garbage (status 0): arms 0 -> 0, collects 0 -> 0, bailouts +0, refusals +0, used=0 of 1048576
  |   PASS  P1b garbage restored the headroom: flush NOT wanted  headroom after the cycle = 1048576 (watermark 262144); flush_wanted=0
  |   PASS  P1c the safe point left the traces alone             arm()+disarm(): traces_live 40 -> 40, trace_flushes=0
  |   PASS  P1d trace_flushes is 0                               arm()+disarm(): traces_live 40 -> 40, trace_flushes=0
  |   FAIL  P2a the live allocation armed the emergency cycle    used=0 of 262144 (headroom 262144), armed=0
  |   FAIL  P2b the cycle completed and headroom is STILL under the watermark 10000 steps (status 0): collects 0 -> 0, headroom now 262144 (watermark 131072), flush_wanted=0, traces_live=40
  |   FAIL  P2c the collector raised flush_wanted at the proof   10000 steps (status 0): collects 0 -> 0, headroom now 262144 (watermark 131072), flush_wanted=0, traces_live=40
  |   PASS  P2d nothing flushed yet: the allocator never flushes 10000 steps (status 0): collects 0 -> 0, headroom now 262144 (watermark 131072), flush_wanted=0, traces_live=40
  |   FAIL  P2e the arm entry point flushed once                 arm(): trace_flushes=0 flush_wanted=0 traces_live=40 flush_bytes=0 refusals=0 re-armed=0
  |   FAIL  P2f no trace is live after the flush                 arm(): trace_flushes=0 flush_wanted=0 traces_live=40 flush_bytes=0 refusals=0 re-armed=0
  |   FAIL  P2g the flag is consumed and the cycle re-armed      arm(): trace_flushes=0 flush_wanted=0 traces_live=40 flush_bytes=0 refusals=0 re-armed=0
  |   FAIL  P2h the accounted used dropped by at least the trace metadata used 0 -> 0 -> 0: dropped 0 across arm + 10000 steps (status 0, collects 0 -> 0); flush unlinked 0 bytes of trace metadata
  |   PASS  C0a a freshly bound state is in legacy mode          csync=0, native used=-1 (-1 = not handed over)
  |   FAIL  C0d legacy allocations cross JNI, counted three ways 3000 tables in legacy mode: getluamemory calls +0, getthreadenv +0, allocator calls through JNI +0
  |   FAIL  C0b the handover: native cap and figure are Java's and LuaJIT's csync=1, native cap 67108864 (Java 67108864); used: native 317796, Java's field 0, LuaJIT 317796
  |   PASS  C0c _OCLJ_GCSTATS returns 20 values                  20 values (14 before 2026-10-03)
  |   PASS  C1 after the handover no allocation crosses into the JVM openlibs + 20000 tables: allocator calls +20478, of them through JNI +0; getluamemory +0, setluamemory +0, getthreadenv +0
  |   PASS  C2a the native figure is LuaJIT's own count, to the byte native used 2363320, LuaJIT 2363320 (difference 0); getFreeMemory 64745544
  |   PASS  C2b getFreeMemory reads the native figure, once      getFreeMemory=64745544; used reads 3 -> 4
  |   PASS  C2c frees are credited, to the byte                  used 2363320 -> 43202 (2320118 reclaimed); LuaJIT 43202 (difference 0)
  |   FAIL  C3a a lowered cap refuses on the next allocations    cap lowered to used+192 KB = 239810: status 0 (LUA_ERRMEM=4), used 1014262540, native cap 239810
  |   PASS  C3b a raised cap admits at once                      cap raised to 64 MB: status 0, used 1016284592
  |   PASS  C4a the save's raised cap lets the persist allocate past the machine's under Integer.MAX_VALUE: status 0, used 2066480 (machine cap 108738), free 2145417167
  |   FAIL  C4b the restored cap reads free 0 and refuses growth cap restored to 108738 under used 2164086: free 0, next growth status 0 (LUA_ERRMEM=4)
  |   PASS  C4c once that garbage is collected the machine runs again after collecting the persist's garbage: free 65536, status 0
  |   FAIL  C5a the emergency cycle arms against the native cap and completes 400 steps of 64 KB garbage under a native cap of used+1 MB (status 0; armed before 0): arms 0 -> 0, collects 0 -> 0
  |   FAIL  C5b live data under the watermark: armed, proven, flush wanted before: armed 0, flush_wanted 0; 160 KB live under used+256 KB: armed=0, 10000 steps (status 0), collects 0 -> 0, headroom -73880 (watermark 131072), flush_wanted=0
  |   FAIL  C6 exhausted cap: raw push refused, memo push succeeds, charged native cap == used == 53178: raw push status 0 (LUA_ERRMEM=4); memo push succeeded, used 53226 -> 53274
  |   PASS  C7 accounting off: nothing refused, the figure still tracks status 0; getluamemory +0, setluamemory +0; native used 559864, LuaJIT 559864
  |   PASS  C8 -1 where there is no handed-over record           no state -1, foreign allocator -1 (after settotal), uncapped -1; uncapped getFreeMemory 0, csync 0
  |   FAIL  W5a an arm in the sweep does not leave the collector parked state 4 before; arms 0 -> 0; after two checkpoints: state 4, armed 0, stepmul 200, threshold 1057145 vs gc.total 1056345, park resets 0
  |   FAIL  W5b and the churn after it collects, never refused   20000 x 64 B: status 0 (LUA_ERRMEM=4) after 20000 steps; collects 0 -> 0, bailouts 0 -> 0
  |   FAIL  W5c a sweep that frees 100000 blocks is not a bailout 6443161 B held, then an armed cycle: statuses 0/0, collects 0 -> 0, bailouts 0 -> 0
  |   FAIL  M9 a state that never hands over stays in legacy mode csync=0; allocator calls 10053880, of them through JNI 0
  |   PASS  M0c the first state is still on its arena at the end _OCLJ_GCSTATS heap=1 after every case above
  | 
  | checks=52 failures=27
  RESULT: FAIL  a discarded allocator swap is caught

[negctl] --- nopending : dropping pre-binding bytes is caught
[negctl]     exit status  want=1 got=1
[negctl]     failing ids  want=[C0b M3c M4b M5 M7 ]
[negctl]                  got =[C0b M3c M4b M5 M7 ]
  RESULT: PASS  dropping pre-binding bytes is caught

[negctl] --- norefuse : without the window, a bare-frame push KILLS THE PROCESS
[negctl]     exit status      = 127  (want non-zero)
[negctl]     got as far as M5 = 1  (want 1 -- so we know WHERE it died)
[negctl]     reached summary  = 0  (want 0 -- it must not get that far)
  RESULT: PASS  without the window, a bare-frame push KILLS THE PROCESS

[negctl] --- nopark : a parked collector is caught
[negctl]     exit status  want=1 got=1
[negctl]     failing ids  want=[W5a W5b ]
[negctl]                  got =[W5a W5b ]
  RESULT: PASS  a parked collector is caught

[negctl] --- freescount : a valve that counts the sweep's frees is caught
[negctl]     exit status  want=1 got=1
[negctl]     failing ids  want=[W5c ]
[negctl]                  got =[W5c ]
  RESULT: PASS  a valve that counts the sweep's frees is caught

[negctl] --- wdcanon : canonical shim passes every watchdog check
[negctl]     exit status  want=0 got=0
[negctl]     failing ids  want=[]
[negctl]                  got =[]
  RESULT: PASS  canonical shim passes every watchdog check

[negctl] --- standinghook : a standing hook is caught by W6b, W8c and W12
[negctl]     exit status  want=1 got=1
[negctl]     failing ids  want=[W12 W6b W8c ]
[negctl]                  got =[W10g W12 W6b W8c ]
  ---- test output ----
  | wd_test -- lj52 deadline watchdog
  |   PASS  W1 _OCLJ_WATCHDOG.arm / .disarm exist                      
  |   PASS  W2 a 50 ms deadline interrupts `while true do end`         status=2 msg=WD-DEADLINE after 50.0 ms
  |   PASS  W3a after firing, checkDeadline's count=1 re-arm is set    
  |   PASS  W3b disarm() reached through the grace and cleared it      status=0, hook=clear
  |   PASS  W4 disarm before expiry: nothing fires later               status=0, hook=clear after sleeping past the cancelled deadline
  |   PASS  W5a inner deadline fires                                   status=2 after 50.0 ms
  |   PASS  W5b popped to the outer 10 s deadline: a 100 ms loop is undisturbed status=0, hook=clear
  |   PASS  W5c fully disarmed                                         
  |   PASS  W6a jit.status() is true                                   
  |   FAIL  W6b traces run while armed: few traces, milliseconds       4M iterations in 234.6 ms, traces start/stop/abort=103/102/1 (a standing hook: ~900 ms, ~200 traces)
  |   PASS  W7a arm(-0.1) hooks synchronously and fires before arm() returns status=2 msg=WD-DEADLINE, hook=SET
  |   PASS  W7b the count=1 re-arm is in place and grace holds         status=0 (inside the grace, so the re-armed hook lets it run)
  |   PASS  W7c disarmed again through the grace                       
  |   PASS  W9a deadline fired, hook set                               
  |   PASS  W9b hook cleared behind the watchdog's back                
  |   PASS  W9c the re-fire put it back                                hook=SET after 170 ms with the timer still armed
  |   PASS  W9d and disarm stops the re-fire for good                  hook=clear 170 ms after disarm
  |   PASS  W13a no HOOK_ACTIVE wedge                                  status=0, HOOK_ACTIVE=clear after 1 s of hook-per-instruction with ~20 re-fires
  |   PASS  W13b and the next deadline still fires                     status=2 after 50.0 ms
  |   PASS  W8a disarm(token) restores TO the level, not one entry     depth after disarm(token=1) with two leaked entries above = 0
  |   PASS  W8b the outermost arm resets the stack first               depth after an outermost arm over two leaked entries = 1
  |   FAIL  W8c the leaked expired deadline is gone: a 100 ms loop is undisturbed 
  |   PASS  W8d and popping the legitimate one re-programs nothing stale status=0 hook=clear
  |   PASS  W10a a leaked entry: the fire reaches the parent past the skip budget status=2 msg=WD-DEADLINE after 50.0 ms (deadline 50 ms, loop allowed 300)
  |   PASS  W10b ...after exactly LJ52_WD_SKIPMAX skipped fires, not one more skipped=64 (LJ52_WD_SKIPMAX=64), callback calls on main=4687
  |   PASS  W10c and disarm clears it as usual                         
  |   PASS  W10d an arm FOR a coroutine interrupts that coroutine      status=2 msg=WD-DEADLINE
  |   PASS  W10e a coroutine nested past the cap is still interrupted  status=2 after 300.0 ms msg=WD-DEADLINE
  |   PASS  W10f and disarm(token) unwinds it all                      
  |   FAIL  W10g the normal path: child killed, parent skipped to disarm(), never called status=0 msg= child ok=0 err=WD-DEADLINE, callback calls=2614 on main=0, skipped=0
  |   PASS  W10h and disarm(token) left nothing behind                 hook=clear depth=0
  |   PASS  W11a arms past the cap push nothing and raise nothing      depth after 401 arms = 256 (cap 256), no error raised
  |   PASS  W11b ...and the enclosing 10 s deadline is what stays live status=0 hook=clear
  |   PASS  W11c disarm(token) unwinds it all                          
  |   FAIL  W12 a timeout past LJ52_WD_MAXMS arms no timer at all      hook=SET (the bound was not applied and the timer fired at once) 120 ms after arm(1e16 s)
  | 
  | checks=35 failures=4
  RESULT: FAIL  a standing hook is caught by W6b, W8c and W12

[negctl] --- notimer : without the async injection, the deadline is NEVER enforced (the test's alarm ends it)
[negctl]     exit status      = 99  (want 99, the alarm's code)
[negctl]     got as far as W1 = 1  (want 1)
[negctl]     ALARM line       = 1  (want 1)
[negctl]     reached summary  = 0  (want 0)
  RESULT: PASS  without the async injection, the deadline is NEVER enforced (the test's alarm ends it)

[negctl] --- build-native.sh must refuse the sabotaged shims
[negctl]     dropmode: exit=1 reason=gate
      BUILD FAIL: lj52shim.h does not map lua_load onto lua_loadx.  The chunk-mode
  RESULT: PASS  build-native.sh refuses 'dropmode'
[negctl]     sniffer: exit=1 reason=gate
      BUILD FAIL: escape hatch 'OCLJ_NOMODECHECK' is back in the shim (line above).  The canonical
  RESULT: PASS  build-native.sh refuses 'sniffer'

NEGATIVE CONTROL: FAIL -- see the RESULT lines above.
                  A security test that does not fail here is not
                  evidence of anything.
