g-record-r1-V-O exit=0 CLASS=CLEAN APACITY| shape=record native=additive jit=off jitearly=off tier=192KB scale=1.8 kernelMemory=164923 held=603 why=not_enough_memory t_first5=0.0001 t_last5=0.0018 batches=61 last/first=18.00 freeKB_at_end/totalKB=0/192 arms=+118 refusals=+1 trace_flushes=+0 fill_ms=2233 queued=true running=true lastError=<null>
    g-record-r1-V-O CAP-IDLE| ticks=400 arms=+1 collects=+1 bailouts=+0 refusals=+0 trace_flushes=+0 trace_flush_bytes=+0 park_resets=+0 traces_live 0 -> 0 armed=0 state=0 stepmul=200 threshold=707000 gctotal=383730 ccap=518818 cused=383730 parked=false wallstats=present running=true
    g-record-r1-V-O CAP-LIVE| used=354016 kernelMemory=164923 user=189093 count(3 collects)=354032/353968/353968 total=518818 traces_live=0
    g-record-r1-V-O CAP-GC| collects=+118 bailouts=+0 overdrafts=+1710 od_peak=16614 od_state=0 park_resets=+0 od_limit=32768 kslice=16384 gc_low=349983 armby=0 window=4096 lends=+12 win=0 refused=52 end: armed=0 state=0 stepmul=200 threshold=700000 gctotal=350331 ccap=518818 cused=350331 parked=false
    g-record-r1-V-O CAP-X| batch=10 junk=24 OCLJCAPX=61/600/0/0 traces(start/abort) 0/0 -> 0/0 class=CLEAN site=-
    g-record-r1-V-O SMOKE| MILESTONE km-1-kernel-init-compiles-nothing: PASS -- traces live at the kernelMemory baseline = 0; kernelMemory=164923
    g-record-r1-V-O SMOKE| MILESTONE cap-1-refusal-caught-machine-survives: PASS -- shape=record OCLJCAP=done/603/not_enough_memory running=true lastError=<null>
g-record-r1-V-D exit=0 CLASS=CLEAN APACITY| shape=record native=additive jit=on jitearly=- tier=192KB scale=1.8 kernelMemory=164923 held=548 why=not_enough_memory t_first5=0.0001 t_last5=0.0013 batches=55 last/first=13.00 freeKB_at_end/totalKB=0/192 arms=+120 refusals=+1 trace_flushes=+23 fill_ms=2264 queued=true running=true lastError=<null>
    g-record-r1-V-D CAP-IDLE| ticks=400 arms=+20 collects=+20 bailouts=+0 refusals=+0 trace_flushes=+0 trace_flush_bytes=+0 park_resets=+0 traces_live 27 -> 62 armed=0 state=0 stepmul=200 threshold=820200 gctotal=424928 ccap=518818 cused=424928 parked=false wallstats=present running=true
    g-record-r1-V-D CAP-LIVE| used=410582 kernelMemory=164923 user=245659 count(3 collects)=410598/410534/410534 total=518818 traces_live=62
    g-record-r1-V-D CAP-GC| collects=+120 bailouts=+0 overdrafts=+1121 od_peak=17508 od_state=0 park_resets=+0 od_limit=32768 kslice=16384 gc_low=388021 armby=0 window=4096 lends=+4 win=0 refused=28 end: armed=0 state=0 stepmul=200 threshold=777000 gctotal=426953 ccap=518818 cused=426953 parked=false
    g-record-r1-V-D CAP-X| batch=10 junk=24 OCLJCAPX=55/540/0/0 traces(start/abort) 369/198 -> 628/253 class=CLEAN site=-
    g-record-r1-V-D SMOKE| MILESTONE km-1-kernel-init-compiles-nothing: PASS -- traces live at the kernelMemory baseline = 0; kernelMemory=164923
    g-record-r1-V-D SMOKE| MILESTONE cap-1-refusal-caught-machine-survives: PASS -- shape=record OCLJCAP=done/548/not_enough_memory running=true lastError=<null>
g-record-r1-V-L exit=0 CLASS=CLEAN APACITY| shape=record native=luajit jit=on jitearly=- tier=192KB scale=1.8 kernelMemory=164247 held=615 why=not_enough_memory t_first5=0.0004 t_last5=0.0018 batches=62 last/first=4.50 freeKB_at_end/totalKB=0/192 arms=+220 refusals=+2 trace_flushes=+28 fill_ms=2493 queued=true running=true lastError=<null>
    g-record-r1-V-L CAP-IDLE| ticks=400 arms=+20 collects=+20 bailouts=+0 refusals=+0 trace_flushes=+0 trace_flush_bytes=+0 park_resets=+0 traces_live 35 -> 59 armed=0 state=0 stepmul=200 threshold=812800 gctotal=421204 ccap=0 cused=421204 parked=false wallstats=present running=true
    g-record-r1-V-L CAP-LIVE| used=406858 kernelMemory=164247 user=242611 count(3 collects)=406874/406810/406810 total=518142 traces_live=59
    g-record-r1-V-L CAP-GC| collects=+220 bailouts=+0 overdrafts=+2959 od_peak=33768 od_state=0 park_resets=+0 od_limit=32768 kslice=16384 gc_low=382197 armby=0 window=4096 lends=+65 win=0 refused=52 end: armed=0 state=0 stepmul=200 threshold=764200 gctotal=390249 ccap=0 cused=390249 parked=false
    g-record-r1-V-L CAP-X| batch=10 junk=24 OCLJCAPX=62/610/1/0 traces(start/abort) 369/206 -> 617/250 class=CLEAN site=-
    g-record-r1-V-L SMOKE| MILESTONE km-1-kernel-init-compiles-nothing: PASS -- traces live at the kernelMemory baseline = 0; kernelMemory=164247
    g-record-r1-V-L SMOKE| MILESTONE cap-1-refusal-caught-machine-survives: PASS -- shape=record OCLJCAP=done/615/not_enough_memory running=true lastError=<null>
g-record-r2-V-O exit=0 CLASS=CLEAN APACITY| shape=record native=additive jit=off jitearly=off tier=192KB scale=1.8 kernelMemory=164923 held=601 why=not_enough_memory t_first5=0.0001 t_last5=0.0025 batches=61 last/first=25.00 freeKB_at_end/totalKB=0/192 arms=+136 refusals=+1 trace_flushes=+0 fill_ms=2254 queued=true running=true lastError=<null>
    g-record-r2-V-O CAP-IDLE| ticks=400 arms=+1 collects=+1 bailouts=+0 refusals=+0 trace_flushes=+0 trace_flush_bytes=+0 park_resets=+0 traces_live 0 -> 0 armed=0 state=0 stepmul=200 threshold=707800 gctotal=361950 ccap=518818 cused=361950 parked=false wallstats=present running=true
    g-record-r2-V-O CAP-LIVE| used=354340 kernelMemory=164923 user=189417 count(3 collects)=354356/354292/354292 total=518818 traces_live=0
    g-record-r2-V-O CAP-GC| collects=+136 bailouts=+0 overdrafts=+1710 od_peak=16778 od_state=0 park_resets=+0 od_limit=32768 kslice=16384 gc_low=350371 armby=1 window=4096 lends=+88 win=0 refused=88 end: armed=0 state=0 stepmul=200 threshold=700600 gctotal=371975 ccap=518818 cused=371975 parked=false
    g-record-r2-V-O CAP-X| batch=10 junk=24 OCLJCAPX=61/600/0/0 traces(start/abort) 0/0 -> 0/0 class=CLEAN site=-
    g-record-r2-V-O SMOKE| MILESTONE km-1-kernel-init-compiles-nothing: PASS -- traces live at the kernelMemory baseline = 0; kernelMemory=164923
    g-record-r2-V-O SMOKE| MILESTONE cap-1-refusal-caught-machine-survives: PASS -- shape=record OCLJCAP=done/601/not_enough_memory running=true lastError=<null>
g-record-r2-V-D exit=0 CLASS=CLEAN APACITY| shape=record native=additive jit=on jitearly=- tier=192KB scale=1.8 kernelMemory=164923 held=619 why=not_enough_memory t_first5=0.0001 t_last5=0.0016 batches=62 last/first=16.00 freeKB_at_end/totalKB=0/192 arms=+155 refusals=+3 trace_flushes=+28 fill_ms=2250 queued=true running=true lastError=<null>
    g-record-r2-V-D CAP-IDLE| ticks=400 arms=+20 collects=+20 bailouts=+0 refusals=+0 trace_flushes=+0 trace_flush_bytes=+0 park_resets=+0 traces_live 54 -> 64 armed=0 state=0 stepmul=200 threshold=816200 gctotal=408420 ccap=518818 cused=408420 parked=false wallstats=present running=true
    g-record-r2-V-D CAP-LIVE| used=408554 kernelMemory=164923 user=243631 count(3 collects)=408506/408506/408506 total=518818 traces_live=64
    g-record-r2-V-D CAP-GC| collects=+155 bailouts=+0 overdrafts=+2709 od_peak=33304 od_state=0 park_resets=+0 od_limit=32768 kslice=16384 gc_low=388373 armby=0 window=4096 lends=+26 win=0 refused=28 end: armed=0 state=0 stepmul=200 threshold=776600 gctotal=417109 ccap=518818 cused=417109 parked=false
    g-record-r2-V-D CAP-X| batch=10 junk=24 OCLJCAPX=62/610/2/0 traces(start/abort) 315/161 -> 571/221 class=CLEAN site=-
    g-record-r2-V-D SMOKE| MILESTONE km-1-kernel-init-compiles-nothing: PASS -- traces live at the kernelMemory baseline = 0; kernelMemory=164923
    g-record-r2-V-D SMOKE| MILESTONE cap-1-refusal-caught-machine-survives: PASS -- shape=record OCLJCAP=done/619/not_enough_memory running=true lastError=<null>
g-record-r2-V-L exit=0 CLASS=CLEAN APACITY| shape=record native=luajit jit=on jitearly=- tier=192KB scale=1.8 kernelMemory=164247 held=606 why=not_enough_memory t_first5=0.0003 t_last5=0.0016 batches=61 last/first=5.33 freeKB_at_end/totalKB=0/192 arms=+196 refusals=+3 trace_flushes=+30 fill_ms=2252 queued=true running=true lastError=<null>
    g-record-r2-V-L CAP-IDLE| ticks=400 arms=+20 collects=+20 bailouts=+0 refusals=+0 trace_flushes=+0 trace_flush_bytes=+0 park_resets=+0 traces_live 34 -> 64 armed=0 state=0 stepmul=200 threshold=825800 gctotal=434624 ccap=0 cused=434624 parked=false wallstats=present running=true
    g-record-r2-V-L CAP-LIVE| used=412990 kernelMemory=164247 user=248743 count(3 collects)=413006/412942/412942 total=518142 traces_live=64
    g-record-r2-V-L CAP-GC| collects=+196 bailouts=+0 overdrafts=+2729 od_peak=33360 od_state=0 park_resets=+0 od_limit=32768 kslice=16384 gc_low=388553 armby=0 window=4096 lends=+28 win=0 refused=52 end: armed=0 state=0 stepmul=200 threshold=778000 gctotal=397693 ccap=0 cused=397693 parked=false
    g-record-r2-V-L CAP-X| batch=10 junk=24 OCLJCAPX=61/600/2/0 traces(start/abort) 381/212 -> 677/273 class=CLEAN site=-
    g-record-r2-V-L SMOKE| MILESTONE km-1-kernel-init-compiles-nothing: PASS -- traces live at the kernelMemory baseline = 0; kernelMemory=164247
    g-record-r2-V-L SMOKE| MILESTONE cap-1-refusal-caught-machine-survives: PASS -- shape=record OCLJCAP=done/606/not_enough_memory running=true lastError=<null>
g-record-r3-V-O exit=0 CLASS=CLEAN APACITY| shape=record native=additive jit=off jitearly=off tier=192KB scale=1.8 kernelMemory=164923 held=602 why=not_enough_memory t_first5=0.0001 t_last5=0.0013 batches=61 last/first=13.00 freeKB_at_end/totalKB=0/192 arms=+117 refusals=+1 trace_flushes=+0 fill_ms=2245 queued=true running=true lastError=<null>
    g-record-r3-V-O CAP-IDLE| ticks=400 arms=+0 collects=+0 bailouts=+0 refusals=+0 trace_flushes=+0 trace_flush_bytes=+0 park_resets=+0 traces_live 0 -> 0 armed=0 state=0 stepmul=200 threshold=707200 gctotal=434478 ccap=518818 cused=434478 parked=false wallstats=present running=true
    g-record-r3-V-O CAP-LIVE| used=354084 kernelMemory=164923 user=189161 count(3 collects)=354036/354036/354036 total=518818 traces_live=0
    g-record-r3-V-O CAP-GC| collects=+117 bailouts=+0 overdrafts=+1713 od_peak=16682 od_state=0 park_resets=+0 od_limit=32768 kslice=16384 gc_low=350115 armby=1 window=4096 lends=+31 win=0 refused=88 end: armed=0 state=0 stepmul=200 threshold=700200 gctotal=371087 ccap=518818 cused=371087 parked=false
    g-record-r3-V-O CAP-X| batch=10 junk=24 OCLJCAPX=61/600/0/0 traces(start/abort) 0/0 -> 0/0 class=CLEAN site=-
    g-record-r3-V-O SMOKE| MILESTONE km-1-kernel-init-compiles-nothing: PASS -- traces live at the kernelMemory baseline = 0; kernelMemory=164923
    g-record-r3-V-O SMOKE| MILESTONE cap-1-refusal-caught-machine-survives: PASS -- shape=record OCLJCAP=done/602/not_enough_memory running=true lastError=<null>
g-record-r3-V-D exit=0 CLASS=CLEAN APACITY| shape=record native=additive jit=on jitearly=- tier=192KB scale=1.8 kernelMemory=164923 held=552 why=not_enough_memory t_first5=0.0001 t_last5=0.0015 batches=56 last/first=15.00 freeKB_at_end/totalKB=0/192 arms=+160 refusals=+1 trace_flushes=+23 fill_ms=2237 queued=true running=true lastError=<null>
    g-record-r3-V-D CAP-IDLE| ticks=400 arms=+20 collects=+20 bailouts=+0 refusals=+0 trace_flushes=+0 trace_flush_bytes=+0 park_resets=+0 traces_live 47 -> 61 armed=0 state=0 stepmul=200 threshold=820400 gctotal=435444 ccap=518818 cused=435444 parked=false wallstats=present running=true
    g-record-r3-V-D CAP-LIVE| used=410502 kernelMemory=164923 user=245579 count(3 collects)=410454/410454/410454 total=518818 traces_live=61
    g-record-r3-V-D CAP-GC| collects=+160 bailouts=+0 overdrafts=+1295 od_peak=16764 od_state=0 park_resets=+0 od_limit=32768 kslice=16384 gc_low=388277 armby=0 window=4096 lends=+36 win=0 refused=40 end: armed=0 state=0 stepmul=200 threshold=776400 gctotal=409881 ccap=518818 cused=409881 parked=false
    g-record-r3-V-D CAP-X| batch=10 junk=24 OCLJCAPX=56/550/0/0 traces(start/abort) 359/214 -> 569/249 class=CLEAN site=-
    g-record-r3-V-D SMOKE| MILESTONE km-1-kernel-init-compiles-nothing: PASS -- traces live at the kernelMemory baseline = 0; kernelMemory=164923
    g-record-r3-V-D SMOKE| MILESTONE cap-1-refusal-caught-machine-survives: PASS -- shape=record OCLJCAP=done/552/not_enough_memory running=true lastError=<null>
g-record-r3-V-L exit=0 CLASS=CLEAN APACITY| shape=record native=luajit jit=on jitearly=- tier=192KB scale=1.8 kernelMemory=164247 held=598 why=not_enough_memory t_first5=0.0002 t_last5=0.0011 batches=60 last/first=5.50 freeKB_at_end/totalKB=0/192 arms=+167 refusals=+2 trace_flushes=+29 fill_ms=2235 queued=true running=true lastError=<null>
    g-record-r3-V-L CAP-IDLE| ticks=400 arms=+21 collects=+21 bailouts=+0 refusals=+0 trace_flushes=+0 trace_flush_bytes=+0 park_resets=+0 traces_live 54 -> 66 armed=0 state=0 stepmul=200 threshold=830600 gctotal=437432 ccap=0 cused=437432 parked=false wallstats=present running=true
    g-record-r3-V-L CAP-LIVE| used=415718 kernelMemory=164247 user=251471 count(3 collects)=415734/415670/415670 total=518142 traces_live=66
    g-record-r3-V-L CAP-GC| collects=+167 bailouts=+0 overdrafts=+2557 od_peak=33260 od_state=0 park_resets=+0 od_limit=32768 kslice=16384 gc_low=389897 armby=0 window=4096 lends=+20 win=0 refused=28 end: armed=0 state=0 stepmul=200 threshold=779600 gctotal=433849 ccap=0 cused=433849 parked=false
    g-record-r3-V-L CAP-X| batch=10 junk=24 OCLJCAPX=60/590/1/0 traces(start/abort) 346/193 -> 601/249 class=CLEAN site=-
    g-record-r3-V-L SMOKE| MILESTONE km-1-kernel-init-compiles-nothing: PASS -- traces live at the kernelMemory baseline = 0; kernelMemory=164247
    g-record-r3-V-L SMOKE| MILESTONE cap-1-refusal-caught-machine-survives: PASS -- shape=record OCLJCAP=done/598/not_enough_memory running=true lastError=<null>
g-record-r4-V-O exit=0 CLASS=CLEAN APACITY| shape=record native=additive jit=off jitearly=off tier=192KB scale=1.8 kernelMemory=164923 held=603 why=not_enough_memory t_first5=0.0001 t_last5=0.0017 batches=61 last/first=17.00 freeKB_at_end/totalKB=0/192 arms=+123 refusals=+1 trace_flushes=+0 fill_ms=2233 queued=true running=true lastError=<null>
    g-record-r4-V-O CAP-IDLE| ticks=400 arms=+0 collects=+0 bailouts=+0 refusals=+0 trace_flushes=+0 trace_flush_bytes=+0 park_resets=+0 traces_live 0 -> 0 armed=0 state=0 stepmul=200 threshold=707000 gctotal=432850 ccap=518818 cused=432850 parked=false wallstats=present running=true
    g-record-r4-V-O CAP-LIVE| used=354016 kernelMemory=164923 user=189093 count(3 collects)=353968/353968/353968 total=518818 traces_live=0
    g-record-r4-V-O CAP-GC| collects=+123 bailouts=+0 overdrafts=+1708 od_peak=16614 od_state=0 park_resets=+0 od_limit=32768 kslice=16384 gc_low=350047 armby=1 window=4096 lends=+12 win=0 refused=52 end: armed=0 state=0 stepmul=200 threshold=700000 gctotal=358731 ccap=518818 cused=358731 parked=false
    g-record-r4-V-O CAP-X| batch=10 junk=24 OCLJCAPX=61/600/0/0 traces(start/abort) 0/0 -> 0/0 class=CLEAN site=-
    g-record-r4-V-O SMOKE| MILESTONE km-1-kernel-init-compiles-nothing: PASS -- traces live at the kernelMemory baseline = 0; kernelMemory=164923
    g-record-r4-V-O SMOKE| MILESTONE cap-1-refusal-caught-machine-survives: PASS -- shape=record OCLJCAP=done/603/not_enough_memory running=true lastError=<null>
g-record-r4-V-D exit=0 CLASS=CLEAN APACITY| shape=record native=additive jit=on jitearly=- tier=192KB scale=1.8 kernelMemory=164923 held=559 why=not_enough_memory t_first5=0.0003 t_last5=0.0023 batches=56 last/first=7.67 freeKB_at_end/totalKB=0/192 arms=+126 refusals=+1 trace_flushes=+22 fill_ms=2233 queued=true running=true lastError=<null>
    g-record-r4-V-D CAP-IDLE| ticks=400 arms=+20 collects=+20 bailouts=+0 refusals=+0 trace_flushes=+0 trace_flush_bytes=+0 park_resets=+0 traces_live 55 -> 64 armed=0 state=0 stepmul=200 threshold=823000 gctotal=419588 ccap=518818 cused=419588 parked=false wallstats=present running=true
    g-record-r4-V-D CAP-LIVE| used=411978 kernelMemory=164923 user=247055 count(3 collects)=411994/411930/411930 total=518818 traces_live=64
    g-record-r4-V-D CAP-GC| collects=+126 bailouts=+0 overdrafts=+1280 od_peak=17444 od_state=0 park_resets=+0 od_limit=32768 kslice=16384 gc_low=387685 armby=0 window=4096 lends=+21 win=0 refused=52 end: armed=0 state=0 stepmul=200 threshold=775200 gctotal=416657 ccap=518818 cused=416657 parked=false
    g-record-r4-V-D CAP-X| batch=10 junk=24 OCLJCAPX=56/550/0/0 traces(start/abort) 326/176 -> 521/220 class=CLEAN site=-
    g-record-r4-V-D SMOKE| MILESTONE km-1-kernel-init-compiles-nothing: PASS -- traces live at the kernelMemory baseline = 0; kernelMemory=164923
    g-record-r4-V-D SMOKE| MILESTONE cap-1-refusal-caught-machine-survives: PASS -- shape=record OCLJCAP=done/559/not_enough_memory running=true lastError=<null>
g-record-r4-V-L exit=0 CLASS=CLEAN APACITY| shape=record native=luajit jit=on jitearly=- tier=192KB scale=1.8 kernelMemory=164247 held=619 why=not_enough_memory t_first5=0.0002 t_last5=0.0016 batches=62 last/first=8.00 freeKB_at_end/totalKB=0/192 arms=+183 refusals=+2 trace_flushes=+27 fill_ms=2497 queued=true running=true lastError=<null>
    g-record-r4-V-L CAP-IDLE| ticks=400 arms=+20 collects=+20 bailouts=+0 refusals=+0 trace_flushes=+0 trace_flush_bytes=+0 park_resets=+0 traces_live 57 -> 64 armed=0 state=0 stepmul=200 threshold=816200 gctotal=416160 ccap=0 cused=416160 parked=false wallstats=present running=true
    g-record-r4-V-L CAP-LIVE| used=408550 kernelMemory=164247 user=244303 count(3 collects)=408566/408502/408502 total=518142 traces_live=64
    g-record-r4-V-L CAP-GC| collects=+183 bailouts=+0 overdrafts=+2967 od_peak=33788 od_state=0 park_resets=+0 od_limit=32768 kslice=16384 gc_low=388877 armby=0 window=4096 lends=+49 win=0 refused=52 end: armed=0 state=0 stepmul=200 threshold=777600 gctotal=395665 ccap=0 cused=395665 parked=false
    g-record-r4-V-L CAP-X| batch=10 junk=24 OCLJCAPX=62/610/1/0 traces(start/abort) 317/170 -> 550/215 class=CLEAN site=-
    g-record-r4-V-L SMOKE| MILESTONE km-1-kernel-init-compiles-nothing: PASS -- traces live at the kernelMemory baseline = 0; kernelMemory=164247
    g-record-r4-V-L SMOKE| MILESTONE cap-1-refusal-caught-machine-survives: PASS -- shape=record OCLJCAP=done/619/not_enough_memory running=true lastError=<null>
g-record-r5-V-O exit=0 CLASS=CLEAN APACITY| shape=record native=additive jit=off jitearly=off tier=192KB scale=1.8 kernelMemory=164923 held=602 why=not_enough_memory t_first5=0.0001 t_last5=0.0016 batches=61 last/first=16.00 freeKB_at_end/totalKB=0/192 arms=+148 refusals=+1 trace_flushes=+0 fill_ms=2237 queued=true running=true lastError=<null>
    g-record-r5-V-O CAP-IDLE| ticks=400 arms=+2 collects=+2 bailouts=+0 refusals=+0 trace_flushes=+0 trace_flush_bytes=+0 park_resets=+0 traces_live 0 -> 0 armed=0 state=0 stepmul=200 threshold=707200 gctotal=354582 ccap=518818 cused=354582 parked=false wallstats=present running=true
    g-record-r5-V-O CAP-LIVE| used=354084 kernelMemory=164923 user=189161 count(3 collects)=354036/354036/354036 total=518818 traces_live=0
    g-record-r5-V-O CAP-GC| collects=+148 bailouts=+0 overdrafts=+1716 od_peak=16682 od_state=0 park_resets=+0 od_limit=32768 kslice=16384 gc_low=350115 armby=1 window=4096 lends=+61 win=0 refused=88 end: armed=0 state=0 stepmul=200 threshold=700200 gctotal=371719 ccap=518818 cused=371719 parked=false
    g-record-r5-V-O CAP-X| batch=10 junk=24 OCLJCAPX=61/600/0/0 traces(start/abort) 0/0 -> 0/0 class=CLEAN site=-
    g-record-r5-V-O SMOKE| MILESTONE km-1-kernel-init-compiles-nothing: PASS -- traces live at the kernelMemory baseline = 0; kernelMemory=164923
    g-record-r5-V-O SMOKE| MILESTONE cap-1-refusal-caught-machine-survives: PASS -- shape=record OCLJCAP=done/602/not_enough_memory running=true lastError=<null>
g-record-r5-V-D exit=0 CLASS=CLEAN APACITY| shape=record native=additive jit=on jitearly=- tier=192KB scale=1.8 kernelMemory=164923 held=609 why=not_enough_memory t_first5=0.0003 t_last5=0.0011 batches=61 last/first=3.67 freeKB_at_end/totalKB=0/192 arms=+181 refusals=+3 trace_flushes=+26 fill_ms=2232 queued=true running=true lastError=<null>
    g-record-r5-V-D CAP-IDLE| ticks=400 arms=+56 collects=+56 bailouts=+0 refusals=+0 trace_flushes=+0 trace_flush_bytes=+0 park_resets=+0 traces_live 65 -> 80 armed=0 state=0 stepmul=200 threshold=885400 gctotal=447600 ccap=518818 cused=447600 parked=false wallstats=present running=true
    g-record-r5-V-D CAP-LIVE| used=442686 kernelMemory=164923 user=277763 count(3 collects)=442638/442638/442638 total=518818 traces_live=80
    g-record-r5-V-D CAP-GC| collects=+181 bailouts=+0 overdrafts=+2773 od_peak=35116 od_state=0 park_resets=+0 od_limit=32768 kslice=16384 gc_low=393485 armby=0 window=4096 lends=+23 win=0 refused=52 end: armed=0 state=0 stepmul=200 threshold=786800 gctotal=415089 ccap=518818 cused=415089 parked=false
    g-record-r5-V-D CAP-X| batch=10 junk=24 OCLJCAPX=61/600/2/0 traces(start/abort) 363/196 -> 620/235 class=CLEAN site=-
    g-record-r5-V-D SMOKE| MILESTONE km-1-kernel-init-compiles-nothing: PASS -- traces live at the kernelMemory baseline = 0; kernelMemory=164923
    g-record-r5-V-D SMOKE| MILESTONE cap-1-refusal-caught-machine-survives: PASS -- shape=record OCLJCAP=done/609/not_enough_memory running=true lastError=<null>
g-record-r5-V-L exit=0 CLASS=CLEAN APACITY| shape=record native=luajit jit=on jitearly=- tier=192KB scale=1.8 kernelMemory=164247 held=613 why=not_enough_memory t_first5=0.0001 t_last5=0.0014 batches=62 last/first=14.00 freeKB_at_end/totalKB=0/192 arms=+208 refusals=+3 trace_flushes=+29 fill_ms=2236 queued=true running=true lastError=<null>
    g-record-r5-V-L CAP-IDLE| ticks=400 arms=+20 collects=+20 bailouts=+0 refusals=+0 trace_flushes=+0 trace_flush_bytes=+0 park_resets=+0 traces_live 44 -> 68 armed=0 state=0 stepmul=200 threshold=825200 gctotal=435376 ccap=0 cused=435376 parked=false wallstats=present running=true
    g-record-r5-V-L CAP-LIVE| used=413030 kernelMemory=164247 user=248783 count(3 collects)=413046/412982/412982 total=518142 traces_live=68
    g-record-r5-V-L CAP-GC| collects=+208 bailouts=+0 overdrafts=+2977 od_peak=33824 od_state=0 park_resets=+0 od_limit=32768 kslice=16384 gc_low=385509 armby=0 window=4096 lends=+93 win=0 refused=88 end: armed=0 state=0 stepmul=200 threshold=777200 gctotal=389701 ccap=0 cused=389701 parked=false
    g-record-r5-V-L CAP-X| batch=10 junk=24 OCLJCAPX=62/610/2/0 traces(start/abort) 336/178 -> 603/231 class=CLEAN site=-
    g-record-r5-V-L SMOKE| MILESTONE km-1-kernel-init-compiles-nothing: PASS -- traces live at the kernelMemory baseline = 0; kernelMemory=164247
    g-record-r5-V-L SMOKE| MILESTONE cap-1-refusal-caught-machine-survives: PASS -- shape=record OCLJCAP=done/613/not_enough_memory running=true lastError=<null>
g-record-r6-V-O exit=0 CLASS=CLEAN APACITY| shape=record native=additive jit=off jitearly=off tier=192KB scale=1.8 kernelMemory=164923 held=602 why=not_enough_memory t_first5=0.0001 t_last5=0.0017 batches=61 last/first=17.00 freeKB_at_end/totalKB=0/192 arms=+117 refusals=+1 trace_flushes=+0 fill_ms=2233 queued=true running=true lastError=<null>
    g-record-r6-V-O CAP-IDLE| ticks=400 arms=+6 collects=+6 bailouts=+0 refusals=+0 trace_flushes=+0 trace_flush_bytes=+0 park_resets=+0 traces_live 0 -> 0 armed=0 state=0 stepmul=200 threshold=707200 gctotal=383166 ccap=518818 cused=383166 parked=false wallstats=present running=true
    g-record-r6-V-O CAP-LIVE| used=354084 kernelMemory=164923 user=189161 count(3 collects)=354100/354036/354036 total=518818 traces_live=0
    g-record-r6-V-O CAP-GC| collects=+117 bailouts=+0 overdrafts=+1712 od_peak=16682 od_state=0 park_resets=+0 od_limit=32768 kslice=16384 gc_low=350115 armby=1 window=4096 lends=+31 win=0 refused=88 end: armed=0 state=0 stepmul=200 threshold=700200 gctotal=351031 ccap=518818 cused=351031 parked=false
    g-record-r6-V-O CAP-X| batch=10 junk=24 OCLJCAPX=61/600/0/0 traces(start/abort) 0/0 -> 0/0 class=CLEAN site=-
    g-record-r6-V-O SMOKE| MILESTONE km-1-kernel-init-compiles-nothing: PASS -- traces live at the kernelMemory baseline = 0; kernelMemory=164923
    g-record-r6-V-O SMOKE| MILESTONE cap-1-refusal-caught-machine-survives: PASS -- shape=record OCLJCAP=done/602/not_enough_memory running=true lastError=<null>
g-record-r6-V-D exit=0 CLASS=CLEAN APACITY| shape=record native=additive jit=on jitearly=- tier=192KB scale=1.8 kernelMemory=164923 held=560 why=not_enough_memory t_first5=0.0005 t_last5=0.0013 batches=56 last/first=2.60 freeKB_at_end/totalKB=0/192 arms=+99 refusals=+1 trace_flushes=+22 fill_ms=2241 queued=true running=true lastError=<null>
    g-record-r6-V-D CAP-IDLE| ticks=400 arms=+20 collects=+20 bailouts=+0 refusals=+0 trace_flushes=+0 trace_flush_bytes=+0 park_resets=+0 traces_live 49 -> 63 armed=0 state=0 stepmul=200 threshold=825000 gctotal=427924 ccap=518818 cused=427924 parked=false wallstats=present running=true
    g-record-r6-V-D CAP-LIVE| used=412946 kernelMemory=164923 user=248023 count(3 collects)=412962/412898/412898 total=518818 traces_live=63
    g-record-r6-V-D CAP-GC| collects=+99 bailouts=+0 overdrafts=+1251 od_peak=16692 od_state=0 park_resets=+0 od_limit=32768 kslice=16384 gc_low=388981 armby=0 window=4096 lends=+6 win=0 refused=52 end: armed=0 state=0 stepmul=200 threshold=777800 gctotal=425321 ccap=518818 cused=425321 parked=false
    g-record-r6-V-D CAP-X| batch=10 junk=24 OCLJCAPX=56/550/0/0 traces(start/abort) 343/201 -> 551/239 class=CLEAN site=-
    g-record-r6-V-D SMOKE| MILESTONE km-1-kernel-init-compiles-nothing: PASS -- traces live at the kernelMemory baseline = 0; kernelMemory=164923
    g-record-r6-V-D SMOKE| MILESTONE cap-1-refusal-caught-machine-survives: PASS -- shape=record OCLJCAP=done/560/not_enough_memory running=true lastError=<null>
g-record-r7-V-O exit=0 CLASS=CLEAN APACITY| shape=record native=additive jit=off jitearly=off tier=192KB scale=1.8 kernelMemory=164923 held=603 why=not_enough_memory t_first5=0.0001 t_last5=0.0020 batches=61 last/first=20.00 freeKB_at_end/totalKB=0/192 arms=+116 refusals=+1 trace_flushes=+0 fill_ms=2248 queued=true running=true lastError=<null>
    g-record-r7-V-O CAP-IDLE| ticks=400 arms=+1 collects=+1 bailouts=+0 refusals=+0 trace_flushes=+0 trace_flush_bytes=+0 park_resets=+0 traces_live 0 -> 0 armed=0 state=0 stepmul=200 threshold=707000 gctotal=368362 ccap=518818 cused=368362 parked=false wallstats=present running=true
    g-record-r7-V-O CAP-LIVE| used=354016 kernelMemory=164923 user=189093 count(3 collects)=354032/353968/353968 total=518818 traces_live=0
    g-record-r7-V-O CAP-GC| collects=+116 bailouts=+0 overdrafts=+1710 od_peak=16614 od_state=0 park_resets=+0 od_limit=32768 kslice=16384 gc_low=350047 armby=1 window=4096 lends=+12 win=0 refused=52 end: armed=0 state=0 stepmul=200 threshold=700000 gctotal=386387 ccap=518818 cused=386387 parked=false
    g-record-r7-V-O CAP-X| batch=10 junk=24 OCLJCAPX=61/600/0/0 traces(start/abort) 0/0 -> 0/0 class=CLEAN site=-
    g-record-r7-V-O SMOKE| MILESTONE km-1-kernel-init-compiles-nothing: PASS -- traces live at the kernelMemory baseline = 0; kernelMemory=164923
    g-record-r7-V-O SMOKE| MILESTONE cap-1-refusal-caught-machine-survives: PASS -- shape=record OCLJCAP=done/603/not_enough_memory running=true lastError=<null>
g-record-r7-V-D exit=0 CLASS=CLEAN APACITY| shape=record native=additive jit=on jitearly=- tier=192KB scale=1.8 kernelMemory=164923 held=556 why=not_enough_memory t_first5=0.0002 t_last5=0.0022 batches=56 last/first=11.00 freeKB_at_end/totalKB=0/192 arms=+144 refusals=+1 trace_flushes=+24 fill_ms=2244 queued=true running=true lastError=<null>
    g-record-r7-V-D CAP-IDLE| ticks=400 arms=+91 collects=+91 bailouts=+0 refusals=+0 trace_flushes=+0 trace_flush_bytes=+0 park_resets=+0 traces_live 100 -> 107 armed=0 state=0 stepmul=200 threshold=901800 gctotal=483926 ccap=518818 cused=483926 parked=false wallstats=present running=true
    g-record-r7-V-D CAP-LIVE| used=449664 kernelMemory=164923 user=284741 count(3 collects)=449616/449616/449616 total=518818 traces_live=107
    g-record-r7-V-D CAP-GC| collects=+144 bailouts=+0 overdrafts=+1357 od_peak=16616 od_state=0 park_resets=+0 od_limit=32768 kslice=16384 gc_low=388461 armby=0 window=4096 lends=+16 win=0 refused=40 end: armed=0 state=0 stepmul=200 threshold=777800 gctotal=389197 ccap=518818 cused=389197 parked=false
    g-record-r7-V-D CAP-X| batch=10 junk=24 OCLJCAPX=56/550/0/0 traces(start/abort) 287/180 -> 516/224 class=CLEAN site=-
    g-record-r7-V-D SMOKE| MILESTONE km-1-kernel-init-compiles-nothing: PASS -- traces live at the kernelMemory baseline = 0; kernelMemory=164923
    g-record-r7-V-D SMOKE| MILESTONE cap-1-refusal-caught-machine-survives: PASS -- shape=record OCLJCAP=done/556/not_enough_memory running=true lastError=<null>
g-record-r8-V-O exit=0 CLASS=CLEAN APACITY| shape=record native=additive jit=off jitearly=off tier=192KB scale=1.8 kernelMemory=164923 held=603 why=not_enough_memory t_first5=0.0001 t_last5=0.0017 batches=61 last/first=17.00 freeKB_at_end/totalKB=0/192 arms=+148 refusals=+1 trace_flushes=+0 fill_ms=2236 queued=true running=true lastError=<null>
    g-record-r8-V-O CAP-IDLE| ticks=400 arms=+0 collects=+0 bailouts=+0 refusals=+0 trace_flushes=+0 trace_flush_bytes=+0 park_resets=+0 traces_live 0 -> 0 armed=0 state=0 stepmul=200 threshold=707000 gctotal=434410 ccap=518818 cused=434410 parked=false wallstats=present running=true
    g-record-r8-V-O CAP-LIVE| used=354016 kernelMemory=164923 user=189093 count(3 collects)=353968/353968/353968 total=518818 traces_live=0
    g-record-r8-V-O CAP-GC| collects=+148 bailouts=+0 overdrafts=+1713 od_peak=16614 od_state=0 park_resets=+0 od_limit=32768 kslice=16384 gc_low=349983 armby=0 window=4096 lends=+24 win=0 refused=52 end: armed=0 state=0 stepmul=200 threshold=700000 gctotal=358099 ccap=518818 cused=358099 parked=false
    g-record-r8-V-O CAP-X| batch=10 junk=24 OCLJCAPX=61/600/0/0 traces(start/abort) 0/0 -> 0/0 class=CLEAN site=-
    g-record-r8-V-O SMOKE| MILESTONE km-1-kernel-init-compiles-nothing: PASS -- traces live at the kernelMemory baseline = 0; kernelMemory=164923
    g-record-r8-V-O SMOKE| MILESTONE cap-1-refusal-caught-machine-survives: PASS -- shape=record OCLJCAP=done/603/not_enough_memory running=true lastError=<null>
g-record-r8-V-D exit=1 CLASS=DOWN APACITY| shape=record native=additive jit=on jitearly=- tier=192KB scale=1.8 kernelMemory=164923 held=? why=? t_first5=0.0006 t_last5=0.0009 batches=61 last/first=1.50 freeKB_at_end/totalKB=-1/-1 arms=+223 refusals=+4 trace_flushes=+28 fill_ms=1004 queued=true running=false lastError=not enough memory
    g-record-r8-V-D CAP-IDLE| ticks=400 arms=+20 collects=+20 bailouts=+0 refusals=+0 trace_flushes=+0 trace_flush_bytes=+0 park_resets=+0 traces_live 72 -> 84 armed=0 state=0 stepmul=200 threshold=859600 gctotal=465260 ccap=518818 cused=465260 parked=false wallstats=present running=true
    g-record-r8-V-D CAP-LIVE| used=428870 kernelMemory=164923 user=263947 count(3 collects)=428822/428822/428822 total=518818 traces_live=84
    g-record-r8-V-D CAP-GC| collects=+222 bailouts=+0 overdrafts=+3740 od_peak=35380 od_state=1 park_resets=+0 od_limit=32768 kslice=16384 gc_low=551786 armby=1 window=4096 lends=+60 win=0 refused=56 end: armed=1 state=0 stepmul=0 threshold=1103800 gctotal=551970 ccap=2147483647 cused=551970 parked=true
    g-record-r8-V-D CAP-X| batch=10 junk=24 OCLJCAPX=61/610/1/0 traces(start/abort) 386/208 -> n/a class=DOWN site=-
    g-record-r8-V-D SMOKE| MILESTONE km-1-kernel-init-compiles-nothing: PASS -- traces live at the kernelMemory baseline = 0; kernelMemory=164923
    g-record-r8-V-D SMOKE| MILESTONE cap-1-refusal-caught-machine-survives: FAIL -- shape=record OCLJCAP=filling/610 running=false lastError=not enough memory   <- a refusal took the MACHINE down: raised where no handler of the program caught it (OpenOS's dispatcher, the kernel, or the probe's own allocations between batches)
    g-record-r8-V-D     SMOKE| MILESTONE cap-1-refusal-caught-machine-survives: FAIL -- shape=record OCLJCAP=filling/610 running=false lastError=not enough memory   <- a refusal took the MACHINE down: raised where no handler of the program caught it (OpenOS's dispatcher, the kernel, or the probe's own allocations between batches)
g-record-r9-V-O exit=0 CLASS=CLEAN APACITY| shape=record native=additive jit=off jitearly=off tier=192KB scale=1.8 kernelMemory=164923 held=602 why=not_enough_memory t_first5=0.0002 t_last5=0.0020 batches=61 last/first=10.00 freeKB_at_end/totalKB=0/192 arms=+123 refusals=+1 trace_flushes=+0 fill_ms=2246 queued=true running=true lastError=<null>
    g-record-r9-V-O CAP-IDLE| ticks=400 arms=+1 collects=+1 bailouts=+0 refusals=+0 trace_flushes=+0 trace_flush_bytes=+0 park_resets=+0 traces_live 0 -> 0 armed=0 state=0 stepmul=200 threshold=707200 gctotal=376430 ccap=518818 cused=376430 parked=false wallstats=present running=true
    g-record-r9-V-O CAP-LIVE| used=354084 kernelMemory=164923 user=189161 count(3 collects)=354100/354036/354036 total=518818 traces_live=0
    g-record-r9-V-O CAP-GC| collects=+123 bailouts=+0 overdrafts=+1712 od_peak=16682 od_state=0 park_resets=+0 od_limit=32768 kslice=16384 gc_low=350115 armby=1 window=4096 lends=+31 win=0 refused=88 end: armed=0 state=0 stepmul=200 threshold=700200 gctotal=350399 ccap=518818 cused=350399 parked=false
    g-record-r9-V-O CAP-X| batch=10 junk=24 OCLJCAPX=61/600/0/0 traces(start/abort) 0/0 -> 0/0 class=CLEAN site=-
    g-record-r9-V-O SMOKE| MILESTONE km-1-kernel-init-compiles-nothing: PASS -- traces live at the kernelMemory baseline = 0; kernelMemory=164923
    g-record-r9-V-O SMOKE| MILESTONE cap-1-refusal-caught-machine-survives: PASS -- shape=record OCLJCAP=done/602/not_enough_memory running=true lastError=<null>
g-record-r9-V-D exit=1 CLASS=DOWN APACITY| shape=record native=additive jit=on jitearly=- tier=192KB scale=1.8 kernelMemory=164923 held=? why=? t_first5=0.0002 t_last5=0.0008 batches=60 last/first=4.00 freeKB_at_end/totalKB=-1/-1 arms=+215 refusals=+3 trace_flushes=+26 fill_ms=967 queued=true running=false lastError=not enough memory
    g-record-r9-V-D CAP-IDLE| ticks=400 arms=+20 collects=+20 bailouts=+0 refusals=+0 trace_flushes=+0 trace_flush_bytes=+0 park_resets=+0 traces_live 38 -> 59 armed=0 state=0 stepmul=200 threshold=829400 gctotal=422796 ccap=518818 cused=422796 parked=false wallstats=present running=true
    g-record-r9-V-D CAP-LIVE| used=415186 kernelMemory=164923 user=250263 count(3 collects)=415202/415138/415138 total=518818 traces_live=59
    g-record-r9-V-D CAP-GC| collects=+214 bailouts=+0 overdrafts=+3790 od_peak=35056 od_state=1 park_resets=+0 od_limit=32768 kslice=16384 gc_low=553654 armby=1 window=4096 lends=+23 win=0 refused=56 end: armed=1 state=0 stepmul=0 threshold=1107200 gctotal=553702 ccap=2147483647 cused=553702 parked=true
    g-record-r9-V-D CAP-X| batch=10 junk=24 OCLJCAPX=60/600/1/0 traces(start/abort) 368/208 -> n/a class=DOWN site=-
    g-record-r9-V-D SMOKE| MILESTONE km-1-kernel-init-compiles-nothing: PASS -- traces live at the kernelMemory baseline = 0; kernelMemory=164923
    g-record-r9-V-D SMOKE| MILESTONE cap-1-refusal-caught-machine-survives: FAIL -- shape=record OCLJCAP=filling/600 running=false lastError=not enough memory   <- a refusal took the MACHINE down: raised where no handler of the program caught it (OpenOS's dispatcher, the kernel, or the probe's own allocations between batches)
    g-record-r9-V-D     SMOKE| MILESTONE cap-1-refusal-caught-machine-survives: FAIL -- shape=record OCLJCAP=filling/600 running=false lastError=not enough memory   <- a refusal took the MACHINE down: raised where no handler of the program caught it (OpenOS's dispatcher, the kernel, or the probe's own allocations between batches)
g-record-r10-V-O exit=0 CLASS=CLEAN APACITY| shape=record native=additive jit=off jitearly=off tier=192KB scale=1.8 kernelMemory=164923 held=601 why=not_enough_memory t_first5=0.0001 t_last5=0.0015 batches=61 last/first=15.00 freeKB_at_end/totalKB=0/192 arms=+143 refusals=+1 trace_flushes=+0 fill_ms=2245 queued=true running=true lastError=<null>
    g-record-r10-V-O CAP-IDLE| ticks=400 arms=+0 collects=+0 bailouts=+0 refusals=+0 trace_flushes=+0 trace_flush_bytes=+0 park_resets=+0 traces_live 0 -> 0 armed=0 state=0 stepmul=200 threshold=707800 gctotal=425434 ccap=518818 cused=425434 parked=false wallstats=present running=true
    g-record-r10-V-O CAP-LIVE| used=354368 kernelMemory=164923 user=189445 count(3 collects)=354384/354320/354320 total=518818 traces_live=0
    g-record-r10-V-O CAP-GC| collects=+143 bailouts=+0 overdrafts=+1710 od_peak=16806 od_state=0 park_resets=+0 od_limit=32768 kslice=16384 gc_low=350399 armby=1 window=4096 lends=+89 win=0 refused=88 end: armed=0 state=0 stepmul=200 threshold=700600 gctotal=357819 ccap=518818 cused=357819 parked=false
    g-record-r10-V-O CAP-X| batch=10 junk=24 OCLJCAPX=61/600/0/0 traces(start/abort) 0/0 -> 0/0 class=CLEAN site=-
    g-record-r10-V-O SMOKE| MILESTONE km-1-kernel-init-compiles-nothing: PASS -- traces live at the kernelMemory baseline = 0; kernelMemory=164923
    g-record-r10-V-O SMOKE| MILESTONE cap-1-refusal-caught-machine-survives: PASS -- shape=record OCLJCAP=done/601/not_enough_memory running=true lastError=<null>
g-record-r10-V-D exit=0 CLASS=CLEAN APACITY| shape=record native=additive jit=on jitearly=- tier=192KB scale=1.8 kernelMemory=164923 held=546 why=not_enough_memory t_first5=0.0002 t_last5=0.0016 batches=55 last/first=8.00 freeKB_at_end/totalKB=0/192 arms=+123 refusals=+1 trace_flushes=+23 fill_ms=2247 queued=true running=true lastError=<null>
    g-record-r10-V-D CAP-IDLE| ticks=400 arms=+79 collects=+79 bailouts=+0 refusals=+0 trace_flushes=+0 trace_flush_bytes=+0 park_resets=+0 traces_live 79 -> 96 armed=0 state=0 stepmul=200 threshold=892800 gctotal=468600 ccap=518818 cused=468600 parked=false wallstats=present running=true
    g-record-r10-V-D CAP-LIVE| used=446886 kernelMemory=164923 user=281963 count(3 collects)=446902/446838/446838 total=518818 traces_live=96
    g-record-r10-V-D CAP-GC| collects=+123 bailouts=+0 overdrafts=+1117 od_peak=16900 od_state=0 park_resets=+0 od_limit=32768 kslice=16384 gc_low=388853 armby=0 window=4096 lends=+6 win=0 refused=52 end: armed=0 state=0 stepmul=200 threshold=777600 gctotal=432345 ccap=518818 cused=432345 parked=false
    g-record-r10-V-D CAP-X| batch=10 junk=24 OCLJCAPX=55/540/0/0 traces(start/abort) 406/218 -> 657/270 class=CLEAN site=-
    g-record-r10-V-D SMOKE| MILESTONE km-1-kernel-init-compiles-nothing: PASS -- traces live at the kernelMemory baseline = 0; kernelMemory=164923
    g-record-r10-V-D SMOKE| MILESTONE cap-1-refusal-caught-machine-survives: PASS -- shape=record OCLJCAP=done/546/not_enough_memory running=true lastError=<null>
g-string-r1-V-O exit=0 CLASS=CLEAN APACITY| shape=string native=additive jit=off jitearly=off tier=192KB scale=1.8 kernelMemory=164923 held=2488 why=not_enough_memory t_first5=0.0001 t_last5=0.0027 batches=249 last/first=27.00 freeKB_at_end/totalKB=0/192 arms=+476 refusals=+2 trace_flushes=+0 fill_ms=5235 queued=true running=true lastError=<null>
    g-string-r1-V-O CAP-IDLE| ticks=400 arms=+0 collects=+0 bailouts=+0 refusals=+0 trace_flushes=+0 trace_flush_bytes=+0 park_resets=+0 traces_live 0 -> 0 armed=0 state=0 stepmul=200 threshold=706400 gctotal=426712 ccap=518818 cused=426712 parked=false wallstats=present running=true
    g-string-r1-V-O CAP-LIVE| used=353686 kernelMemory=164923 user=188763 count(3 collects)=353702/353638/353638 total=518818 traces_live=0
    g-string-r1-V-O CAP-GC| collects=+476 bailouts=+0 overdrafts=+11323 od_peak=33124 od_state=0 park_resets=+0 od_limit=32768 kslice=16384 gc_low=366499 armby=0 window=4096 lends=+85 win=0 refused=52 end: armed=0 state=0 stepmul=200 threshold=732800 gctotal=380659 ccap=518818 cused=380659 parked=false
    g-string-r1-V-O CAP-X| batch=10 junk=24 OCLJCAPX=249/2480/1/0 traces(start/abort) 0/0 -> 0/0 class=CLEAN site=-
    g-string-r1-V-O SMOKE| MILESTONE km-1-kernel-init-compiles-nothing: PASS -- traces live at the kernelMemory baseline = 0; kernelMemory=164923
    g-string-r1-V-O SMOKE| MILESTONE cap-1-refusal-caught-machine-survives: PASS -- shape=string OCLJCAP=done/2488/not_enough_memory running=true lastError=<null>
g-string-r1-V-D exit=0 CLASS=CLEAN APACITY| shape=string native=additive jit=on jitearly=- tier=192KB scale=1.8 kernelMemory=164923 held=2048 why=not_enough_memory t_first5=0.0002 t_last5=0.0002 batches=205 last/first=1.00 freeKB_at_end/totalKB=0/192 arms=+349 refusals=+1 trace_flushes=+78 fill_ms=4481 queued=true running=true lastError=<null>
    g-string-r1-V-D CAP-IDLE| ticks=400 arms=+20 collects=+20 bailouts=+0 refusals=+0 trace_flushes=+0 trace_flush_bytes=+0 park_resets=+0 traces_live 44 -> 63 armed=0 state=0 stepmul=200 threshold=825200 gctotal=439190 ccap=518818 cused=439190 parked=false wallstats=present running=true
    g-string-r1-V-D CAP-LIVE| used=412704 kernelMemory=164923 user=247781 count(3 collects)=412720/412656/412656 total=518818 traces_live=63
    g-string-r1-V-D CAP-GC| collects=+349 bailouts=+0 overdrafts=+3662 od_peak=13974 od_state=0 park_resets=+0 od_limit=32768 kslice=16384 gc_low=410129 armby=0 window=4096 lends=+0 win=0 refused=16384 end: armed=0 state=0 stepmul=200 threshold=820000 gctotal=430797 ccap=518818 cused=430797 parked=false
    g-string-r1-V-D CAP-X| batch=10 junk=24 OCLJCAPX=205/2040/0/0 traces(start/abort) 360/197 -> 1186/380 class=CLEAN site=-
    g-string-r1-V-D SMOKE| MILESTONE km-1-kernel-init-compiles-nothing: PASS -- traces live at the kernelMemory baseline = 0; kernelMemory=164923
    g-string-r1-V-D SMOKE| MILESTONE cap-1-refusal-caught-machine-survives: PASS -- shape=string OCLJCAP=done/2048/not_enough_memory running=true lastError=<null>
g-string-r1-V-L exit=0 CLASS=CLEAN APACITY| shape=string native=luajit jit=on jitearly=- tier=192KB scale=1.8 kernelMemory=164247 held=2049 why=not_enough_memory t_first5=0.0009 t_last5=0.0039 batches=205 last/first=4.33 freeKB_at_end/totalKB=0/192 arms=+388 refusals=+1 trace_flushes=+80 fill_ms=4489 queued=true running=true lastError=<null>
    g-string-r1-V-L CAP-IDLE| ticks=400 arms=+20 collects=+20 bailouts=+0 refusals=+0 trace_flushes=+0 trace_flush_bytes=+0 park_resets=+0 traces_live 51 -> 65 armed=0 state=0 stepmul=200 threshold=821800 gctotal=429402 ccap=0 cused=429402 parked=false wallstats=present running=true
    g-string-r1-V-L CAP-LIVE| used=409700 kernelMemory=164247 user=245453 count(3 collects)=409652/409652/409652 total=518142 traces_live=65
    g-string-r1-V-L CAP-GC| collects=+388 bailouts=+0 overdrafts=+2123 od_peak=20150 od_state=0 park_resets=+0 od_limit=32768 kslice=16384 gc_low=404753 armby=0 window=4096 lends=+2 win=0 refused=52 end: armed=0 state=0 stepmul=200 threshold=809400 gctotal=419545 ccap=0 cused=419545 parked=false
    g-string-r1-V-L CAP-X| batch=10 junk=24 OCLJCAPX=205/2040/0/0 traces(start/abort) 328/172 -> 1100/318 class=CLEAN site=-
    g-string-r1-V-L SMOKE| MILESTONE km-1-kernel-init-compiles-nothing: PASS -- traces live at the kernelMemory baseline = 0; kernelMemory=164247
    g-string-r1-V-L SMOKE| MILESTONE cap-1-refusal-caught-machine-survives: PASS -- shape=string OCLJCAP=done/2049/not_enough_memory running=true lastError=<null>
g-string-r2-V-O exit=0 CLASS=CLEAN APACITY| shape=string native=additive jit=off jitearly=off tier=192KB scale=1.8 kernelMemory=164923 held=2488 why=not_enough_memory t_first5=0.0001 t_last5=0.0031 batches=249 last/first=31.00 freeKB_at_end/totalKB=0/192 arms=+515 refusals=+2 trace_flushes=+0 fill_ms=5227 queued=true running=true lastError=<null>
    g-string-r2-V-O CAP-IDLE| ticks=400 arms=+1 collects=+1 bailouts=+0 refusals=+0 trace_flushes=+0 trace_flush_bytes=+0 park_resets=+0 traces_live 0 -> 0 armed=0 state=0 stepmul=200 threshold=706400 gctotal=376032 ccap=518818 cused=376032 parked=false wallstats=present running=true
    g-string-r2-V-O CAP-LIVE| used=353686 kernelMemory=164923 user=188763 count(3 collects)=353702/353638/353638 total=518818 traces_live=0
    g-string-r2-V-O CAP-GC| collects=+515 bailouts=+0 overdrafts=+11415 od_peak=33124 od_state=0 park_resets=+0 od_limit=32768 kslice=16384 gc_low=366499 armby=0 window=4096 lends=+152 win=0 refused=52 end: armed=0 state=0 stepmul=200 threshold=732800 gctotal=396659 ccap=518818 cused=396659 parked=false
    g-string-r2-V-O CAP-X| batch=10 junk=24 OCLJCAPX=249/2480/1/0 traces(start/abort) 0/0 -> 0/0 class=CLEAN site=-
    g-string-r2-V-O SMOKE| MILESTONE km-1-kernel-init-compiles-nothing: PASS -- traces live at the kernelMemory baseline = 0; kernelMemory=164923
    g-string-r2-V-O SMOKE| MILESTONE cap-1-refusal-caught-machine-survives: PASS -- shape=string OCLJCAP=done/2488/not_enough_memory running=true lastError=<null>
g-string-r2-V-D exit=0 CLASS=CLEAN APACITY| shape=string native=additive jit=on jitearly=- tier=192KB scale=1.8 kernelMemory=164923 held=2049 why=not_enough_memory t_first5=0.0003 t_last5=0.0017 batches=205 last/first=5.67 freeKB_at_end/totalKB=0/192 arms=+344 refusals=+1 trace_flushes=+77 fill_ms=4482 queued=true running=true lastError=<null>
    g-string-r2-V-D CAP-IDLE| ticks=400 arms=+20 collects=+20 bailouts=+0 refusals=+0 trace_flushes=+0 trace_flush_bytes=+0 park_resets=+0 traces_live 44 -> 62 armed=0 state=0 stepmul=200 threshold=811000 gctotal=428278 ccap=518818 cused=428278 parked=false wallstats=present running=true
    g-string-r2-V-D CAP-LIVE| used=405932 kernelMemory=164923 user=241009 count(3 collects)=405948/405884/405884 total=518818 traces_live=62
    g-string-r2-V-D CAP-GC| collects=+344 bailouts=+0 overdrafts=+2358 od_peak=20142 od_state=0 park_resets=+0 od_limit=32768 kslice=16384 gc_low=406741 armby=0 window=4096 lends=+3 win=0 refused=52 end: armed=0 state=0 stepmul=200 threshold=813800 gctotal=422369 ccap=518818 cused=422369 parked=false
    g-string-r2-V-D CAP-X| batch=10 junk=24 OCLJCAPX=205/2040/0/0 traces(start/abort) 330/181 -> 1101/332 class=CLEAN site=-
    g-string-r2-V-D SMOKE| MILESTONE km-1-kernel-init-compiles-nothing: PASS -- traces live at the kernelMemory baseline = 0; kernelMemory=164923
    g-string-r2-V-D SMOKE| MILESTONE cap-1-refusal-caught-machine-survives: PASS -- shape=string OCLJCAP=done/2049/not_enough_memory running=true lastError=<null>
g-string-r2-V-L exit=0 CLASS=CLEAN APACITY| shape=string native=luajit jit=on jitearly=- tier=192KB scale=1.8 kernelMemory=164247 held=2048 why=not_enough_memory t_first5=0.0002 t_last5=0.0001 batches=205 last/first=0.50 freeKB_at_end/totalKB=0/192 arms=+394 refusals=+1 trace_flushes=+81 fill_ms=4484 queued=true running=true lastError=<null>
    g-string-r2-V-L CAP-IDLE| ticks=400 arms=+20 collects=+20 bailouts=+0 refusals=+0 trace_flushes=+0 trace_flush_bytes=+0 park_resets=+0 traces_live 49 -> 64 armed=0 state=0 stepmul=200 threshold=825400 gctotal=430522 ccap=0 cused=430522 parked=false wallstats=present running=true
    g-string-r2-V-L CAP-LIVE| used=411236 kernelMemory=164247 user=246989 count(3 collects)=411188/411188/411188 total=518142 traces_live=64
    g-string-r2-V-L CAP-GC| collects=+394 bailouts=+0 overdrafts=+2870 od_peak=15666 od_state=0 park_resets=+0 od_limit=32768 kslice=16384 gc_low=407221 armby=0 window=4096 lends=+0 win=0 refused=16384 end: armed=0 state=0 stepmul=200 threshold=814400 gctotal=430149 ccap=0 cused=430149 parked=false
    g-string-r2-V-L CAP-X| batch=10 junk=24 OCLJCAPX=205/2040/0/0 traces(start/abort) 345/195 -> 1124/339 class=CLEAN site=-
    g-string-r2-V-L SMOKE| MILESTONE km-1-kernel-init-compiles-nothing: PASS -- traces live at the kernelMemory baseline = 0; kernelMemory=164247
    g-string-r2-V-L SMOKE| MILESTONE cap-1-refusal-caught-machine-survives: PASS -- shape=string OCLJCAP=done/2048/not_enough_memory running=true lastError=<null>
g-string-r3-V-O exit=0 CLASS=CLEAN APACITY| shape=string native=additive jit=off jitearly=off tier=192KB scale=1.8 kernelMemory=164923 held=2488 why=not_enough_memory t_first5=0.0001 t_last5=0.0041 batches=249 last/first=41.00 freeKB_at_end/totalKB=0/192 arms=+499 refusals=+2 trace_flushes=+0 fill_ms=5224 queued=true running=true lastError=<null>
    g-string-r3-V-O CAP-IDLE| ticks=400 arms=+1 collects=+1 bailouts=+0 refusals=+0 trace_flushes=+0 trace_flush_bytes=+0 park_resets=+0 traces_live 0 -> 0 armed=0 state=0 stepmul=200 threshold=706400 gctotal=375400 ccap=518818 cused=375400 parked=false wallstats=present running=true
    g-string-r3-V-O CAP-LIVE| used=353686 kernelMemory=164923 user=188763 count(3 collects)=353702/353638/353638 total=518818 traces_live=0
    g-string-r3-V-O CAP-GC| collects=+499 bailouts=+0 overdrafts=+11437 od_peak=33124 od_state=0 park_resets=+0 od_limit=32768 kslice=16384 gc_low=366499 armby=0 window=4096 lends=+152 win=0 refused=52 end: armed=0 state=0 stepmul=200 threshold=732800 gctotal=403395 ccap=518818 cused=403395 parked=false
    g-string-r3-V-O CAP-X| batch=10 junk=24 OCLJCAPX=249/2480/1/0 traces(start/abort) 0/0 -> 0/0 class=CLEAN site=-
    g-string-r3-V-O SMOKE| MILESTONE km-1-kernel-init-compiles-nothing: PASS -- traces live at the kernelMemory baseline = 0; kernelMemory=164923
    g-string-r3-V-O SMOKE| MILESTONE cap-1-refusal-caught-machine-survives: PASS -- shape=string OCLJCAP=done/2488/not_enough_memory running=true lastError=<null>
g-string-r3-V-D exit=0 CLASS=CLEAN APACITY| shape=string native=additive jit=on jitearly=- tier=192KB scale=1.8 kernelMemory=164923 held=2048 why=not_enough_memory t_first5=0.0001 t_last5=0.0004 batches=205 last/first=4.00 freeKB_at_end/totalKB=0/192 arms=+385 refusals=+1 trace_flushes=+83 fill_ms=4481 queued=true running=true lastError=<null>
    g-string-r3-V-D CAP-IDLE| ticks=400 arms=+20 collects=+20 bailouts=+0 refusals=+0 trace_flushes=+0 trace_flush_bytes=+0 park_resets=+0 traces_live 51 -> 65 armed=0 state=0 stepmul=200 threshold=826600 gctotal=435438 ccap=518818 cused=435438 parked=false wallstats=present running=true
    g-string-r3-V-D CAP-LIVE| used=413724 kernelMemory=164923 user=248801 count(3 collects)=413740/413676/413676 total=518818 traces_live=65
    g-string-r3-V-D CAP-GC| collects=+385 bailouts=+0 overdrafts=+2628 od_peak=11626 od_state=0 park_resets=+0 od_limit=32768 kslice=16384 gc_low=405177 armby=0 window=4096 lends=+0 win=0 refused=16384 end: armed=0 state=0 stepmul=200 threshold=810200 gctotal=412601 ccap=518818 cused=412601 parked=false
    g-string-r3-V-D CAP-X| batch=10 junk=24 OCLJCAPX=205/2040/0/0 traces(start/abort) 327/171 -> 1133/364 class=CLEAN site=-
    g-string-r3-V-D SMOKE| MILESTONE km-1-kernel-init-compiles-nothing: PASS -- traces live at the kernelMemory baseline = 0; kernelMemory=164923
    g-string-r3-V-D SMOKE| MILESTONE cap-1-refusal-caught-machine-survives: PASS -- shape=string OCLJCAP=done/2048/not_enough_memory running=true lastError=<null>
g-string-r3-V-L exit=0 CLASS=CLEAN APACITY| shape=string native=luajit jit=on jitearly=- tier=192KB scale=1.8 kernelMemory=164247 held=2048 why=not_enough_memory t_first5=0.0001 t_last5=0.0001 batches=205 last/first=1.00 freeKB_at_end/totalKB=0/192 arms=+393 refusals=+1 trace_flushes=+84 fill_ms=4491 queued=true running=true lastError=<null>
    g-string-r3-V-L CAP-IDLE| ticks=400 arms=+20 collects=+20 bailouts=+0 refusals=+0 trace_flushes=+0 trace_flush_bytes=+0 park_resets=+0 traces_live 44 -> 57 armed=0 state=0 stepmul=200 threshold=823200 gctotal=430630 ccap=0 cused=430630 parked=false wallstats=present running=true
    g-string-r3-V-L CAP-LIVE| used=410312 kernelMemory=164247 user=246065 count(3 collects)=410264/410264/410264 total=518142 traces_live=57
    g-string-r3-V-L CAP-GC| collects=+393 bailouts=+0 overdrafts=+3162 od_peak=14130 od_state=0 park_resets=+0 od_limit=32768 kslice=16384 gc_low=408313 armby=0 window=4096 lends=+0 win=0 refused=16384 end: armed=0 state=0 stepmul=200 threshold=816600 gctotal=423737 ccap=0 cused=423737 parked=false
    g-string-r3-V-L CAP-X| batch=10 junk=24 OCLJCAPX=205/2040/0/0 traces(start/abort) 354/212 -> 1125/364 class=CLEAN site=-
    g-string-r3-V-L SMOKE| MILESTONE km-1-kernel-init-compiles-nothing: PASS -- traces live at the kernelMemory baseline = 0; kernelMemory=164247
    g-string-r3-V-L SMOKE| MILESTONE cap-1-refusal-caught-machine-survives: PASS -- shape=string OCLJCAP=done/2048/not_enough_memory running=true lastError=<null>
g-string-r4-V-O exit=0 CLASS=CLEAN APACITY| shape=string native=additive jit=off jitearly=off tier=192KB scale=1.8 kernelMemory=164923 held=2488 why=not_enough_memory t_first5=0.0001 t_last5=0.0028 batches=249 last/first=28.00 freeKB_at_end/totalKB=0/192 arms=+478 refusals=+2 trace_flushes=+0 fill_ms=5214 queued=true running=true lastError=<null>
    g-string-r4-V-O CAP-IDLE| ticks=400 arms=+1 collects=+1 bailouts=+0 refusals=+0 trace_flushes=+0 trace_flush_bytes=+0 park_resets=+0 traces_live 0 -> 0 armed=0 state=0 stepmul=200 threshold=706400 gctotal=368664 ccap=518818 cused=368664 parked=false wallstats=present running=true
    g-string-r4-V-O CAP-LIVE| used=353686 kernelMemory=164923 user=188763 count(3 collects)=353702/353638/353638 total=518818 traces_live=0
    g-string-r4-V-O CAP-GC| collects=+478 bailouts=+0 overdrafts=+11320 od_peak=33124 od_state=0 park_resets=+0 od_limit=32768 kslice=16384 gc_low=366499 armby=0 window=4096 lends=+85 win=0 refused=52 end: armed=0 state=0 stepmul=200 threshold=732800 gctotal=403395 ccap=518818 cused=403395 parked=false
    g-string-r4-V-O CAP-X| batch=10 junk=24 OCLJCAPX=249/2480/1/0 traces(start/abort) 0/0 -> 0/0 class=CLEAN site=-
    g-string-r4-V-O SMOKE| MILESTONE km-1-kernel-init-compiles-nothing: PASS -- traces live at the kernelMemory baseline = 0; kernelMemory=164923
    g-string-r4-V-O SMOKE| MILESTONE cap-1-refusal-caught-machine-survives: PASS -- shape=string OCLJCAP=done/2488/not_enough_memory running=true lastError=<null>
g-string-r4-V-D exit=0 CLASS=CLEAN APACITY| shape=string native=additive jit=on jitearly=- tier=192KB scale=1.8 kernelMemory=164923 held=2049 why=not_enough_memory t_first5=0.0001 t_last5=0.0020 batches=205 last/first=20.00 freeKB_at_end/totalKB=0/192 arms=+372 refusals=+1 trace_flushes=+77 fill_ms=4475 queued=true running=true lastError=<null>
    g-string-r4-V-D CAP-IDLE| ticks=400 arms=+20 collects=+20 bailouts=+0 refusals=+0 trace_flushes=+0 trace_flush_bytes=+0 park_resets=+0 traces_live 55 -> 62 armed=0 state=0 stepmul=200 threshold=821600 gctotal=419482 ccap=518818 cused=419482 parked=false wallstats=present running=true
    g-string-r4-V-D CAP-LIVE| used=411240 kernelMemory=164923 user=246317 count(3 collects)=411256/411192/411192 total=518818 traces_live=62
    g-string-r4-V-D CAP-GC| collects=+372 bailouts=+0 overdrafts=+2073 od_peak=19974 od_state=0 park_resets=+0 od_limit=32768 kslice=16384 gc_low=404085 armby=0 window=4096 lends=+3 win=0 refused=52 end: armed=0 state=0 stepmul=200 threshold=808000 gctotal=428245 ccap=518818 cused=428245 parked=false
    g-string-r4-V-D CAP-X| batch=10 junk=24 OCLJCAPX=205/2040/0/0 traces(start/abort) 337/192 -> 1113/370 class=CLEAN site=-
    g-string-r4-V-D SMOKE| MILESTONE km-1-kernel-init-compiles-nothing: PASS -- traces live at the kernelMemory baseline = 0; kernelMemory=164923
    g-string-r4-V-D SMOKE| MILESTONE cap-1-refusal-caught-machine-survives: PASS -- shape=string OCLJCAP=done/2049/not_enough_memory running=true lastError=<null>
g-string-r4-V-L exit=0 CLASS=CLEAN APACITY| shape=string native=luajit jit=on jitearly=- tier=192KB scale=1.8 kernelMemory=164247 held=2048 why=not_enough_memory t_first5=0.0001 t_last5=0.0001 batches=205 last/first=1.00 freeKB_at_end/totalKB=0/192 arms=+372 refusals=+1 trace_flushes=+84 fill_ms=4482 queued=true running=true lastError=<null>
    g-string-r4-V-L CAP-IDLE| ticks=400 arms=+20 collects=+20 bailouts=+0 refusals=+0 trace_flushes=+0 trace_flush_bytes=+0 park_resets=+0 traces_live 54 -> 70 armed=0 state=0 stepmul=200 threshold=835600 gctotal=437850 ccap=0 cused=437850 parked=false wallstats=present running=true
    g-string-r4-V-L CAP-LIVE| used=416716 kernelMemory=164247 user=252469 count(3 collects)=416668/416668/416668 total=518142 traces_live=70
    g-string-r4-V-L CAP-GC| collects=+372 bailouts=+0 overdrafts=+3250 od_peak=13510 od_state=0 park_resets=+0 od_limit=32768 kslice=16384 gc_low=409873 armby=0 window=4096 lends=+0 win=0 refused=16384 end: armed=0 state=0 stepmul=200 threshold=819600 gctotal=425297 ccap=0 cused=425297 parked=false
    g-string-r4-V-L CAP-X| batch=10 junk=24 OCLJCAPX=205/2040/0/0 traces(start/abort) 362/206 -> 1180/384 class=CLEAN site=-
    g-string-r4-V-L SMOKE| MILESTONE km-1-kernel-init-compiles-nothing: PASS -- traces live at the kernelMemory baseline = 0; kernelMemory=164247
    g-string-r4-V-L SMOKE| MILESTONE cap-1-refusal-caught-machine-survives: PASS -- shape=string OCLJCAP=done/2048/not_enough_memory running=true lastError=<null>
g-string-r5-V-O exit=0 CLASS=CLEAN APACITY| shape=string native=additive jit=off jitearly=off tier=192KB scale=1.8 kernelMemory=164923 held=2216 why=not_enough_memory t_first5=0.0001 t_last5=0.0037 batches=222 last/first=37.00 freeKB_at_end/totalKB=0/192 arms=+336 refusals=+1 trace_flushes=+0 fill_ms=4738 queued=true running=true lastError=<null>
    g-string-r5-V-O CAP-IDLE| ticks=400 arms=+0 collects=+0 bailouts=+0 refusals=+0 trace_flushes=+0 trace_flush_bytes=+0 park_resets=+0 traces_live 0 -> 0 armed=0 state=0 stepmul=200 threshold=706400 gctotal=434012 ccap=518818 cused=434012 parked=false wallstats=present running=true
    g-string-r5-V-O CAP-LIVE| used=353618 kernelMemory=164923 user=188695 count(3 collects)=353570/353570/353570 total=518818 traces_live=0
    g-string-r5-V-O CAP-GC| collects=+336 bailouts=+0 overdrafts=+4231 od_peak=16856 od_state=0 park_resets=+0 od_limit=32768 kslice=16384 gc_low=366367 armby=0 window=4096 lends=+203 win=0 refused=52 end: armed=0 state=0 stepmul=200 threshold=732800 gctotal=386775 ccap=518818 cused=386775 parked=false
    g-string-r5-V-O CAP-X| batch=10 junk=24 OCLJCAPX=222/2210/0/0 traces(start/abort) 0/0 -> 0/0 class=CLEAN site=-
    g-string-r5-V-O SMOKE| MILESTONE km-1-kernel-init-compiles-nothing: PASS -- traces live at the kernelMemory baseline = 0; kernelMemory=164923
    g-string-r5-V-O SMOKE| MILESTONE cap-1-refusal-caught-machine-survives: PASS -- shape=string OCLJCAP=done/2216/not_enough_memory running=true lastError=<null>
g-string-r5-V-D exit=0 CLASS=CLEAN APACITY| shape=string native=additive jit=on jitearly=- tier=192KB scale=1.8 kernelMemory=164923 held=2048 why=not_enough_memory t_first5=0.0002 t_last5=0.0017 batches=205 last/first=8.50 freeKB_at_end/totalKB=0/192 arms=+360 refusals=+1 trace_flushes=+80 fill_ms=4479 queued=true running=true lastError=<null>
    g-string-r5-V-D CAP-IDLE| ticks=400 arms=+20 collects=+20 bailouts=+0 refusals=+0 trace_flushes=+0 trace_flush_bytes=+0 park_resets=+0 traces_live 52 -> 64 armed=0 state=0 stepmul=200 threshold=825200 gctotal=427402 ccap=518818 cused=427402 parked=false wallstats=present running=true
    g-string-r5-V-D CAP-LIVE| used=413056 kernelMemory=164923 user=248133 count(3 collects)=413072/413008/413008 total=518818 traces_live=64
    g-string-r5-V-D CAP-GC| collects=+360 bailouts=+0 overdrafts=+2694 od_peak=13366 od_state=0 park_resets=+0 od_limit=32768 kslice=16384 gc_low=405697 armby=0 window=4096 lends=+0 win=0 refused=16384 end: armed=0 state=0 stepmul=200 threshold=811200 gctotal=405981 ccap=518818 cused=405981 parked=false
    g-string-r5-V-D CAP-X| batch=10 junk=24 OCLJCAPX=205/2040/0/0 traces(start/abort) 363/208 -> 1135/385 class=CLEAN site=-
    g-string-r5-V-D SMOKE| MILESTONE km-1-kernel-init-compiles-nothing: PASS -- traces live at the kernelMemory baseline = 0; kernelMemory=164923
    g-string-r5-V-D SMOKE| MILESTONE cap-1-refusal-caught-machine-survives: PASS -- shape=string OCLJCAP=done/2048/not_enough_memory running=true lastError=<null>
g-string-r5-V-L exit=0 CLASS=CLEAN APACITY| shape=string native=luajit jit=on jitearly=- tier=192KB scale=1.8 kernelMemory=164247 held=2048 why=not_enough_memory t_first5=0.0004 t_last5=0.0002 batches=205 last/first=0.50 freeKB_at_end/totalKB=0/192 arms=+386 refusals=+1 trace_flushes=+83 fill_ms=4479 queued=true running=true lastError=<null>
    g-string-r5-V-L CAP-IDLE| ticks=400 arms=+20 collects=+20 bailouts=+0 refusals=+0 trace_flushes=+0 trace_flush_bytes=+0 park_resets=+0 traces_live 60 -> 69 armed=0 state=0 stepmul=200 threshold=841200 gctotal=420974 ccap=0 cused=420974 parked=false wallstats=present running=true
    g-string-r5-V-L CAP-LIVE| used=421108 kernelMemory=164247 user=256861 count(3 collects)=421060/421060/421060 total=518142 traces_live=69
    g-string-r5-V-L CAP-GC| collects=+386 bailouts=+0 overdrafts=+3042 od_peak=14038 od_state=0 park_resets=+0 od_limit=32768 kslice=16384 gc_low=408601 armby=0 window=4096 lends=+0 win=0 refused=16384 end: armed=0 state=0 stepmul=200 threshold=817000 gctotal=435105 ccap=0 cused=435105 parked=false
    g-string-r5-V-L CAP-X| batch=10 junk=24 OCLJCAPX=205/2040/0/0 traces(start/abort) 366/214 -> 1088/356 class=CLEAN site=-
    g-string-r5-V-L SMOKE| MILESTONE km-1-kernel-init-compiles-nothing: PASS -- traces live at the kernelMemory baseline = 0; kernelMemory=164247
    g-string-r5-V-L SMOKE| MILESTONE cap-1-refusal-caught-machine-survives: PASS -- shape=string OCLJCAP=done/2048/not_enough_memory running=true lastError=<null>
g-string-r6-V-O exit=0 CLASS=CLEAN APACITY| shape=string native=additive jit=off jitearly=off tier=192KB scale=1.8 kernelMemory=164923 held=2488 why=not_enough_memory t_first5=0.0001 t_last5=0.0039 batches=249 last/first=39.00 freeKB_at_end/totalKB=0/192 arms=+474 refusals=+2 trace_flushes=+0 fill_ms=5228 queued=true running=true lastError=<null>
    g-string-r6-V-O CAP-IDLE| ticks=400 arms=+0 collects=+0 bailouts=+0 refusals=+0 trace_flushes=+0 trace_flush_bytes=+0 park_resets=+0 traces_live 0 -> 0 armed=0 state=0 stepmul=200 threshold=706400 gctotal=426312 ccap=518818 cused=426312 parked=false wallstats=present running=true
    g-string-r6-V-O CAP-LIVE| used=353686 kernelMemory=164923 user=188763 count(3 collects)=353702/353638/353638 total=518818 traces_live=0
    g-string-r6-V-O CAP-GC| collects=+474 bailouts=+0 overdrafts=+11299 od_peak=33124 od_state=0 park_resets=+0 od_limit=32768 kslice=16384 gc_low=366499 armby=0 window=4096 lends=+85 win=0 refused=52 end: armed=0 state=0 stepmul=200 threshold=732800 gctotal=373923 ccap=518818 cused=373923 parked=false
    g-string-r6-V-O CAP-X| batch=10 junk=24 OCLJCAPX=249/2480/1/0 traces(start/abort) 0/0 -> 0/0 class=CLEAN site=-
    g-string-r6-V-O SMOKE| MILESTONE km-1-kernel-init-compiles-nothing: PASS -- traces live at the kernelMemory baseline = 0; kernelMemory=164923
    g-string-r6-V-O SMOKE| MILESTONE cap-1-refusal-caught-machine-survives: PASS -- shape=string OCLJCAP=done/2488/not_enough_memory running=true lastError=<null>
g-string-r6-V-D exit=0 CLASS=CLEAN APACITY| shape=string native=additive jit=on jitearly=- tier=192KB scale=1.8 kernelMemory=164923 held=2048 why=not_enough_memory t_first5=0.0002 t_last5=0.0002 batches=205 last/first=1.00 freeKB_at_end/totalKB=0/192 arms=+394 refusals=+1 trace_flushes=+82 fill_ms=4738 queued=true running=true lastError=<null>
    g-string-r6-V-D CAP-IDLE| ticks=400 arms=+20 collects=+20 bailouts=+0 refusals=+0 trace_flushes=+0 trace_flush_bytes=+0 park_resets=+0 traces_live 52 -> 66 armed=0 state=0 stepmul=200 threshold=834800 gctotal=447266 ccap=518818 cused=447266 parked=false wallstats=present running=true
    g-string-r6-V-D CAP-LIVE| used=416516 kernelMemory=164923 user=251593 count(3 collects)=416532/416468/416468 total=518818 traces_live=66
    g-string-r6-V-D CAP-GC| collects=+394 bailouts=+0 overdrafts=+2998 od_peak=14794 od_state=0 park_resets=+0 od_limit=32768 kslice=16384 gc_low=406485 armby=0 window=4096 lends=+0 win=0 refused=16384 end: armed=0 state=0 stepmul=200 threshold=812800 gctotal=406769 ccap=518818 cused=406769 parked=false
    g-string-r6-V-D CAP-X| batch=10 junk=24 OCLJCAPX=205/2040/0/0 traces(start/abort) 369/219 -> 1191/413 class=CLEAN site=-
    g-string-r6-V-D SMOKE| MILESTONE km-1-kernel-init-compiles-nothing: PASS -- traces live at the kernelMemory baseline = 0; kernelMemory=164923
    g-string-r6-V-D SMOKE| MILESTONE cap-1-refusal-caught-machine-survives: PASS -- shape=string OCLJCAP=done/2048/not_enough_memory running=true lastError=<null>
g-string-r7-V-O exit=0 CLASS=CLEAN APACITY| shape=string native=additive jit=off jitearly=off tier=192KB scale=1.8 kernelMemory=164923 held=2488 why=not_enough_memory t_first5=0.0001 t_last5=0.0045 batches=249 last/first=45.00 freeKB_at_end/totalKB=0/192 arms=+502 refusals=+2 trace_flushes=+0 fill_ms=5223 queued=true running=true lastError=<null>
    g-string-r7-V-O CAP-IDLE| ticks=400 arms=+1 collects=+1 bailouts=+0 refusals=+0 trace_flushes=+0 trace_flush_bytes=+0 park_resets=+0 traces_live 0 -> 0 armed=0 state=0 stepmul=200 threshold=706400 gctotal=368032 ccap=518818 cused=368032 parked=false wallstats=present running=true
    g-string-r7-V-O CAP-LIVE| used=353686 kernelMemory=164923 user=188763 count(3 collects)=353702/353638/353638 total=518818 traces_live=0
    g-string-r7-V-O CAP-GC| collects=+502 bailouts=+0 overdrafts=+11514 od_peak=33124 od_state=0 park_resets=+0 od_limit=32768 kslice=16384 gc_low=366499 armby=0 window=4096 lends=+149 win=0 refused=52 end: armed=0 state=0 stepmul=200 threshold=732800 gctotal=381923 ccap=518818 cused=381923 parked=false
    g-string-r7-V-O CAP-X| batch=10 junk=24 OCLJCAPX=249/2480/1/0 traces(start/abort) 0/0 -> 0/0 class=CLEAN site=-
    g-string-r7-V-O SMOKE| MILESTONE km-1-kernel-init-compiles-nothing: PASS -- traces live at the kernelMemory baseline = 0; kernelMemory=164923
    g-string-r7-V-O SMOKE| MILESTONE cap-1-refusal-caught-machine-survives: PASS -- shape=string OCLJCAP=done/2488/not_enough_memory running=true lastError=<null>
g-string-r7-V-D exit=0 CLASS=CLEAN APACITY| shape=string native=additive jit=on jitearly=- tier=192KB scale=1.8 kernelMemory=164923 held=2048 why=not_enough_memory t_first5=0.0001 t_last5=0.0002 batches=205 last/first=2.00 freeKB_at_end/totalKB=0/192 arms=+379 refusals=+1 trace_flushes=+83 fill_ms=4481 queued=true running=true lastError=<null>
    g-string-r7-V-D CAP-IDLE| ticks=400 arms=+20 collects=+20 bailouts=+0 refusals=+0 trace_flushes=+0 trace_flush_bytes=+0 park_resets=+0 traces_live 39 -> 58 armed=0 state=0 stepmul=200 threshold=818600 gctotal=431522 ccap=518818 cused=431522 parked=false wallstats=present running=true
    g-string-r7-V-D CAP-LIVE| used=409808 kernelMemory=164923 user=244885 count(3 collects)=409824/409760/409760 total=518818 traces_live=58
    g-string-r7-V-D CAP-GC| collects=+379 bailouts=+0 overdrafts=+2853 od_peak=14438 od_state=0 park_resets=+0 od_limit=32768 kslice=16384 gc_low=408965 armby=0 window=4096 lends=+0 win=0 refused=16384 end: armed=0 state=0 stepmul=200 threshold=817800 gctotal=424389 ccap=518818 cused=424389 parked=false
    g-string-r7-V-D CAP-X| batch=10 junk=24 OCLJCAPX=205/2040/0/0 traces(start/abort) 352/208 -> 1148/365 class=CLEAN site=-
    g-string-r7-V-D SMOKE| MILESTONE km-1-kernel-init-compiles-nothing: PASS -- traces live at the kernelMemory baseline = 0; kernelMemory=164923
    g-string-r7-V-D SMOKE| MILESTONE cap-1-refusal-caught-machine-survives: PASS -- shape=string OCLJCAP=done/2048/not_enough_memory running=true lastError=<null>
g-string-r8-V-O exit=0 CLASS=CLEAN APACITY| shape=string native=additive jit=off jitearly=off tier=192KB scale=1.8 kernelMemory=164923 held=2216 why=not_enough_memory t_first5=0.0003 t_last5=0.0042 batches=222 last/first=14.00 freeKB_at_end/totalKB=0/192 arms=+318 refusals=+1 trace_flushes=+0 fill_ms=4979 queued=true running=true lastError=<null>
    g-string-r8-V-O CAP-IDLE| ticks=400 arms=+1 collects=+1 bailouts=+0 refusals=+0 trace_flushes=+0 trace_flush_bytes=+0 park_resets=+0 traces_live 0 -> 0 armed=0 state=0 stepmul=200 threshold=706400 gctotal=375332 ccap=518818 cused=375332 parked=false wallstats=present running=true
    g-string-r8-V-O CAP-LIVE| used=353618 kernelMemory=164923 user=188695 count(3 collects)=353634/353570/353570 total=518818 traces_live=0
    g-string-r8-V-O CAP-GC| collects=+318 bailouts=+0 overdrafts=+4231 od_peak=16856 od_state=0 park_resets=+0 od_limit=32768 kslice=16384 gc_low=366431 armby=0 window=4096 lends=+109 win=0 refused=52 end: armed=0 state=0 stepmul=200 threshold=732800 gctotal=380591 ccap=518818 cused=380591 parked=false
    g-string-r8-V-O CAP-X| batch=10 junk=24 OCLJCAPX=222/2210/0/0 traces(start/abort) 0/0 -> 0/0 class=CLEAN site=-
    g-string-r8-V-O SMOKE| MILESTONE km-1-kernel-init-compiles-nothing: PASS -- traces live at the kernelMemory baseline = 0; kernelMemory=164923
    g-string-r8-V-O SMOKE| MILESTONE cap-1-refusal-caught-machine-survives: PASS -- shape=string OCLJCAP=done/2216/not_enough_memory running=true lastError=<null>
g-string-r8-V-D exit=0 CLASS=CLEAN APACITY| shape=string native=additive jit=on jitearly=- tier=192KB scale=1.8 kernelMemory=164923 held=2048 why=not_enough_memory t_first5=0.0002 t_last5=0.0001 batches=205 last/first=0.50 freeKB_at_end/totalKB=0/192 arms=+383 refusals=+1 trace_flushes=+82 fill_ms=4491 queued=true running=true lastError=<null>
    g-string-r8-V-D CAP-IDLE| ticks=400 arms=+20 collects=+20 bailouts=+0 refusals=+0 trace_flushes=+0 trace_flush_bytes=+0 park_resets=+0 traces_live 27 -> 56 armed=0 state=0 stepmul=200 threshold=815600 gctotal=410494 ccap=518818 cused=410494 parked=false wallstats=present running=true
    g-string-r8-V-D CAP-LIVE| used=407940 kernelMemory=164923 user=243017 count(3 collects)=407892/407892/407892 total=518818 traces_live=56
    g-string-r8-V-D CAP-GC| collects=+383 bailouts=+0 overdrafts=+2827 od_peak=13754 od_state=0 park_resets=+0 od_limit=32768 kslice=16384 gc_low=407933 armby=0 window=4096 lends=+0 win=0 refused=16384 end: armed=0 state=0 stepmul=200 threshold=815800 gctotal=422725 ccap=518818 cused=422725 parked=false
    g-string-r8-V-D CAP-X| batch=10 junk=24 OCLJCAPX=205/2040/0/0 traces(start/abort) 369/211 -> 1178/379 class=CLEAN site=-
    g-string-r8-V-D SMOKE| MILESTONE km-1-kernel-init-compiles-nothing: PASS -- traces live at the kernelMemory baseline = 0; kernelMemory=164923
    g-string-r8-V-D SMOKE| MILESTONE cap-1-refusal-caught-machine-survives: PASS -- shape=string OCLJCAP=done/2048/not_enough_memory running=true lastError=<null>
g-string-r9-V-O exit=0 CLASS=CLEAN APACITY| shape=string native=additive jit=off jitearly=off tier=192KB scale=1.8 kernelMemory=164923 held=2486 why=not_enough_memory t_first5=0.0001 t_last5=0.0037 batches=249 last/first=37.00 freeKB_at_end/totalKB=0/192 arms=+453 refusals=+3 trace_flushes=+0 fill_ms=5233 queued=true running=true lastError=<null>
    g-string-r9-V-O CAP-IDLE| ticks=400 arms=+0 collects=+0 bailouts=+0 refusals=+0 trace_flushes=+0 trace_flush_bytes=+0 park_resets=+0 traces_live 0 -> 0 armed=0 state=0 stepmul=200 threshold=706800 gctotal=425928 ccap=518818 cused=425928 parked=false wallstats=present running=true
    g-string-r9-V-O CAP-LIVE| used=353830 kernelMemory=164923 user=188907 count(3 collects)=353846/353782/353782 total=518818 traces_live=0
    g-string-r9-V-O CAP-GC| collects=+453 bailouts=+0 overdrafts=+11188 od_peak=32996 od_state=0 park_resets=+0 od_limit=32768 kslice=16384 gc_low=366643 armby=0 window=4096 lends=+42 win=0 refused=48 end: armed=0 state=0 stepmul=200 threshold=733200 gctotal=374699 ccap=518818 cused=374699 parked=false
    g-string-r9-V-O CAP-X| batch=10 junk=24 OCLJCAPX=249/2480/2/0 traces(start/abort) 0/0 -> 0/0 class=CLEAN site=-
    g-string-r9-V-O SMOKE| MILESTONE km-1-kernel-init-compiles-nothing: PASS -- traces live at the kernelMemory baseline = 0; kernelMemory=164923
    g-string-r9-V-O SMOKE| MILESTONE cap-1-refusal-caught-machine-survives: PASS -- shape=string OCLJCAP=done/2486/not_enough_memory running=true lastError=<null>
g-string-r9-V-D exit=0 CLASS=CLEAN APACITY| shape=string native=additive jit=on jitearly=- tier=192KB scale=1.8 kernelMemory=164923 held=2049 why=not_enough_memory t_first5=0.0001 t_last5=0.0013 batches=205 last/first=13.00 freeKB_at_end/totalKB=0/192 arms=+354 refusals=+1 trace_flushes=+78 fill_ms=4491 queued=true running=true lastError=<null>
    g-string-r9-V-D CAP-IDLE| ticks=400 arms=+20 collects=+20 bailouts=+0 refusals=+0 trace_flushes=+0 trace_flush_bytes=+0 park_resets=+0 traces_live 55 -> 64 armed=0 state=0 stepmul=200 threshold=833400 gctotal=416990 ccap=518818 cused=416990 parked=false wallstats=present running=true
    g-string-r9-V-D CAP-LIVE| used=417124 kernelMemory=164923 user=252201 count(3 collects)=417076/417076/417076 total=518818 traces_live=64
    g-string-r9-V-D CAP-GC| collects=+354 bailouts=+0 overdrafts=+2895 od_peak=20426 od_state=0 park_resets=+0 od_limit=32768 kslice=16384 gc_low=408585 armby=0 window=4096 lends=+3 win=0 refused=52 end: armed=0 state=0 stepmul=200 threshold=817000 gctotal=429945 ccap=518818 cused=429945 parked=false
    g-string-r9-V-D CAP-X| batch=10 junk=24 OCLJCAPX=205/2040/0/0 traces(start/abort) 355/205 -> 1051/357 class=CLEAN site=-
    g-string-r9-V-D SMOKE| MILESTONE km-1-kernel-init-compiles-nothing: PASS -- traces live at the kernelMemory baseline = 0; kernelMemory=164923
    g-string-r9-V-D SMOKE| MILESTONE cap-1-refusal-caught-machine-survives: PASS -- shape=string OCLJCAP=done/2049/not_enough_memory running=true lastError=<null>
g-string-r10-V-O exit=0 CLASS=CLEAN APACITY| shape=string native=additive jit=off jitearly=off tier=192KB scale=1.8 kernelMemory=164923 held=2487 why=not_enough_memory t_first5=0.0001 t_last5=0.0051 batches=249 last/first=51.00 freeKB_at_end/totalKB=0/192 arms=+520 refusals=+2 trace_flushes=+0 fill_ms=5225 queued=true running=true lastError=<null>
    g-string-r10-V-O CAP-IDLE| ticks=400 arms=+0 collects=+0 bailouts=+0 refusals=+0 trace_flushes=+0 trace_flush_bytes=+0 park_resets=+0 traces_live 0 -> 0 armed=0 state=0 stepmul=200 threshold=706600 gctotal=353628 ccap=518818 cused=353628 parked=false wallstats=present running=true
    g-string-r10-V-O CAP-LIVE| used=353762 kernelMemory=164923 user=188839 count(3 collects)=353714/353714/353714 total=518818 traces_live=0
    g-string-r10-V-O CAP-GC| collects=+520 bailouts=+0 overdrafts=+11405 od_peak=33200 od_state=0 park_resets=+0 od_limit=32768 kslice=16384 gc_low=366511 armby=0 window=4096 lends=+204 win=0 refused=52 end: armed=0 state=0 stepmul=200 threshold=733000 gctotal=380735 ccap=518818 cused=380735 parked=false
    g-string-r10-V-O CAP-X| batch=10 junk=24 OCLJCAPX=249/2480/1/0 traces(start/abort) 0/0 -> 0/0 class=CLEAN site=-
    g-string-r10-V-O SMOKE| MILESTONE km-1-kernel-init-compiles-nothing: PASS -- traces live at the kernelMemory baseline = 0; kernelMemory=164923
    g-string-r10-V-O SMOKE| MILESTONE cap-1-refusal-caught-machine-survives: PASS -- shape=string OCLJCAP=done/2487/not_enough_memory running=true lastError=<null>
g-string-r10-V-D exit=0 CLASS=CLEAN APACITY| shape=string native=additive jit=on jitearly=- tier=192KB scale=1.8 kernelMemory=164923 held=2048 why=not_enough_memory t_first5=0.0001 t_last5=0.0009 batches=205 last/first=9.00 freeKB_at_end/totalKB=0/192 arms=+364 refusals=+1 trace_flushes=+80 fill_ms=4486 queued=true running=true lastError=<null>
    g-string-r10-V-D CAP-IDLE| ticks=400 arms=+20 collects=+20 bailouts=+0 refusals=+0 trace_flushes=+0 trace_flush_bytes=+0 park_resets=+0 traces_live 44 -> 60 armed=0 state=0 stepmul=200 threshold=815200 gctotal=424686 ccap=518818 cused=424686 parked=false wallstats=present running=true
    g-string-r10-V-D CAP-LIVE| used=406304 kernelMemory=164923 user=241381 count(3 collects)=406256/406256/406256 total=518818 traces_live=60
    g-string-r10-V-D CAP-GC| collects=+364 bailouts=+0 overdrafts=+2600 od_peak=14282 od_state=0 park_resets=+0 od_limit=32768 kslice=16384 gc_low=405641 armby=0 window=4096 lends=+0 win=0 refused=16384 end: armed=0 state=0 stepmul=200 threshold=811200 gctotal=428497 ccap=518818 cused=428497 parked=false
    g-string-r10-V-D CAP-X| batch=10 junk=24 OCLJCAPX=205/2040/0/0 traces(start/abort) 344/193 -> 1106/344 class=CLEAN site=-
    g-string-r10-V-D SMOKE| MILESTONE km-1-kernel-init-compiles-nothing: PASS -- traces live at the kernelMemory baseline = 0; kernelMemory=164923
    g-string-r10-V-D SMOKE| MILESTONE cap-1-refusal-caught-machine-survives: PASS -- shape=string OCLJCAP=done/2048/not_enough_memory running=true lastError=<null>
