one-record-r1-D-V exit=0 CLASS=CLEAN APACITY| shape=record native=additive jit=on jitearly=- tier=192KB scale=1.8 kernelMemory=164923 held=553 why=not_enough_memory t_first5=0.0030 t_last5=0.0064 batches=6 last/first=2.13 freeKB_at_end/totalKB=0/192 arms=+50 refusals=+1 trace_flushes=+5 fill_ms=1495 queued=true running=true lastError=<null>
    one-record-r1-D-V CAP-IDLE| ticks=400 arms=+20 collects=+20 bailouts=+0 refusals=+0 trace_flushes=+0 trace_flush_bytes=+0 park_resets=+0 traces_live 56 -> 64 armed=0 state=0 stepmul=200 threshold=826600 gctotal=439592 ccap=518818 cused=439592 parked=false wallstats=present running=true
    one-record-r1-D-V CAP-LIVE| used=412146 kernelMemory=164923 user=247223 count(3 collects)=412162/412098/412098 total=518818 traces_live=64
    one-record-r1-D-V CAP-GC| collects=+50 bailouts=+0 overdrafts=+579 od_peak=16484 od_state=0 park_resets=+0 od_limit=32768 kslice=16384 gc_low=388585 armby=0 window=4096 lends=+5 win=0 refused=40 end: armed=0 state=0 stepmul=200 threshold=777200 gctotal=404521 ccap=518818 cused=404521 parked=false
    one-record-r1-D-V CAP-X| batch=100 junk=24 OCLJCAPX=6/500/0/0 traces(start/abort) 342/196 -> 414/203 class=CLEAN site=-
    one-record-r1-D-V SMOKE| MILESTONE km-1-kernel-init-compiles-nothing: PASS -- traces live at the kernelMemory baseline = 0; kernelMemory=164923
    one-record-r1-D-V SMOKE| MILESTONE cap-1-refusal-caught-machine-survives: PASS -- shape=record OCLJCAP=done/553/not_enough_memory running=true lastError=<null>
one-record-r1-O-V exit=0 CLASS=CLEAN APACITY| shape=record native=additive jit=off jitearly=off tier=192KB scale=1.8 kernelMemory=164923 held=602 why=not_enough_memory t_first5=0.0015 t_last5=0.0054 batches=7 last/first=3.60 freeKB_at_end/totalKB=0/192 arms=+82 refusals=+1 trace_flushes=+0 fill_ms=1498 queued=true running=true lastError=<null>
    one-record-r1-O-V CAP-IDLE| ticks=400 arms=+1 collects=+1 bailouts=+0 refusals=+0 trace_flushes=+0 trace_flush_bytes=+0 park_resets=+0 traces_live 0 -> 0 armed=0 state=0 stepmul=200 threshold=707200 gctotal=390534 ccap=518818 cused=390534 parked=false wallstats=present running=true
    one-record-r1-O-V CAP-LIVE| used=354084 kernelMemory=164923 user=189161 count(3 collects)=354036/354036/354036 total=518818 traces_live=0
    one-record-r1-O-V CAP-GC| collects=+82 bailouts=+0 overdrafts=+673 od_peak=16682 od_state=0 park_resets=+0 od_limit=32768 kslice=16384 gc_low=350115 armby=0 window=4096 lends=+60 win=0 refused=88 end: armed=0 state=0 stepmul=200 threshold=700200 gctotal=372267 ccap=518818 cused=372267 parked=false
    one-record-r1-O-V CAP-X| batch=100 junk=24 OCLJCAPX=7/600/0/0 traces(start/abort) 0/0 -> 0/0 class=CLEAN site=-
    one-record-r1-O-V SMOKE| MILESTONE km-1-kernel-init-compiles-nothing: PASS -- traces live at the kernelMemory baseline = 0; kernelMemory=164923
    one-record-r1-O-V SMOKE| MILESTONE cap-1-refusal-caught-machine-survives: PASS -- shape=record OCLJCAP=done/602/not_enough_memory running=true lastError=<null>
one-record-r1-L-V exit=0 CLASS=CLEAN APACITY| shape=record native=luajit jit=on jitearly=- tier=192KB scale=1.8 kernelMemory=164247 held=558 why=not_enough_memory t_first5=0.0019 t_last5=0.0045 batches=6 last/first=2.37 freeKB_at_end/totalKB=0/192 arms=+45 refusals=+1 trace_flushes=+5 fill_ms=1490 queued=true running=true lastError=<null>
    one-record-r1-L-V CAP-IDLE| ticks=400 arms=+20 collects=+20 bailouts=+0 refusals=+0 trace_flushes=+0 trace_flush_bytes=+0 park_resets=+0 traces_live 61 -> 73 armed=0 state=0 stepmul=200 threshold=839800 gctotal=420204 ccap=0 cused=420204 parked=false wallstats=present running=true
    one-record-r1-L-V CAP-LIVE| used=420338 kernelMemory=164247 user=256091 count(3 collects)=420290/420290/420290 total=518142 traces_live=73
    one-record-r1-L-V CAP-GC| collects=+45 bailouts=+0 overdrafts=+378 od_peak=18348 od_state=0 park_resets=+0 od_limit=32768 kslice=16384 gc_low=391693 armby=0 window=4096 lends=+4 win=0 refused=28 end: armed=0 state=0 stepmul=200 threshold=783200 gctotal=413845 ccap=0 cused=413845 parked=false
    one-record-r1-L-V CAP-X| batch=100 junk=24 OCLJCAPX=6/500/0/0 traces(start/abort) 387/218 -> 468/239 class=CLEAN site=-
    one-record-r1-L-V SMOKE| MILESTONE km-1-kernel-init-compiles-nothing: PASS -- traces live at the kernelMemory baseline = 0; kernelMemory=164247
    one-record-r1-L-V SMOKE| MILESTONE cap-1-refusal-caught-machine-survives: PASS -- shape=record OCLJCAP=done/558/not_enough_memory running=true lastError=<null>
one-array-r1-D-V exit=0 CLASS=CLEAN APACITY| shape=array native=additive jit=on jitearly=- tier=192KB scale=1.8 kernelMemory=164923 held=777 why=not_enough_memory t_first5=0.0011 t_last5=0.0039 batches=8 last/first=3.55 freeKB_at_end/totalKB=0/192 arms=+48 refusals=+1 trace_flushes=+5 fill_ms=1496 queued=true running=true lastError=<null>
    one-array-r1-D-V CAP-IDLE| ticks=400 arms=+20 collects=+20 bailouts=+0 refusals=+0 trace_flushes=+0 trace_flush_bytes=+0 park_resets=+0 traces_live 71 -> 83 armed=0 state=0 stepmul=200 threshold=865400 gctotal=462483 ccap=518818 cused=462483 parked=false wallstats=present running=true
    one-array-r1-D-V CAP-LIVE| used=431821 kernelMemory=164923 user=266898 count(3 collects)=431773/431773/431773 total=518818 traces_live=83
    one-array-r1-D-V CAP-GC| collects=+48 bailouts=+0 overdrafts=+507 od_peak=16511 od_state=0 park_resets=+0 od_limit=32768 kslice=16384 gc_low=391673 armby=0 window=4096 lends=+3 win=0 refused=52 end: armed=0 state=0 stepmul=200 threshold=783400 gctotal=407153 ccap=518818 cused=407153 parked=false
    one-array-r1-D-V CAP-X| batch=100 junk=24 OCLJCAPX=8/700/0/0 traces(start/abort) 357/177 -> 442/193 class=CLEAN site=-
    one-array-r1-D-V SMOKE| MILESTONE km-1-kernel-init-compiles-nothing: PASS -- traces live at the kernelMemory baseline = 0; kernelMemory=164923
    one-array-r1-D-V SMOKE| MILESTONE cap-1-refusal-caught-machine-survives: PASS -- shape=array OCLJCAP=done/777/not_enough_memory running=true lastError=<null>
one-array-r1-O-V exit=0 CLASS=CLEAN APACITY| shape=array native=additive jit=off jitearly=off tier=192KB scale=1.8 kernelMemory=164923 held=869 why=not_enough_memory t_first5=0.0004 t_last5=0.0028 batches=9 last/first=7.00 freeKB_at_end/totalKB=0/192 arms=+40 refusals=+1 trace_flushes=+0 fill_ms=1498 queued=true running=true lastError=<null>
    one-array-r1-O-V CAP-IDLE| ticks=400 arms=+0 collects=+0 bailouts=+0 refusals=+0 trace_flushes=+0 trace_flush_bytes=+0 park_resets=+0 traces_live 0 -> 0 armed=0 state=0 stepmul=200 threshold=706600 gctotal=425765 ccap=518818 cused=425765 parked=false wallstats=present running=true
    one-array-r1-O-V CAP-LIVE| used=353771 kernelMemory=164923 user=188848 count(3 collects)=353787/353723/353723 total=518818 traces_live=0
    one-array-r1-O-V CAP-GC| collects=+40 bailouts=+0 overdrafts=+668 od_peak=16513 od_state=0 park_resets=+0 od_limit=32768 kslice=16384 gc_low=350115 armby=1 window=4096 lends=+3 win=0 refused=52 end: armed=0 state=0 stepmul=200 threshold=700200 gctotal=365531 ccap=518818 cused=365531 parked=false
    one-array-r1-O-V CAP-X| batch=100 junk=24 OCLJCAPX=9/800/0/0 traces(start/abort) 0/0 -> 0/0 class=CLEAN site=-
    one-array-r1-O-V SMOKE| MILESTONE km-1-kernel-init-compiles-nothing: PASS -- traces live at the kernelMemory baseline = 0; kernelMemory=164923
    one-array-r1-O-V SMOKE| MILESTONE cap-1-refusal-caught-machine-survives: PASS -- shape=array OCLJCAP=done/869/not_enough_memory running=true lastError=<null>
one-array-r1-L-V exit=0 CLASS=CLEAN APACITY| shape=array native=luajit jit=on jitearly=- tier=192KB scale=1.8 kernelMemory=164247 held=780 why=not_enough_memory t_first5=0.0010 t_last5=0.0043 batches=8 last/first=4.30 freeKB_at_end/totalKB=0/192 arms=+48 refusals=+1 trace_flushes=+5 fill_ms=1491 queued=true running=true lastError=<null>
    one-array-r1-L-V CAP-IDLE| ticks=400 arms=+20 collects=+20 bailouts=+0 refusals=+0 trace_flushes=+0 trace_flush_bytes=+0 park_resets=+0 traces_live 55 -> 67 armed=0 state=0 stepmul=200 threshold=830200 gctotal=440703 ccap=0 cused=440703 parked=false wallstats=present running=true
    one-array-r1-L-V CAP-LIVE| used=413825 kernelMemory=164247 user=249578 count(3 collects)=413777/413777/413777 total=518142 traces_live=67
    one-array-r1-L-V CAP-GC| collects=+48 bailouts=+0 overdrafts=+277 od_peak=16487 od_state=0 park_resets=+0 od_limit=32768 kslice=16384 gc_low=386557 armby=0 window=4096 lends=+3 win=0 refused=52 end: armed=0 state=0 stepmul=200 threshold=773200 gctotal=408141 ccap=0 cused=408141 parked=false
    one-array-r1-L-V CAP-X| batch=100 junk=24 OCLJCAPX=8/700/0/0 traces(start/abort) 348/198 -> 436/220 class=CLEAN site=-
    one-array-r1-L-V SMOKE| MILESTONE km-1-kernel-init-compiles-nothing: PASS -- traces live at the kernelMemory baseline = 0; kernelMemory=164247
    one-array-r1-L-V SMOKE| MILESTONE cap-1-refusal-caught-machine-survives: PASS -- shape=array OCLJCAP=done/780/not_enough_memory running=true lastError=<null>
one-string-r1-D-V exit=0 CLASS=CLEAN APACITY| shape=string native=additive jit=on jitearly=- tier=192KB scale=1.8 kernelMemory=164923 held=2048 why=not_enough_memory t_first5=0.0006 t_last5=0.0032 batches=21 last/first=5.33 freeKB_at_end/totalKB=0/192 arms=+72 refusals=+1 trace_flushes=+13 fill_ms=1741 queued=true running=true lastError=<null>
    one-string-r1-D-V CAP-IDLE| ticks=400 arms=+20 collects=+20 bailouts=+0 refusals=+0 trace_flushes=+0 trace_flush_bytes=+0 park_resets=+0 traces_live 52 -> 63 armed=0 state=0 stepmul=200 threshold=818600 gctotal=424154 ccap=518818 cused=424154 parked=false wallstats=present running=true
    one-string-r1-D-V CAP-LIVE| used=409808 kernelMemory=164923 user=244885 count(3 collects)=409824/409760/409760 total=518818 traces_live=63
    one-string-r1-D-V CAP-GC| collects=+72 bailouts=+0 overdrafts=+528 od_peak=11502 od_state=0 park_resets=+0 od_limit=32768 kslice=16384 gc_low=402933 armby=0 window=4096 lends=+0 win=0 refused=16384 end: armed=0 state=0 stepmul=200 threshold=805800 gctotal=425725 ccap=518818 cused=425725 parked=false
    one-string-r1-D-V CAP-X| batch=100 junk=24 OCLJCAPX=21/2000/0/0 traces(start/abort) 337/188 -> 480/219 class=CLEAN site=-
    one-string-r1-D-V SMOKE| MILESTONE km-1-kernel-init-compiles-nothing: PASS -- traces live at the kernelMemory baseline = 0; kernelMemory=164923
    one-string-r1-D-V SMOKE| MILESTONE cap-1-refusal-caught-machine-survives: PASS -- shape=string OCLJCAP=done/2048/not_enough_memory running=true lastError=<null>
one-string-r1-O-V exit=0 CLASS=CLEAN APACITY| shape=string native=additive jit=off jitearly=off tier=192KB scale=1.8 kernelMemory=164923 held=2215 why=not_enough_memory t_first5=0.0007 t_last5=0.0047 batches=23 last/first=6.71 freeKB_at_end/totalKB=0/192 arms=+93 refusals=+1 trace_flushes=+0 fill_ms=1744 queued=true running=true lastError=<null>
    one-string-r1-O-V CAP-IDLE| ticks=400 arms=+0 collects=+0 bailouts=+0 refusals=+0 trace_flushes=+0 trace_flush_bytes=+0 park_resets=+0 traces_live 0 -> 0 armed=0 state=0 stepmul=200 threshold=706400 gctotal=353552 ccap=518818 cused=353552 parked=false wallstats=present running=true
    one-string-r1-O-V CAP-LIVE| used=353686 kernelMemory=164923 user=188763 count(3 collects)=353638/353638/353638 total=518818 traces_live=0
    one-string-r1-O-V CAP-GC| collects=+93 bailouts=+0 overdrafts=+1103 od_peak=16484 od_state=0 park_resets=+0 od_limit=32768 kslice=16384 gc_low=366499 armby=0 window=4096 lends=+12 win=0 refused=52 end: armed=0 state=0 stepmul=200 threshold=732800 gctotal=374555 ccap=518818 cused=374555 parked=false
    one-string-r1-O-V CAP-X| batch=100 junk=24 OCLJCAPX=23/2200/0/0 traces(start/abort) 0/0 -> 0/0 class=CLEAN site=-
    one-string-r1-O-V SMOKE| MILESTONE km-1-kernel-init-compiles-nothing: PASS -- traces live at the kernelMemory baseline = 0; kernelMemory=164923
    one-string-r1-O-V SMOKE| MILESTONE cap-1-refusal-caught-machine-survives: PASS -- shape=string OCLJCAP=done/2215/not_enough_memory running=true lastError=<null>
one-string-r1-L-V exit=0 CLASS=CLEAN APACITY| shape=string native=luajit jit=on jitearly=- tier=192KB scale=1.8 kernelMemory=164247 held=2048 why=not_enough_memory t_first5=0.0007 t_last5=0.0031 batches=21 last/first=4.43 freeKB_at_end/totalKB=0/192 arms=+69 refusals=+1 trace_flushes=+13 fill_ms=1744 queued=true running=true lastError=<null>
    one-string-r1-L-V CAP-IDLE| ticks=400 arms=+20 collects=+20 bailouts=+0 refusals=+0 trace_flushes=+0 trace_flush_bytes=+0 park_resets=+0 traces_live 50 -> 70 armed=0 state=0 stepmul=200 threshold=836600 gctotal=441154 ccap=0 cused=441154 parked=false wallstats=present running=true
    one-string-r1-L-V CAP-LIVE| used=418808 kernelMemory=164247 user=254561 count(3 collects)=418824/418760/418760 total=518142 traces_live=70
    one-string-r1-L-V CAP-GC| collects=+69 bailouts=+0 overdrafts=+740 od_peak=11262 od_state=0 park_resets=+0 od_limit=32768 kslice=16384 gc_low=404909 armby=0 window=4096 lends=+0 win=0 refused=16384 end: armed=0 state=0 stepmul=200 threshold=810600 gctotal=428749 ccap=0 cused=428749 parked=false
    one-string-r1-L-V CAP-X| batch=100 junk=24 OCLJCAPX=21/2000/0/0 traces(start/abort) 381/219 -> 529/245 class=CLEAN site=-
    one-string-r1-L-V SMOKE| MILESTONE km-1-kernel-init-compiles-nothing: PASS -- traces live at the kernelMemory baseline = 0; kernelMemory=164247
    one-string-r1-L-V SMOKE| MILESTONE cap-1-refusal-caught-machine-survives: PASS -- shape=string OCLJCAP=done/2048/not_enough_memory running=true lastError=<null>
one-closure-r1-D-V exit=0 CLASS=CLEAN APACITY| shape=closure native=additive jit=on jitearly=- tier=192KB scale=1.8 kernelMemory=164923 held=760 why=not_enough_memory t_first5=0.0011 t_last5=0.0040 batches=8 last/first=3.64 freeKB_at_end/totalKB=0/192 arms=+47 refusals=+1 trace_flushes=+6 fill_ms=1498 queued=true running=true lastError=<null>
    one-closure-r1-D-V CAP-IDLE| ticks=400 arms=+20 collects=+20 bailouts=+0 refusals=+0 trace_flushes=+0 trace_flush_bytes=+0 park_resets=+0 traces_live 55 -> 61 armed=0 state=0 stepmul=200 threshold=828000 gctotal=441080 ccap=518818 cused=441080 parked=false wallstats=present running=true
    one-closure-r1-D-V CAP-LIVE| used=412658 kernelMemory=164923 user=247735 count(3 collects)=412610/412610/412610 total=518818 traces_live=61
    one-closure-r1-D-V CAP-GC| collects=+47 bailouts=+0 overdrafts=+678 od_peak=16464 od_state=0 park_resets=+0 od_limit=32768 kslice=16384 gc_low=397541 armby=0 window=4096 lends=+4 win=0 refused=52 end: armed=0 state=0 stepmul=200 threshold=795000 gctotal=420849 ccap=518818 cused=420849 parked=false
    one-closure-r1-D-V CAP-X| batch=100 junk=24 OCLJCAPX=8/700/0/0 traces(start/abort) 344/194 -> 455/235 class=CLEAN site=-
    one-closure-r1-D-V SMOKE| MILESTONE km-1-kernel-init-compiles-nothing: PASS -- traces live at the kernelMemory baseline = 0; kernelMemory=164923
    one-closure-r1-D-V SMOKE| MILESTONE cap-1-refusal-caught-machine-survives: PASS -- shape=closure OCLJCAP=done/760/not_enough_memory running=true lastError=<null>
one-closure-r1-O-V exit=0 CLASS=CLEAN APACITY| shape=closure native=additive jit=off jitearly=off tier=192KB scale=1.8 kernelMemory=164923 held=835 why=not_enough_memory t_first5=0.0008 t_last5=0.0045 batches=9 last/first=5.62 freeKB_at_end/totalKB=0/192 arms=+44 refusals=+1 trace_flushes=+0 fill_ms=1498 queued=true running=true lastError=<null>
    one-closure-r1-O-V CAP-IDLE| ticks=400 arms=+1 collects=+1 bailouts=+0 refusals=+0 trace_flushes=+0 trace_flush_bytes=+0 park_resets=+0 traces_live 0 -> 0 armed=0 state=0 stepmul=200 threshold=706800 gctotal=368234 ccap=518818 cused=368234 parked=false wallstats=present running=true
    one-closure-r1-O-V CAP-LIVE| used=353888 kernelMemory=164923 user=188965 count(3 collects)=353904/353840/353840 total=518818 traces_live=0
    one-closure-r1-O-V CAP-GC| collects=+44 bailouts=+0 overdrafts=+812 od_peak=16458 od_state=0 park_resets=+0 od_limit=32768 kslice=16384 gc_low=350115 armby=1 window=4096 lends=+2 win=0 refused=52 end: armed=0 state=0 stepmul=200 threshold=700200 gctotal=350399 ccap=518818 cused=350399 parked=false
    one-closure-r1-O-V CAP-X| batch=100 junk=24 OCLJCAPX=9/800/0/0 traces(start/abort) 0/0 -> 0/0 class=CLEAN site=-
    one-closure-r1-O-V SMOKE| MILESTONE km-1-kernel-init-compiles-nothing: PASS -- traces live at the kernelMemory baseline = 0; kernelMemory=164923
    one-closure-r1-O-V SMOKE| MILESTONE cap-1-refusal-caught-machine-survives: PASS -- shape=closure OCLJCAP=done/835/not_enough_memory running=true lastError=<null>
one-closure-r1-L-V exit=0 CLASS=CLEAN APACITY| shape=closure native=luajit jit=on jitearly=- tier=192KB scale=1.8 kernelMemory=164247 held=770 why=not_enough_memory t_first5=0.0006 t_last5=0.0054 batches=8 last/first=9.00 freeKB_at_end/totalKB=0/192 arms=+49 refusals=+1 trace_flushes=+6 fill_ms=1501 queued=true running=true lastError=<null>
    one-closure-r1-L-V CAP-IDLE| ticks=400 arms=+20 collects=+20 bailouts=+0 refusals=+0 trace_flushes=+0 trace_flush_bytes=+0 park_resets=+0 traces_live 46 -> 56 armed=0 state=0 stepmul=200 threshold=811400 gctotal=428536 ccap=0 cused=428536 parked=false wallstats=present running=true
    one-closure-r1-L-V CAP-LIVE| used=406190 kernelMemory=164247 user=241943 count(3 collects)=406206/406142/406142 total=518142 traces_live=56
    one-closure-r1-L-V CAP-GC| collects=+49 bailouts=+0 overdrafts=+875 od_peak=16504 od_state=0 park_resets=+0 od_limit=32768 kslice=16384 gc_low=393437 armby=0 window=4096 lends=+6 win=0 refused=52 end: armed=0 state=0 stepmul=200 threshold=786800 gctotal=430325 ccap=0 cused=430325 parked=false
    one-closure-r1-L-V CAP-X| batch=100 junk=24 OCLJCAPX=8/700/0/0 traces(start/abort) 341/198 -> 415/215 class=CLEAN site=-
    one-closure-r1-L-V SMOKE| MILESTONE km-1-kernel-init-compiles-nothing: PASS -- traces live at the kernelMemory baseline = 0; kernelMemory=164247
    one-closure-r1-L-V SMOKE| MILESTONE cap-1-refusal-caught-machine-survives: PASS -- shape=closure OCLJCAP=done/770/not_enough_memory running=true lastError=<null>
one-record-r2-D-V exit=0 CLASS=CLEAN APACITY| shape=record native=additive jit=on jitearly=- tier=192KB scale=1.8 kernelMemory=164923 held=554 why=not_enough_memory t_first5=0.0015 t_last5=0.0043 batches=6 last/first=2.87 freeKB_at_end/totalKB=0/192 arms=+59 refusals=+1 trace_flushes=+5 fill_ms=1497 queued=true running=true lastError=<null>
    one-record-r2-D-V CAP-IDLE| ticks=400 arms=+20 collects=+20 bailouts=+0 refusals=+0 trace_flushes=+0 trace_flush_bytes=+0 park_resets=+0 traces_live 26 -> 57 armed=0 state=0 stepmul=200 threshold=821400 gctotal=429724 ccap=518818 cused=429724 parked=false wallstats=present running=true
    one-record-r2-D-V CAP-LIVE| used=410694 kernelMemory=164923 user=245771 count(3 collects)=410710/410646/410646 total=518818 traces_live=57
    one-record-r2-D-V CAP-GC| collects=+59 bailouts=+0 overdrafts=+331 od_peak=16520 od_state=0 park_resets=+0 od_limit=32768 kslice=16384 gc_low=391037 armby=0 window=4096 lends=+4 win=0 refused=52 end: armed=0 state=0 stepmul=200 threshold=782000 gctotal=399085 ccap=518818 cused=399085 parked=false
    one-record-r2-D-V CAP-X| batch=100 junk=24 OCLJCAPX=6/500/0/0 traces(start/abort) 365/208 -> 429/222 class=CLEAN site=-
    one-record-r2-D-V SMOKE| MILESTONE km-1-kernel-init-compiles-nothing: PASS -- traces live at the kernelMemory baseline = 0; kernelMemory=164923
    one-record-r2-D-V SMOKE| MILESTONE cap-1-refusal-caught-machine-survives: PASS -- shape=record OCLJCAP=done/554/not_enough_memory running=true lastError=<null>
one-record-r2-O-V exit=0 CLASS=CLEAN APACITY| shape=record native=additive jit=off jitearly=off tier=192KB scale=1.8 kernelMemory=164923 held=603 why=not_enough_memory t_first5=0.0011 t_last5=0.0036 batches=7 last/first=3.27 freeKB_at_end/totalKB=0/192 arms=+64 refusals=+1 trace_flushes=+0 fill_ms=1497 queued=true running=true lastError=<null>
    one-record-r2-O-V CAP-IDLE| ticks=400 arms=+1 collects=+1 bailouts=+0 refusals=+0 trace_flushes=+0 trace_flush_bytes=+0 park_resets=+0 traces_live 0 -> 0 armed=0 state=0 stepmul=200 threshold=707000 gctotal=353882 ccap=518818 cused=353882 parked=false wallstats=present running=true
    one-record-r2-O-V CAP-LIVE| used=354016 kernelMemory=164923 user=189093 count(3 collects)=353968/353968/353968 total=518818 traces_live=0
    one-record-r2-O-V CAP-GC| collects=+64 bailouts=+0 overdrafts=+567 od_peak=16614 od_state=0 park_resets=+0 od_limit=32768 kslice=16384 gc_low=350047 armby=0 window=4096 lends=+12 win=0 refused=52 end: armed=0 state=0 stepmul=200 threshold=700000 gctotal=365463 ccap=518818 cused=365463 parked=false
    one-record-r2-O-V CAP-X| batch=100 junk=24 OCLJCAPX=7/600/0/0 traces(start/abort) 0/0 -> 0/0 class=CLEAN site=-
    one-record-r2-O-V SMOKE| MILESTONE km-1-kernel-init-compiles-nothing: PASS -- traces live at the kernelMemory baseline = 0; kernelMemory=164923
    one-record-r2-O-V SMOKE| MILESTONE cap-1-refusal-caught-machine-survives: PASS -- shape=record OCLJCAP=done/603/not_enough_memory running=true lastError=<null>
one-array-r2-D-V exit=0 CLASS=CLEAN APACITY| shape=array native=additive jit=on jitearly=- tier=192KB scale=1.8 kernelMemory=164923 held=792 why=not_enough_memory t_first5=0.0010 t_last5=0.0028 batches=8 last/first=2.80 freeKB_at_end/totalKB=0/192 arms=+45 refusals=+1 trace_flushes=+5 fill_ms=1496 queued=true running=true lastError=<null>
    one-array-r2-D-V CAP-IDLE| ticks=400 arms=+20 collects=+20 bailouts=+0 refusals=+0 trace_flushes=+0 trace_flush_bytes=+0 park_resets=+0 traces_live 7 -> 58 armed=0 state=0 stepmul=200 threshold=809800 gctotal=412999 ccap=518818 cused=412999 parked=false wallstats=present running=true
    one-array-r2-D-V CAP-LIVE| used=405389 kernelMemory=164923 user=240466 count(3 collects)=405405/405341/405341 total=518818 traces_live=58
    one-array-r2-D-V CAP-GC| collects=+45 bailouts=+0 overdrafts=+385 od_peak=16539 od_state=0 park_resets=+0 od_limit=32768 kslice=16384 gc_low=389073 armby=0 window=4096 lends=+3 win=0 refused=52 end: armed=0 state=0 stepmul=200 threshold=778000 gctotal=419225 ccap=518818 cused=419225 parked=false
    one-array-r2-D-V CAP-X| batch=100 junk=24 OCLJCAPX=8/700/0/0 traces(start/abort) 377/217 -> 455/235 class=CLEAN site=-
    one-array-r2-D-V SMOKE| MILESTONE km-1-kernel-init-compiles-nothing: PASS -- traces live at the kernelMemory baseline = 0; kernelMemory=164923
    one-array-r2-D-V SMOKE| MILESTONE cap-1-refusal-caught-machine-survives: PASS -- shape=array OCLJCAP=done/792/not_enough_memory running=true lastError=<null>
one-array-r2-O-V exit=0 CLASS=CLEAN APACITY| shape=array native=additive jit=off jitearly=off tier=192KB scale=1.8 kernelMemory=164923 held=868 why=not_enough_memory t_first5=0.0009 t_last5=0.0030 batches=9 last/first=3.33 freeKB_at_end/totalKB=0/192 arms=+41 refusals=+1 trace_flushes=+0 fill_ms=1494 queued=true running=true lastError=<null>
    one-array-r2-O-V CAP-IDLE| ticks=400 arms=+1 collects=+1 bailouts=+0 refusals=+0 trace_flushes=+0 trace_flush_bytes=+0 park_resets=+0 traces_live 0 -> 0 armed=0 state=0 stepmul=200 threshold=707000 gctotal=368957 ccap=518818 cused=368957 parked=false wallstats=present running=true
    one-array-r2-O-V CAP-LIVE| used=353979 kernelMemory=164923 user=189056 count(3 collects)=353995/353931/353931 total=518818 traces_live=0
    one-array-r2-O-V CAP-GC| collects=+41 bailouts=+0 overdrafts=+566 od_peak=16521 od_state=0 park_resets=+0 od_limit=32768 kslice=16384 gc_low=350323 armby=1 window=4096 lends=+4 win=0 refused=52 end: armed=0 state=0 stepmul=200 threshold=700600 gctotal=387211 ccap=518818 cused=387211 parked=false
    one-array-r2-O-V CAP-X| batch=100 junk=24 OCLJCAPX=9/800/0/0 traces(start/abort) 0/0 -> 0/0 class=CLEAN site=-
    one-array-r2-O-V SMOKE| MILESTONE km-1-kernel-init-compiles-nothing: PASS -- traces live at the kernelMemory baseline = 0; kernelMemory=164923
    one-array-r2-O-V SMOKE| MILESTONE cap-1-refusal-caught-machine-survives: PASS -- shape=array OCLJCAP=done/868/not_enough_memory running=true lastError=<null>
one-string-r2-D-V exit=0 CLASS=CLEAN APACITY| shape=string native=additive jit=on jitearly=- tier=192KB scale=1.8 kernelMemory=164923 held=2048 why=not_enough_memory t_first5=0.0005 t_last5=0.0058 batches=21 last/first=11.60 freeKB_at_end/totalKB=0/192 arms=+98 refusals=+1 trace_flushes=+13 fill_ms=1751 queued=true running=true lastError=<null>
    one-string-r2-D-V CAP-IDLE| ticks=400 arms=+20 collects=+20 bailouts=+0 refusals=+0 trace_flushes=+0 trace_flush_bytes=+0 park_resets=+0 traces_live 51 -> 67 armed=0 state=0 stepmul=200 threshold=829800 gctotal=434454 ccap=518818 cused=434454 parked=false wallstats=present running=true
    one-string-r2-D-V CAP-LIVE| used=414424 kernelMemory=164923 user=249501 count(3 collects)=414440/414376/414376 total=518818 traces_live=67
    one-string-r2-D-V CAP-GC| collects=+98 bailouts=+0 overdrafts=+655 od_peak=9466 od_state=0 park_resets=+0 od_limit=32768 kslice=16384 gc_low=403641 armby=0 window=4096 lends=+0 win=0 refused=16384 end: armed=0 state=0 stepmul=200 threshold=807200 gctotal=433169 ccap=518818 cused=433169 parked=false
    one-string-r2-D-V CAP-X| batch=100 junk=24 OCLJCAPX=21/2000/0/0 traces(start/abort) 332/180 -> 472/203 class=CLEAN site=-
    one-string-r2-D-V SMOKE| MILESTONE km-1-kernel-init-compiles-nothing: PASS -- traces live at the kernelMemory baseline = 0; kernelMemory=164923
    one-string-r2-D-V SMOKE| MILESTONE cap-1-refusal-caught-machine-survives: PASS -- shape=string OCLJCAP=done/2048/not_enough_memory running=true lastError=<null>
one-string-r2-O-V exit=0 CLASS=CLEAN APACITY| shape=string native=additive jit=off jitearly=off tier=192KB scale=1.8 kernelMemory=164923 held=2215 why=not_enough_memory t_first5=0.0007 t_last5=0.0063 batches=23 last/first=9.00 freeKB_at_end/totalKB=0/192 arms=+93 refusals=+1 trace_flushes=+0 fill_ms=1742 queued=true running=true lastError=<null>
    one-string-r2-O-V CAP-IDLE| ticks=400 arms=+1 collects=+1 bailouts=+0 refusals=+0 trace_flushes=+0 trace_flush_bytes=+0 park_resets=+0 traces_live 0 -> 0 armed=0 state=0 stepmul=200 threshold=706400 gctotal=360664 ccap=518818 cused=360664 parked=false wallstats=present running=true
    one-string-r2-O-V CAP-LIVE| used=353686 kernelMemory=164923 user=188763 count(3 collects)=353702/353638/353638 total=518818 traces_live=0
    one-string-r2-O-V CAP-GC| collects=+93 bailouts=+0 overdrafts=+1103 od_peak=16484 od_state=0 park_resets=+0 od_limit=32768 kslice=16384 gc_low=366499 armby=0 window=4096 lends=+12 win=0 refused=52 end: armed=0 state=0 stepmul=200 threshold=732800 gctotal=374555 ccap=518818 cused=374555 parked=false
    one-string-r2-O-V CAP-X| batch=100 junk=24 OCLJCAPX=23/2200/0/0 traces(start/abort) 0/0 -> 0/0 class=CLEAN site=-
    one-string-r2-O-V SMOKE| MILESTONE km-1-kernel-init-compiles-nothing: PASS -- traces live at the kernelMemory baseline = 0; kernelMemory=164923
    one-string-r2-O-V SMOKE| MILESTONE cap-1-refusal-caught-machine-survives: PASS -- shape=string OCLJCAP=done/2215/not_enough_memory running=true lastError=<null>
one-closure-r2-D-V exit=0 CLASS=CLEAN APACITY| shape=closure native=additive jit=on jitearly=- tier=192KB scale=1.8 kernelMemory=164923 held=766 why=not_enough_memory t_first5=0.0009 t_last5=0.0042 batches=8 last/first=4.67 freeKB_at_end/totalKB=0/192 arms=+49 refusals=+1 trace_flushes=+6 fill_ms=1499 queued=true running=true lastError=<null>
    one-closure-r2-D-V CAP-IDLE| ticks=400 arms=+21 collects=+21 bailouts=+0 refusals=+0 trace_flushes=+0 trace_flush_bytes=+0 park_resets=+0 traces_live 48 -> 63 armed=0 state=0 stepmul=200 threshold=834400 gctotal=439412 ccap=518818 cused=439412 parked=false wallstats=present running=true
    one-closure-r2-D-V CAP-LIVE| used=417698 kernelMemory=164923 user=252775 count(3 collects)=417714/417650/417650 total=518818 traces_live=63
    one-closure-r2-D-V CAP-GC| collects=+49 bailouts=+0 overdrafts=+877 od_peak=16448 od_state=0 park_resets=+0 od_limit=32768 kslice=16384 gc_low=389569 armby=0 window=4096 lends=+2 win=0 refused=52 end: armed=0 state=0 stepmul=200 threshold=780600 gctotal=397809 ccap=518818 cused=397809 parked=false
    one-closure-r2-D-V CAP-X| batch=100 junk=24 OCLJCAPX=8/700/0/0 traces(start/abort) 353/196 -> 456/236 class=CLEAN site=-
    one-closure-r2-D-V SMOKE| MILESTONE km-1-kernel-init-compiles-nothing: PASS -- traces live at the kernelMemory baseline = 0; kernelMemory=164923
    one-closure-r2-D-V SMOKE| MILESTONE cap-1-refusal-caught-machine-survives: PASS -- shape=closure OCLJCAP=done/766/not_enough_memory running=true lastError=<null>
one-closure-r2-O-V exit=0 CLASS=CLEAN APACITY| shape=closure native=additive jit=off jitearly=off tier=192KB scale=1.8 kernelMemory=164923 held=835 why=not_enough_memory t_first5=0.0013 t_last5=0.0060 batches=9 last/first=4.62 freeKB_at_end/totalKB=0/192 arms=+44 refusals=+1 trace_flushes=+0 fill_ms=1492 queued=true running=true lastError=<null>
    one-closure-r2-O-V CAP-IDLE| ticks=400 arms=+1 collects=+1 bailouts=+0 refusals=+0 trace_flushes=+0 trace_flush_bytes=+0 park_resets=+0 traces_live 0 -> 0 armed=0 state=0 stepmul=200 threshold=706800 gctotal=368866 ccap=518818 cused=368866 parked=false wallstats=present running=true
    one-closure-r2-O-V CAP-LIVE| used=353888 kernelMemory=164923 user=188965 count(3 collects)=353904/353840/353840 total=518818 traces_live=0
    one-closure-r2-O-V CAP-GC| collects=+44 bailouts=+0 overdrafts=+812 od_peak=16458 od_state=0 park_resets=+0 od_limit=32768 kslice=16384 gc_low=350115 armby=1 window=4096 lends=+2 win=0 refused=52 end: armed=0 state=0 stepmul=200 threshold=700200 gctotal=387003 ccap=518818 cused=387003 parked=false
    one-closure-r2-O-V CAP-X| batch=100 junk=24 OCLJCAPX=9/800/0/0 traces(start/abort) 0/0 -> 0/0 class=CLEAN site=-
    one-closure-r2-O-V SMOKE| MILESTONE km-1-kernel-init-compiles-nothing: PASS -- traces live at the kernelMemory baseline = 0; kernelMemory=164923
    one-closure-r2-O-V SMOKE| MILESTONE cap-1-refusal-caught-machine-survives: PASS -- shape=closure OCLJCAP=done/835/not_enough_memory running=true lastError=<null>
one-record-r3-D-V exit=0 CLASS=CLEAN APACITY| shape=record native=additive jit=on jitearly=- tier=192KB scale=1.8 kernelMemory=164923 held=558 why=not_enough_memory t_first5=0.0014 t_last5=0.0035 batches=6 last/first=2.50 freeKB_at_end/totalKB=0/192 arms=+36 refusals=+1 trace_flushes=+5 fill_ms=1494 queued=true running=true lastError=<null>
    one-record-r3-D-V CAP-IDLE| ticks=400 arms=+21 collects=+21 bailouts=+0 refusals=+0 trace_flushes=+0 trace_flush_bytes=+0 park_resets=+0 traces_live 58 -> 71 armed=0 state=0 stepmul=200 threshold=834200 gctotal=425208 ccap=518818 cused=425208 parked=false wallstats=present running=true
    one-record-r3-D-V CAP-LIVE| used=417598 kernelMemory=164923 user=252675 count(3 collects)=417614/417550/417550 total=518818 traces_live=71
    one-record-r3-D-V CAP-GC| collects=+36 bailouts=+0 overdrafts=+335 od_peak=16472 od_state=0 park_resets=+0 od_limit=32768 kslice=16384 gc_low=387145 armby=0 window=4096 lends=+3 win=0 refused=52 end: armed=0 state=0 stepmul=200 threshold=774200 gctotal=417297 ccap=518818 cused=417297 parked=false
    one-record-r3-D-V CAP-X| batch=100 junk=24 OCLJCAPX=6/500/0/0 traces(start/abort) 350/184 -> 428/202 class=CLEAN site=-
    one-record-r3-D-V SMOKE| MILESTONE km-1-kernel-init-compiles-nothing: PASS -- traces live at the kernelMemory baseline = 0; kernelMemory=164923
    one-record-r3-D-V SMOKE| MILESTONE cap-1-refusal-caught-machine-survives: PASS -- shape=record OCLJCAP=done/558/not_enough_memory running=true lastError=<null>
one-record-r3-O-V exit=0 CLASS=CLEAN APACITY| shape=record native=additive jit=off jitearly=off tier=192KB scale=1.8 kernelMemory=164923 held=603 why=not_enough_memory t_first5=0.0015 t_last5=0.0037 batches=7 last/first=2.47 freeKB_at_end/totalKB=0/192 arms=+82 refusals=+1 trace_flushes=+0 fill_ms=1499 queued=true running=true lastError=<null>
    one-record-r3-O-V CAP-IDLE| ticks=400 arms=+0 collects=+0 bailouts=+0 refusals=+0 trace_flushes=+0 trace_flush_bytes=+0 park_resets=+0 traces_live 0 -> 0 armed=0 state=0 stepmul=200 threshold=707000 gctotal=434410 ccap=518818 cused=434410 parked=false wallstats=present running=true
    one-record-r3-O-V CAP-LIVE| used=354016 kernelMemory=164923 user=189093 count(3 collects)=353968/353968/353968 total=518818 traces_live=0
    one-record-r3-O-V CAP-GC| collects=+82 bailouts=+0 overdrafts=+676 od_peak=16614 od_state=0 park_resets=+0 od_limit=32768 kslice=16384 gc_low=350047 armby=0 window=4096 lends=+22 win=0 refused=52 end: armed=0 state=0 stepmul=200 threshold=700000 gctotal=366095 ccap=518818 cused=366095 parked=false
    one-record-r3-O-V CAP-X| batch=100 junk=24 OCLJCAPX=7/600/0/0 traces(start/abort) 0/0 -> 0/0 class=CLEAN site=-
    one-record-r3-O-V SMOKE| MILESTONE km-1-kernel-init-compiles-nothing: PASS -- traces live at the kernelMemory baseline = 0; kernelMemory=164923
    one-record-r3-O-V SMOKE| MILESTONE cap-1-refusal-caught-machine-survives: PASS -- shape=record OCLJCAP=done/603/not_enough_memory running=true lastError=<null>
one-array-r3-D-V exit=0 CLASS=CLEAN APACITY| shape=array native=additive jit=on jitearly=- tier=192KB scale=1.8 kernelMemory=164923 held=794 why=not_enough_memory t_first5=0.0010 t_last5=0.0027 batches=8 last/first=2.70 freeKB_at_end/totalKB=0/192 arms=+44 refusals=+1 trace_flushes=+5 fill_ms=1494 queued=true running=true lastError=<null>
    one-array-r3-D-V CAP-IDLE| ticks=400 arms=+20 collects=+20 bailouts=+0 refusals=+0 trace_flushes=+0 trace_flush_bytes=+0 park_resets=+0 traces_live 49 -> 61 armed=0 state=0 stepmul=200 threshold=815400 gctotal=424943 ccap=518818 cused=424943 parked=false wallstats=present running=true
    one-array-r3-D-V CAP-LIVE| used=408017 kernelMemory=164923 user=243094 count(3 collects)=408033/407969/407969 total=518818 traces_live=61
    one-array-r3-D-V CAP-GC| collects=+44 bailouts=+0 overdrafts=+354 od_peak=17563 od_state=0 park_resets=+0 od_limit=32768 kslice=16384 gc_low=393113 armby=0 window=4096 lends=+3 win=0 refused=28 end: armed=0 state=0 stepmul=200 threshold=786200 gctotal=407961 ccap=518818 cused=407961 parked=false
    one-array-r3-D-V CAP-X| batch=100 junk=24 OCLJCAPX=8/700/0/0 traces(start/abort) 348/197 -> 432/218 class=CLEAN site=-
    one-array-r3-D-V SMOKE| MILESTONE km-1-kernel-init-compiles-nothing: PASS -- traces live at the kernelMemory baseline = 0; kernelMemory=164923
    one-array-r3-D-V SMOKE| MILESTONE cap-1-refusal-caught-machine-survives: PASS -- shape=array OCLJCAP=done/794/not_enough_memory running=true lastError=<null>
one-array-r3-O-V exit=0 CLASS=CLEAN APACITY| shape=array native=additive jit=off jitearly=off tier=192KB scale=1.8 kernelMemory=164923 held=869 why=not_enough_memory t_first5=0.0007 t_last5=0.0053 batches=9 last/first=7.57 freeKB_at_end/totalKB=0/192 arms=+41 refusals=+1 trace_flushes=+0 fill_ms=1497 queued=true running=true lastError=<null>
    one-array-r3-O-V CAP-IDLE| ticks=400 arms=+0 collects=+0 bailouts=+0 refusals=+0 trace_flushes=+0 trace_flush_bytes=+0 park_resets=+0 traces_live 0 -> 0 armed=0 state=0 stepmul=200 threshold=706600 gctotal=426797 ccap=518818 cused=426797 parked=false wallstats=present running=true
    one-array-r3-O-V CAP-LIVE| used=353771 kernelMemory=164923 user=188848 count(3 collects)=353787/353723/353723 total=518818 traces_live=0
    one-array-r3-O-V CAP-GC| collects=+41 bailouts=+0 overdrafts=+668 od_peak=16513 od_state=0 park_resets=+0 od_limit=32768 kslice=16384 gc_low=350115 armby=1 window=4096 lends=+3 win=0 refused=52 end: armed=0 state=0 stepmul=200 threshold=700200 gctotal=364899 ccap=518818 cused=364899 parked=false
    one-array-r3-O-V CAP-X| batch=100 junk=24 OCLJCAPX=9/800/0/0 traces(start/abort) 0/0 -> 0/0 class=CLEAN site=-
    one-array-r3-O-V SMOKE| MILESTONE km-1-kernel-init-compiles-nothing: PASS -- traces live at the kernelMemory baseline = 0; kernelMemory=164923
    one-array-r3-O-V SMOKE| MILESTONE cap-1-refusal-caught-machine-survives: PASS -- shape=array OCLJCAP=done/869/not_enough_memory running=true lastError=<null>
one-string-r3-D-V exit=0 CLASS=CLEAN APACITY| shape=string native=additive jit=on jitearly=- tier=192KB scale=1.8 kernelMemory=164923 held=2048 why=not_enough_memory t_first5=0.0003 t_last5=0.0028 batches=21 last/first=9.33 freeKB_at_end/totalKB=0/192 arms=+63 refusals=+1 trace_flushes=+13 fill_ms=1751 queued=true running=true lastError=<null>
    one-string-r3-D-V CAP-IDLE| ticks=400 arms=+20 collects=+20 bailouts=+0 refusals=+0 trace_flushes=+0 trace_flush_bytes=+0 park_resets=+0 traces_live 45 -> 63 armed=0 state=0 stepmul=200 threshold=816800 gctotal=426066 ccap=518818 cused=426066 parked=false wallstats=present running=true
    one-string-r3-D-V CAP-LIVE| used=408560 kernelMemory=164923 user=243637 count(3 collects)=408576/408512/408512 total=518818 traces_live=63
    one-string-r3-D-V CAP-GC| collects=+63 bailouts=+0 overdrafts=+647 od_peak=11938 od_state=0 park_resets=+0 od_limit=32768 kslice=16384 gc_low=404453 armby=0 window=4096 lends=+0 win=0 refused=16384 end: armed=0 state=0 stepmul=200 threshold=809000 gctotal=405433 ccap=518818 cused=405433 parked=false
    one-string-r3-D-V CAP-X| batch=100 junk=24 OCLJCAPX=21/2000/0/0 traces(start/abort) 346/192 -> 481/212 class=CLEAN site=-
    one-string-r3-D-V SMOKE| MILESTONE km-1-kernel-init-compiles-nothing: PASS -- traces live at the kernelMemory baseline = 0; kernelMemory=164923
    one-string-r3-D-V SMOKE| MILESTONE cap-1-refusal-caught-machine-survives: PASS -- shape=string OCLJCAP=done/2048/not_enough_memory running=true lastError=<null>
one-string-r3-O-V exit=0 CLASS=CLEAN APACITY| shape=string native=additive jit=off jitearly=off tier=192KB scale=1.8 kernelMemory=164923 held=2216 why=not_enough_memory t_first5=0.0009 t_last5=0.0060 batches=23 last/first=6.67 freeKB_at_end/totalKB=0/192 arms=+90 refusals=+1 trace_flushes=+0 fill_ms=1743 queued=true running=true lastError=<null>
    one-string-r3-O-V CAP-IDLE| ticks=400 arms=+1 collects=+1 bailouts=+0 refusals=+0 trace_flushes=+0 trace_flush_bytes=+0 park_resets=+0 traces_live 0 -> 0 armed=0 state=0 stepmul=200 threshold=706400 gctotal=375332 ccap=518818 cused=375332 parked=false wallstats=present running=true
    one-string-r3-O-V CAP-LIVE| used=353618 kernelMemory=164923 user=188695 count(3 collects)=353634/353570/353570 total=518818 traces_live=0
    one-string-r3-O-V CAP-GC| collects=+90 bailouts=+0 overdrafts=+1107 od_peak=16472 od_state=0 park_resets=+0 od_limit=32768 kslice=16384 gc_low=366431 armby=0 window=4096 lends=+9 win=0 refused=52 end: armed=0 state=0 stepmul=200 threshold=732800 gctotal=395959 ccap=518818 cused=395959 parked=false
    one-string-r3-O-V CAP-X| batch=100 junk=24 OCLJCAPX=23/2200/0/0 traces(start/abort) 0/0 -> 0/0 class=CLEAN site=-
    one-string-r3-O-V SMOKE| MILESTONE km-1-kernel-init-compiles-nothing: PASS -- traces live at the kernelMemory baseline = 0; kernelMemory=164923
    one-string-r3-O-V SMOKE| MILESTONE cap-1-refusal-caught-machine-survives: PASS -- shape=string OCLJCAP=done/2216/not_enough_memory running=true lastError=<null>
one-closure-r3-D-V exit=0 CLASS=CLEAN APACITY| shape=closure native=additive jit=on jitearly=- tier=192KB scale=1.8 kernelMemory=164923 held=777 why=not_enough_memory t_first5=0.0012 t_last5=0.0037 batches=8 last/first=3.08 freeKB_at_end/totalKB=0/192 arms=+48 refusals=+1 trace_flushes=+5 fill_ms=1497 queued=true running=true lastError=<null>
    one-closure-r3-D-V CAP-IDLE| ticks=400 arms=+20 collects=+20 bailouts=+0 refusals=+0 trace_flushes=+0 trace_flush_bytes=+0 park_resets=+0 traces_live 47 -> 60 armed=0 state=0 stepmul=200 threshold=826800 gctotal=413688 ccap=518818 cused=413688 parked=false wallstats=present running=true
    one-closure-r3-D-V CAP-LIVE| used=413822 kernelMemory=164923 user=248899 count(3 collects)=413774/413774/413774 total=518818 traces_live=60
    one-closure-r3-D-V CAP-GC| collects=+48 bailouts=+0 overdrafts=+766 od_peak=16568 od_state=0 park_resets=+0 od_limit=32768 kslice=16384 gc_low=388173 armby=0 window=4096 lends=+8 win=0 refused=52 end: armed=0 state=0 stepmul=200 threshold=776200 gctotal=410957 ccap=518818 cused=410957 parked=false
    one-closure-r3-D-V CAP-X| batch=100 junk=24 OCLJCAPX=8/700/0/0 traces(start/abort) 318/167 -> 403/201 class=CLEAN site=-
    one-closure-r3-D-V SMOKE| MILESTONE km-1-kernel-init-compiles-nothing: PASS -- traces live at the kernelMemory baseline = 0; kernelMemory=164923
    one-closure-r3-D-V SMOKE| MILESTONE cap-1-refusal-caught-machine-survives: PASS -- shape=closure OCLJCAP=done/777/not_enough_memory running=true lastError=<null>
one-closure-r3-O-V exit=0 CLASS=CLEAN APACITY| shape=closure native=additive jit=off jitearly=off tier=192KB scale=1.8 kernelMemory=164923 held=836 why=not_enough_memory t_first5=0.0011 t_last5=0.0049 batches=9 last/first=4.45 freeKB_at_end/totalKB=0/192 arms=+44 refusals=+1 trace_flushes=+0 fill_ms=1498 queued=true running=true lastError=<null>
    one-closure-r3-O-V CAP-IDLE| ticks=400 arms=+1 collects=+1 bailouts=+0 refusals=+0 trace_flushes=+0 trace_flush_bytes=+0 park_resets=+0 traces_live 0 -> 0 armed=0 state=0 stepmul=200 threshold=706800 gctotal=361430 ccap=518818 cused=361430 parked=false wallstats=present running=true
    one-closure-r3-O-V CAP-LIVE| used=353820 kernelMemory=164923 user=188897 count(3 collects)=353836/353772/353772 total=518818 traces_live=0
    one-closure-r3-O-V CAP-GC| collects=+44 bailouts=+0 overdrafts=+714 od_peak=16546 od_state=0 park_resets=+0 od_limit=32768 kslice=16384 gc_low=350047 armby=1 window=4096 lends=+7 win=0 refused=52 end: armed=0 state=0 stepmul=200 threshold=700000 gctotal=379567 ccap=518818 cused=379567 parked=false
    one-closure-r3-O-V CAP-X| batch=100 junk=24 OCLJCAPX=9/800/0/0 traces(start/abort) 0/0 -> 0/0 class=CLEAN site=-
    one-closure-r3-O-V SMOKE| MILESTONE km-1-kernel-init-compiles-nothing: PASS -- traces live at the kernelMemory baseline = 0; kernelMemory=164923
    one-closure-r3-O-V SMOKE| MILESTONE cap-1-refusal-caught-machine-survives: PASS -- shape=closure OCLJCAP=done/836/not_enough_memory running=true lastError=<null>
onehalf-record-r1-D-V exit=0 CLASS=CLEAN APACITY| shape=record native=additive jit=on jitearly=- tier=256KB scale=1.8 kernelMemory=164923 held=919 why=not_enough_memory t_first5=0.0013 t_last5=0.0049 batches=10 last/first=3.77 freeKB_at_end/totalKB=0/256 arms=+51 refusals=+1 trace_flushes=+5 fill_ms=1494 queued=true running=true lastError=<null>
    onehalf-record-r1-D-V CAP-IDLE| ticks=400 arms=+2 collects=+2 bailouts=+0 refusals=+0 trace_flushes=+0 trace_flush_bytes=+0 park_resets=+0 traces_live 101 -> 113 armed=0 state=0 stepmul=200 threshold=916600 gctotal=539150 ccap=636783 cused=539150 parked=false wallstats=present running=true
    onehalf-record-r1-D-V CAP-LIVE| used=458756 kernelMemory=164923 user=293833 count(3 collects)=458772/458708/458708 total=636783 traces_live=113
    onehalf-record-r1-D-V CAP-GC| collects=+51 bailouts=+0 overdrafts=+590 od_peak=19995 od_state=0 park_resets=+0 od_limit=39798 kslice=16384 gc_low=380469 armby=2 window=4096 lends=+5 win=0 refused=88 end: armed=0 state=0 stepmul=200 threshold=807000 gctotal=420017 ccap=636783 cused=420017 parked=false
    onehalf-record-r1-D-V CAP-X| batch=100 junk=24 OCLJCAPX=10/900/0/0 traces(start/abort) 288/175 -> 361/193 class=CLEAN site=-
    onehalf-record-r1-D-V SMOKE| MILESTONE km-1-kernel-init-compiles-nothing: PASS -- traces live at the kernelMemory baseline = 0; kernelMemory=164923
    onehalf-record-r1-D-V SMOKE| MILESTONE cap-1-refusal-caught-machine-survives: PASS -- shape=record OCLJCAP=done/919/not_enough_memory running=true lastError=<null>
onehalf-record-r1-O-V exit=0 CLASS=CLEAN APACITY| shape=record native=additive jit=off jitearly=off tier=256KB scale=1.8 kernelMemory=164923 held=967 why=not_enough_memory t_first5=0.0004 t_last5=0.0065 batches=10 last/first=16.25 freeKB_at_end/totalKB=0/256 arms=+41 refusals=+1 trace_flushes=+0 fill_ms=1499 queued=true running=true lastError=<null>
    onehalf-record-r1-O-V CAP-IDLE| ticks=400 arms=+0 collects=+0 bailouts=+0 refusals=+0 trace_flushes=+0 trace_flush_bytes=+0 park_resets=+0 traces_live 0 -> 0 armed=0 state=0 stepmul=200 threshold=707400 gctotal=427790 ccap=636783 cused=427790 parked=false wallstats=present running=true
    onehalf-record-r1-O-V CAP-LIVE| used=354132 kernelMemory=164923 user=189209 count(3 collects)=354148/354084/354084 total=636783 traces_live=0
    onehalf-record-r1-O-V CAP-GC| collects=+41 bailouts=+0 overdrafts=+762 od_peak=20033 od_state=0 park_resets=+0 od_limit=39798 kslice=16384 gc_low=366547 armby=1 window=4096 lends=+6 win=0 refused=40 end: armed=0 state=0 stepmul=200 threshold=733000 gctotal=381967 ccap=636783 cused=381967 parked=false
    onehalf-record-r1-O-V CAP-X| batch=100 junk=24 OCLJCAPX=10/900/0/0 traces(start/abort) 0/0 -> 0/0 class=CLEAN site=-
    onehalf-record-r1-O-V SMOKE| MILESTONE km-1-kernel-init-compiles-nothing: PASS -- traces live at the kernelMemory baseline = 0; kernelMemory=164923
    onehalf-record-r1-O-V SMOKE| MILESTONE cap-1-refusal-caught-machine-survives: PASS -- shape=record OCLJCAP=done/967/not_enough_memory running=true lastError=<null>
onehalf-array-r1-D-V exit=0 CLASS=CLEAN APACITY| shape=array native=additive jit=on jitearly=- tier=256KB scale=1.8 kernelMemory=164923 held=1357 why=not_enough_memory t_first5=0.0010 t_last5=0.0023 batches=14 last/first=2.30 freeKB_at_end/totalKB=0/256 arms=+41 refusals=+1 trace_flushes=+6 fill_ms=1495 queued=true running=true lastError=<null>
    onehalf-array-r1-D-V CAP-IDLE| ticks=400 arms=+8 collects=+8 bailouts=+0 refusals=+0 trace_flushes=+0 trace_flush_bytes=+0 park_resets=+0 traces_live 114 -> 120 armed=0 state=0 stepmul=200 threshold=946000 gctotal=530829 ccap=636783 cused=530829 parked=false wallstats=present running=true
    onehalf-array-r1-D-V CAP-LIVE| used=473467 kernelMemory=164923 user=308544 count(3 collects)=473483/473419/473419 total=636783 traces_live=120
    onehalf-array-r1-D-V CAP-GC| collects=+41 bailouts=+0 overdrafts=+629 od_peak=20062 od_state=0 park_resets=+0 od_limit=39798 kslice=16384 gc_low=363965 armby=2 window=4096 lends=+4 win=0 refused=52 end: armed=0 state=0 stepmul=200 threshold=783200 gctotal=392589 ccap=636783 cused=392589 parked=false
    onehalf-array-r1-D-V CAP-X| batch=100 junk=24 OCLJCAPX=14/1300/0/0 traces(start/abort) 273/153 -> 368/171 class=CLEAN site=-
    onehalf-array-r1-D-V SMOKE| MILESTONE km-1-kernel-init-compiles-nothing: PASS -- traces live at the kernelMemory baseline = 0; kernelMemory=164923
    onehalf-array-r1-D-V SMOKE| MILESTONE cap-1-refusal-caught-machine-survives: PASS -- shape=array OCLJCAP=done/1357/not_enough_memory running=true lastError=<null>
onehalf-array-r1-O-V exit=0 CLASS=CLEAN APACITY| shape=array native=additive jit=off jitearly=off tier=256KB scale=1.8 kernelMemory=164923 held=1435 why=not_enough_memory t_first5=0.0008 t_last5=0.0058 batches=15 last/first=7.25 freeKB_at_end/totalKB=0/256 arms=+50 refusals=+1 trace_flushes=+0 fill_ms=1749 queued=true running=true lastError=<null>
    onehalf-array-r1-O-V CAP-IDLE| ticks=400 arms=+0 collects=+0 bailouts=+0 refusals=+0 trace_flushes=+0 trace_flush_bytes=+0 park_resets=+0 traces_live 0 -> 0 armed=0 state=0 stepmul=200 threshold=707000 gctotal=360305 ccap=636783 cused=360305 parked=false wallstats=present running=true
    onehalf-array-r1-O-V CAP-LIVE| used=353959 kernelMemory=164923 user=189036 count(3 collects)=353975/353911/353911 total=636783 traces_live=0
    onehalf-array-r1-O-V CAP-GC| collects=+50 bailouts=+0 overdrafts=+764 od_peak=20032 od_state=0 park_resets=+0 od_limit=39798 kslice=16384 gc_low=350303 armby=1 window=4096 lends=+4 win=0 refused=52 end: armed=0 state=0 stepmul=200 threshold=700600 gctotal=358359 ccap=636783 cused=358359 parked=false
    onehalf-array-r1-O-V CAP-X| batch=100 junk=24 OCLJCAPX=15/1400/0/0 traces(start/abort) 0/0 -> 0/0 class=CLEAN site=-
    onehalf-array-r1-O-V SMOKE| MILESTONE km-1-kernel-init-compiles-nothing: PASS -- traces live at the kernelMemory baseline = 0; kernelMemory=164923
    onehalf-array-r1-O-V SMOKE| MILESTONE cap-1-refusal-caught-machine-survives: PASS -- shape=array OCLJCAP=done/1435/not_enough_memory running=true lastError=<null>
onehalf-string-r1-D-V exit=0 CLASS=CLEAN APACITY| shape=string native=additive jit=on jitearly=- tier=256KB scale=1.8 kernelMemory=164923 held=2593 why=not_enough_memory t_first5=0.0008 t_last5=0.0004 batches=26 last/first=0.50 freeKB_at_end/totalKB=22/256 arms=+12 refusals=+1 trace_flushes=+3 fill_ms=1746 queued=true running=true lastError=<null>
    onehalf-string-r1-D-V CAP-IDLE| ticks=400 arms=+0 collects=+0 bailouts=+0 refusals=+0 trace_flushes=+0 trace_flush_bytes=+0 park_resets=+0 traces_live 110 -> 119 armed=0 state=0 stepmul=200 threshold=932000 gctotal=546871 ccap=636783 cused=546871 parked=false wallstats=present running=true
    onehalf-string-r1-D-V CAP-LIVE| used=466477 kernelMemory=164923 user=301554 count(3 collects)=466429/466429/466429 total=636783 traces_live=119
    onehalf-string-r1-D-V CAP-GC| collects=+12 bailouts=+0 overdrafts=+0 od_peak=0 od_state=0 park_resets=+0 od_limit=39798 kslice=16384 gc_low=386664 armby=1 window=4096 lends=+0 win=0 refused=65536 end: armed=0 state=0 stepmul=200 threshold=810600 gctotal=412809 ccap=636783 cused=412809 parked=false
    onehalf-string-r1-D-V CAP-X| batch=100 junk=24 OCLJCAPX=26/2500/0/0 traces(start/abort) 273/154 -> 355/170 class=CLEAN site=-
    onehalf-string-r1-D-V SMOKE| MILESTONE km-1-kernel-init-compiles-nothing: PASS -- traces live at the kernelMemory baseline = 0; kernelMemory=164923
    onehalf-string-r1-D-V SMOKE| MILESTONE cap-1-refusal-caught-machine-survives: PASS -- shape=string OCLJCAP=done/2593/not_enough_memory running=true lastError=<null>
onehalf-string-r1-O-V exit=0 CLASS=CLEAN APACITY| shape=string native=additive jit=off jitearly=off tier=256KB scale=1.8 kernelMemory=164923 held=3689 why=not_enough_memory t_first5=0.0005 t_last5=0.0119 batches=37 last/first=23.80 freeKB_at_end/totalKB=0/256 arms=+121 refusals=+1 trace_flushes=+0 fill_ms=1996 queued=true running=true lastError=<null>
    onehalf-string-r1-O-V CAP-IDLE| ticks=400 arms=+0 collects=+0 bailouts=+0 refusals=+0 trace_flushes=+0 trace_flush_bytes=+0 park_resets=+0 traces_live 0 -> 0 armed=0 state=0 stepmul=200 threshold=707000 gctotal=426568 ccap=636783 cused=426568 parked=false wallstats=present running=true
    onehalf-string-r1-O-V CAP-LIVE| used=353942 kernelMemory=164923 user=189019 count(3 collects)=353958/353894/353894 total=636783 traces_live=0
    onehalf-string-r1-O-V CAP-GC| collects=+121 bailouts=+0 overdrafts=+2027 od_peak=19979 od_state=0 park_resets=+0 od_limit=39798 kslice=16384 gc_low=366755 armby=1 window=4096 lends=+8 win=0 refused=52 end: armed=0 state=0 stepmul=200 threshold=733400 gctotal=381547 ccap=636783 cused=381547 parked=false
    onehalf-string-r1-O-V CAP-X| batch=100 junk=24 OCLJCAPX=37/3600/0/0 traces(start/abort) 0/0 -> 0/0 class=CLEAN site=-
    onehalf-string-r1-O-V SMOKE| MILESTONE km-1-kernel-init-compiles-nothing: PASS -- traces live at the kernelMemory baseline = 0; kernelMemory=164923
    onehalf-string-r1-O-V SMOKE| MILESTONE cap-1-refusal-caught-machine-survives: PASS -- shape=string OCLJCAP=done/3689/not_enough_memory running=true lastError=<null>
onehalf-closure-r1-D-V exit=0 CLASS=CLEAN APACITY| shape=closure native=additive jit=on jitearly=- tier=256KB scale=1.8 kernelMemory=164923 held=1323 why=not_enough_memory t_first5=0.0013 t_last5=0.0049 batches=14 last/first=3.77 freeKB_at_end/totalKB=0/256 arms=+61 refusals=+1 trace_flushes=+6 fill_ms=1497 queued=true running=true lastError=<null>
    onehalf-closure-r1-D-V CAP-IDLE| ticks=400 arms=+7 collects=+7 bailouts=+0 refusals=+0 trace_flushes=+0 trace_flush_bytes=+0 park_resets=+0 traces_live 116 -> 123 armed=0 state=0 stepmul=200 threshold=940800 gctotal=544609 ccap=636783 cused=544609 parked=false wallstats=present running=true
    onehalf-closure-r1-D-V CAP-LIVE| used=470839 kernelMemory=164923 user=305916 count(3 collects)=470855/470791/470791 total=636783 traces_live=123
    onehalf-closure-r1-D-V CAP-GC| collects=+61 bailouts=+0 overdrafts=+882 od_peak=20071 od_state=0 park_resets=+0 od_limit=39798 kslice=16384 gc_low=362241 armby=2 window=4096 lends=+7 win=0 refused=52 end: armed=0 state=0 stepmul=200 threshold=782400 gctotal=406669 ccap=636783 cused=406669 parked=false
    onehalf-closure-r1-D-V CAP-X| batch=100 junk=24 OCLJCAPX=14/1300/0/0 traces(start/abort) 254/131 -> 369/176 class=CLEAN site=-
    onehalf-closure-r1-D-V SMOKE| MILESTONE km-1-kernel-init-compiles-nothing: PASS -- traces live at the kernelMemory baseline = 0; kernelMemory=164923
    onehalf-closure-r1-D-V SMOKE| MILESTONE cap-1-refusal-caught-machine-survives: PASS -- shape=closure OCLJCAP=done/1323/not_enough_memory running=true lastError=<null>
onehalf-closure-r1-O-V exit=0 CLASS=CLEAN APACITY| shape=closure native=additive jit=off jitearly=off tier=256KB scale=1.8 kernelMemory=164923 held=1379 why=not_enough_memory t_first5=0.0008 t_last5=0.0076 batches=14 last/first=9.50 freeKB_at_end/totalKB=0/256 arms=+44 refusals=+1 trace_flushes=+0 fill_ms=1742 queued=true running=true lastError=<null>
    onehalf-closure-r1-O-V CAP-IDLE| ticks=400 arms=+0 collects=+0 bailouts=+0 refusals=+0 trace_flushes=+0 trace_flush_bytes=+0 park_resets=+0 traces_live 0 -> 0 armed=0 state=0 stepmul=200 threshold=707200 gctotal=433438 ccap=636783 cused=433438 parked=false wallstats=present running=true
    onehalf-closure-r1-O-V CAP-LIVE| used=354076 kernelMemory=164923 user=189153 count(3 collects)=354028/354028/354028 total=636783 traces_live=0
    onehalf-closure-r1-O-V CAP-GC| collects=+44 bailouts=+0 overdrafts=+930 od_peak=19981 od_state=0 park_resets=+0 od_limit=39798 kslice=16384 gc_low=350303 armby=1 window=4096 lends=+4 win=0 refused=52 end: armed=0 state=0 stepmul=200 threshold=700600 gctotal=387199 ccap=636783 cused=387199 parked=false
    onehalf-closure-r1-O-V CAP-X| batch=100 junk=24 OCLJCAPX=14/1300/0/0 traces(start/abort) 0/0 -> 0/0 class=CLEAN site=-
    onehalf-closure-r1-O-V SMOKE| MILESTONE km-1-kernel-init-compiles-nothing: PASS -- traces live at the kernelMemory baseline = 0; kernelMemory=164923
    onehalf-closure-r1-O-V SMOKE| MILESTONE cap-1-refusal-caught-machine-survives: PASS -- shape=closure OCLJCAP=done/1379/not_enough_memory running=true lastError=<null>
threehalf-record-r1-D-V exit=0 CLASS=CLEAN APACITY| shape=record native=additive jit=on jitearly=- tier=1024KB scale=1.8 kernelMemory=164923 held=5666 why=not_enough_memory t_first5=0.0005 t_last5=0.0085 batches=57 last/first=17.00 freeKB_at_end/totalKB=0/1024 arms=+46 refusals=+1 trace_flushes=+9 fill_ms=2242 queued=true running=true lastError=<null>
    threehalf-record-r1-D-V CAP-IDLE| ticks=400 arms=+0 collects=+0 bailouts=+0 refusals=+0 trace_flushes=+0 trace_flush_bytes=+0 park_resets=+0 traces_live 101 -> 112 armed=0 state=0 stepmul=200 threshold=928000 gctotal=492340 ccap=2052360 cused=492340 parked=false wallstats=present running=true
    threehalf-record-r1-D-V CAP-LIVE| used=464454 kernelMemory=164923 user=299531 count(3 collects)=464470/464406/464406 total=2052360 traces_live=112
    threehalf-record-r1-D-V CAP-GC| collects=+46 bailouts=+0 overdrafts=+1760 od_peak=64526 od_state=0 park_resets=+0 od_limit=128272 kslice=16384 gc_low=380469 armby=2 window=4096 lends=+8 win=0 refused=32 end: armed=0 state=0 stepmul=200 threshold=819400 gctotal=445437 ccap=2052360 cused=445437 parked=false
    threehalf-record-r1-D-V CAP-X| batch=100 junk=24 OCLJCAPX=57/5600/0/0 traces(start/abort) 268/156 -> 399/184 class=CLEAN site=-
    threehalf-record-r1-D-V SMOKE| MILESTONE km-1-kernel-init-compiles-nothing: PASS -- traces live at the kernelMemory baseline = 0; kernelMemory=164923
    threehalf-record-r1-D-V SMOKE| MILESTONE cap-1-refusal-caught-machine-survives: PASS -- shape=record OCLJCAP=done/5666/not_enough_memory running=true lastError=<null>
threehalf-record-r1-O-V exit=0 CLASS=CLEAN APACITY| shape=record native=additive jit=off jitearly=off tier=1024KB scale=1.8 kernelMemory=164923 held=5724 why=not_enough_memory t_first5=0.0004 t_last5=0.0135 batches=58 last/first=33.75 freeKB_at_end/totalKB=0/1024 arms=+52 refusals=+1 trace_flushes=+0 fill_ms=2249 queued=true running=true lastError=<null>
    threehalf-record-r1-O-V CAP-IDLE| ticks=400 arms=+0 collects=+0 bailouts=+0 refusals=+0 trace_flushes=+0 trace_flush_bytes=+0 park_resets=+0 traces_live 0 -> 0 armed=0 state=0 stepmul=200 threshold=707000 gctotal=389834 ccap=2052360 cused=389834 parked=false wallstats=present running=true
    threehalf-record-r1-O-V CAP-LIVE| used=353952 kernelMemory=164923 user=189029 count(3 collects)=353968/353904/353904 total=2052360 traces_live=0
    threehalf-record-r1-O-V CAP-GC| collects=+52 bailouts=+0 overdrafts=+2221 od_peak=64264 od_state=0 park_resets=+0 od_limit=128272 kslice=16384 gc_low=366367 armby=1 window=4096 lends=+6 win=0 refused=52 end: armed=0 state=0 stepmul=200 threshold=732600 gctotal=409427 ccap=2052360 cused=409427 parked=false
    threehalf-record-r1-O-V CAP-X| batch=100 junk=24 OCLJCAPX=58/5700/0/0 traces(start/abort) 0/0 -> 0/0 class=CLEAN site=-
    threehalf-record-r1-O-V SMOKE| MILESTONE km-1-kernel-init-compiles-nothing: PASS -- traces live at the kernelMemory baseline = 0; kernelMemory=164923
    threehalf-record-r1-O-V SMOKE| MILESTONE cap-1-refusal-caught-machine-survives: PASS -- shape=record OCLJCAP=done/5724/not_enough_memory running=true lastError=<null>
threehalf-record-r1-L-V exit=0 CLASS=CLEAN APACITY| shape=record native=luajit jit=on jitearly=- tier=1024KB scale=1.8 kernelMemory=164247 held=5664 why=not_enough_memory t_first5=0.0005 t_last5=0.0128 batches=57 last/first=25.60 freeKB_at_end/totalKB=0/1024 arms=+47 refusals=+1 trace_flushes=+9 fill_ms=2244 queued=true running=true lastError=<null>
    threehalf-record-r1-L-V CAP-IDLE| ticks=400 arms=+0 collects=+0 bailouts=+0 refusals=+0 trace_flushes=+0 trace_flush_bytes=+0 park_resets=+0 traces_live 114 -> 122 armed=0 state=0 stepmul=200 threshold=939600 gctotal=477256 ccap=0 cused=477256 parked=false wallstats=present running=true
    threehalf-record-r1-L-V CAP-LIVE| used=470282 kernelMemory=164247 user=306035 count(3 collects)=470298/470234/470234 total=2051684 traces_live=122
    threehalf-record-r1-L-V CAP-GC| collects=+47 bailouts=+0 overdrafts=+1760 od_peak=64226 od_state=0 park_resets=+0 od_limit=128230 kslice=16384 gc_low=379925 armby=2 window=4096 lends=+4 win=0 refused=52 end: armed=0 state=0 stepmul=200 threshold=807600 gctotal=425445 ccap=0 cused=425445 parked=false
    threehalf-record-r1-L-V CAP-X| batch=100 junk=24 OCLJCAPX=57/5600/0/0 traces(start/abort) 277/155 -> 416/186 class=CLEAN site=-
    threehalf-record-r1-L-V SMOKE| MILESTONE km-1-kernel-init-compiles-nothing: PASS -- traces live at the kernelMemory baseline = 0; kernelMemory=164247
    threehalf-record-r1-L-V SMOKE| MILESTONE cap-1-refusal-caught-machine-survives: PASS -- shape=record OCLJCAP=done/5664/not_enough_memory running=true lastError=<null>
threehalf-array-r1-D-V exit=0 CLASS=CLEAN APACITY| shape=array native=additive jit=on jitearly=- tier=1024KB scale=1.8 kernelMemory=164923 held=8192 why=not_enough_memory t_first5=0.0007 t_last5=0.0031 batches=82 last/first=4.43 freeKB_at_end/totalKB=0/1024 arms=+62 refusals=+1 trace_flushes=+10 fill_ms=2744 queued=true running=true lastError=<null>
    threehalf-array-r1-D-V CAP-IDLE| ticks=400 arms=+0 collects=+0 bailouts=+0 refusals=+0 trace_flushes=+0 trace_flush_bytes=+0 park_resets=+0 traces_live 108 -> 111 armed=0 state=0 stepmul=200 threshold=925400 gctotal=463023 ccap=2052360 cused=463023 parked=false wallstats=present running=true
    threehalf-array-r1-D-V CAP-LIVE| used=463157 kernelMemory=164923 user=298234 count(3 collects)=463109/463109/463109 total=2052360 traces_live=111
    threehalf-array-r1-D-V CAP-GC| collects=+62 bailouts=+0 overdrafts=+1012 od_peak=40265 od_state=0 park_resets=+0 od_limit=128272 kslice=16384 gc_low=380561 armby=2 window=4096 lends=+0 win=0 refused=65536 end: armed=0 state=0 stepmul=200 threshold=808400 gctotal=425761 ccap=2052360 cused=425761 parked=false
    threehalf-array-r1-D-V CAP-X| batch=100 junk=24 OCLJCAPX=82/8100/0/0 traces(start/abort) 276/165 -> 434/202 class=CLEAN site=-
    threehalf-array-r1-D-V SMOKE| MILESTONE km-1-kernel-init-compiles-nothing: PASS -- traces live at the kernelMemory baseline = 0; kernelMemory=164923
    threehalf-array-r1-D-V SMOKE| MILESTONE cap-1-refusal-caught-machine-survives: PASS -- shape=array OCLJCAP=done/8192/not_enough_memory running=true lastError=<null>
threehalf-array-r1-O-V exit=0 CLASS=CLEAN APACITY| shape=array native=additive jit=off jitearly=off tier=1024KB scale=1.8 kernelMemory=164923 held=8192 why=not_enough_memory t_first5=0.0004 t_last5=0.0069 batches=82 last/first=17.25 freeKB_at_end/totalKB=0/1024 arms=+37 refusals=+1 trace_flushes=+0 fill_ms=2747 queued=true running=true lastError=<null>
    threehalf-array-r1-O-V CAP-IDLE| ticks=400 arms=+0 collects=+0 bailouts=+0 refusals=+0 trace_flushes=+0 trace_flush_bytes=+0 park_resets=+0 traces_live 0 -> 0 armed=0 state=0 stepmul=200 threshold=706400 gctotal=382157 ccap=2052360 cused=382157 parked=false wallstats=present running=true
    threehalf-array-r1-O-V CAP-LIVE| used=353639 kernelMemory=164923 user=188716 count(3 collects)=353655/353591/353591 total=2052360 traces_live=0
    threehalf-array-r1-O-V CAP-GC| collects=+37 bailouts=+0 overdrafts=+775 od_peak=32111 od_state=0 park_resets=+0 od_limit=128272 kslice=16384 gc_low=366367 armby=1 window=4096 lends=+0 win=0 refused=65536 end: armed=0 state=0 stepmul=200 threshold=732600 gctotal=403243 ccap=2052360 cused=403243 parked=false
    threehalf-array-r1-O-V CAP-X| batch=100 junk=24 OCLJCAPX=82/8100/0/0 traces(start/abort) 0/0 -> 0/0 class=CLEAN site=-
    threehalf-array-r1-O-V SMOKE| MILESTONE km-1-kernel-init-compiles-nothing: PASS -- traces live at the kernelMemory baseline = 0; kernelMemory=164923
    threehalf-array-r1-O-V SMOKE| MILESTONE cap-1-refusal-caught-machine-survives: PASS -- shape=array OCLJCAP=done/8192/not_enough_memory running=true lastError=<null>
threehalf-array-r1-L-V exit=0 CLASS=CLEAN APACITY| shape=array native=luajit jit=on jitearly=- tier=1024KB scale=1.8 kernelMemory=164247 held=8192 why=not_enough_memory t_first5=0.0004 t_last5=0.0034 batches=82 last/first=8.50 freeKB_at_end/totalKB=0/1024 arms=+37 refusals=+1 trace_flushes=+8 fill_ms=2744 queued=true running=true lastError=<null>
    threehalf-array-r1-L-V CAP-IDLE| ticks=400 arms=+0 collects=+0 bailouts=+0 refusals=+0 trace_flushes=+0 trace_flush_bytes=+0 park_resets=+0 traces_live 104 -> 117 armed=0 state=0 stepmul=200 threshold=952000 gctotal=512763 ccap=0 cused=512763 parked=false wallstats=present running=true
    threehalf-array-r1-L-V CAP-LIVE| used=477521 kernelMemory=164247 user=313274 count(3 collects)=477537/477473/477473 total=2051684 traces_live=117
    threehalf-array-r1-L-V CAP-GC| collects=+37 bailouts=+0 overdrafts=+641 od_peak=31429 od_state=0 park_resets=+0 od_limit=128230 kslice=16384 gc_low=371937 armby=1 window=4096 lends=+0 win=0 refused=65536 end: armed=0 state=0 stepmul=200 threshold=781800 gctotal=405077 ccap=0 cused=405077 parked=false
    threehalf-array-r1-L-V CAP-X| batch=100 junk=24 OCLJCAPX=82/8100/0/0 traces(start/abort) 274/157 -> 423/193 class=CLEAN site=-
    threehalf-array-r1-L-V SMOKE| MILESTONE km-1-kernel-init-compiles-nothing: PASS -- traces live at the kernelMemory baseline = 0; kernelMemory=164247
    threehalf-array-r1-L-V SMOKE| MILESTONE cap-1-refusal-caught-machine-survives: PASS -- shape=array OCLJCAP=done/8192/not_enough_memory running=true lastError=<null>
threehalf-string-r1-D-V exit=0 CLASS=CLEAN APACITY| shape=string native=additive jit=on jitearly=- tier=1024KB scale=1.8 kernelMemory=164923 held=21746 why=not_enough_memory t_first5=0.0004 t_last5=0.0154 batches=218 last/first=38.50 freeKB_at_end/totalKB=0/1024 arms=+217 refusals=+4 trace_flushes=+40 fill_ms=4978 queued=true running=true lastError=<null>
    threehalf-string-r1-D-V CAP-IDLE| ticks=400 arms=+0 collects=+0 bailouts=+0 refusals=+0 trace_flushes=+0 trace_flush_bytes=+0 park_resets=+0 traces_live 117 -> 126 armed=0 state=0 stepmul=200 threshold=954800 gctotal=505751 ccap=2052360 cused=505751 parked=false wallstats=present running=true
    threehalf-string-r1-D-V CAP-LIVE| used=477865 kernelMemory=164923 user=312942 count(3 collects)=477881/477817/477817 total=2052360 traces_live=126
    threehalf-string-r1-D-V CAP-GC| collects=+217 bailouts=+0 overdrafts=+11947 od_peak=129264 od_state=0 park_resets=+0 od_limit=128272 kslice=16384 gc_low=387553 armby=2 window=4096 lends=+37 win=0 refused=52 end: armed=0 state=0 stepmul=200 threshold=811800 gctotal=429329 ccap=2052360 cused=429329 parked=false
    threehalf-string-r1-D-V CAP-X| batch=100 junk=24 OCLJCAPX=218/21700/3/0 traces(start/abort) 261/135 -> 675/222 class=CLEAN site=-
    threehalf-string-r1-D-V SMOKE| MILESTONE km-1-kernel-init-compiles-nothing: PASS -- traces live at the kernelMemory baseline = 0; kernelMemory=164923
    threehalf-string-r1-D-V SMOKE| MILESTONE cap-1-refusal-caught-machine-survives: PASS -- shape=string OCLJCAP=done/21746/not_enough_memory running=true lastError=<null>
threehalf-string-r1-O-V exit=0 CLASS=CLEAN APACITY| shape=string native=additive jit=off jitearly=off tier=1024KB scale=1.8 kernelMemory=164923 held=20925 why=not_enough_memory t_first5=0.0004 t_last5=0.0164 batches=210 last/first=41.00 freeKB_at_end/totalKB=0/1024 arms=+159 refusals=+1 trace_flushes=+0 fill_ms=4727 queued=true running=true lastError=<null>
    threehalf-string-r1-O-V CAP-IDLE| ticks=400 arms=+0 collects=+0 bailouts=+0 refusals=+0 trace_flushes=+0 trace_flush_bytes=+0 park_resets=+0 traces_live 0 -> 0 armed=0 state=0 stepmul=200 threshold=706400 gctotal=361228 ccap=2052360 cused=361228 parked=false wallstats=present running=true
    threehalf-string-r1-O-V CAP-LIVE| used=353622 kernelMemory=164923 user=188699 count(3 collects)=353638/353574/353574 total=2052360 traces_live=0
    threehalf-string-r1-O-V CAP-GC| collects=+159 bailouts=+0 overdrafts=+7455 od_peak=64218 od_state=0 park_resets=+0 od_limit=128272 kslice=16384 gc_low=366439 armby=1 window=4096 lends=+8 win=0 refused=52 end: armed=0 state=0 stepmul=200 threshold=732800 gctotal=373863 ccap=2052360 cused=373863 parked=false
    threehalf-string-r1-O-V CAP-X| batch=100 junk=24 OCLJCAPX=210/20900/0/0 traces(start/abort) 0/0 -> 0/0 class=CLEAN site=-
    threehalf-string-r1-O-V SMOKE| MILESTONE km-1-kernel-init-compiles-nothing: PASS -- traces live at the kernelMemory baseline = 0; kernelMemory=164923
    threehalf-string-r1-O-V SMOKE| MILESTONE cap-1-refusal-caught-machine-survives: PASS -- shape=string OCLJCAP=done/20925/not_enough_memory running=true lastError=<null>
threehalf-string-r1-L-V exit=0 CLASS=CLEAN APACITY| shape=string native=luajit jit=on jitearly=- tier=1024KB scale=1.8 kernelMemory=164247 held=21699 why=not_enough_memory t_first5=0.0005 t_last5=0.0096 batches=217 last/first=19.20 freeKB_at_end/totalKB=0/1024 arms=+172 refusals=+2 trace_flushes=+37 fill_ms=4983 queued=true running=true lastError=<null>
    threehalf-string-r1-L-V CAP-IDLE| ticks=400 arms=+0 collects=+0 bailouts=+0 refusals=+0 trace_flushes=+0 trace_flush_bytes=+0 park_resets=+0 traces_live 107 -> 119 armed=0 state=0 stepmul=200 threshold=933000 gctotal=473954 ccap=0 cused=473954 parked=false wallstats=present running=true
    threehalf-string-r1-L-V CAP-LIVE| used=466980 kernelMemory=164247 user=302733 count(3 collects)=466996/466932/466932 total=2051684 traces_live=119
    threehalf-string-r1-L-V CAP-GC| collects=+172 bailouts=+0 overdrafts=+12006 od_peak=128288 od_state=0 park_resets=+0 od_limit=128230 kslice=16384 gc_low=381029 armby=2 window=4096 lends=+15 win=0 refused=52 end: armed=0 state=0 stepmul=200 threshold=816600 gctotal=417061 ccap=0 cused=417061 parked=false
    threehalf-string-r1-L-V CAP-X| batch=100 junk=24 OCLJCAPX=217/21600/1/0 traces(start/abort) 278/159 -> 669/245 class=CLEAN site=-
    threehalf-string-r1-L-V SMOKE| MILESTONE km-1-kernel-init-compiles-nothing: PASS -- traces live at the kernelMemory baseline = 0; kernelMemory=164247
    threehalf-string-r1-L-V SMOKE| MILESTONE cap-1-refusal-caught-machine-survives: PASS -- shape=string OCLJCAP=done/21699/not_enough_memory running=true lastError=<null>
threehalf-closure-r1-D-V exit=0 CLASS=CLEAN APACITY| shape=closure native=additive jit=on jitearly=- tier=1024KB scale=1.8 kernelMemory=164923 held=8014 why=not_enough_memory t_first5=0.0004 t_last5=0.0106 batches=81 last/first=26.50 freeKB_at_end/totalKB=0/1024 arms=+87 refusals=+1 trace_flushes=+11 fill_ms=2738 queued=true running=true lastError=<null>
    threehalf-closure-r1-D-V CAP-IDLE| ticks=400 arms=+0 collects=+0 bailouts=+0 refusals=+0 trace_flushes=+0 trace_flush_bytes=+0 park_resets=+0 traces_live 108 -> 116 armed=0 state=0 stepmul=200 threshold=963600 gctotal=489856 ccap=2052360 cused=489856 parked=false wallstats=present running=true
    threehalf-closure-r1-D-V CAP-LIVE| used=482250 kernelMemory=164923 user=317327 count(3 collects)=482266/482202/482202 total=2052360 traces_live=116
    threehalf-closure-r1-D-V CAP-GC| collects=+87 bailouts=+0 overdrafts=+3732 od_peak=64274 od_state=0 park_resets=+0 od_limit=128272 kslice=16384 gc_low=380469 armby=2 window=4096 lends=+6 win=0 refused=52 end: armed=0 state=0 stepmul=200 threshold=811000 gctotal=427685 ccap=2052360 cused=427685 parked=false
    threehalf-closure-r1-D-V CAP-X| batch=100 junk=24 OCLJCAPX=81/8000/0/0 traces(start/abort) 270/154 -> 434/211 class=CLEAN site=-
    threehalf-closure-r1-D-V SMOKE| MILESTONE km-1-kernel-init-compiles-nothing: PASS -- traces live at the kernelMemory baseline = 0; kernelMemory=164923
    threehalf-closure-r1-D-V SMOKE| MILESTONE cap-1-refusal-caught-machine-survives: PASS -- shape=closure OCLJCAP=done/8014/not_enough_memory running=true lastError=<null>
threehalf-closure-r1-O-V exit=0 CLASS=CLEAN APACITY| shape=closure native=additive jit=off jitearly=off tier=1024KB scale=1.8 kernelMemory=164923 held=8084 why=not_enough_memory t_first5=0.0005 t_last5=0.0182 batches=81 last/first=36.40 freeKB_at_end/totalKB=0/1024 arms=+55 refusals=+1 trace_flushes=+0 fill_ms=2743 queued=true running=true lastError=<null>
    threehalf-closure-r1-O-V CAP-IDLE| ticks=400 arms=+0 collects=+0 bailouts=+0 refusals=+0 trace_flushes=+0 trace_flush_bytes=+0 park_resets=+0 traces_live 0 -> 0 armed=0 state=0 stepmul=200 threshold=706800 gctotal=353690 ccap=2052360 cused=353690 parked=false wallstats=present running=true
    threehalf-closure-r1-O-V CAP-LIVE| used=353824 kernelMemory=164923 user=188901 count(3 collects)=353776/353776/353776 total=2052360 traces_live=0
    threehalf-closure-r1-O-V CAP-GC| collects=+55 bailouts=+0 overdrafts=+3502 od_peak=64328 od_state=0 park_resets=+0 od_limit=128272 kslice=16384 gc_low=366435 armby=1 window=4096 lends=+8 win=0 refused=52 end: armed=0 state=0 stepmul=200 threshold=732800 gctotal=381851 ccap=2052360 cused=381851 parked=false
    threehalf-closure-r1-O-V CAP-X| batch=100 junk=24 OCLJCAPX=81/8000/0/0 traces(start/abort) 0/0 -> 0/0 class=CLEAN site=-
    threehalf-closure-r1-O-V SMOKE| MILESTONE km-1-kernel-init-compiles-nothing: PASS -- traces live at the kernelMemory baseline = 0; kernelMemory=164923
    threehalf-closure-r1-O-V SMOKE| MILESTONE cap-1-refusal-caught-machine-survives: PASS -- shape=closure OCLJCAP=done/8084/not_enough_memory running=true lastError=<null>
threehalf-closure-r1-L-V exit=0 CLASS=CLEAN APACITY| shape=closure native=luajit jit=on jitearly=- tier=1024KB scale=1.8 kernelMemory=164247 held=8192 why=not_enough_memory t_first5=0.0005 t_last5=0.0070 batches=82 last/first=14.00 freeKB_at_end/totalKB=0/1024 arms=+71 refusals=+2 trace_flushes=+12 fill_ms=2739 queued=true running=true lastError=<null>
    threehalf-closure-r1-L-V CAP-IDLE| ticks=400 arms=+0 collects=+0 bailouts=+0 refusals=+0 trace_flushes=+0 trace_flush_bytes=+0 park_resets=+0 traces_live 105 -> 110 armed=0 state=0 stepmul=200 threshold=923800 gctotal=462276 ccap=0 cused=462276 parked=false wallstats=present running=true
    threehalf-closure-r1-L-V CAP-LIVE| used=462410 kernelMemory=164247 user=298163 count(3 collects)=462362/462362/462362 total=2051684 traces_live=110
    threehalf-closure-r1-L-V CAP-GC| collects=+71 bailouts=+0 overdrafts=+5141 od_peak=107562 od_state=0 park_resets=+0 od_limit=128230 kslice=16384 gc_low=378069 armby=2 window=4096 lends=+4 win=0 refused=65536 end: armed=0 state=0 stepmul=200 threshold=820800 gctotal=417917 ccap=0 cused=417917 parked=false
    threehalf-closure-r1-L-V CAP-X| batch=100 junk=24 OCLJCAPX=82/8100/1/0 traces(start/abort) 244/134 -> 421/177 class=CLEAN site=-
    threehalf-closure-r1-L-V SMOKE| MILESTONE km-1-kernel-init-compiles-nothing: PASS -- traces live at the kernelMemory baseline = 0; kernelMemory=164247
    threehalf-closure-r1-L-V SMOKE| MILESTONE cap-1-refusal-caught-machine-survives: PASS -- shape=closure OCLJCAP=done/8192/not_enough_memory running=true lastError=<null>
