mem_test: linking /c/Users/astro/Downloads/OC-LuaJIT/build/native/obj-windows-x86_64/lj52shim.o (d156cb7a260efea301e7d53722888b5d, 28778 bytes)
mem_test -- lj52 memory accounting
  PASS  M0 the state's heap is its own lj_alloc arena        _OCLJ_GCSTATS heap=1 (1 = own lj_alloc arena, 0 = libc, -1 = absent)
  PASS  M1 uncapped state is not charged                     2000 tables allocated, setluamemory never called
  PASS  M2 capped but unbound: still not charged             lua_setallocf before the javastate exists is harmless
  PASS  M2b settling up at bind leaves used non-negative     used=430374 after settling up
  PASS  M3 allocation is charged                             used 430374 -> 2258880 (+1828506) over 20000 tables
  PASS  M3b charged to the byte, vs lua_gc(GCCOUNT)          we charged +1828506, LuaJIT counted +1828506  (difference 0)
  PASS  M3c legacy mode keeps the native figure too, exact   native used 2258880, Java's field 2258880, LuaJIT 2258880
  PASS  M4 freeing is credited back                          used 2258880 -> 43146 (2215734 of 1828506 reclaimed)
  PASS  M4c credited to the byte, vs lua_gc(GCCOUNT)         we credited -2215734, LuaJIT counted -2215734  (difference 0)
  PASS  M4b used never goes negative                         used=43146
  PASS  M5 the cap refuses                                   pcall status=4 (LUA_ERRMEM=4)  used=239668 cap=239754
  PASS  M6a lua_pushcfunction survives an exhausted cap      used == total == 43194; pushed=yes
  PASS  M6b a RAW push is refused at that same cap           lua_pushcclosure under pcall -> status 4 (LUA_ERRMEM=4)
  PASS  M7 the unrefusable push is still charged             used 43194 -> 43242 (+48)
  PASS  M8 clearing the javastate stops the accounting       5000 tables allocated, setluamemory never called again
        main state after M8: flush_wanted=1 trace_flushes=0 (-1 == stat absent; a standing flag here is M5-M7's, awaiting a resume)
  PASS  M0b the second state is on its own arena too         _OCLJ_GCSTATS heap=1
  PASS  P0 the JIT compiled a few dozen resident traces      traces_live=40 after 40 hot loops
        base live set used=76362  arms=0 collects=0 bailouts=0 refusals=0 trace_flushes=0 (-1 == stat absent)
  PASS  P1a an emergency cycle armed and was proven to complete 13 steps of 64 KB garbage (status 0): arms 0 -> 1, collects 0 -> 1, bailouts +0, refusals +0, used=142018 of 1124938
  PASS  P1b garbage restored the headroom: flush NOT wanted  headroom after the cycle = 982920 (watermark 281234); flush_wanted=0
  PASS  P1c the safe point left the traces alone             arm()+disarm(): traces_live 40 -> 40, trace_flushes=0
  PASS  P1d trace_flushes is 0                               arm()+disarm(): traces_live 40 -> 40, trace_flushes=0
  PASS  P2a the live allocation armed the emergency cycle    used=240306 of 338506 (headroom 98200), armed=1
  PASS  P2b the cycle completed and headroom is STILL under the watermark 1 steps (status 0): collects 1 -> 2, headroom now 98088 (watermark 131072), flush_wanted=1, traces_live=40
  PASS  P2c the collector raised flush_wanted at the proof   1 steps (status 0): collects 1 -> 2, headroom now 98088 (watermark 131072), flush_wanted=1, traces_live=40
  PASS  P2d nothing flushed yet: the allocator never flushes 1 steps (status 0): collects 1 -> 2, headroom now 98088 (watermark 131072), flush_wanted=1, traces_live=40
  PASS  P2e the arm entry point flushed once                 arm(): trace_flushes=1 flush_wanted=0 traces_live=0 flush_bytes=19968 refusals=0 re-armed=1
  PASS  P2f no trace is live after the flush                 arm(): trace_flushes=1 flush_wanted=0 traces_live=0 flush_bytes=19968 refusals=0 re-armed=1
  PASS  P2g the flag is consumed and the cycle re-armed      arm(): trace_flushes=1 flush_wanted=0 traces_live=0 flush_bytes=19968 refusals=0 re-armed=1
  PASS  P2h the accounted used dropped by at least the trace metadata used 240418 -> 241092 -> 220450: dropped 19968 across arm + 5 steps (status 0, collects 7 -> 8); flush unlinked 19968 bytes of trace metadata
  PASS  C0a a freshly bound state is in legacy mode          csync=0, native used=-1 (-1 = not handed over)
  PASS  C0d legacy allocations cross JNI, counted three ways 3000 tables in legacy mode: getluamemory calls +3062, getthreadenv +3062, allocator calls through JNI +3062
  PASS  C0b the handover: native cap and figure are Java's and LuaJIT's csync=1, native cap 67108864 (Java 67108864); used: native 317796, Java's field 317796, LuaJIT 317796
  PASS  C0c _OCLJ_GCSTATS returns 20 values                  20 values (14 before 2026-10-03)
  PASS  C1 after the handover no allocation crosses into the JVM openlibs + 20000 tables: allocator calls +20478, of them through JNI +0; getluamemory +0, setluamemory +0, getthreadenv +0
  PASS  C2a the native figure is LuaJIT's own count, to the byte native used 2363264, LuaJIT 2363264 (difference 0); getFreeMemory 64745600
  PASS  C2b getFreeMemory reads the native figure, once      getFreeMemory=64745600; used reads 3 -> 4
  PASS  C2c frees are credited, to the byte                  used 2363264 -> 43146 (2320118 reclaimed); LuaJIT 43146 (difference 0)
  PASS  C3a a lowered cap refuses on the next allocations    cap lowered to used+192 KB = 239754: status 4 (LUA_ERRMEM=4), used 239668, native cap 239754
  PASS  C3b a raised cap admits at once                      cap raised to 64 MB: status 0, used 2066424
  PASS  C4a the save's raised cap lets the persist allocate past the machine's under Integer.MAX_VALUE: status 0, used 2066424 (machine cap 108682), free 2145417223
  PASS  C4b the restored cap reads free 0 and refuses growth cap restored to 108682 under used 2066424: free 0, next growth status 4 (LUA_ERRMEM=4)
  PASS  C4c once that garbage is collected the machine runs again after collecting the persist's garbage: free 65536, status 0
  PASS  C5a the emergency cycle arms against the native cap and completes 14 steps of 64 KB garbage under a native cap of used+1 MB (status 0; armed before 0): arms 760 -> 761, collects 760 -> 761
  PASS  C5b live data under the watermark: armed, proven, flush wanted before: armed 0, flush_wanted 0; 160 KB live under used+256 KB: armed=1, 1 steps (status 0), collects 761 -> 762, headroom 98088 (watermark 131072), flush_wanted=1
  PASS  C6 exhausted cap: raw push refused, memo push succeeds, charged native cap == used == 44306: raw push status 4 (LUA_ERRMEM=4); memo push succeeded, used 44306 -> 44354
  PASS  C7 accounting off: nothing refused, the figure still tracks status 0; getluamemory +0, setluamemory +0; native used 550992, LuaJIT 550992
  PASS  C8 -1 where there is no handed-over record           no state -1, foreign allocator -1 (after settotal), uncapped -1; uncapped getFreeMemory 0, csync 0
  PASS  W5a an arm in the sweep does not leave the collector parked state 4 before; arms 0 -> 1; after two checkpoints: state 0, armed 0, stepmul 200, threshold 2108800 vs gc.total 1054470, park resets 1
  PASS  W5b and the churn after it collects, never refused   20000 x 64 B: status 0 (LUA_ERRMEM=4) after 20000 steps; collects 1 -> 10001, bailouts 0 -> 0
  PASS  W5c a sweep that frees 100000 blocks is not a bailout 6443105 B held, then an armed cycle: statuses 0/0, collects 0 -> 1, bailouts 0 -> 0
  PASS  M9 a state that never hands over stays in legacy mode csync=0; allocator calls 57949, of them through JNI 48177
  PASS  M0c the first state is still on its arena at the end _OCLJ_GCSTATS heap=1 after every case above

checks=52 failures=0
