g-record-r1-E-D exit=0 CLASS=CLEAN APACITY| shape=record native=additive jit=on jitearly=- tier=192KB scale=1.8 kernelMemory=164923 held=608 why=not_enough_memory t_first5=0.0004 t_last5=0.0009 batches=61 last/first=2.25 freeKB_at_end/totalKB=0/192 arms=+143 refusals=+2 trace_flushes=+27 fill_ms=2492 queued=true running=true lastError=<null>
    g-record-r1-E-D CAP-IDLE| ticks=400 arms=+30 collects=+30 bailouts=+0 refusals=+0 trace_flushes=+0 trace_flush_bytes=+0 park_resets=+0 traces_live 78 -> 90 armed=0 state=0 stepmul=200 threshold=865400 gctotal=455501 ccap=518818 cused=455501 parked=false wallstats=present running=true
    g-record-r1-E-D CAP-LIVE| used=433155 kernelMemory=164923 user=268232 count(3 collects)=433171/433107/433107 total=518818 traces_live=90
    g-record-r1-E-D CAP-GC| collects=+143 bailouts=+0 overdrafts=+2813 od_peak=33301 od_state=0 park_resets=+0 od_limit=32768 kslice=16384 gc_low=387414 armby=0 window=4096 lends=+13 win=0 refused=28 tier=n/a end: armed=0 state=0 stepmul=200 threshold=779000 gctotal=397570 ccap=518818 cused=397570 parked=false
    g-record-r1-E-D CAP-X| batch=10 junk=24 recover=0 OCLJCAPX=61/600/1/0/0 traces(start/abort) 358/171 -> 662/230 class=CLEAN site=-
    g-record-r1-E-D SMOKE| MILESTONE km-1-kernel-init-compiles-nothing: PASS -- traces live at the kernelMemory baseline = 0; kernelMemory=164923
    g-record-r1-E-D SMOKE| MILESTONE cap-1-refusal-caught-machine-survives: PASS -- shape=record OCLJCAP=done/608/not_enough_memory running=true lastError=<null>
g-record-r1-F-D exit=0 CLASS=CLEAN APACITY| shape=record native=additive jit=on jitearly=- tier=192KB scale=1.8 kernelMemory=164923 held=588 why=not_enough_memory t_first5=0.0001 t_last5=0.0011 batches=59 last/first=11.00 freeKB_at_end/totalKB=0/192 arms=+142 refusals=+2 trace_flushes=+25 fill_ms=2220 queued=true running=true lastError=<null>
    g-record-r1-F-D CAP-IDLE| ticks=400 arms=+20 collects=+20 bailouts=+0 refusals=+0 trace_flushes=+0 trace_flush_bytes=+0 park_resets=+0 traces_live 54 -> 67 armed=0 state=0 stepmul=200 threshold=819600 gctotal=410101 ccap=518818 cused=410101 parked=false wallstats=present running=true
    g-record-r1-F-D CAP-LIVE| used=410235 kernelMemory=164923 user=245312 count(3 collects)=410187/410187/410187 total=518818 traces_live=67
    g-record-r1-F-D CAP-GC| collects=+142 bailouts=+0 overdrafts=+2247 od_peak=26117 od_state=0 park_resets=+0 od_limit=32768 kslice=16384 gc_low=385382 armby=0 window=4096 lends=+9 win=0 refused=40 tier=16384 end: armed=0 state=0 stepmul=200 threshold=771200 gctotal=393726 ccap=518818 cused=393726 parked=false
    g-record-r1-F-D CAP-X| batch=10 junk=24 recover=0 OCLJCAPX=59/580/1/0/0 traces(start/abort) 322/167 -> 550/214 class=CLEAN site=-
    g-record-r1-F-D SMOKE| MILESTONE km-1-kernel-init-compiles-nothing: PASS -- traces live at the kernelMemory baseline = 0; kernelMemory=164923
    g-record-r1-F-D SMOKE| MILESTONE cap-1-refusal-caught-machine-survives: PASS -- shape=record OCLJCAP=done/588/not_enough_memory running=true lastError=<null>
g-record-r1-E-L exit=0 CLASS=CLEAN APACITY| shape=record native=luajit jit=on jitearly=- tier=192KB scale=1.8 kernelMemory=164247 held=611 why=not_enough_memory t_first5=0.0003 t_last5=0.0017 batches=62 last/first=5.67 freeKB_at_end/totalKB=0/192 arms=+237 refusals=+3 trace_flushes=+30 fill_ms=2465 queued=true running=true lastError=<null>
    g-record-r1-E-L CAP-IDLE| ticks=400 arms=+20 collects=+20 bailouts=+0 refusals=+0 trace_flushes=+0 trace_flush_bytes=+0 park_resets=+0 traces_live 53 -> 70 armed=0 state=0 stepmul=200 threshold=828200 gctotal=436877 ccap=0 cused=436877 parked=false wallstats=present running=true
    g-record-r1-E-L CAP-LIVE| used=414531 kernelMemory=164247 user=250284 count(3 collects)=414547/414483/414483 total=518142 traces_live=70
    g-record-r1-E-L CAP-GC| collects=+237 bailouts=+0 overdrafts=+2946 od_peak=34785 od_state=0 park_resets=+0 od_limit=32768 kslice=16384 gc_low=387926 armby=0 window=4096 lends=+156 win=0 refused=40 tier=n/a end: armed=0 state=0 stepmul=200 threshold=780400 gctotal=405626 ccap=0 cused=405626 parked=false
    g-record-r1-E-L CAP-X| batch=10 junk=24 recover=0 OCLJCAPX=62/610/2/0/0 traces(start/abort) 354/197 -> 621/246 class=CLEAN site=-
    g-record-r1-E-L SMOKE| MILESTONE km-1-kernel-init-compiles-nothing: PASS -- traces live at the kernelMemory baseline = 0; kernelMemory=164247
    g-record-r1-E-L SMOKE| MILESTONE cap-1-refusal-caught-machine-survives: PASS -- shape=record OCLJCAP=done/611/not_enough_memory running=true lastError=<null>
g-record-r1-F-L exit=0 CLASS=CLEAN APACITY| shape=record native=luajit jit=on jitearly=- tier=192KB scale=1.8 kernelMemory=164247 held=587 why=not_enough_memory t_first5=0.0002 t_last5=0.0013 batches=59 last/first=6.50 freeKB_at_end/totalKB=0/192 arms=+177 refusals=+4 trace_flushes=+27 fill_ms=2243 queued=true running=true lastError=<null>
    g-record-r1-F-L CAP-IDLE| ticks=400 arms=+29 collects=+29 bailouts=+0 refusals=+0 trace_flushes=+1 trace_flush_bytes=+83916 park_resets=+0 traces_live 99 -> 50 armed=0 state=0 stepmul=200 threshold=801800 gctotal=423053 ccap=0 cused=423053 parked=false wallstats=present running=true
    g-record-r1-F-L CAP-LIVE| used=401339 kernelMemory=164247 user=237092 count(3 collects)=401355/401291/401291 total=518142 traces_live=50
    g-record-r1-F-L CAP-GC| collects=+177 bailouts=+0 overdrafts=+2165 od_peak=25521 od_state=0 park_resets=+0 od_limit=32768 kslice=16384 gc_low=383590 armby=0 window=4096 lends=+20 win=0 refused=88 tier=16384 end: armed=0 state=0 stepmul=200 threshold=769200 gctotal=421654 ccap=0 cused=421654 parked=false
    g-record-r1-F-L CAP-X| batch=10 junk=24 recover=0 OCLJCAPX=59/580/3/0/0 traces(start/abort) 349/198 -> 632/267 class=CLEAN site=-
    g-record-r1-F-L SMOKE| MILESTONE km-1-kernel-init-compiles-nothing: PASS -- traces live at the kernelMemory baseline = 0; kernelMemory=164247
    g-record-r1-F-L SMOKE| MILESTONE cap-1-refusal-caught-machine-survives: PASS -- shape=record OCLJCAP=done/587/not_enough_memory running=true lastError=<null>
g-string-r1-E-O exit=0 CLASS=CLEAN APACITY| shape=string native=additive jit=off jitearly=off tier=192KB scale=1.8 kernelMemory=164923 held=2484 why=not_enough_memory t_first5=0.0001 t_last5=0.0049 batches=249 last/first=49.00 freeKB_at_end/totalKB=0/192 arms=+502 refusals=+4 trace_flushes=+0 fill_ms=5457 queued=true running=true lastError=<null>
    g-string-r1-E-O CAP-IDLE| ticks=400 arms=+1 collects=+1 bailouts=+0 refusals=+0 trace_flushes=+0 trace_flush_bytes=+0 park_resets=+0 traces_live 0 -> 0 armed=0 state=0 stepmul=200 threshold=706800 gctotal=375609 ccap=518818 cused=375609 parked=false wallstats=present running=true
    g-string-r1-E-O CAP-LIVE| used=353895 kernelMemory=164923 user=188972 count(3 collects)=353911/353847/353847 total=518818 traces_live=0
    g-string-r1-E-O CAP-GC| collects=+502 bailouts=+0 overdrafts=+11449 od_peak=33061 od_state=0 park_resets=+0 od_limit=32768 kslice=16384 gc_low=366188 armby=0 window=4096 lends=+106 win=0 refused=52 tier=n/a end: armed=0 state=0 stepmul=200 threshold=732200 gctotal=373612 ccap=518818 cused=373612 parked=false
    g-string-r1-E-O CAP-X| batch=10 junk=24 recover=0 OCLJCAPX=249/2480/3/0/0 traces(start/abort) 0/0 -> 0/0 class=CLEAN site=-
    g-string-r1-E-O SMOKE| MILESTONE km-1-kernel-init-compiles-nothing: PASS -- traces live at the kernelMemory baseline = 0; kernelMemory=164923
    g-string-r1-E-O SMOKE| MILESTONE cap-1-refusal-caught-machine-survives: PASS -- shape=string OCLJCAP=done/2484/not_enough_memory running=true lastError=<null>
g-string-r1-F-O exit=0 CLASS=CLEAN APACITY| shape=string native=additive jit=off jitearly=off tier=192KB scale=1.8 kernelMemory=164923 held=2352 why=not_enough_memory t_first5=0.0005 t_last5=0.0037 batches=236 last/first=7.40 freeKB_at_end/totalKB=0/192 arms=+427 refusals=+4 trace_flushes=+0 fill_ms=4975 queued=true running=true lastError=<null>
    g-string-r1-F-O CAP-IDLE| ticks=400 arms=+2 collects=+2 bailouts=+0 refusals=+0 trace_flushes=+0 trace_flush_bytes=+0 park_resets=+0 traces_live 0 -> 0 armed=0 state=0 stepmul=200 threshold=706800 gctotal=361505 ccap=518818 cused=361505 parked=false wallstats=present running=true
    g-string-r1-F-O CAP-LIVE| used=353895 kernelMemory=164923 user=188972 count(3 collects)=353911/353847/353847 total=518818 traces_live=0
    g-string-r1-F-O CAP-GC| collects=+427 bailouts=+0 overdrafts=+7373 od_peak=25189 od_state=0 park_resets=+0 od_limit=32768 kslice=16384 gc_low=366188 armby=0 window=4096 lends=+81 win=0 refused=52 tier=16384 end: armed=0 state=0 stepmul=200 threshold=732200 gctotal=366472 ccap=518818 cused=366472 parked=false
    g-string-r1-F-O CAP-X| batch=10 junk=24 recover=0 OCLJCAPX=236/2350/3/0/0 traces(start/abort) 0/0 -> 0/0 class=CLEAN site=-
    g-string-r1-F-O SMOKE| MILESTONE km-1-kernel-init-compiles-nothing: PASS -- traces live at the kernelMemory baseline = 0; kernelMemory=164923
    g-string-r1-F-O SMOKE| MILESTONE cap-1-refusal-caught-machine-survives: PASS -- shape=string OCLJCAP=done/2352/not_enough_memory running=true lastError=<null>
g-record-r2-E-D exit=0 CLASS=CLEAN APACITY| shape=record native=additive jit=on jitearly=- tier=192KB scale=1.8 kernelMemory=164923 held=543 why=not_enough_memory t_first5=0.0007 t_last5=0.0020 batches=55 last/first=2.86 freeKB_at_end/totalKB=0/192 arms=+131 refusals=+1 trace_flushes=+19 fill_ms=2234 queued=true running=true lastError=<null>
    g-record-r2-E-D CAP-IDLE| ticks=400 arms=+21 collects=+21 bailouts=+0 refusals=+0 trace_flushes=+0 trace_flush_bytes=+0 park_resets=+0 traces_live 49 -> 69 armed=0 state=0 stepmul=200 threshold=856200 gctotal=436137 ccap=518818 cused=436137 parked=false wallstats=present running=true
    g-record-r2-E-D CAP-LIVE| used=428527 kernelMemory=164923 user=263604 count(3 collects)=428543/428479/428479 total=518818 traces_live=69
    g-record-r2-E-D CAP-GC| collects=+131 bailouts=+0 overdrafts=+1225 od_peak=16985 od_state=0 park_resets=+0 od_limit=32768 kslice=16384 gc_low=393262 armby=0 window=4096 lends=+26 win=0 refused=28 tier=n/a end: armed=0 state=0 stepmul=200 threshold=786400 gctotal=423326 ccap=518818 cused=423326 parked=false
    g-record-r2-E-D CAP-X| batch=10 junk=24 recover=0 OCLJCAPX=55/540/0/0/0 traces(start/abort) 360/197 -> 573/237 class=CLEAN site=-
    g-record-r2-E-D SMOKE| MILESTONE km-1-kernel-init-compiles-nothing: PASS -- traces live at the kernelMemory baseline = 0; kernelMemory=164923
    g-record-r2-E-D SMOKE| MILESTONE cap-1-refusal-caught-machine-survives: PASS -- shape=record OCLJCAP=done/543/not_enough_memory running=true lastError=<null>
g-record-r2-F-D exit=0 CLASS=CLEAN APACITY| shape=record native=additive jit=on jitearly=- tier=192KB scale=1.8 kernelMemory=164923 held=590 why=not_enough_memory t_first5=0.0006 t_last5=0.0018 batches=59 last/first=3.00 freeKB_at_end/totalKB=0/192 arms=+162 refusals=+4 trace_flushes=+24 fill_ms=2242 queued=true running=true lastError=<null>
    g-record-r2-F-D CAP-IDLE| ticks=400 arms=+20 collects=+20 bailouts=+0 refusals=+0 trace_flushes=+0 trace_flush_bytes=+0 park_resets=+0 traces_live 54 -> 67 armed=0 state=0 stepmul=200 threshold=830200 gctotal=430513 ccap=518818 cused=430513 parked=false wallstats=present running=true
    g-record-r2-F-D CAP-LIVE| used=415535 kernelMemory=164923 user=250612 count(3 collects)=415551/415487/415487 total=518818 traces_live=67
    g-record-r2-F-D CAP-GC| collects=+162 bailouts=+0 overdrafts=+1840 od_peak=27485 od_state=0 park_resets=+0 od_limit=32768 kslice=16384 gc_low=392762 armby=0 window=4096 lends=+28 win=0 refused=28 tier=16384 end: armed=0 state=0 stepmul=200 threshold=786000 gctotal=429386 ccap=518818 cused=429386 parked=false
    g-record-r2-F-D CAP-X| batch=10 junk=24 recover=0 OCLJCAPX=59/580/3/0/0 traces(start/abort) 354/194 -> 607/244 class=CLEAN site=-
    g-record-r2-F-D SMOKE| MILESTONE km-1-kernel-init-compiles-nothing: PASS -- traces live at the kernelMemory baseline = 0; kernelMemory=164923
    g-record-r2-F-D SMOKE| MILESTONE cap-1-refusal-caught-machine-survives: PASS -- shape=record OCLJCAP=done/590/not_enough_memory running=true lastError=<null>
g-record-r2-E-L exit=0 CLASS=CLEAN APACITY| shape=record native=luajit jit=on jitearly=- tier=192KB scale=1.8 kernelMemory=164247 held=606 why=not_enough_memory t_first5=0.0002 t_last5=0.0014 batches=61 last/first=7.00 freeKB_at_end/totalKB=0/192 arms=+182 refusals=+3 trace_flushes=+28 fill_ms=2234 queued=true running=true lastError=<null>
    g-record-r2-E-L CAP-IDLE| ticks=400 arms=+20 collects=+20 bailouts=+0 refusals=+0 trace_flushes=+0 trace_flush_bytes=+0 park_resets=+0 traces_live 42 -> 63 armed=0 state=0 stepmul=200 threshold=821200 gctotal=432765 ccap=0 cused=432765 parked=false wallstats=present running=true
    g-record-r2-E-L CAP-LIVE| used=411051 kernelMemory=164247 user=246804 count(3 collects)=411067/411003/411003 total=518142 traces_live=63
    g-record-r2-E-L CAP-GC| collects=+182 bailouts=+0 overdrafts=+3012 od_peak=33569 od_state=0 park_resets=+0 od_limit=32768 kslice=16384 gc_low=390538 armby=0 window=4096 lends=+19 win=0 refused=88 tier=n/a end: armed=0 state=0 stepmul=200 threshold=783200 gctotal=428014 ccap=0 cused=428014 parked=false
    g-record-r2-E-L CAP-X| batch=10 junk=24 recover=0 OCLJCAPX=61/600/2/0/0 traces(start/abort) 369/212 -> 609/242 class=CLEAN site=-
    g-record-r2-E-L SMOKE| MILESTONE km-1-kernel-init-compiles-nothing: PASS -- traces live at the kernelMemory baseline = 0; kernelMemory=164247
    g-record-r2-E-L SMOKE| MILESTONE cap-1-refusal-caught-machine-survives: PASS -- shape=record OCLJCAP=done/606/not_enough_memory running=true lastError=<null>
g-record-r2-F-L exit=0 CLASS=CLEAN APACITY| shape=record native=luajit jit=on jitearly=- tier=192KB scale=1.8 kernelMemory=164247 held=591 why=not_enough_memory t_first5=0.0004 t_last5=0.0031 batches=60 last/first=7.75 freeKB_at_end/totalKB=0/192 arms=+177 refusals=+6 trace_flushes=+27 fill_ms=2241 queued=true running=true lastError=<null>
    g-record-r2-F-L CAP-IDLE| ticks=400 arms=+20 collects=+20 bailouts=+0 refusals=+0 trace_flushes=+0 trace_flush_bytes=+0 park_resets=+0 traces_live 55 -> 68 armed=0 state=0 stepmul=200 threshold=826200 gctotal=424949 ccap=0 cused=424949 parked=false wallstats=present running=true
    g-record-r2-F-L CAP-LIVE| used=412071 kernelMemory=164247 user=247824 count(3 collects)=412023/412023/412023 total=518142 traces_live=68
    g-record-r2-F-L CAP-GC| collects=+177 bailouts=+0 overdrafts=+2248 od_peak=26305 od_state=0 park_resets=+0 od_limit=32768 kslice=16384 gc_low=383706 armby=0 window=4096 lends=+34 win=0 refused=40 tier=16384 end: armed=0 state=0 stepmul=200 threshold=772600 gctotal=423198 ccap=0 cused=423198 parked=false
    g-record-r2-F-L CAP-X| batch=10 junk=24 recover=0 OCLJCAPX=60/590/5/0/0 traces(start/abort) 325/172 -> 585/223 class=CLEAN site=-
    g-record-r2-F-L SMOKE| MILESTONE km-1-kernel-init-compiles-nothing: PASS -- traces live at the kernelMemory baseline = 0; kernelMemory=164247
    g-record-r2-F-L SMOKE| MILESTONE cap-1-refusal-caught-machine-survives: PASS -- shape=record OCLJCAP=done/591/not_enough_memory running=true lastError=<null>
g-string-r2-E-O exit=0 CLASS=CLEAN APACITY| shape=string native=additive jit=off jitearly=off tier=192KB scale=1.8 kernelMemory=164923 held=2484 why=not_enough_memory t_first5=0.0001 t_last5=0.0044 batches=249 last/first=44.00 freeKB_at_end/totalKB=0/192 arms=+478 refusals=+3 trace_flushes=+0 fill_ms=5234 queued=true running=true lastError=<null>
    g-string-r2-E-O CAP-IDLE| ticks=400 arms=+1 collects=+1 bailouts=+0 refusals=+0 trace_flushes=+0 trace_flush_bytes=+0 park_resets=+0 traces_live 0 -> 0 armed=0 state=0 stepmul=200 threshold=706800 gctotal=375609 ccap=518818 cused=375609 parked=false wallstats=present running=true
    g-string-r2-E-O CAP-LIVE| used=353895 kernelMemory=164923 user=188972 count(3 collects)=353911/353847/353847 total=518818 traces_live=0
    g-string-r2-E-O CAP-GC| collects=+478 bailouts=+0 overdrafts=+11286 od_peak=33061 od_state=0 park_resets=+0 od_limit=32768 kslice=16384 gc_low=366188 armby=0 window=4096 lends=+67 win=0 refused=52 tier=n/a end: armed=0 state=0 stepmul=200 threshold=732200 gctotal=395716 ccap=518818 cused=395716 parked=false
    g-string-r2-E-O CAP-X| batch=10 junk=24 recover=0 OCLJCAPX=249/2480/2/0/0 traces(start/abort) 0/0 -> 0/0 class=CLEAN site=-
    g-string-r2-E-O SMOKE| MILESTONE km-1-kernel-init-compiles-nothing: PASS -- traces live at the kernelMemory baseline = 0; kernelMemory=164923
    g-string-r2-E-O SMOKE| MILESTONE cap-1-refusal-caught-machine-survives: PASS -- shape=string OCLJCAP=done/2484/not_enough_memory running=true lastError=<null>
g-string-r2-F-O exit=0 CLASS=CLEAN APACITY| shape=string native=additive jit=off jitearly=off tier=192KB scale=1.8 kernelMemory=164923 held=2352 why=not_enough_memory t_first5=0.0001 t_last5=0.0049 batches=236 last/first=49.00 freeKB_at_end/totalKB=0/192 arms=+438 refusals=+3 trace_flushes=+0 fill_ms=5231 queued=true running=true lastError=<null>
    g-string-r2-F-O CAP-IDLE| ticks=400 arms=+1 collects=+1 bailouts=+0 refusals=+0 trace_flushes=+0 trace_flush_bytes=+0 park_resets=+0 traces_live 0 -> 0 armed=0 state=0 stepmul=200 threshold=706800 gctotal=368873 ccap=518818 cused=368873 parked=false wallstats=present running=true
    g-string-r2-F-O CAP-LIVE| used=353895 kernelMemory=164923 user=188972 count(3 collects)=353911/353847/353847 total=518818 traces_live=0
    g-string-r2-F-O CAP-GC| collects=+438 bailouts=+0 overdrafts=+7469 od_peak=25189 od_state=0 park_resets=+0 od_limit=32768 kslice=16384 gc_low=366124 armby=0 window=4096 lends=+92 win=0 refused=52 tier=16384 end: armed=0 state=0 stepmul=200 threshold=732200 gctotal=388348 ccap=518818 cused=388348 parked=false
    g-string-r2-F-O CAP-X| batch=10 junk=24 recover=0 OCLJCAPX=236/2350/2/0/0 traces(start/abort) 0/0 -> 0/0 class=CLEAN site=-
    g-string-r2-F-O SMOKE| MILESTONE km-1-kernel-init-compiles-nothing: PASS -- traces live at the kernelMemory baseline = 0; kernelMemory=164923
    g-string-r2-F-O SMOKE| MILESTONE cap-1-refusal-caught-machine-survives: PASS -- shape=string OCLJCAP=done/2352/not_enough_memory running=true lastError=<null>
g-record-r3-E-D exit=0 CLASS=CLEAN APACITY| shape=record native=additive jit=on jitearly=- tier=192KB scale=1.8 kernelMemory=164923 held=615 why=not_enough_memory t_first5=0.0005 t_last5=0.0022 batches=62 last/first=4.40 freeKB_at_end/totalKB=0/192 arms=+216 refusals=+2 trace_flushes=+31 fill_ms=2251 queued=true running=true lastError=<null>
    g-record-r3-E-D CAP-IDLE| ticks=400 arms=+20 collects=+20 bailouts=+0 refusals=+0 trace_flushes=+0 trace_flush_bytes=+0 park_resets=+0 traces_live 58 -> 70 armed=0 state=0 stepmul=200 threshold=835400 gctotal=445761 ccap=518818 cused=445761 parked=false wallstats=present running=true
    g-record-r3-E-D CAP-LIVE| used=416787 kernelMemory=164923 user=251864 count(3 collects)=416739/416739/416739 total=518818 traces_live=70
    g-record-r3-E-D CAP-GC| collects=+216 bailouts=+0 overdrafts=+2900 od_peak=33037 od_state=0 park_resets=+0 od_limit=32768 kslice=16384 gc_low=384194 armby=0 window=4096 lends=+15 win=0 refused=88 tier=n/a end: armed=0 state=0 stepmul=200 threshold=768200 gctotal=405170 ccap=518818 cused=405170 parked=false
    g-record-r3-E-D CAP-X| batch=10 junk=24 recover=0 OCLJCAPX=62/610/1/0/0 traces(start/abort) 363/205 -> 645/258 class=CLEAN site=-
    g-record-r3-E-D SMOKE| MILESTONE km-1-kernel-init-compiles-nothing: PASS -- traces live at the kernelMemory baseline = 0; kernelMemory=164923
    g-record-r3-E-D SMOKE| MILESTONE cap-1-refusal-caught-machine-survives: PASS -- shape=record OCLJCAP=done/615/not_enough_memory running=true lastError=<null>
g-record-r3-F-D exit=0 CLASS=CLEAN APACITY| shape=record native=additive jit=on jitearly=- tier=192KB scale=1.8 kernelMemory=164923 held=584 why=not_enough_memory t_first5=0.0002 t_last5=0.0037 batches=59 last/first=18.50 freeKB_at_end/totalKB=0/192 arms=+213 refusals=+4 trace_flushes=+28 fill_ms=2235 queued=true running=true lastError=<null>
    g-record-r3-F-D CAP-IDLE| ticks=400 arms=+21 collects=+21 bailouts=+0 refusals=+0 trace_flushes=+0 trace_flush_bytes=+0 park_resets=+0 traces_live 58 -> 66 armed=0 state=0 stepmul=200 threshold=834200 gctotal=424569 ccap=518818 cused=424569 parked=false wallstats=present running=true
    g-record-r3-F-D CAP-LIVE| used=417591 kernelMemory=164923 user=252668 count(3 collects)=417607/417543/417543 total=518818 traces_live=66
    g-record-r3-F-D CAP-GC| collects=+213 bailouts=+0 overdrafts=+2271 od_peak=26145 od_state=0 park_resets=+0 od_limit=32768 kslice=16384 gc_low=385238 armby=0 window=4096 lends=+71 win=0 refused=88 tier=16384 end: armed=0 state=0 stepmul=200 threshold=774400 gctotal=394654 ccap=518818 cused=394654 parked=false
    g-record-r3-F-D CAP-X| batch=10 junk=24 recover=0 OCLJCAPX=59/580/3/0/0 traces(start/abort) 344/196 -> 587/239 class=CLEAN site=-
    g-record-r3-F-D SMOKE| MILESTONE km-1-kernel-init-compiles-nothing: PASS -- traces live at the kernelMemory baseline = 0; kernelMemory=164923
    g-record-r3-F-D SMOKE| MILESTONE cap-1-refusal-caught-machine-survives: PASS -- shape=record OCLJCAP=done/584/not_enough_memory running=true lastError=<null>
g-record-r3-E-L exit=0 CLASS=CLEAN APACITY| shape=record native=luajit jit=on jitearly=- tier=192KB scale=1.8 kernelMemory=164247 held=603 why=not_enough_memory t_first5=0.0002 t_last5=0.0007 batches=61 last/first=3.50 freeKB_at_end/totalKB=0/192 arms=+139 refusals=+2 trace_flushes=+27 fill_ms=2247 queued=true running=true lastError=<null>
    g-record-r3-E-L CAP-IDLE| ticks=400 arms=+20 collects=+20 bailouts=+0 refusals=+0 trace_flushes=+0 trace_flush_bytes=+0 park_resets=+0 traces_live 60 -> 75 armed=0 state=0 stepmul=200 threshold=841800 gctotal=451185 ccap=0 cused=451185 parked=false wallstats=present running=true
    g-record-r3-E-L CAP-LIVE| used=419883 kernelMemory=164247 user=255636 count(3 collects)=419835/419835/419835 total=518142 traces_live=75
    g-record-r3-E-L CAP-GC| collects=+139 bailouts=+0 overdrafts=+2709 od_peak=33097 od_state=0 park_resets=+0 od_limit=32768 kslice=16384 gc_low=387490 armby=0 window=4096 lends=+13 win=0 refused=40 tier=n/a end: armed=0 state=0 stepmul=200 threshold=774800 gctotal=408466 ccap=0 cused=408466 parked=false
    g-record-r3-E-L CAP-X| batch=10 junk=24 recover=0 OCLJCAPX=61/600/1/0/0 traces(start/abort) 389/221 -> 629/271 class=CLEAN site=-
    g-record-r3-E-L SMOKE| MILESTONE km-1-kernel-init-compiles-nothing: PASS -- traces live at the kernelMemory baseline = 0; kernelMemory=164247
    g-record-r3-E-L SMOKE| MILESTONE cap-1-refusal-caught-machine-survives: PASS -- shape=record OCLJCAP=done/603/not_enough_memory running=true lastError=<null>
g-record-r3-F-L exit=0 CLASS=CLEAN APACITY| shape=record native=luajit jit=on jitearly=- tier=192KB scale=1.8 kernelMemory=164247 held=590 why=not_enough_memory t_first5=0.0005 t_last5=0.0018 batches=59 last/first=3.60 freeKB_at_end/totalKB=0/192 arms=+136 refusals=+2 trace_flushes=+26 fill_ms=2242 queued=true running=true lastError=<null>
    g-record-r3-F-L CAP-IDLE| ticks=400 arms=+21 collects=+21 bailouts=+0 refusals=+0 trace_flushes=+0 trace_flush_bytes=+0 park_resets=+0 traces_live 53 -> 65 armed=0 state=0 stepmul=200 threshold=827200 gctotal=429093 ccap=0 cused=429093 parked=false wallstats=present running=true
    g-record-r3-F-L CAP-LIVE| used=414115 kernelMemory=164247 user=249868 count(3 collects)=414131/414067/414067 total=518142 traces_live=65
    g-record-r3-F-L CAP-GC| collects=+136 bailouts=+0 overdrafts=+2178 od_peak=25441 od_state=0 park_resets=+0 od_limit=32768 kslice=16384 gc_low=385166 armby=0 window=4096 lends=+10 win=0 refused=52 tier=16384 end: armed=0 state=0 stepmul=200 threshold=770200 gctotal=422386 ccap=0 cused=422386 parked=false
    g-record-r3-F-L CAP-X| batch=10 junk=24 recover=0 OCLJCAPX=59/580/1/0/0 traces(start/abort) 341/197 -> 588/251 class=CLEAN site=-
    g-record-r3-F-L SMOKE| MILESTONE km-1-kernel-init-compiles-nothing: PASS -- traces live at the kernelMemory baseline = 0; kernelMemory=164247
    g-record-r3-F-L SMOKE| MILESTONE cap-1-refusal-caught-machine-survives: PASS -- shape=record OCLJCAP=done/590/not_enough_memory running=true lastError=<null>
g-string-r3-E-O exit=0 CLASS=CLEAN APACITY| shape=string native=additive jit=off jitearly=off tier=192KB scale=1.8 kernelMemory=164923 held=2210 why=not_enough_memory t_first5=0.0001 t_last5=0.0051 batches=221 last/first=51.00 freeKB_at_end/totalKB=0/192 arms=+300 refusals=+1 trace_flushes=+0 fill_ms=4963 queued=true running=true lastError=<null>
    g-string-r3-E-O CAP-IDLE| ticks=400 arms=+2 collects=+2 bailouts=+0 refusals=+0 trace_flushes=+0 trace_flush_bytes=+0 park_resets=+0 traces_live 0 -> 0 armed=0 state=0 stepmul=200 threshold=707000 gctotal=361573 ccap=518818 cused=361573 parked=false wallstats=present running=true
    g-string-r3-E-O CAP-LIVE| used=353963 kernelMemory=164923 user=189040 count(3 collects)=353979/353915/353915 total=518818 traces_live=0
    g-string-r3-E-O CAP-GC| collects=+300 bailouts=+0 overdrafts=+4061 od_peak=16761 od_state=0 park_resets=+0 od_limit=32768 kslice=16384 gc_low=366192 armby=0 window=4096 lends=+76 win=0 refused=52 tier=n/a end: armed=0 state=0 stepmul=200 threshold=732400 gctotal=395784 ccap=518818 cused=395784 parked=false
    g-string-r3-E-O CAP-X| batch=10 junk=24 recover=0 OCLJCAPX=221/2200/0/0/0 traces(start/abort) 0/0 -> 0/0 class=CLEAN site=-
    g-string-r3-E-O SMOKE| MILESTONE km-1-kernel-init-compiles-nothing: PASS -- traces live at the kernelMemory baseline = 0; kernelMemory=164923
    g-string-r3-E-O SMOKE| MILESTONE cap-1-refusal-caught-machine-survives: PASS -- shape=string OCLJCAP=done/2210/not_enough_memory running=true lastError=<null>
g-string-r3-F-O exit=0 CLASS=CLEAN APACITY| shape=string native=additive jit=off jitearly=off tier=192KB scale=1.8 kernelMemory=164923 held=2352 why=not_enough_memory t_first5=0.0001 t_last5=0.0027 batches=236 last/first=27.00 freeKB_at_end/totalKB=0/192 arms=+445 refusals=+4 trace_flushes=+0 fill_ms=4994 queued=true running=true lastError=<null>
    g-string-r3-F-O CAP-IDLE| ticks=400 arms=+3 collects=+3 bailouts=+0 refusals=+0 trace_flushes=+0 trace_flush_bytes=+0 park_resets=+0 traces_live 0 -> 0 armed=0 state=0 stepmul=200 threshold=706800 gctotal=376241 ccap=518818 cused=376241 parked=false wallstats=present running=true
    g-string-r3-F-O CAP-LIVE| used=353895 kernelMemory=164923 user=188972 count(3 collects)=353911/353847/353847 total=518818 traces_live=0
    g-string-r3-F-O CAP-GC| collects=+445 bailouts=+0 overdrafts=+7371 od_peak=25189 od_state=0 park_resets=+0 od_limit=32768 kslice=16384 gc_low=366188 armby=0 window=4096 lends=+111 win=0 refused=52 tier=16384 end: armed=0 state=0 stepmul=200 threshold=732200 gctotal=381612 ccap=518818 cused=381612 parked=false
    g-string-r3-F-O CAP-X| batch=10 junk=24 recover=0 OCLJCAPX=236/2350/3/0/0 traces(start/abort) 0/0 -> 0/0 class=CLEAN site=-
    g-string-r3-F-O SMOKE| MILESTONE km-1-kernel-init-compiles-nothing: PASS -- traces live at the kernelMemory baseline = 0; kernelMemory=164923
    g-string-r3-F-O SMOKE| MILESTONE cap-1-refusal-caught-machine-survives: PASS -- shape=string OCLJCAP=done/2352/not_enough_memory running=true lastError=<null>
g-record-r4-E-D exit=0 CLASS=CLEAN APACITY| shape=record native=additive jit=on jitearly=- tier=192KB scale=1.8 kernelMemory=164923 held=614 why=not_enough_memory t_first5=0.0002 t_last5=0.0017 batches=62 last/first=8.50 freeKB_at_end/totalKB=0/192 arms=+192 refusals=+4 trace_flushes=+28 fill_ms=2496 queued=true running=true lastError=<null>
    g-record-r4-E-D CAP-IDLE| ticks=400 arms=+21 collects=+21 bailouts=+0 refusals=+0 trace_flushes=+0 trace_flush_bytes=+0 park_resets=+0 traces_live 50 -> 60 armed=0 state=0 stepmul=200 threshold=825200 gctotal=428029 ccap=518818 cused=428029 parked=false wallstats=present running=true
    g-record-r4-E-D CAP-LIVE| used=413051 kernelMemory=164923 user=248128 count(3 collects)=413067/413003/413003 total=518818 traces_live=60
    g-record-r4-E-D CAP-GC| collects=+192 bailouts=+0 overdrafts=+3014 od_peak=34281 od_state=0 park_resets=+0 od_limit=32768 kslice=16384 gc_low=386798 armby=0 window=4096 lends=+50 win=0 refused=40 tier=n/a end: armed=0 state=0 stepmul=200 threshold=773400 gctotal=394854 ccap=518818 cused=394854 parked=false
    g-record-r4-E-D CAP-X| batch=10 junk=24 recover=0 OCLJCAPX=62/610/3/0/0 traces(start/abort) 339/187 -> 615/256 class=CLEAN site=-
    g-record-r4-E-D SMOKE| MILESTONE km-1-kernel-init-compiles-nothing: PASS -- traces live at the kernelMemory baseline = 0; kernelMemory=164923
    g-record-r4-E-D SMOKE| MILESTONE cap-1-refusal-caught-machine-survives: PASS -- shape=record OCLJCAP=done/614/not_enough_memory running=true lastError=<null>
g-record-r4-F-D exit=0 CLASS=CLEAN APACITY| shape=record native=additive jit=on jitearly=- tier=192KB scale=1.8 kernelMemory=164923 held=546 why=not_enough_memory t_first5=0.0003 t_last5=0.0019 batches=55 last/first=6.33 freeKB_at_end/totalKB=0/192 arms=+113 refusals=+1 trace_flushes=+21 fill_ms=2244 queued=true running=true lastError=<null>
    g-record-r4-F-D CAP-IDLE| ticks=400 arms=+21 collects=+21 bailouts=+0 refusals=+0 trace_flushes=+0 trace_flush_bytes=+0 park_resets=+0 traces_live 49 -> 66 armed=0 state=0 stepmul=200 threshold=842600 gctotal=443517 ccap=518818 cused=443517 parked=false wallstats=present running=true
    g-record-r4-F-D CAP-LIVE| used=421803 kernelMemory=164923 user=256880 count(3 collects)=421819/421755/421755 total=518818 traces_live=66
    g-record-r4-F-D CAP-GC| collects=+113 bailouts=+0 overdrafts=+1215 od_peak=16477 od_state=0 park_resets=+0 od_limit=32768 kslice=16384 gc_low=391310 armby=0 window=4096 lends=+2 win=0 refused=52 tier=16384 end: armed=0 state=0 stepmul=200 threshold=782600 gctotal=433750 ccap=518818 cused=433750 parked=false
    g-record-r4-F-D CAP-X| batch=10 junk=24 recover=0 OCLJCAPX=55/540/0/0/0 traces(start/abort) 352/196 -> 557/256 class=CLEAN site=-
    g-record-r4-F-D SMOKE| MILESTONE km-1-kernel-init-compiles-nothing: PASS -- traces live at the kernelMemory baseline = 0; kernelMemory=164923
    g-record-r4-F-D SMOKE| MILESTONE cap-1-refusal-caught-machine-survives: PASS -- shape=record OCLJCAP=done/546/not_enough_memory running=true lastError=<null>
g-record-r4-E-L exit=0 CLASS=CLEAN APACITY| shape=record native=luajit jit=on jitearly=- tier=192KB scale=1.8 kernelMemory=164247 held=607 why=not_enough_memory t_first5=0.0005 t_last5=0.0021 batches=61 last/first=4.20 freeKB_at_end/totalKB=0/192 arms=+156 refusals=+2 trace_flushes=+30 fill_ms=2479 queued=true running=true lastError=<null>
    g-record-r4-E-L CAP-IDLE| ticks=400 arms=+21 collects=+21 bailouts=+0 refusals=+0 trace_flushes=+0 trace_flush_bytes=+0 park_resets=+0 traces_live 57 -> 68 armed=0 state=0 stepmul=200 threshold=833400 gctotal=438853 ccap=0 cused=438853 parked=false wallstats=present running=true
    g-record-r4-E-L CAP-LIVE| used=417139 kernelMemory=164247 user=252892 count(3 collects)=417155/417091/417091 total=518142 traces_live=68
    g-record-r4-E-L CAP-GC| collects=+156 bailouts=+0 overdrafts=+3117 od_peak=32853 od_state=0 park_resets=+0 od_limit=32768 kslice=16384 gc_low=392738 armby=0 window=4096 lends=+8 win=0 refused=40 tier=n/a end: armed=0 state=0 stepmul=200 threshold=786600 gctotal=408102 ccap=0 cused=408102 parked=false
    g-record-r4-E-L CAP-X| batch=10 junk=24 recover=0 OCLJCAPX=61/600/1/0/0 traces(start/abort) 365/212 -> 651/275 class=CLEAN site=-
    g-record-r4-E-L SMOKE| MILESTONE km-1-kernel-init-compiles-nothing: PASS -- traces live at the kernelMemory baseline = 0; kernelMemory=164247
    g-record-r4-E-L SMOKE| MILESTONE cap-1-refusal-caught-machine-survives: PASS -- shape=record OCLJCAP=done/607/not_enough_memory running=true lastError=<null>
g-record-r4-F-L exit=0 CLASS=CLEAN APACITY| shape=record native=luajit jit=on jitearly=- tier=192KB scale=1.8 kernelMemory=164247 held=579 why=not_enough_memory t_first5=0.0003 t_last5=0.0015 batches=58 last/first=5.00 freeKB_at_end/totalKB=0/192 arms=+166 refusals=+3 trace_flushes=+24 fill_ms=2240 queued=true running=true lastError=<null>
    g-record-r4-F-L CAP-IDLE| ticks=400 arms=+20 collects=+20 bailouts=+0 refusals=+0 trace_flushes=+0 trace_flush_bytes=+0 park_resets=+0 traces_live 47 -> 57 armed=0 state=0 stepmul=200 threshold=818000 gctotal=409297 ccap=0 cused=409297 parked=false wallstats=present running=true
    g-record-r4-F-L CAP-LIVE| used=409431 kernelMemory=164247 user=245184 count(3 collects)=409383/409383/409383 total=518142 traces_live=57
    g-record-r4-F-L CAP-GC| collects=+166 bailouts=+0 overdrafts=+2021 od_peak=26249 od_state=0 park_resets=+0 od_limit=32768 kslice=16384 gc_low=396150 armby=0 window=4096 lends=+31 win=0 refused=52 tier=16384 end: armed=0 state=0 stepmul=200 threshold=795000 gctotal=405562 ccap=0 cused=405562 parked=false
    g-record-r4-F-L CAP-X| batch=10 junk=24 recover=0 OCLJCAPX=58/570/2/0/0 traces(start/abort) 351/207 -> 578/254 class=CLEAN site=-
    g-record-r4-F-L SMOKE| MILESTONE km-1-kernel-init-compiles-nothing: PASS -- traces live at the kernelMemory baseline = 0; kernelMemory=164247
    g-record-r4-F-L SMOKE| MILESTONE cap-1-refusal-caught-machine-survives: PASS -- shape=record OCLJCAP=done/579/not_enough_memory running=true lastError=<null>
g-string-r4-E-O exit=0 CLASS=CLEAN APACITY| shape=string native=additive jit=off jitearly=off tier=192KB scale=1.8 kernelMemory=164923 held=2210 why=not_enough_memory t_first5=0.0002 t_last5=0.0037 batches=221 last/first=18.50 freeKB_at_end/totalKB=0/192 arms=+279 refusals=+1 trace_flushes=+0 fill_ms=4712 queued=true running=true lastError=<null>
    g-string-r4-E-O CAP-IDLE| ticks=400 arms=+3 collects=+3 bailouts=+0 refusals=+0 trace_flushes=+0 trace_flush_bytes=+0 park_resets=+0 traces_live 0 -> 0 armed=0 state=0 stepmul=200 threshold=707000 gctotal=361573 ccap=518818 cused=361573 parked=false wallstats=present running=true
    g-string-r4-E-O CAP-LIVE| used=353963 kernelMemory=164923 user=189040 count(3 collects)=353979/353915/353915 total=518818 traces_live=0
    g-string-r4-E-O CAP-GC| collects=+279 bailouts=+0 overdrafts=+3951 od_peak=16761 od_state=0 park_resets=+0 od_limit=32768 kslice=16384 gc_low=366256 armby=0 window=4096 lends=+41 win=0 refused=52 tier=n/a end: armed=0 state=0 stepmul=200 threshold=732400 gctotal=394600 ccap=518818 cused=394600 parked=false
    g-string-r4-E-O CAP-X| batch=10 junk=24 recover=0 OCLJCAPX=221/2200/0/0/0 traces(start/abort) 0/0 -> 0/0 class=CLEAN site=-
    g-string-r4-E-O SMOKE| MILESTONE km-1-kernel-init-compiles-nothing: PASS -- traces live at the kernelMemory baseline = 0; kernelMemory=164923
    g-string-r4-E-O SMOKE| MILESTONE cap-1-refusal-caught-machine-survives: PASS -- shape=string OCLJCAP=done/2210/not_enough_memory running=true lastError=<null>
g-string-r4-F-O exit=0 CLASS=CLEAN APACITY| shape=string native=additive jit=off jitearly=off tier=192KB scale=1.8 kernelMemory=164923 held=2210 why=not_enough_memory t_first5=0.0001 t_last5=0.0033 batches=221 last/first=33.00 freeKB_at_end/totalKB=0/192 arms=+300 refusals=+1 trace_flushes=+0 fill_ms=4960 queued=true running=true lastError=<null>
    g-string-r4-F-O CAP-IDLE| ticks=400 arms=+3 collects=+3 bailouts=+0 refusals=+0 trace_flushes=+0 trace_flush_bytes=+0 park_resets=+0 traces_live 0 -> 0 armed=0 state=0 stepmul=200 threshold=707000 gctotal=361573 ccap=518818 cused=361573 parked=false wallstats=present running=true
    g-string-r4-F-O CAP-LIVE| used=353963 kernelMemory=164923 user=189040 count(3 collects)=353979/353915/353915 total=518818 traces_live=0
    g-string-r4-F-O CAP-GC| collects=+300 bailouts=+0 overdrafts=+4060 od_peak=16761 od_state=0 park_resets=+0 od_limit=32768 kslice=16384 gc_low=366256 armby=0 window=4096 lends=+75 win=0 refused=52 tier=16384 end: armed=0 state=0 stepmul=200 threshold=732400 gctotal=403152 ccap=518818 cused=403152 parked=false
    g-string-r4-F-O CAP-X| batch=10 junk=24 recover=0 OCLJCAPX=221/2200/0/0/0 traces(start/abort) 0/0 -> 0/0 class=CLEAN site=-
    g-string-r4-F-O SMOKE| MILESTONE km-1-kernel-init-compiles-nothing: PASS -- traces live at the kernelMemory baseline = 0; kernelMemory=164923
    g-string-r4-F-O SMOKE| MILESTONE cap-1-refusal-caught-machine-survives: PASS -- shape=string OCLJCAP=done/2210/not_enough_memory running=true lastError=<null>
g-record-r5-E-D exit=0 CLASS=CLEAN APACITY| shape=record native=additive jit=on jitearly=- tier=192KB scale=1.8 kernelMemory=164923 held=548 why=not_enough_memory t_first5=0.0004 t_last5=0.0028 batches=55 last/first=7.00 freeKB_at_end/totalKB=0/192 arms=+116 refusals=+1 trace_flushes=+23 fill_ms=2231 queued=true running=true lastError=<null>
    g-record-r5-E-D CAP-IDLE| ticks=400 arms=+20 collects=+20 bailouts=+0 refusals=+0 trace_flushes=+0 trace_flush_bytes=+0 park_resets=+0 traces_live 53 -> 65 armed=0 state=0 stepmul=200 threshold=837600 gctotal=419181 ccap=518818 cused=419181 parked=false wallstats=present running=true
    g-record-r5-E-D CAP-LIVE| used=419315 kernelMemory=164923 user=254392 count(3 collects)=419267/419267/419267 total=518818 traces_live=65
    g-record-r5-E-D CAP-GC| collects=+116 bailouts=+0 overdrafts=+1250 od_peak=16657 od_state=0 park_resets=+0 od_limit=32768 kslice=16384 gc_low=389006 armby=0 window=4096 lends=+11 win=0 refused=52 tier=n/a end: armed=0 state=0 stepmul=200 threshold=778000 gctotal=397126 ccap=518818 cused=397126 parked=false
    g-record-r5-E-D CAP-X| batch=10 junk=24 recover=0 OCLJCAPX=55/540/0/0/0 traces(start/abort) 351/204 -> 574/243 class=CLEAN site=-
    g-record-r5-E-D SMOKE| MILESTONE km-1-kernel-init-compiles-nothing: PASS -- traces live at the kernelMemory baseline = 0; kernelMemory=164923
    g-record-r5-E-D SMOKE| MILESTONE cap-1-refusal-caught-machine-survives: PASS -- shape=record OCLJCAP=done/548/not_enough_memory running=true lastError=<null>
g-record-r5-F-D exit=0 CLASS=CLEAN APACITY| shape=record native=additive jit=on jitearly=- tier=192KB scale=1.8 kernelMemory=164923 held=587 why=not_enough_memory t_first5=0.0002 t_last5=0.0012 batches=59 last/first=6.00 freeKB_at_end/totalKB=0/192 arms=+142 refusals=+3 trace_flushes=+24 fill_ms=2234 queued=true running=true lastError=<null>
    g-record-r5-F-D CAP-IDLE| ticks=400 arms=+20 collects=+20 bailouts=+0 refusals=+0 trace_flushes=+0 trace_flush_bytes=+0 park_resets=+0 traces_live 48 -> 65 armed=0 state=0 stepmul=200 threshold=825200 gctotal=435437 ccap=518818 cused=435437 parked=false wallstats=present running=true
    g-record-r5-F-D CAP-LIVE| used=413091 kernelMemory=164923 user=248168 count(3 collects)=413107/413043/413043 total=518818 traces_live=65
    g-record-r5-F-D CAP-GC| collects=+142 bailouts=+0 overdrafts=+2095 od_peak=25221 od_state=0 park_resets=+0 od_limit=32768 kslice=16384 gc_low=386750 armby=0 window=4096 lends=+13 win=0 refused=52 tier=16384 end: armed=0 state=0 stepmul=200 threshold=773400 gctotal=387034 ccap=518818 cused=387034 parked=false
    g-record-r5-F-D CAP-X| batch=10 junk=24 recover=0 OCLJCAPX=59/580/2/0/0 traces(start/abort) 318/170 -> 561/232 class=CLEAN site=-
    g-record-r5-F-D SMOKE| MILESTONE km-1-kernel-init-compiles-nothing: PASS -- traces live at the kernelMemory baseline = 0; kernelMemory=164923
    g-record-r5-F-D SMOKE| MILESTONE cap-1-refusal-caught-machine-survives: PASS -- shape=record OCLJCAP=done/587/not_enough_memory running=true lastError=<null>
g-record-r5-E-L exit=0 CLASS=CLEAN APACITY| shape=record native=luajit jit=on jitearly=- tier=192KB scale=1.8 kernelMemory=164247 held=609 why=not_enough_memory t_first5=0.0002 t_last5=0.0009 batches=61 last/first=4.50 freeKB_at_end/totalKB=0/192 arms=+161 refusals=+2 trace_flushes=+29 fill_ms=2476 queued=true running=true lastError=<null>
    g-record-r5-E-L CAP-IDLE| ticks=400 arms=+20 collects=+20 bailouts=+0 refusals=+0 trace_flushes=+0 trace_flush_bytes=+0 park_resets=+0 traces_live 47 -> 62 armed=0 state=0 stepmul=200 threshold=818400 gctotal=431405 ccap=0 cused=431405 parked=false wallstats=present running=true
    g-record-r5-E-L CAP-LIVE| used=409691 kernelMemory=164247 user=245444 count(3 collects)=409707/409643/409643 total=518142 traces_live=62
    g-record-r5-E-L CAP-GC| collects=+161 bailouts=+0 overdrafts=+2807 od_peak=32873 od_state=0 park_resets=+0 od_limit=32768 kslice=16384 gc_low=387722 armby=0 window=4096 lends=+37 win=0 refused=52 tier=n/a end: armed=0 state=0 stepmul=200 threshold=776200 gctotal=396206 ccap=0 cused=396206 parked=false
    g-record-r5-E-L CAP-X| batch=10 junk=24 recover=0 OCLJCAPX=61/600/1/0/0 traces(start/abort) 325/182 -> 579/217 class=CLEAN site=-
    g-record-r5-E-L SMOKE| MILESTONE km-1-kernel-init-compiles-nothing: PASS -- traces live at the kernelMemory baseline = 0; kernelMemory=164247
    g-record-r5-E-L SMOKE| MILESTONE cap-1-refusal-caught-machine-survives: PASS -- shape=record OCLJCAP=done/609/not_enough_memory running=true lastError=<null>
g-record-r5-F-L exit=1 CLASS=DOWN APACITY| shape=record native=luajit jit=on jitearly=- tier=192KB scale=1.8 kernelMemory=164247 held=? why=? t_first5=0.0004 t_last5=0.0006 batches=57 last/first=1.50 freeKB_at_end/totalKB=-1/-1 arms=+246 refusals=+5 trace_flushes=+25 fill_ms=965 queued=true running=false lastError=not enough memory
    g-record-r5-F-L CAP-IDLE| ticks=400 arms=+20 collects=+20 bailouts=+0 refusals=+0 trace_flushes=+0 trace_flush_bytes=+0 park_resets=+0 traces_live 52 -> 62 armed=0 state=0 stepmul=200 threshold=828000 gctotal=441433 ccap=0 cused=441433 parked=false wallstats=present running=true
    g-record-r5-F-L CAP-LIVE| used=412835 kernelMemory=164247 user=248588 count(3 collects)=412787/412787/412787 total=518142 traces_live=62
    g-record-r5-F-L CAP-GC| collects=+245 bailouts=+0 overdrafts=+2465 od_peak=26361 od_state=1 park_resets=+0 od_limit=32768 kslice=16384 gc_low=543343 armby=1 window=4096 lends=+83 win=0 refused=48 tier=24989 end: armed=1 state=0 stepmul=0 threshold=1086800 gctotal=543527 ccap=0 cused=543527 parked=true
    g-record-r5-F-L CAP-X| batch=10 junk=24 recover=0 OCLJCAPX=57/570/1/0/0 traces(start/abort) 357/204 -> n/a class=DOWN site=-
    g-record-r5-F-L SMOKE| MILESTONE km-1-kernel-init-compiles-nothing: PASS -- traces live at the kernelMemory baseline = 0; kernelMemory=164247
    g-record-r5-F-L SMOKE| MILESTONE cap-1-refusal-caught-machine-survives: FAIL -- shape=record OCLJCAP=filling/570 running=false lastError=not enough memory   <- a refusal took the MACHINE down: raised where no handler of the program caught it (OpenOS's dispatcher, the kernel, or the probe's own allocations between batches)
    g-record-r5-F-L     SMOKE| MILESTONE cap-1-refusal-caught-machine-survives: FAIL -- shape=record OCLJCAP=filling/570 running=false lastError=not enough memory   <- a refusal took the MACHINE down: raised where no handler of the program caught it (OpenOS's dispatcher, the kernel, or the probe's own allocations between batches)
g-string-r5-E-O exit=0 CLASS=CLEAN APACITY| shape=string native=additive jit=off jitearly=off tier=192KB scale=1.8 kernelMemory=164923 held=2477 why=not_enough_memory t_first5=0.0001 t_last5=0.0041 batches=248 last/first=41.00 freeKB_at_end/totalKB=0/192 arms=+487 refusals=+2 trace_flushes=+0 fill_ms=5208 queued=true running=true lastError=<null>
    g-string-r5-E-O CAP-IDLE| ticks=400 arms=+1 collects=+1 bailouts=+0 refusals=+0 trace_flushes=+0 trace_flush_bytes=+0 park_resets=+0 traces_live 0 -> 0 armed=0 state=0 stepmul=200 threshold=707600 gctotal=369289 ccap=518818 cused=369289 parked=false wallstats=present running=true
    g-string-r5-E-O CAP-LIVE| used=354311 kernelMemory=164923 user=189388 count(3 collects)=354327/354263/354263 total=518818 traces_live=0
    g-string-r5-E-O CAP-GC| collects=+487 bailouts=+0 overdrafts=+11146 od_peak=33149 od_state=0 park_resets=+0 od_limit=32768 kslice=16384 gc_low=366604 armby=0 window=4096 lends=+96 win=0 refused=52 tier=n/a end: armed=0 state=0 stepmul=200 threshold=733200 gctotal=396132 ccap=518818 cused=396132 parked=false
    g-string-r5-E-O CAP-X| batch=10 junk=24 recover=0 OCLJCAPX=248/2470/1/0/0 traces(start/abort) 0/0 -> 0/0 class=CLEAN site=-
    g-string-r5-E-O SMOKE| MILESTONE km-1-kernel-init-compiles-nothing: PASS -- traces live at the kernelMemory baseline = 0; kernelMemory=164923
    g-string-r5-E-O SMOKE| MILESTONE cap-1-refusal-caught-machine-survives: PASS -- shape=string OCLJCAP=done/2477/not_enough_memory running=true lastError=<null>
g-string-r5-F-O exit=0 CLASS=CLEAN APACITY| shape=string native=additive jit=off jitearly=off tier=192KB scale=1.8 kernelMemory=164923 held=2404 why=not_enough_memory t_first5=0.0001 t_last5=0.0032 batches=241 last/first=32.00 freeKB_at_end/totalKB=0/192 arms=+848 refusals=+7 trace_flushes=+0 fill_ms=5238 queued=true running=true lastError=<null>
    g-string-r5-F-O CAP-IDLE| ticks=400 arms=+3 collects=+3 bailouts=+0 refusals=+0 trace_flushes=+0 trace_flush_bytes=+0 park_resets=+0 traces_live 0 -> 0 armed=0 state=0 stepmul=200 threshold=706800 gctotal=368873 ccap=518818 cused=368873 parked=false wallstats=present running=true
    g-string-r5-F-O CAP-LIVE| used=353895 kernelMemory=164923 user=188972 count(3 collects)=353911/353847/353847 total=518818 traces_live=0
    g-string-r5-F-O CAP-GC| collects=+848 bailouts=+0 overdrafts=+11983 od_peak=25757 od_state=0 park_resets=+0 od_limit=32768 kslice=16384 gc_low=363116 armby=1 window=4096 lends=+194 win=0 refused=48 tier=16384 end: armed=0 state=0 stepmul=200 threshold=726600 gctotal=371428 ccap=518818 cused=371428 parked=false
    g-string-r5-F-O CAP-X| batch=10 junk=24 recover=0 OCLJCAPX=241/2400/5/0/0 traces(start/abort) 0/0 -> 0/0 class=CLEAN site=-
    g-string-r5-F-O SMOKE| MILESTONE km-1-kernel-init-compiles-nothing: PASS -- traces live at the kernelMemory baseline = 0; kernelMemory=164923
    g-string-r5-F-O SMOKE| MILESTONE cap-1-refusal-caught-machine-survives: PASS -- shape=string OCLJCAP=done/2404/not_enough_memory running=true lastError=<null>
g-record-r6-E-D exit=0 CLASS=CLEAN APACITY| shape=record native=additive jit=on jitearly=- tier=192KB scale=1.8 kernelMemory=164923 held=599 why=not_enough_memory t_first5=0.0003 t_last5=0.0011 batches=60 last/first=3.67 freeKB_at_end/totalKB=0/192 arms=+179 refusals=+2 trace_flushes=+28 fill_ms=2234 queued=true running=true lastError=<null>
    g-record-r6-E-D CAP-IDLE| ticks=400 arms=+20 collects=+20 bailouts=+0 refusals=+0 trace_flushes=+0 trace_flush_bytes=+0 park_resets=+0 traces_live 48 -> 59 armed=0 state=0 stepmul=200 threshold=824800 gctotal=441977 ccap=518818 cused=441977 parked=false wallstats=present running=true
    g-record-r6-E-D CAP-LIVE| used=412895 kernelMemory=164923 user=247972 count(3 collects)=412911/412847/412847 total=518818 traces_live=59
    g-record-r6-E-D CAP-GC| collects=+179 bailouts=+0 overdrafts=+2637 od_peak=33225 od_state=0 park_resets=+0 od_limit=32768 kslice=16384 gc_low=386350 armby=0 window=4096 lends=+26 win=0 refused=28 tier=n/a end: armed=0 state=0 stepmul=200 threshold=772800 gctotal=393838 ccap=518818 cused=393838 parked=false
    g-record-r6-E-D CAP-X| batch=10 junk=24 recover=0 OCLJCAPX=60/590/1/0/0 traces(start/abort) 347/203 -> 602/242 class=CLEAN site=-
    g-record-r6-E-D SMOKE| MILESTONE km-1-kernel-init-compiles-nothing: PASS -- traces live at the kernelMemory baseline = 0; kernelMemory=164923
    g-record-r6-E-D SMOKE| MILESTONE cap-1-refusal-caught-machine-survives: PASS -- shape=record OCLJCAP=done/599/not_enough_memory running=true lastError=<null>
g-record-r6-F-D exit=0 CLASS=CLEAN APACITY| shape=record native=additive jit=on jitearly=- tier=192KB scale=1.8 kernelMemory=164923 held=580 why=not_enough_memory t_first5=0.0002 t_last5=0.0022 batches=58 last/first=11.00 freeKB_at_end/totalKB=0/192 arms=+174 refusals=+4 trace_flushes=+26 fill_ms=2235 queued=true running=true lastError=<null>
    g-record-r6-F-D CAP-IDLE| ticks=400 arms=+20 collects=+20 bailouts=+0 refusals=+0 trace_flushes=+0 trace_flush_bytes=+0 park_resets=+0 traces_live 52 -> 63 armed=0 state=0 stepmul=200 threshold=827400 gctotal=439605 ccap=518818 cused=439605 parked=false wallstats=present running=true
    g-record-r6-F-D CAP-LIVE| used=412519 kernelMemory=164923 user=247596 count(3 collects)=412471/412471/412471 total=518818 traces_live=63
    g-record-r6-F-D CAP-GC| collects=+174 bailouts=+0 overdrafts=+1960 od_peak=27157 od_state=0 park_resets=+0 od_limit=32768 kslice=16384 gc_low=389998 armby=0 window=4096 lends=+45 win=0 refused=52 tier=16384 end: armed=0 state=0 stepmul=200 threshold=779800 gctotal=410974 ccap=518818 cused=410974 parked=false
    g-record-r6-F-D CAP-X| batch=10 junk=24 recover=0 OCLJCAPX=58/570/3/0/0 traces(start/abort) 355/201 -> 628/265 class=CLEAN site=-
    g-record-r6-F-D SMOKE| MILESTONE km-1-kernel-init-compiles-nothing: PASS -- traces live at the kernelMemory baseline = 0; kernelMemory=164923
    g-record-r6-F-D SMOKE| MILESTONE cap-1-refusal-caught-machine-survives: PASS -- shape=record OCLJCAP=done/580/not_enough_memory running=true lastError=<null>
g-string-r6-E-O exit=0 CLASS=CLEAN APACITY| shape=string native=additive jit=off jitearly=off tier=192KB scale=1.8 kernelMemory=164923 held=2484 why=not_enough_memory t_first5=0.0001 t_last5=0.0037 batches=249 last/first=37.00 freeKB_at_end/totalKB=0/192 arms=+467 refusals=+4 trace_flushes=+0 fill_ms=5211 queued=true running=true lastError=<null>
    g-string-r6-E-O CAP-IDLE| ticks=400 arms=+1 collects=+1 bailouts=+0 refusals=+0 trace_flushes=+0 trace_flush_bytes=+0 park_resets=+0 traces_live 0 -> 0 armed=0 state=0 stepmul=200 threshold=706800 gctotal=360873 ccap=518818 cused=360873 parked=false wallstats=present running=true
    g-string-r6-E-O CAP-LIVE| used=353895 kernelMemory=164923 user=188972 count(3 collects)=353911/353847/353847 total=518818 traces_live=0
    g-string-r6-E-O CAP-GC| collects=+467 bailouts=+0 overdrafts=+11343 od_peak=33061 od_state=0 park_resets=+0 od_limit=32768 kslice=16384 gc_low=366124 armby=0 window=4096 lends=+75 win=0 refused=52 tier=n/a end: armed=0 state=0 stepmul=200 threshold=732200 gctotal=380980 ccap=518818 cused=380980 parked=false
    g-string-r6-E-O CAP-X| batch=10 junk=24 recover=0 OCLJCAPX=249/2480/3/0/0 traces(start/abort) 0/0 -> 0/0 class=CLEAN site=-
    g-string-r6-E-O SMOKE| MILESTONE km-1-kernel-init-compiles-nothing: PASS -- traces live at the kernelMemory baseline = 0; kernelMemory=164923
    g-string-r6-E-O SMOKE| MILESTONE cap-1-refusal-caught-machine-survives: PASS -- shape=string OCLJCAP=done/2484/not_enough_memory running=true lastError=<null>
g-string-r6-F-O exit=0 CLASS=CLEAN APACITY| shape=string native=additive jit=off jitearly=off tier=192KB scale=1.8 kernelMemory=164923 held=2210 why=not_enough_memory t_first5=0.0001 t_last5=0.0044 batches=221 last/first=44.00 freeKB_at_end/totalKB=0/192 arms=+289 refusals=+1 trace_flushes=+0 fill_ms=4704 queued=true running=true lastError=<null>
    g-string-r6-F-O CAP-IDLE| ticks=400 arms=+0 collects=+0 bailouts=+0 refusals=+0 trace_flushes=+0 trace_flush_bytes=+0 park_resets=+0 traces_live 0 -> 0 armed=0 state=0 stepmul=200 threshold=707000 gctotal=424397 ccap=518818 cused=424397 parked=false wallstats=present running=true
    g-string-r6-F-O CAP-LIVE| used=353963 kernelMemory=164923 user=189040 count(3 collects)=353979/353915/353915 total=518818 traces_live=0
    g-string-r6-F-O CAP-GC| collects=+289 bailouts=+0 overdrafts=+3957 od_peak=16761 od_state=0 park_resets=+0 od_limit=32768 kslice=16384 gc_low=366256 armby=0 window=4096 lends=+76 win=0 refused=52 tier=16384 end: armed=0 state=0 stepmul=200 threshold=732400 gctotal=402600 ccap=518818 cused=402600 parked=false
    g-string-r6-F-O CAP-X| batch=10 junk=24 recover=0 OCLJCAPX=221/2200/0/0/0 traces(start/abort) 0/0 -> 0/0 class=CLEAN site=-
    g-string-r6-F-O SMOKE| MILESTONE km-1-kernel-init-compiles-nothing: PASS -- traces live at the kernelMemory baseline = 0; kernelMemory=164923
    g-string-r6-F-O SMOKE| MILESTONE cap-1-refusal-caught-machine-survives: PASS -- shape=string OCLJCAP=done/2210/not_enough_memory running=true lastError=<null>
g-record-r7-E-D exit=0 CLASS=CLEAN APACITY| shape=record native=additive jit=on jitearly=- tier=192KB scale=1.8 kernelMemory=164923 held=548 why=not_enough_memory t_first5=0.0007 t_last5=0.0022 batches=55 last/first=3.14 freeKB_at_end/totalKB=0/192 arms=+153 refusals=+1 trace_flushes=+22 fill_ms=2233 queued=true running=true lastError=<null>
    g-record-r7-E-D CAP-IDLE| ticks=400 arms=+23 collects=+23 bailouts=+0 refusals=+0 trace_flushes=+0 trace_flush_bytes=+0 park_resets=+0 traces_live 71 -> 82 armed=0 state=0 stepmul=200 threshold=853200 gctotal=434653 ccap=518818 cused=434653 parked=false wallstats=present running=true
    g-record-r7-E-D CAP-LIVE| used=427043 kernelMemory=164923 user=262120 count(3 collects)=427059/426995/426995 total=518818 traces_live=82
    g-record-r7-E-D CAP-GC| collects=+153 bailouts=+0 overdrafts=+1301 od_peak=16685 od_state=0 park_resets=+0 od_limit=32768 kslice=16384 gc_low=389418 armby=0 window=4096 lends=+11 win=0 refused=52 tier=n/a end: armed=0 state=0 stepmul=200 threshold=778800 gctotal=411026 ccap=518818 cused=411026 parked=false
    g-record-r7-E-D CAP-X| batch=10 junk=24 recover=0 OCLJCAPX=55/540/0/0/0 traces(start/abort) 352/188 -> 610/244 class=CLEAN site=-
    g-record-r7-E-D SMOKE| MILESTONE km-1-kernel-init-compiles-nothing: PASS -- traces live at the kernelMemory baseline = 0; kernelMemory=164923
    g-record-r7-E-D SMOKE| MILESTONE cap-1-refusal-caught-machine-survives: PASS -- shape=record OCLJCAP=done/548/not_enough_memory running=true lastError=<null>
g-record-r7-F-D exit=0 CLASS=CLEAN APACITY| shape=record native=additive jit=on jitearly=- tier=192KB scale=1.8 kernelMemory=164923 held=585 why=not_enough_memory t_first5=0.0001 t_last5=0.0023 batches=59 last/first=23.00 freeKB_at_end/totalKB=0/192 arms=+154 refusals=+3 trace_flushes=+26 fill_ms=2243 queued=true running=true lastError=<null>
    g-record-r7-F-D CAP-IDLE| ticks=400 arms=+29 collects=+29 bailouts=+0 refusals=+0 trace_flushes=+1 trace_flush_bytes=+83852 park_resets=+0 traces_live 100 -> 59 armed=0 state=0 stepmul=200 threshold=814400 gctotal=409649 ccap=518818 cused=409649 parked=false wallstats=present running=true
    g-record-r7-F-D CAP-LIVE| used=407407 kernelMemory=164923 user=242484 count(3 collects)=407359/407359/407359 total=518818 traces_live=59
    g-record-r7-F-D CAP-GC| collects=+154 bailouts=+0 overdrafts=+1986 od_peak=26441 od_state=0 park_resets=+0 od_limit=32768 kslice=16384 gc_low=390142 armby=0 window=4096 lends=+24 win=0 refused=40 tier=16384 end: armed=0 state=0 stepmul=200 threshold=781000 gctotal=426250 ccap=518818 cused=426250 parked=false
    g-record-r7-F-D CAP-X| batch=10 junk=24 recover=0 OCLJCAPX=59/580/2/0/0 traces(start/abort) 356/193 -> 600/241 class=CLEAN site=-
    g-record-r7-F-D SMOKE| MILESTONE km-1-kernel-init-compiles-nothing: PASS -- traces live at the kernelMemory baseline = 0; kernelMemory=164923
    g-record-r7-F-D SMOKE| MILESTONE cap-1-refusal-caught-machine-survives: PASS -- shape=record OCLJCAP=done/585/not_enough_memory running=true lastError=<null>
g-string-r7-E-O exit=0 CLASS=CLEAN APACITY| shape=string native=additive jit=off jitearly=off tier=192KB scale=1.8 kernelMemory=164923 held=2484 why=not_enough_memory t_first5=0.0001 t_last5=0.0030 batches=249 last/first=30.00 freeKB_at_end/totalKB=0/192 arms=+485 refusals=+4 trace_flushes=+0 fill_ms=5201 queued=true running=true lastError=<null>
    g-string-r7-E-O CAP-IDLE| ticks=400 arms=+1 collects=+1 bailouts=+0 refusals=+0 trace_flushes=+0 trace_flush_bytes=+0 park_resets=+0 traces_live 0 -> 0 armed=0 state=0 stepmul=200 threshold=706800 gctotal=368241 ccap=518818 cused=368241 parked=false wallstats=present running=true
    g-string-r7-E-O CAP-LIVE| used=353895 kernelMemory=164923 user=188972 count(3 collects)=353911/353847/353847 total=518818 traces_live=0
    g-string-r7-E-O CAP-GC| collects=+485 bailouts=+0 overdrafts=+11295 od_peak=33061 od_state=0 park_resets=+0 od_limit=32768 kslice=16384 gc_low=366188 armby=0 window=4096 lends=+101 win=0 refused=52 tier=n/a end: armed=0 state=0 stepmul=200 threshold=732200 gctotal=388980 ccap=518818 cused=388980 parked=false
    g-string-r7-E-O CAP-X| batch=10 junk=24 recover=0 OCLJCAPX=249/2480/3/0/0 traces(start/abort) 0/0 -> 0/0 class=CLEAN site=-
    g-string-r7-E-O SMOKE| MILESTONE km-1-kernel-init-compiles-nothing: PASS -- traces live at the kernelMemory baseline = 0; kernelMemory=164923
    g-string-r7-E-O SMOKE| MILESTONE cap-1-refusal-caught-machine-survives: PASS -- shape=string OCLJCAP=done/2484/not_enough_memory running=true lastError=<null>
g-string-r7-F-O exit=0 CLASS=CLEAN APACITY| shape=string native=additive jit=off jitearly=off tier=192KB scale=1.8 kernelMemory=164923 held=2344 why=not_enough_memory t_first5=0.0002 t_last5=0.0038 batches=235 last/first=19.00 freeKB_at_end/totalKB=0/192 arms=+422 refusals=+4 trace_flushes=+0 fill_ms=4959 queued=true running=true lastError=<null>
    g-string-r7-F-O CAP-IDLE| ticks=400 arms=+1 collects=+1 bailouts=+0 refusals=+0 trace_flushes=+0 trace_flush_bytes=+0 park_resets=+0 traces_live 0 -> 0 armed=0 state=0 stepmul=200 threshold=707600 gctotal=368657 ccap=518818 cused=368657 parked=false wallstats=present running=true
    g-string-r7-F-O CAP-LIVE| used=354311 kernelMemory=164923 user=189388 count(3 collects)=354327/354263/354263 total=518818 traces_live=0
    g-string-r7-F-O CAP-GC| collects=+422 bailouts=+0 overdrafts=+7102 od_peak=25077 od_state=0 park_resets=+0 od_limit=32768 kslice=16384 gc_low=366604 armby=0 window=4096 lends=+58 win=0 refused=48 tier=16384 end: armed=0 state=0 stepmul=200 threshold=733200 gctotal=374028 ccap=518818 cused=374028 parked=false
    g-string-r7-F-O CAP-X| batch=10 junk=24 recover=0 OCLJCAPX=235/2340/3/0/0 traces(start/abort) 0/0 -> 0/0 class=CLEAN site=-
    g-string-r7-F-O SMOKE| MILESTONE km-1-kernel-init-compiles-nothing: PASS -- traces live at the kernelMemory baseline = 0; kernelMemory=164923
    g-string-r7-F-O SMOKE| MILESTONE cap-1-refusal-caught-machine-survives: PASS -- shape=string OCLJCAP=done/2344/not_enough_memory running=true lastError=<null>
g-record-r8-E-D exit=0 CLASS=CLEAN APACITY| shape=record native=additive jit=on jitearly=- tier=192KB scale=1.8 kernelMemory=164923 held=607 why=not_enough_memory t_first5=0.0002 t_last5=0.0011 batches=61 last/first=5.50 freeKB_at_end/totalKB=0/192 arms=+160 refusals=+2 trace_flushes=+28 fill_ms=2248 queued=true running=true lastError=<null>
    g-record-r8-E-D CAP-IDLE| ticks=400 arms=+30 collects=+30 bailouts=+0 refusals=+0 trace_flushes=+1 trace_flush_bytes=+85060 park_resets=+0 traces_live 98 -> 58 armed=0 state=0 stepmul=200 threshold=812600 gctotal=435821 ccap=518818 cused=435821 parked=false wallstats=present running=true
    g-record-r8-E-D CAP-LIVE| used=406739 kernelMemory=164923 user=241816 count(3 collects)=406755/406691/406691 total=518818 traces_live=58
    g-record-r8-E-D CAP-GC| collects=+160 bailouts=+0 overdrafts=+2677 od_peak=32853 od_state=0 park_resets=+0 od_limit=32768 kslice=16384 gc_low=388118 armby=0 window=4096 lends=+16 win=0 refused=88 tier=n/a end: armed=0 state=0 stepmul=200 threshold=776200 gctotal=395606 ccap=518818 cused=395606 parked=false
    g-record-r8-E-D CAP-X| batch=10 junk=24 recover=0 OCLJCAPX=61/600/1/0/0 traces(start/abort) 358/200 -> 642/256 class=CLEAN site=-
    g-record-r8-E-D SMOKE| MILESTONE km-1-kernel-init-compiles-nothing: PASS -- traces live at the kernelMemory baseline = 0; kernelMemory=164923
    g-record-r8-E-D SMOKE| MILESTONE cap-1-refusal-caught-machine-survives: PASS -- shape=record OCLJCAP=done/607/not_enough_memory running=true lastError=<null>
g-record-r8-F-D exit=0 CLASS=CLEAN APACITY| shape=record native=additive jit=on jitearly=- tier=192KB scale=1.8 kernelMemory=164923 held=578 why=not_enough_memory t_first5=0.0003 t_last5=0.0019 batches=58 last/first=6.33 freeKB_at_end/totalKB=0/192 arms=+192 refusals=+2 trace_flushes=+27 fill_ms=2244 queued=true running=true lastError=<null>
    g-record-r8-F-D CAP-IDLE| ticks=400 arms=+20 collects=+20 bailouts=+0 refusals=+0 trace_flushes=+0 trace_flush_bytes=+0 park_resets=+0 traces_live 50 -> 65 armed=0 state=0 stepmul=200 threshold=826400 gctotal=435401 ccap=518818 cused=435401 parked=false wallstats=present running=true
    g-record-r8-F-D CAP-LIVE| used=413687 kernelMemory=164923 user=248764 count(3 collects)=413703/413639/413639 total=518818 traces_live=65
    g-record-r8-F-D CAP-GC| collects=+192 bailouts=+0 overdrafts=+1919 od_peak=24905 od_state=0 park_resets=+0 od_limit=32768 kslice=16384 gc_low=387918 armby=0 window=4096 lends=+49 win=0 refused=52 tier=16384 end: armed=0 state=0 stepmul=200 threshold=775800 gctotal=424262 ccap=518818 cused=424262 parked=false
    g-record-r8-F-D CAP-X| batch=10 junk=24 recover=0 OCLJCAPX=58/570/1/0/0 traces(start/abort) 349/198 -> 595/258 class=CLEAN site=-
    g-record-r8-F-D SMOKE| MILESTONE km-1-kernel-init-compiles-nothing: PASS -- traces live at the kernelMemory baseline = 0; kernelMemory=164923
    g-record-r8-F-D SMOKE| MILESTONE cap-1-refusal-caught-machine-survives: PASS -- shape=record OCLJCAP=done/578/not_enough_memory running=true lastError=<null>
g-string-r8-E-O exit=0 CLASS=CLEAN APACITY| shape=string native=additive jit=off jitearly=off tier=192KB scale=1.8 kernelMemory=164923 held=2210 why=not_enough_memory t_first5=0.0001 t_last5=0.0033 batches=221 last/first=33.00 freeKB_at_end/totalKB=0/192 arms=+282 refusals=+1 trace_flushes=+0 fill_ms=4698 queued=true running=true lastError=<null>
    g-string-r8-E-O CAP-IDLE| ticks=400 arms=+2 collects=+2 bailouts=+0 refusals=+0 trace_flushes=+0 trace_flush_bytes=+0 park_resets=+0 traces_live 0 -> 0 armed=0 state=0 stepmul=200 threshold=707000 gctotal=376309 ccap=518818 cused=376309 parked=false wallstats=present running=true
    g-string-r8-E-O CAP-LIVE| used=353963 kernelMemory=164923 user=189040 count(3 collects)=353979/353915/353915 total=518818 traces_live=0
    g-string-r8-E-O CAP-GC| collects=+282 bailouts=+0 overdrafts=+3954 od_peak=16761 od_state=0 park_resets=+0 od_limit=32768 kslice=16384 gc_low=366256 armby=0 window=4096 lends=+41 win=0 refused=52 tier=n/a end: armed=0 state=0 stepmul=200 threshold=732400 gctotal=366540 ccap=518818 cused=366540 parked=false
    g-string-r8-E-O CAP-X| batch=10 junk=24 recover=0 OCLJCAPX=221/2200/0/0/0 traces(start/abort) 0/0 -> 0/0 class=CLEAN site=-
    g-string-r8-E-O SMOKE| MILESTONE km-1-kernel-init-compiles-nothing: PASS -- traces live at the kernelMemory baseline = 0; kernelMemory=164923
    g-string-r8-E-O SMOKE| MILESTONE cap-1-refusal-caught-machine-survives: PASS -- shape=string OCLJCAP=done/2210/not_enough_memory running=true lastError=<null>
g-string-r8-F-O exit=0 CLASS=CLEAN APACITY| shape=string native=additive jit=off jitearly=off tier=192KB scale=1.8 kernelMemory=164923 held=2210 why=not_enough_memory t_first5=0.0005 t_last5=0.0032 batches=221 last/first=6.40 freeKB_at_end/totalKB=0/192 arms=+281 refusals=+1 trace_flushes=+0 fill_ms=4702 queued=true running=true lastError=<null>
    g-string-r8-F-O CAP-IDLE| ticks=400 arms=+1 collects=+1 bailouts=+0 refusals=+0 trace_flushes=+0 trace_flush_bytes=+0 park_resets=+0 traces_live 0 -> 0 armed=0 state=0 stepmul=200 threshold=707000 gctotal=375677 ccap=518818 cused=375677 parked=false wallstats=present running=true
    g-string-r8-F-O CAP-LIVE| used=353963 kernelMemory=164923 user=189040 count(3 collects)=353979/353915/353915 total=518818 traces_live=0
    g-string-r8-F-O CAP-GC| collects=+281 bailouts=+0 overdrafts=+3951 od_peak=16761 od_state=0 park_resets=+0 od_limit=32768 kslice=16384 gc_low=366256 armby=0 window=4096 lends=+41 win=0 refused=52 tier=16384 end: armed=0 state=0 stepmul=200 threshold=732400 gctotal=402600 ccap=518818 cused=402600 parked=false
    g-string-r8-F-O CAP-X| batch=10 junk=24 recover=0 OCLJCAPX=221/2200/0/0/0 traces(start/abort) 0/0 -> 0/0 class=CLEAN site=-
    g-string-r8-F-O SMOKE| MILESTONE km-1-kernel-init-compiles-nothing: PASS -- traces live at the kernelMemory baseline = 0; kernelMemory=164923
    g-string-r8-F-O SMOKE| MILESTONE cap-1-refusal-caught-machine-survives: PASS -- shape=string OCLJCAP=done/2210/not_enough_memory running=true lastError=<null>
g-record-r9-E-D exit=0 CLASS=CLEAN APACITY| shape=record native=additive jit=on jitearly=- tier=192KB scale=1.8 kernelMemory=164923 held=614 why=not_enough_memory t_first5=0.0004 t_last5=0.0015 batches=62 last/first=3.75 freeKB_at_end/totalKB=0/192 arms=+182 refusals=+3 trace_flushes=+29 fill_ms=2492 queued=true running=true lastError=<null>
    g-record-r9-E-D CAP-IDLE| ticks=400 arms=+21 collects=+21 bailouts=+0 refusals=+0 trace_flushes=+0 trace_flush_bytes=+0 park_resets=+0 traces_live 54 -> 68 armed=0 state=0 stepmul=200 threshold=830600 gctotal=430737 ccap=518818 cused=430737 parked=false wallstats=present running=true
    g-record-r9-E-D CAP-LIVE| used=415759 kernelMemory=164923 user=250836 count(3 collects)=415775/415711/415711 total=518818 traces_live=68
    g-record-r9-E-D CAP-GC| collects=+182 bailouts=+0 overdrafts=+2984 od_peak=34849 od_state=0 park_resets=+0 od_limit=32768 kslice=16384 gc_low=391438 armby=0 window=4096 lends=+81 win=0 refused=40 tier=n/a end: armed=0 state=0 stepmul=200 threshold=782800 gctotal=406230 ccap=518818 cused=406230 parked=false
    g-record-r9-E-D CAP-X| batch=10 junk=24 recover=0 OCLJCAPX=62/610/2/0/0 traces(start/abort) 352/194 -> 621/252 class=CLEAN site=-
    g-record-r9-E-D SMOKE| MILESTONE km-1-kernel-init-compiles-nothing: PASS -- traces live at the kernelMemory baseline = 0; kernelMemory=164923
    g-record-r9-E-D SMOKE| MILESTONE cap-1-refusal-caught-machine-survives: PASS -- shape=record OCLJCAP=done/614/not_enough_memory running=true lastError=<null>
g-record-r9-F-D exit=0 CLASS=CLEAN APACITY| shape=record native=additive jit=on jitearly=- tier=192KB scale=1.8 kernelMemory=164923 held=580 why=not_enough_memory t_first5=0.0001 t_last5=0.0011 batches=58 last/first=11.00 freeKB_at_end/totalKB=0/192 arms=+175 refusals=+2 trace_flushes=+26 fill_ms=2256 queued=true running=true lastError=<null>
    g-record-r9-F-D CAP-IDLE| ticks=400 arms=+20 collects=+20 bailouts=+0 refusals=+0 trace_flushes=+0 trace_flush_bytes=+0 park_resets=+0 traces_live 49 -> 61 armed=0 state=0 stepmul=200 threshold=827200 gctotal=431877 ccap=518818 cused=431877 parked=false wallstats=present running=true
    g-record-r9-F-D CAP-LIVE| used=412095 kernelMemory=164923 user=247172 count(3 collects)=412047/412047/412047 total=518818 traces_live=61
    g-record-r9-F-D CAP-GC| collects=+175 bailouts=+0 overdrafts=+1981 od_peak=25133 od_state=0 park_resets=+0 od_limit=32768 kslice=16384 gc_low=391022 armby=0 window=4096 lends=+87 win=0 refused=52 tier=16384 end: armed=0 state=0 stepmul=200 threshold=782000 gctotal=391306 ccap=518818 cused=391306 parked=false
    g-record-r9-F-D CAP-X| batch=10 junk=24 recover=0 OCLJCAPX=58/570/1/0/0 traces(start/abort) 354/209 -> 562/240 class=CLEAN site=-
    g-record-r9-F-D SMOKE| MILESTONE km-1-kernel-init-compiles-nothing: PASS -- traces live at the kernelMemory baseline = 0; kernelMemory=164923
    g-record-r9-F-D SMOKE| MILESTONE cap-1-refusal-caught-machine-survives: PASS -- shape=record OCLJCAP=done/580/not_enough_memory running=true lastError=<null>
g-string-r9-E-O exit=0 CLASS=CLEAN APACITY| shape=string native=additive jit=off jitearly=off tier=192KB scale=1.8 kernelMemory=164923 held=2484 why=not_enough_memory t_first5=0.0001 t_last5=0.0035 batches=249 last/first=35.00 freeKB_at_end/totalKB=0/192 arms=+478 refusals=+3 trace_flushes=+0 fill_ms=5239 queued=true running=true lastError=<null>
    g-string-r9-E-O CAP-IDLE| ticks=400 arms=+1 collects=+1 bailouts=+0 refusals=+0 trace_flushes=+0 trace_flush_bytes=+0 park_resets=+0 traces_live 0 -> 0 armed=0 state=0 stepmul=200 threshold=706800 gctotal=375609 ccap=518818 cused=375609 parked=false wallstats=present running=true
    g-string-r9-E-O CAP-LIVE| used=353895 kernelMemory=164923 user=188972 count(3 collects)=353911/353847/353847 total=518818 traces_live=0
    g-string-r9-E-O CAP-GC| collects=+478 bailouts=+0 overdrafts=+11325 od_peak=33061 od_state=0 park_resets=+0 od_limit=32768 kslice=16384 gc_low=366188 armby=0 window=4096 lends=+67 win=0 refused=52 tier=n/a end: armed=0 state=0 stepmul=200 threshold=732200 gctotal=396348 ccap=518818 cused=396348 parked=false
    g-string-r9-E-O CAP-X| batch=10 junk=24 recover=0 OCLJCAPX=249/2480/2/0/0 traces(start/abort) 0/0 -> 0/0 class=CLEAN site=-
    g-string-r9-E-O SMOKE| MILESTONE km-1-kernel-init-compiles-nothing: PASS -- traces live at the kernelMemory baseline = 0; kernelMemory=164923
    g-string-r9-E-O SMOKE| MILESTONE cap-1-refusal-caught-machine-survives: PASS -- shape=string OCLJCAP=done/2484/not_enough_memory running=true lastError=<null>
g-string-r9-F-O exit=0 CLASS=CLEAN APACITY| shape=string native=additive jit=off jitearly=off tier=192KB scale=1.8 kernelMemory=164923 held=2352 why=not_enough_memory t_first5=0.0001 t_last5=0.0033 batches=236 last/first=33.00 freeKB_at_end/totalKB=0/192 arms=+443 refusals=+4 trace_flushes=+0 fill_ms=4970 queued=true running=true lastError=<null>
    g-string-r9-F-O CAP-IDLE| ticks=400 arms=+1 collects=+1 bailouts=+0 refusals=+0 trace_flushes=+0 trace_flush_bytes=+0 park_resets=+0 traces_live 0 -> 0 armed=0 state=0 stepmul=200 threshold=706800 gctotal=368241 ccap=518818 cused=368241 parked=false wallstats=present running=true
    g-string-r9-F-O CAP-LIVE| used=353895 kernelMemory=164923 user=188972 count(3 collects)=353911/353847/353847 total=518818 traces_live=0
    g-string-r9-F-O CAP-GC| collects=+443 bailouts=+0 overdrafts=+7371 od_peak=25189 od_state=0 park_resets=+0 od_limit=32768 kslice=16384 gc_low=366188 armby=0 window=4096 lends=+111 win=0 refused=52 tier=16384 end: armed=0 state=0 stepmul=200 threshold=732200 gctotal=373612 ccap=518818 cused=373612 parked=false
    g-string-r9-F-O CAP-X| batch=10 junk=24 recover=0 OCLJCAPX=236/2350/3/0/0 traces(start/abort) 0/0 -> 0/0 class=CLEAN site=-
    g-string-r9-F-O SMOKE| MILESTONE km-1-kernel-init-compiles-nothing: PASS -- traces live at the kernelMemory baseline = 0; kernelMemory=164923
    g-string-r9-F-O SMOKE| MILESTONE cap-1-refusal-caught-machine-survives: PASS -- shape=string OCLJCAP=done/2352/not_enough_memory running=true lastError=<null>
g-record-r10-E-D exit=0 CLASS=CLEAN APACITY| shape=record native=additive jit=on jitearly=- tier=192KB scale=1.8 kernelMemory=164923 held=548 why=not_enough_memory t_first5=0.0002 t_last5=0.0034 batches=55 last/first=17.00 freeKB_at_end/totalKB=0/192 arms=+138 refusals=+1 trace_flushes=+23 fill_ms=2232 queued=true running=true lastError=<null>
    g-record-r10-E-D CAP-IDLE| ticks=400 arms=+21 collects=+21 bailouts=+0 refusals=+0 trace_flushes=+0 trace_flush_bytes=+0 park_resets=+0 traces_live 61 -> 74 armed=0 state=0 stepmul=200 threshold=842000 gctotal=435817 ccap=518818 cused=435817 parked=false wallstats=present running=true
    g-record-r10-E-D CAP-LIVE| used=421471 kernelMemory=164923 user=256548 count(3 collects)=421487/421423/421423 total=518818 traces_live=74
    g-record-r10-E-D CAP-GC| collects=+138 bailouts=+0 overdrafts=+1183 od_peak=16681 od_state=0 park_resets=+0 od_limit=32768 kslice=16384 gc_low=390974 armby=0 window=4096 lends=+19 win=0 refused=52 tier=n/a end: armed=0 state=0 stepmul=200 threshold=781800 gctotal=419950 ccap=518818 cused=419950 parked=false
    g-record-r10-E-D CAP-X| batch=10 junk=24 recover=0 OCLJCAPX=55/540/0/0/0 traces(start/abort) 365/201 -> 593/246 class=CLEAN site=-
    g-record-r10-E-D SMOKE| MILESTONE km-1-kernel-init-compiles-nothing: PASS -- traces live at the kernelMemory baseline = 0; kernelMemory=164923
    g-record-r10-E-D SMOKE| MILESTONE cap-1-refusal-caught-machine-survives: PASS -- shape=record OCLJCAP=done/548/not_enough_memory running=true lastError=<null>
g-record-r10-F-D exit=0 CLASS=CLEAN APACITY| shape=record native=additive jit=on jitearly=- tier=192KB scale=1.8 kernelMemory=164923 held=580 why=not_enough_memory t_first5=0.0004 t_last5=0.0015 batches=59 last/first=3.75 freeKB_at_end/totalKB=0/192 arms=+179 refusals=+4 trace_flushes=+26 fill_ms=2233 queued=true running=true lastError=<null>
    g-record-r10-F-D CAP-IDLE| ticks=400 arms=+20 collects=+20 bailouts=+0 refusals=+0 trace_flushes=+0 trace_flush_bytes=+0 park_resets=+0 traces_live 36 -> 62 armed=0 state=0 stepmul=200 threshold=827800 gctotal=421389 ccap=518818 cused=421389 parked=false wallstats=present running=true
    g-record-r10-F-D CAP-LIVE| used=414411 kernelMemory=164923 user=249488 count(3 collects)=414427/414363/414363 total=518818 traces_live=62
    g-record-r10-F-D CAP-GC| collects=+179 bailouts=+0 overdrafts=+2106 od_peak=26785 od_state=0 park_resets=+0 od_limit=32768 kslice=16384 gc_low=392266 armby=0 window=4096 lends=+54 win=0 refused=40 tier=16384 end: armed=0 state=0 stepmul=200 threshold=785400 gctotal=421706 ccap=518818 cused=421706 parked=false
    g-record-r10-F-D CAP-X| batch=10 junk=24 recover=0 OCLJCAPX=59/580/3/0/0 traces(start/abort) 371/202 -> 651/250 class=CLEAN site=-
    g-record-r10-F-D SMOKE| MILESTONE km-1-kernel-init-compiles-nothing: PASS -- traces live at the kernelMemory baseline = 0; kernelMemory=164923
    g-record-r10-F-D SMOKE| MILESTONE cap-1-refusal-caught-machine-survives: PASS -- shape=record OCLJCAP=done/580/not_enough_memory running=true lastError=<null>
g-string-r10-E-O exit=0 CLASS=CLEAN APACITY| shape=string native=additive jit=off jitearly=off tier=192KB scale=1.8 kernelMemory=164923 held=2484 why=not_enough_memory t_first5=0.0002 t_last5=0.0030 batches=249 last/first=15.00 freeKB_at_end/totalKB=0/192 arms=+495 refusals=+4 trace_flushes=+0 fill_ms=5201 queued=true running=true lastError=<null>
    g-string-r10-E-O CAP-IDLE| ticks=400 arms=+1 collects=+1 bailouts=+0 refusals=+0 trace_flushes=+0 trace_flush_bytes=+0 park_resets=+0 traces_live 0 -> 0 armed=0 state=0 stepmul=200 threshold=706800 gctotal=382977 ccap=518818 cused=382977 parked=false wallstats=present running=true
    g-string-r10-E-O CAP-LIVE| used=353895 kernelMemory=164923 user=188972 count(3 collects)=353911/353847/353847 total=518818 traces_live=0
    g-string-r10-E-O CAP-GC| collects=+495 bailouts=+0 overdrafts=+11413 od_peak=33061 od_state=0 park_resets=+0 od_limit=32768 kslice=16384 gc_low=366188 armby=0 window=4096 lends=+106 win=0 refused=52 tier=n/a end: armed=0 state=0 stepmul=200 threshold=732200 gctotal=396348 ccap=518818 cused=396348 parked=false
    g-string-r10-E-O CAP-X| batch=10 junk=24 recover=0 OCLJCAPX=249/2480/3/0/0 traces(start/abort) 0/0 -> 0/0 class=CLEAN site=-
    g-string-r10-E-O SMOKE| MILESTONE km-1-kernel-init-compiles-nothing: PASS -- traces live at the kernelMemory baseline = 0; kernelMemory=164923
    g-string-r10-E-O SMOKE| MILESTONE cap-1-refusal-caught-machine-survives: PASS -- shape=string OCLJCAP=done/2484/not_enough_memory running=true lastError=<null>
g-string-r10-F-O exit=0 CLASS=CLEAN APACITY| shape=string native=additive jit=off jitearly=off tier=192KB scale=1.8 kernelMemory=164923 held=2210 why=not_enough_memory t_first5=0.0002 t_last5=0.0032 batches=221 last/first=16.00 freeKB_at_end/totalKB=0/192 arms=+278 refusals=+1 trace_flushes=+0 fill_ms=4710 queued=true running=true lastError=<null>
    g-string-r10-F-O CAP-IDLE| ticks=400 arms=+0 collects=+0 bailouts=+0 refusals=+0 trace_flushes=+0 trace_flush_bytes=+0 park_resets=+0 traces_live 0 -> 0 armed=0 state=0 stepmul=200 threshold=707000 gctotal=426989 ccap=518818 cused=426989 parked=false wallstats=present running=true
    g-string-r10-F-O CAP-LIVE| used=353963 kernelMemory=164923 user=189040 count(3 collects)=353979/353915/353915 total=518818 traces_live=0
    g-string-r10-F-O CAP-GC| collects=+278 bailouts=+0 overdrafts=+3951 od_peak=16761 od_state=0 park_resets=+0 od_limit=32768 kslice=16384 gc_low=366192 armby=0 window=4096 lends=+41 win=0 refused=52 tier=16384 end: armed=0 state=0 stepmul=200 threshold=732400 gctotal=373680 ccap=518818 cused=373680 parked=false
    g-string-r10-F-O CAP-X| batch=10 junk=24 recover=0 OCLJCAPX=221/2200/0/0/0 traces(start/abort) 0/0 -> 0/0 class=CLEAN site=-
    g-string-r10-F-O SMOKE| MILESTONE km-1-kernel-init-compiles-nothing: PASS -- traces live at the kernelMemory baseline = 0; kernelMemory=164923
    g-string-r10-F-O SMOKE| MILESTONE cap-1-refusal-caught-machine-survives: PASS -- shape=string OCLJCAP=done/2210/not_enough_memory running=true lastError=<null>
g-record-r11-E-D exit=0 CLASS=CLEAN APACITY| shape=record native=additive jit=on jitearly=- tier=192KB scale=1.8 kernelMemory=164923 held=617 why=not_enough_memory t_first5=0.0002 t_last5=0.0032 batches=62 last/first=16.00 freeKB_at_end/totalKB=0/192 arms=+177 refusals=+3 trace_flushes=+29 fill_ms=2493 queued=true running=true lastError=<null>
    g-record-r11-E-D CAP-IDLE| ticks=400 arms=+20 collects=+20 bailouts=+0 refusals=+0 trace_flushes=+0 trace_flush_bytes=+0 park_resets=+0 traces_live 48 -> 68 armed=0 state=0 stepmul=200 threshold=827000 gctotal=443049 ccap=518818 cused=443049 parked=false wallstats=present running=true
    g-record-r11-E-D CAP-LIVE| used=413967 kernelMemory=164923 user=249044 count(3 collects)=413983/413919/413919 total=518818 traces_live=68
    g-record-r11-E-D CAP-GC| collects=+177 bailouts=+0 overdrafts=+2793 od_peak=34153 od_state=0 park_resets=+0 od_limit=32768 kslice=16384 gc_low=387506 armby=0 window=4096 lends=+26 win=0 refused=40 tier=n/a end: armed=0 state=0 stepmul=200 threshold=776600 gctotal=410470 ccap=518818 cused=410470 parked=false
    g-record-r11-E-D CAP-X| batch=10 junk=24 recover=0 OCLJCAPX=62/610/2/0/0 traces(start/abort) 340/180 -> 633/240 class=CLEAN site=-
    g-record-r11-E-D SMOKE| MILESTONE km-1-kernel-init-compiles-nothing: PASS -- traces live at the kernelMemory baseline = 0; kernelMemory=164923
    g-record-r11-E-D SMOKE| MILESTONE cap-1-refusal-caught-machine-survives: PASS -- shape=record OCLJCAP=done/617/not_enough_memory running=true lastError=<null>
g-record-r11-F-D exit=0 CLASS=CLEAN APACITY| shape=record native=additive jit=on jitearly=- tier=192KB scale=1.8 kernelMemory=164923 held=586 why=not_enough_memory t_first5=0.0003 t_last5=0.0026 batches=59 last/first=8.67 freeKB_at_end/totalKB=0/192 arms=+195 refusals=+4 trace_flushes=+26 fill_ms=2230 queued=true running=true lastError=<null>
    g-record-r11-F-D CAP-IDLE| ticks=400 arms=+20 collects=+20 bailouts=+0 refusals=+0 trace_flushes=+0 trace_flush_bytes=+0 park_resets=+0 traces_live 44 -> 59 armed=0 state=0 stepmul=200 threshold=827600 gctotal=436657 ccap=518818 cused=436657 parked=false wallstats=present running=true
    g-record-r11-F-D CAP-LIVE| used=414311 kernelMemory=164923 user=249388 count(3 collects)=414327/414263/414263 total=518818 traces_live=59
    g-record-r11-F-D CAP-GC| collects=+195 bailouts=+0 overdrafts=+2209 od_peak=26153 od_state=0 park_resets=+0 od_limit=32768 kslice=16384 gc_low=389334 armby=0 window=4096 lends=+74 win=0 refused=52 tier=16384 end: armed=0 state=0 stepmul=200 threshold=778600 gctotal=425678 ccap=518818 cused=425678 parked=false
    g-record-r11-F-D CAP-X| batch=10 junk=24 recover=0 OCLJCAPX=59/580/3/0/0 traces(start/abort) 348/200 -> 610/258 class=CLEAN site=-
    g-record-r11-F-D SMOKE| MILESTONE km-1-kernel-init-compiles-nothing: PASS -- traces live at the kernelMemory baseline = 0; kernelMemory=164923
    g-record-r11-F-D SMOKE| MILESTONE cap-1-refusal-caught-machine-survives: PASS -- shape=record OCLJCAP=done/586/not_enough_memory running=true lastError=<null>
g-record-r12-E-D exit=0 CLASS=CLEAN APACITY| shape=record native=additive jit=on jitearly=- tier=192KB scale=1.8 kernelMemory=164923 held=550 why=not_enough_memory t_first5=0.0002 t_last5=0.0016 batches=55 last/first=8.00 freeKB_at_end/totalKB=0/192 arms=+128 refusals=+1 trace_flushes=+23 fill_ms=2238 queued=true running=true lastError=<null>
    g-record-r12-E-D CAP-IDLE| ticks=400 arms=+21 collects=+21 bailouts=+0 refusals=+0 trace_flushes=+0 trace_flush_bytes=+0 park_resets=+0 traces_live 48 -> 68 armed=0 state=0 stepmul=200 threshold=845600 gctotal=437605 ccap=518818 cused=437605 parked=false wallstats=present running=true
    g-record-r12-E-D CAP-LIVE| used=423259 kernelMemory=164923 user=258336 count(3 collects)=423275/423211/423211 total=518818 traces_live=68
    g-record-r12-E-D CAP-GC| collects=+128 bailouts=+0 overdrafts=+1213 od_peak=17421 od_state=0 park_resets=+0 od_limit=32768 kslice=16384 gc_low=390690 armby=0 window=4096 lends=+12 win=0 refused=52 tier=n/a end: armed=0 state=0 stepmul=200 threshold=783200 gctotal=428410 ccap=518818 cused=428410 parked=false
    g-record-r12-E-D CAP-X| batch=10 junk=24 recover=0 OCLJCAPX=55/540/0/0/0 traces(start/abort) 379/229 -> 606/282 class=CLEAN site=-
    g-record-r12-E-D SMOKE| MILESTONE km-1-kernel-init-compiles-nothing: PASS -- traces live at the kernelMemory baseline = 0; kernelMemory=164923
    g-record-r12-E-D SMOKE| MILESTONE cap-1-refusal-caught-machine-survives: PASS -- shape=record OCLJCAP=done/550/not_enough_memory running=true lastError=<null>
g-record-r12-F-D exit=0 CLASS=CLEAN APACITY| shape=record native=additive jit=on jitearly=- tier=192KB scale=1.8 kernelMemory=164923 held=547 why=not_enough_memory t_first5=0.0003 t_last5=0.0023 batches=55 last/first=7.67 freeKB_at_end/totalKB=0/192 arms=+130 refusals=+1 trace_flushes=+22 fill_ms=2235 queued=true running=true lastError=<null>
    g-record-r12-F-D CAP-IDLE| ticks=400 arms=+21 collects=+21 bailouts=+0 refusals=+0 trace_flushes=+0 trace_flush_bytes=+0 park_resets=+0 traces_live 53 -> 63 armed=0 state=0 stepmul=200 threshold=832800 gctotal=435853 ccap=518818 cused=435853 parked=false wallstats=present running=true
    g-record-r12-F-D CAP-LIVE| used=415495 kernelMemory=164923 user=250572 count(3 collects)=415447/415447/415447 total=518818 traces_live=63
    g-record-r12-F-D CAP-GC| collects=+130 bailouts=+0 overdrafts=+1093 od_peak=16501 od_state=0 park_resets=+0 od_limit=32768 kslice=16384 gc_low=387846 armby=0 window=4096 lends=+6 win=0 refused=40 tier=16384 end: armed=0 state=0 stepmul=200 threshold=776400 gctotal=395706 ccap=518818 cused=395706 parked=false
    g-record-r12-F-D CAP-X| batch=10 junk=24 recover=0 OCLJCAPX=55/540/0/0/0 traces(start/abort) 353/205 -> 565/236 class=CLEAN site=-
    g-record-r12-F-D SMOKE| MILESTONE km-1-kernel-init-compiles-nothing: PASS -- traces live at the kernelMemory baseline = 0; kernelMemory=164923
    g-record-r12-F-D SMOKE| MILESTONE cap-1-refusal-caught-machine-survives: PASS -- shape=record OCLJCAP=done/547/not_enough_memory running=true lastError=<null>
g-record-r13-E-D exit=0 CLASS=CLEAN APACITY| shape=record native=additive jit=on jitearly=- tier=192KB scale=1.8 kernelMemory=164923 held=612 why=not_enough_memory t_first5=0.0001 t_last5=0.0015 batches=62 last/first=15.00 freeKB_at_end/totalKB=0/192 arms=+172 refusals=+4 trace_flushes=+31 fill_ms=2234 queued=true running=true lastError=<null>
    g-record-r13-E-D CAP-IDLE| ticks=400 arms=+20 collects=+20 bailouts=+0 refusals=+0 trace_flushes=+0 trace_flush_bytes=+0 park_resets=+0 traces_live 52 -> 66 armed=0 state=0 stepmul=200 threshold=824600 gctotal=435105 ccap=518818 cused=435105 parked=false wallstats=present running=true
    g-record-r13-E-D CAP-LIVE| used=412759 kernelMemory=164923 user=247836 count(3 collects)=412775/412711/412711 total=518818 traces_live=66
    g-record-r13-E-D CAP-GC| collects=+172 bailouts=+0 overdrafts=+2769 od_peak=33105 od_state=0 park_resets=+0 od_limit=32768 kslice=16384 gc_low=382514 armby=0 window=4096 lends=+29 win=0 refused=40 tier=n/a end: armed=0 state=0 stepmul=200 threshold=765000 gctotal=425594 ccap=518818 cused=425594 parked=false
    g-record-r13-E-D CAP-X| batch=10 junk=24 recover=0 OCLJCAPX=62/610/3/0/0 traces(start/abort) 354/191 -> 624/244 class=CLEAN site=-
    g-record-r13-E-D SMOKE| MILESTONE km-1-kernel-init-compiles-nothing: PASS -- traces live at the kernelMemory baseline = 0; kernelMemory=164923
    g-record-r13-E-D SMOKE| MILESTONE cap-1-refusal-caught-machine-survives: PASS -- shape=record OCLJCAP=done/612/not_enough_memory running=true lastError=<null>
g-record-r13-F-D exit=0 CLASS=CLEAN APACITY| shape=record native=additive jit=on jitearly=- tier=192KB scale=1.8 kernelMemory=164923 held=548 why=not_enough_memory t_first5=0.0001 t_last5=0.0012 batches=55 last/first=12.00 freeKB_at_end/totalKB=0/192 arms=+132 refusals=+1 trace_flushes=+23 fill_ms=2237 queued=true running=true lastError=<null>
    g-record-r13-F-D CAP-IDLE| ticks=400 arms=+20 collects=+20 bailouts=+0 refusals=+0 trace_flushes=+0 trace_flush_bytes=+0 park_resets=+0 traces_live 49 -> 64 armed=0 state=0 stepmul=200 threshold=821400 gctotal=428961 ccap=518818 cused=428961 parked=false wallstats=present running=true
    g-record-r13-F-D CAP-LIVE| used=409363 kernelMemory=164923 user=244440 count(3 collects)=409315/409315/409315 total=518818 traces_live=64
    g-record-r13-F-D CAP-GC| collects=+132 bailouts=+0 overdrafts=+980 od_peak=16581 od_state=0 park_resets=+0 od_limit=32768 kslice=16384 gc_low=388778 armby=0 window=4096 lends=+5 win=0 refused=40 tier=16384 end: armed=0 state=0 stepmul=200 threshold=778400 gctotal=396638 ccap=518818 cused=396638 parked=false
    g-record-r13-F-D CAP-X| batch=10 junk=24 recover=0 OCLJCAPX=55/540/0/0/0 traces(start/abort) 336/177 -> 589/235 class=CLEAN site=-
    g-record-r13-F-D SMOKE| MILESTONE km-1-kernel-init-compiles-nothing: PASS -- traces live at the kernelMemory baseline = 0; kernelMemory=164923
    g-record-r13-F-D SMOKE| MILESTONE cap-1-refusal-caught-machine-survives: PASS -- shape=record OCLJCAP=done/548/not_enough_memory running=true lastError=<null>
g-record-r14-E-D exit=0 CLASS=CLEAN APACITY| shape=record native=additive jit=on jitearly=- tier=192KB scale=1.8 kernelMemory=164923 held=548 why=not_enough_memory t_first5=0.0002 t_last5=0.0018 batches=55 last/first=9.00 freeKB_at_end/totalKB=0/192 arms=+122 refusals=+1 trace_flushes=+21 fill_ms=2224 queued=true running=true lastError=<null>
    g-record-r14-E-D CAP-IDLE| ticks=400 arms=+21 collects=+21 bailouts=+0 refusals=+0 trace_flushes=+0 trace_flush_bytes=+0 park_resets=+0 traces_live 55 -> 69 armed=0 state=0 stepmul=200 threshold=838000 gctotal=440177 ccap=518818 cused=440177 parked=false wallstats=present running=true
    g-record-r14-E-D CAP-LIVE| used=417747 kernelMemory=164923 user=252824 count(3 collects)=417699/417699/417699 total=518818 traces_live=69
    g-record-r14-E-D CAP-GC| collects=+122 bailouts=+0 overdrafts=+1144 od_peak=16453 od_state=0 park_resets=+0 od_limit=32768 kslice=16384 gc_low=387826 armby=0 window=4096 lends=+4 win=0 refused=40 tier=n/a end: armed=0 state=0 stepmul=200 threshold=775600 gctotal=395314 ccap=518818 cused=395314 parked=false
    g-record-r14-E-D CAP-X| batch=10 junk=24 recover=0 OCLJCAPX=55/540/0/0/0 traces(start/abort) 363/202 -> 611/262 class=CLEAN site=-
    g-record-r14-E-D SMOKE| MILESTONE km-1-kernel-init-compiles-nothing: PASS -- traces live at the kernelMemory baseline = 0; kernelMemory=164923
    g-record-r14-E-D SMOKE| MILESTONE cap-1-refusal-caught-machine-survives: PASS -- shape=record OCLJCAP=done/548/not_enough_memory running=true lastError=<null>
g-record-r14-F-D exit=0 CLASS=CLEAN APACITY| shape=record native=additive jit=on jitearly=- tier=192KB scale=1.8 kernelMemory=164923 held=579 why=not_enough_memory t_first5=0.0002 t_last5=0.0027 batches=58 last/first=13.50 freeKB_at_end/totalKB=0/192 arms=+147 refusals=+2 trace_flushes=+27 fill_ms=2221 queued=true running=true lastError=<null>
    g-record-r14-F-D CAP-IDLE| ticks=400 arms=+20 collects=+20 bailouts=+0 refusals=+0 trace_flushes=+0 trace_flush_bytes=+0 park_resets=+0 traces_live 52 -> 65 armed=0 state=0 stepmul=200 threshold=830600 gctotal=435117 ccap=518818 cused=435117 parked=false wallstats=present running=true
    g-record-r14-F-D CAP-LIVE| used=413959 kernelMemory=164923 user=249036 count(3 collects)=413911/413911/413911 total=518818 traces_live=65
    g-record-r14-F-D CAP-GC| collects=+147 bailouts=+0 overdrafts=+1954 od_peak=25201 od_state=0 park_resets=+0 od_limit=32768 kslice=16384 gc_low=387818 armby=0 window=4096 lends=+21 win=0 refused=52 tier=16384 end: armed=0 state=0 stepmul=200 threshold=775600 gctotal=395938 ccap=518818 cused=395938 parked=false
    g-record-r14-F-D CAP-X| batch=10 junk=24 recover=0 OCLJCAPX=58/570/1/0/0 traces(start/abort) 334/183 -> 575/231 class=CLEAN site=-
    g-record-r14-F-D SMOKE| MILESTONE km-1-kernel-init-compiles-nothing: PASS -- traces live at the kernelMemory baseline = 0; kernelMemory=164923
    g-record-r14-F-D SMOKE| MILESTONE cap-1-refusal-caught-machine-survives: PASS -- shape=record OCLJCAP=done/579/not_enough_memory running=true lastError=<null>
g-record-r15-E-D exit=0 CLASS=CLEAN APACITY| shape=record native=additive jit=on jitearly=- tier=192KB scale=1.8 kernelMemory=164923 held=608 why=not_enough_memory t_first5=0.0001 t_last5=0.0007 batches=61 last/first=7.00 freeKB_at_end/totalKB=0/192 arms=+164 refusals=+3 trace_flushes=+29 fill_ms=2223 queued=true running=true lastError=<null>
    g-record-r15-E-D CAP-IDLE| ticks=400 arms=+21 collects=+21 bailouts=+0 refusals=+0 trace_flushes=+0 trace_flush_bytes=+0 park_resets=+0 traces_live 55 -> 68 armed=0 state=0 stepmul=200 threshold=838400 gctotal=441393 ccap=518818 cused=441393 parked=false wallstats=present running=true
    g-record-r15-E-D CAP-LIVE| used=419679 kernelMemory=164923 user=254756 count(3 collects)=419695/419631/419631 total=518818 traces_live=68
    g-record-r15-E-D CAP-GC| collects=+164 bailouts=+0 overdrafts=+2815 od_peak=34013 od_state=0 park_resets=+0 od_limit=32768 kslice=16384 gc_low=390746 armby=0 window=4096 lends=+15 win=0 refused=28 tier=n/a end: armed=0 state=0 stepmul=200 threshold=781400 gctotal=433826 ccap=518818 cused=433826 parked=false
    g-record-r15-E-D CAP-X| batch=10 junk=24 recover=0 OCLJCAPX=61/600/2/0/0 traces(start/abort) 359/209 -> 601/252 class=CLEAN site=-
    g-record-r15-E-D SMOKE| MILESTONE km-1-kernel-init-compiles-nothing: PASS -- traces live at the kernelMemory baseline = 0; kernelMemory=164923
    g-record-r15-E-D SMOKE| MILESTONE cap-1-refusal-caught-machine-survives: PASS -- shape=record OCLJCAP=done/608/not_enough_memory running=true lastError=<null>
g-record-r15-F-D exit=0 CLASS=CLEAN APACITY| shape=record native=additive jit=on jitearly=- tier=192KB scale=1.8 kernelMemory=164923 held=558 why=not_enough_memory t_first5=0.0002 t_last5=0.0012 batches=56 last/first=6.00 freeKB_at_end/totalKB=0/192 arms=+143 refusals=+1 trace_flushes=+22 fill_ms=2243 queued=true running=true lastError=<null>
    g-record-r15-F-D CAP-IDLE| ticks=400 arms=+20 collects=+20 bailouts=+0 refusals=+0 trace_flushes=+0 trace_flush_bytes=+0 park_resets=+0 traces_live 48 -> 64 armed=0 state=0 stepmul=200 threshold=821000 gctotal=410813 ccap=518818 cused=410813 parked=false wallstats=present running=true
    g-record-r15-F-D CAP-LIVE| used=410947 kernelMemory=164923 user=246024 count(3 collects)=410899/410899/410899 total=518818 traces_live=64
    g-record-r15-F-D CAP-GC| collects=+143 bailouts=+0 overdrafts=+1332 od_peak=17393 od_state=0 park_resets=+0 od_limit=32768 kslice=16384 gc_low=388018 armby=0 window=4096 lends=+14 win=0 refused=52 tier=16384 end: armed=0 state=0 stepmul=200 threshold=777000 gctotal=410566 ccap=518818 cused=410566 parked=false
    g-record-r15-F-D CAP-X| batch=10 junk=24 recover=0 OCLJCAPX=56/550/0/0/0 traces(start/abort) 318/159 -> 547/210 class=CLEAN site=-
    g-record-r15-F-D SMOKE| MILESTONE km-1-kernel-init-compiles-nothing: PASS -- traces live at the kernelMemory baseline = 0; kernelMemory=164923
    g-record-r15-F-D SMOKE| MILESTONE cap-1-refusal-caught-machine-survives: PASS -- shape=record OCLJCAP=done/558/not_enough_memory running=true lastError=<null>
