rc3-record-r1-F-D exit=0 CLASS=RECOVERY-REFUSED APACITY| shape=record native=additive jit=on jitearly=- tier=192KB scale=1.8 kernelMemory=164923 held=586 why=not_enough_memory t_first5=0.0001 t_last5=0.0018 batches=59 last/first=18.00 freeKB_at_end/totalKB=0/192 arms=+194 refusals=+4 trace_flushes=+26 fill_ms=2243 queued=true running=true lastError=<null>
    rc3-record-r1-F-D CAP-IDLE| ticks=400 arms=+20 collects=+20 bailouts=+0 refusals=+0 trace_flushes=+0 trace_flush_bytes=+0 park_resets=+0 traces_live 44 -> 55 armed=0 state=0 stepmul=200 threshold=808800 gctotal=426577 ccap=518818 cused=426577 parked=false wallstats=present running=true
    rc3-record-r1-F-D CAP-LIVE| used=404863 kernelMemory=164923 user=239940 count(3 collects)=404879/404815/404815 total=518818 traces_live=55
    rc3-record-r1-F-D CAP-GC| collects=+194 bailouts=+0 overdrafts=+2011 od_peak=26757 od_state=0 park_resets=+0 od_limit=32768 kslice=16384 gc_low=386458 armby=0 window=4096 lends=+92 win=0 refused=64 tier=16384 end: armed=0 state=0 stepmul=200 threshold=772800 gctotal=386742 ccap=518818 cused=386742 parked=false
    rc3-record-r1-F-D CAP-X| batch=10 junk=24 recover=3 OCLJCAPX=59/580/2/0/1 traces(start/abort) 310/171 -> 576/233 class=RECOVERY-REFUSED site=-
    rc3-record-r1-F-D SMOKE| MILESTONE km-1-kernel-init-compiles-nothing: PASS -- traces live at the kernelMemory baseline = 0; kernelMemory=164923
    rc3-record-r1-F-D SMOKE| MILESTONE cap-1-refusal-caught-machine-survives: PASS -- shape=record OCLJCAP=done/586/not_enough_memory running=true lastError=<null>
rc3-string-r1-F-O exit=0 CLASS=CLEAN APACITY| shape=string native=additive jit=off jitearly=off tier=192KB scale=1.8 kernelMemory=164923 held=2210 why=not_enough_memory t_first5=0.0001 t_last5=0.0030 batches=221 last/first=30.00 freeKB_at_end/totalKB=0/192 arms=+441 refusals=+3 trace_flushes=+0 fill_ms=4974 queued=true running=true lastError=<null>
    rc3-string-r1-F-O CAP-IDLE| ticks=400 arms=+0 collects=+0 bailouts=+0 refusals=+0 trace_flushes=+0 trace_flush_bytes=+0 park_resets=+0 traces_live 0 -> 0 armed=0 state=0 stepmul=200 threshold=707000 gctotal=424917 ccap=518818 cused=424917 parked=false wallstats=present running=true
    rc3-string-r1-F-O CAP-LIVE| used=353963 kernelMemory=164923 user=189040 count(3 collects)=353979/353915/353915 total=518818 traces_live=0
    rc3-string-r1-F-O CAP-GC| collects=+441 bailouts=+0 overdrafts=+8649 od_peak=26545 od_state=0 park_resets=+0 od_limit=32768 kslice=16384 gc_low=366940 armby=0 window=4096 lends=+91 win=0 refused=64 tier=16384 end: armed=0 state=0 stepmul=200 threshold=733800 gctotal=374364 ccap=518818 cused=374364 parked=false
    rc3-string-r1-F-O CAP-X| batch=10 junk=24 recover=3 OCLJCAPX=221/2200/0/1/0 traces(start/abort) 0/0 -> 0/0 class=CLEAN site=-
    rc3-string-r1-F-O SMOKE| MILESTONE km-1-kernel-init-compiles-nothing: PASS -- traces live at the kernelMemory baseline = 0; kernelMemory=164923
    rc3-string-r1-F-O SMOKE| MILESTONE cap-1-refusal-caught-machine-survives: PASS -- shape=string OCLJCAP=done/2210/not_enough_memory running=true lastError=<null>
rc3-record-r1-E-D exit=0 CLASS=RECOVERY-REFUSED APACITY| shape=record native=additive jit=on jitearly=- tier=192KB scale=1.8 kernelMemory=164923 held=549 why=not_enough_memory t_first5=0.0004 t_last5=0.0017 batches=55 last/first=4.25 freeKB_at_end/totalKB=0/192 arms=+209 refusals=+2 trace_flushes=+23 fill_ms=2232 queued=true running=true lastError=<null>
    rc3-record-r1-E-D CAP-IDLE| ticks=400 arms=+20 collects=+20 bailouts=+0 refusals=+0 trace_flushes=+0 trace_flush_bytes=+0 park_resets=+0 traces_live 35 -> 59 armed=0 state=0 stepmul=200 threshold=827600 gctotal=421245 ccap=518818 cused=421245 parked=false wallstats=present running=true
    rc3-record-r1-E-D CAP-LIVE| used=414267 kernelMemory=164923 user=249344 count(3 collects)=414283/414219/414219 total=518818 traces_live=59
    rc3-record-r1-E-D CAP-GC| collects=+209 bailouts=+0 overdrafts=+4261 od_peak=33661 od_state=0 park_resets=+0 od_limit=32768 kslice=16384 gc_low=392238 armby=0 window=4096 lends=+91 win=0 refused=56 tier=n/a end: armed=0 state=0 stepmul=200 threshold=784600 gctotal=400358 ccap=518818 cused=400358 parked=false
    rc3-record-r1-E-D CAP-X| batch=10 junk=24 recover=3 OCLJCAPX=55/540/0/0/1 traces(start/abort) 347/209 -> 583/264 class=RECOVERY-REFUSED site=-
    rc3-record-r1-E-D SMOKE| MILESTONE km-1-kernel-init-compiles-nothing: PASS -- traces live at the kernelMemory baseline = 0; kernelMemory=164923
    rc3-record-r1-E-D SMOKE| MILESTONE cap-1-refusal-caught-machine-survives: PASS -- shape=record OCLJCAP=done/549/not_enough_memory running=true lastError=<null>
rc3-string-r1-E-O exit=0 CLASS=CLEAN APACITY| shape=string native=additive jit=off jitearly=off tier=192KB scale=1.8 kernelMemory=164923 held=2209 why=not_enough_memory t_first5=0.0001 t_last5=0.0032 batches=221 last/first=32.00 freeKB_at_end/totalKB=0/192 arms=+344 refusals=+2 trace_flushes=+0 fill_ms=5222 queued=true running=true lastError=<null>
    rc3-string-r1-E-O CAP-IDLE| ticks=400 arms=+1 collects=+1 bailouts=+0 refusals=+0 trace_flushes=+0 trace_flush_bytes=+0 park_resets=+0 traces_live 0 -> 0 armed=0 state=0 stepmul=200 threshold=707200 gctotal=361649 ccap=518818 cused=361649 parked=false wallstats=present running=true
    rc3-string-r1-E-O CAP-LIVE| used=354039 kernelMemory=164923 user=189116 count(3 collects)=354055/353991/353991 total=518818 traces_live=0
    rc3-string-r1-E-O CAP-GC| collects=+344 bailouts=+0 overdrafts=+8966 od_peak=34349 od_state=0 park_resets=+0 od_limit=32768 kslice=16384 gc_low=366992 armby=0 window=4096 lends=+48 win=0 refused=4096 tier=n/a end: armed=0 state=0 stepmul=200 threshold=733800 gctotal=389784 ccap=518818 cused=389784 parked=false
    rc3-string-r1-E-O CAP-X| batch=10 junk=24 recover=3 OCLJCAPX=221/2200/0/1/0 traces(start/abort) 0/0 -> 0/0 class=CLEAN site=-
    rc3-string-r1-E-O SMOKE| MILESTONE km-1-kernel-init-compiles-nothing: PASS -- traces live at the kernelMemory baseline = 0; kernelMemory=164923
    rc3-string-r1-E-O SMOKE| MILESTONE cap-1-refusal-caught-machine-survives: PASS -- shape=string OCLJCAP=done/2209/not_enough_memory running=true lastError=<null>
rc3-record-r1-S-stock exit=0 CLASS=RECOVERY-REFUSED APACITY| shape=record native=stock jit=on jitearly=- tier=192KB scale=1.8 kernelMemory=174605 held=256 why=not_enough_memory t_first5=0.0002 t_last5=0.0004 batches=26 last/first=2.00 freeKB_at_end/totalKB=3/192 arms=+n/a refusals=+n/a trace_flushes=+n/a fill_ms=1738 queued=true running=true lastError=<null>
    rc3-record-r1-S-stock CAP-IDLE| ticks=400 arms=+n/a collects=+n/a bailouts=+n/a refusals=+n/a trace_flushes=+n/a trace_flush_bytes=+n/a park_resets=+n/a traces_live -1 -> -1 armed=n/a state=n/a stepmul=n/a threshold=n/a gctotal=n/a ccap=n/a cused=n/a parked=false wallstats=n/a running=true
    rc3-record-r1-S-stock CAP-LIVE| used=432792 kernelMemory=174605 user=258187 count(3 collects)=435187/435187/435187 total=528500 traces_live=-1
    rc3-record-r1-S-stock CAP-GC| collects=+n/a bailouts=+n/a overdrafts=+n/a od_peak=n/a od_state=n/a park_resets=+n/a od_limit=n/a kslice=n/a gc_low=n/a armby=n/a window=n/a lends=+n/a win=n/a refused=n/a tier=n/a end: armed=n/a state=n/a stepmul=n/a threshold=n/a gctotal=n/a ccap=n/a cused=n/a parked=false
    rc3-record-r1-S-stock CAP-X| batch=10 junk=24 recover=3 OCLJCAPX=26/250/0/0/1 traces(start/abort) n/a -> n/a class=RECOVERY-REFUSED site=-
    rc3-record-r1-S-stock SMOKE| MILESTONE km-1-kernel-init-compiles-nothing: SKIP -- kernel=stock: OpenComputers' own kernel has no site 13 (not counted)
    rc3-record-r1-S-stock SMOKE| MILESTONE cap-1-refusal-caught-machine-survives: PASS -- shape=record OCLJCAP=done/256/not_enough_memory running=true lastError=<null>
rc3-string-r1-S-stock exit=0 CLASS=RECOVERY-REFUSED APACITY| shape=string native=stock jit=on jitearly=- tier=192KB scale=1.8 kernelMemory=174605 held=901 why=not_enough_memory t_first5=0.0002 t_last5=0.0005 batches=91 last/first=2.50 freeKB_at_end/totalKB=0/192 arms=+n/a refusals=+n/a trace_flushes=+n/a fill_ms=2727 queued=true running=true lastError=<null>
    rc3-string-r1-S-stock CAP-IDLE| ticks=400 arms=+n/a collects=+n/a bailouts=+n/a refusals=+n/a trace_flushes=+n/a trace_flush_bytes=+n/a park_resets=+n/a traces_live -1 -> -1 armed=n/a state=n/a stepmul=n/a threshold=n/a gctotal=n/a ccap=n/a cused=n/a parked=false wallstats=n/a running=true
    rc3-string-r1-S-stock CAP-LIVE| used=432553 kernelMemory=174605 user=257948 count(3 collects)=434948/434948/434948 total=528500 traces_live=-1
    rc3-string-r1-S-stock CAP-GC| collects=+n/a bailouts=+n/a overdrafts=+n/a od_peak=n/a od_state=n/a park_resets=+n/a od_limit=n/a kslice=n/a gc_low=n/a armby=n/a window=n/a lends=+n/a win=n/a refused=n/a tier=n/a end: armed=n/a state=n/a stepmul=n/a threshold=n/a gctotal=n/a ccap=n/a cused=n/a parked=false
    rc3-string-r1-S-stock CAP-X| batch=10 junk=24 recover=3 OCLJCAPX=91/900/3/0/1 traces(start/abort) n/a -> n/a class=RECOVERY-REFUSED site=-
    rc3-string-r1-S-stock SMOKE| MILESTONE km-1-kernel-init-compiles-nothing: SKIP -- kernel=stock: OpenComputers' own kernel has no site 13 (not counted)
    rc3-string-r1-S-stock SMOKE| MILESTONE cap-1-refusal-caught-machine-survives: PASS -- shape=string OCLJCAP=done/901/not_enough_memory running=true lastError=<null>
rc1-record-r1-F-D exit=0 CLASS=RECOVERY-REFUSED APACITY| shape=record native=additive jit=on jitearly=- tier=192KB scale=1.8 kernelMemory=164923 held=587 why=not_enough_memory t_first5=0.0003 t_last5=0.0017 batches=59 last/first=5.67 freeKB_at_end/totalKB=0/192 arms=+153 refusals=+4 trace_flushes=+27 fill_ms=2237 queued=true running=true lastError=<null>
    rc1-record-r1-F-D CAP-IDLE| ticks=400 arms=+20 collects=+20 bailouts=+0 refusals=+0 trace_flushes=+0 trace_flush_bytes=+0 park_resets=+0 traces_live 57 -> 67 armed=0 state=0 stepmul=200 threshold=829200 gctotal=433181 ccap=518818 cused=433181 parked=false wallstats=present running=true
    rc1-record-r1-F-D CAP-LIVE| used=413479 kernelMemory=164923 user=248556 count(3 collects)=413431/413431/413431 total=518818 traces_live=67
    rc1-record-r1-F-D CAP-GC| collects=+153 bailouts=+0 overdrafts=+1851 od_peak=26009 od_state=0 park_resets=+0 od_limit=32768 kslice=16384 gc_low=389698 armby=0 window=4096 lends=+51 win=0 refused=44 tier=16384 end: armed=0 state=0 stepmul=200 threshold=779800 gctotal=398042 ccap=518818 cused=398042 parked=false
    rc1-record-r1-F-D CAP-X| batch=10 junk=24 recover=1 OCLJCAPX=59/580/2/0/1 traces(start/abort) 349/189 -> 579/236 class=RECOVERY-REFUSED site=-
    rc1-record-r1-F-D SMOKE| MILESTONE km-1-kernel-init-compiles-nothing: PASS -- traces live at the kernelMemory baseline = 0; kernelMemory=164923
    rc1-record-r1-F-D SMOKE| MILESTONE cap-1-refusal-caught-machine-survives: PASS -- shape=record OCLJCAP=done/587/not_enough_memory running=true lastError=<null>
rc3-record-r2-F-D exit=0 CLASS=RECOVERY-REFUSED APACITY| shape=record native=additive jit=on jitearly=- tier=192KB scale=1.8 kernelMemory=164923 held=544 why=not_enough_memory t_first5=0.0002 t_last5=0.0019 batches=55 last/first=9.50 freeKB_at_end/totalKB=0/192 arms=+166 refusals=+2 trace_flushes=+23 fill_ms=2242 queued=true running=true lastError=<null>
    rc3-record-r2-F-D CAP-IDLE| ticks=400 arms=+21 collects=+21 bailouts=+0 refusals=+0 trace_flushes=+0 trace_flush_bytes=+0 park_resets=+0 traces_live 60 -> 75 armed=0 state=0 stepmul=200 threshold=844200 gctotal=444313 ccap=518818 cused=444313 parked=false wallstats=present running=true
    rc3-record-r2-F-D CAP-LIVE| used=422599 kernelMemory=164923 user=257676 count(3 collects)=422615/422551/422551 total=518818 traces_live=75
    rc3-record-r2-F-D CAP-GC| collects=+166 bailouts=+0 overdrafts=+2121 od_peak=25369 od_state=0 park_resets=+0 od_limit=32768 kslice=16384 gc_low=389750 armby=0 window=4096 lends=+8 win=0 refused=64 tier=16384 end: armed=0 state=0 stepmul=200 threshold=785600 gctotal=429934 ccap=518818 cused=429934 parked=false
    rc3-record-r2-F-D CAP-X| batch=10 junk=24 recover=3 OCLJCAPX=55/540/0/0/1 traces(start/abort) 366/198 -> 636/255 class=RECOVERY-REFUSED site=-
    rc3-record-r2-F-D SMOKE| MILESTONE km-1-kernel-init-compiles-nothing: PASS -- traces live at the kernelMemory baseline = 0; kernelMemory=164923
    rc3-record-r2-F-D SMOKE| MILESTONE cap-1-refusal-caught-machine-survives: PASS -- shape=record OCLJCAP=done/544/not_enough_memory running=true lastError=<null>
rc3-string-r2-F-O exit=0 CLASS=CLEAN APACITY| shape=string native=additive jit=off jitearly=off tier=192KB scale=1.8 kernelMemory=164923 held=2210 why=not_enough_memory t_first5=0.0001 t_last5=0.0028 batches=221 last/first=28.00 freeKB_at_end/totalKB=0/192 arms=+420 refusals=+3 trace_flushes=+0 fill_ms=4981 queued=true running=true lastError=<null>
    rc3-string-r2-F-O CAP-IDLE| ticks=400 arms=+0 collects=+0 bailouts=+0 refusals=+0 trace_flushes=+0 trace_flush_bytes=+0 park_resets=+0 traces_live 0 -> 0 armed=0 state=0 stepmul=200 threshold=707000 gctotal=424917 ccap=518818 cused=424917 parked=false wallstats=present running=true
    rc3-string-r2-F-O CAP-LIVE| used=353963 kernelMemory=164923 user=189040 count(3 collects)=353979/353915/353915 total=518818 traces_live=0
    rc3-string-r2-F-O CAP-GC| collects=+420 bailouts=+0 overdrafts=+8540 od_peak=26545 od_state=0 park_resets=+0 od_limit=32768 kslice=16384 gc_low=366940 armby=0 window=4096 lends=+57 win=0 refused=64 tier=16384 end: armed=0 state=0 stepmul=200 threshold=733800 gctotal=389100 ccap=518818 cused=389100 parked=false
    rc3-string-r2-F-O CAP-X| batch=10 junk=24 recover=3 OCLJCAPX=221/2200/0/1/0 traces(start/abort) 0/0 -> 0/0 class=CLEAN site=-
    rc3-string-r2-F-O SMOKE| MILESTONE km-1-kernel-init-compiles-nothing: PASS -- traces live at the kernelMemory baseline = 0; kernelMemory=164923
    rc3-string-r2-F-O SMOKE| MILESTONE cap-1-refusal-caught-machine-survives: PASS -- shape=string OCLJCAP=done/2210/not_enough_memory running=true lastError=<null>
rc3-record-r2-E-D exit=0 CLASS=RECOVERY-REFUSED APACITY| shape=record native=additive jit=on jitearly=- tier=192KB scale=1.8 kernelMemory=164923 held=547 why=not_enough_memory t_first5=0.0003 t_last5=0.0015 batches=55 last/first=5.00 freeKB_at_end/totalKB=0/192 arms=+175 refusals=+2 trace_flushes=+21 fill_ms=2236 queued=true running=true lastError=<null>
    rc3-record-r2-E-D CAP-IDLE| ticks=400 arms=+21 collects=+21 bailouts=+0 refusals=+0 trace_flushes=+0 trace_flush_bytes=+0 park_resets=+0 traces_live 52 -> 69 armed=0 state=0 stepmul=200 threshold=847200 gctotal=448217 ccap=518818 cused=448217 parked=false wallstats=present running=true
    rc3-record-r2-E-D CAP-LIVE| used=422555 kernelMemory=164923 user=257632 count(3 collects)=422507/422507/422507 total=518818 traces_live=69
    rc3-record-r2-E-D CAP-GC| collects=+175 bailouts=+0 overdrafts=+2620 od_peak=33581 od_state=0 park_resets=+0 od_limit=32768 kslice=16384 gc_low=393302 armby=0 window=4096 lends=+26 win=0 refused=56 tier=n/a end: armed=0 state=0 stepmul=200 threshold=786600 gctotal=393586 ccap=518818 cused=393586 parked=false
    rc3-record-r2-E-D CAP-X| batch=10 junk=24 recover=3 OCLJCAPX=55/540/0/0/1 traces(start/abort) 359/205 -> 607/280 class=RECOVERY-REFUSED site=-
    rc3-record-r2-E-D SMOKE| MILESTONE km-1-kernel-init-compiles-nothing: PASS -- traces live at the kernelMemory baseline = 0; kernelMemory=164923
    rc3-record-r2-E-D SMOKE| MILESTONE cap-1-refusal-caught-machine-survives: PASS -- shape=record OCLJCAP=done/547/not_enough_memory running=true lastError=<null>
rc3-string-r2-E-O exit=0 CLASS=CLEAN APACITY| shape=string native=additive jit=off jitearly=off tier=192KB scale=1.8 kernelMemory=164923 held=2210 why=not_enough_memory t_first5=0.0001 t_last5=0.0028 batches=221 last/first=28.00 freeKB_at_end/totalKB=0/192 arms=+351 refusals=+2 trace_flushes=+0 fill_ms=5215 queued=true running=true lastError=<null>
    rc3-string-r2-E-O CAP-IDLE| ticks=400 arms=+0 collects=+0 bailouts=+0 refusals=+0 trace_flushes=+0 trace_flush_bytes=+0 park_resets=+0 traces_live 0 -> 0 armed=0 state=0 stepmul=200 threshold=707000 gctotal=426989 ccap=518818 cused=426989 parked=false wallstats=present running=true
    rc3-string-r2-E-O CAP-LIVE| used=353963 kernelMemory=164923 user=189040 count(3 collects)=353979/353915/353915 total=518818 traces_live=0
    rc3-string-r2-E-O CAP-GC| collects=+351 bailouts=+0 overdrafts=+9170 od_peak=34409 od_state=0 park_resets=+0 od_limit=32768 kslice=16384 gc_low=366992 armby=0 window=4096 lends=+76 win=0 refused=4096 tier=n/a end: armed=0 state=0 stepmul=200 threshold=733800 gctotal=381152 ccap=518818 cused=381152 parked=false
    rc3-string-r2-E-O CAP-X| batch=10 junk=24 recover=3 OCLJCAPX=221/2200/0/1/0 traces(start/abort) 0/0 -> 0/0 class=CLEAN site=-
    rc3-string-r2-E-O SMOKE| MILESTONE km-1-kernel-init-compiles-nothing: PASS -- traces live at the kernelMemory baseline = 0; kernelMemory=164923
    rc3-string-r2-E-O SMOKE| MILESTONE cap-1-refusal-caught-machine-survives: PASS -- shape=string OCLJCAP=done/2210/not_enough_memory running=true lastError=<null>
rc3-record-r2-S-stock exit=0 CLASS=RECOVERY-REFUSED APACITY| shape=record native=stock jit=on jitearly=- tier=192KB scale=1.8 kernelMemory=174605 held=256 why=not_enough_memory t_first5=0.0002 t_last5=0.0006 batches=26 last/first=3.00 freeKB_at_end/totalKB=2/192 arms=+n/a refusals=+n/a trace_flushes=+n/a fill_ms=1742 queued=true running=true lastError=<null>
    rc3-record-r2-S-stock CAP-IDLE| ticks=400 arms=+n/a collects=+n/a bailouts=+n/a refusals=+n/a trace_flushes=+n/a trace_flush_bytes=+n/a park_resets=+n/a traces_live -1 -> -1 armed=n/a state=n/a stepmul=n/a threshold=n/a gctotal=n/a ccap=n/a cused=n/a parked=false wallstats=n/a running=true
    rc3-record-r2-S-stock CAP-LIVE| used=432792 kernelMemory=174605 user=258187 count(3 collects)=435187/435187/435187 total=528500 traces_live=-1
    rc3-record-r2-S-stock CAP-GC| collects=+n/a bailouts=+n/a overdrafts=+n/a od_peak=n/a od_state=n/a park_resets=+n/a od_limit=n/a kslice=n/a gc_low=n/a armby=n/a window=n/a lends=+n/a win=n/a refused=n/a tier=n/a end: armed=n/a state=n/a stepmul=n/a threshold=n/a gctotal=n/a ccap=n/a cused=n/a parked=false
    rc3-record-r2-S-stock CAP-X| batch=10 junk=24 recover=3 OCLJCAPX=26/250/0/0/1 traces(start/abort) n/a -> n/a class=RECOVERY-REFUSED site=-
    rc3-record-r2-S-stock SMOKE| MILESTONE km-1-kernel-init-compiles-nothing: SKIP -- kernel=stock: OpenComputers' own kernel has no site 13 (not counted)
    rc3-record-r2-S-stock SMOKE| MILESTONE cap-1-refusal-caught-machine-survives: PASS -- shape=record OCLJCAP=done/256/not_enough_memory running=true lastError=<null>
rc3-string-r2-S-stock exit=0 CLASS=RECOVERY-REFUSED APACITY| shape=string native=stock jit=on jitearly=- tier=192KB scale=1.8 kernelMemory=174605 held=1024 why=not_enough_memory t_first5=0.0001 t_last5=0.0004 batches=103 last/first=4.00 freeKB_at_end/totalKB=3/192 arms=+n/a refusals=+n/a trace_flushes=+n/a fill_ms=2992 queued=true running=true lastError=<null>
    rc3-string-r2-S-stock CAP-IDLE| ticks=400 arms=+n/a collects=+n/a bailouts=+n/a refusals=+n/a trace_flushes=+n/a trace_flush_bytes=+n/a park_resets=+n/a traces_live -1 -> -1 armed=n/a state=n/a stepmul=n/a threshold=n/a gctotal=n/a ccap=n/a cused=n/a parked=false wallstats=n/a running=true
    rc3-string-r2-S-stock CAP-LIVE| used=432619 kernelMemory=174605 user=258014 count(3 collects)=435014/435014/435014 total=528500 traces_live=-1
    rc3-string-r2-S-stock CAP-GC| collects=+n/a bailouts=+n/a overdrafts=+n/a od_peak=n/a od_state=n/a park_resets=+n/a od_limit=n/a kslice=n/a gc_low=n/a armby=n/a window=n/a lends=+n/a win=n/a refused=n/a tier=n/a end: armed=n/a state=n/a stepmul=n/a threshold=n/a gctotal=n/a ccap=n/a cused=n/a parked=false
    rc3-string-r2-S-stock CAP-X| batch=10 junk=24 recover=3 OCLJCAPX=103/1020/0/0/1 traces(start/abort) n/a -> n/a class=RECOVERY-REFUSED site=-
    rc3-string-r2-S-stock SMOKE| MILESTONE km-1-kernel-init-compiles-nothing: SKIP -- kernel=stock: OpenComputers' own kernel has no site 13 (not counted)
    rc3-string-r2-S-stock SMOKE| MILESTONE cap-1-refusal-caught-machine-survives: PASS -- shape=string OCLJCAP=done/1024/not_enough_memory running=true lastError=<null>
rc1-record-r2-F-D exit=0 CLASS=RECOVERY-REFUSED APACITY| shape=record native=additive jit=on jitearly=- tier=192KB scale=1.8 kernelMemory=164923 held=583 why=not_enough_memory t_first5=0.0001 t_last5=0.0010 batches=59 last/first=10.00 freeKB_at_end/totalKB=0/192 arms=+186 refusals=+3 trace_flushes=+25 fill_ms=2242 queued=true running=true lastError=<null>
    rc1-record-r2-F-D CAP-IDLE| ticks=400 arms=+20 collects=+20 bailouts=+0 refusals=+0 trace_flushes=+0 trace_flush_bytes=+0 park_resets=+0 traces_live 52 -> 63 armed=0 state=0 stepmul=200 threshold=817600 gctotal=425929 ccap=518818 cused=425929 parked=false wallstats=present running=true
    rc1-record-r2-F-D CAP-LIVE| used=408003 kernelMemory=164923 user=243080 count(3 collects)=407955/407955/407955 total=518818 traces_live=63
    rc1-record-r2-F-D CAP-GC| collects=+186 bailouts=+0 overdrafts=+2066 od_peak=26093 od_state=0 park_resets=+0 od_limit=32768 kslice=16384 gc_low=390626 armby=0 window=4096 lends=+94 win=0 refused=44 tier=16384 end: armed=0 state=0 stepmul=200 threshold=782800 gctotal=391690 ccap=518818 cused=391690 parked=false
    rc1-record-r2-F-D CAP-X| batch=10 junk=24 recover=1 OCLJCAPX=59/580/1/0/1 traces(start/abort) 310/159 -> 590/226 class=RECOVERY-REFUSED site=-
    rc1-record-r2-F-D SMOKE| MILESTONE km-1-kernel-init-compiles-nothing: PASS -- traces live at the kernelMemory baseline = 0; kernelMemory=164923
    rc1-record-r2-F-D SMOKE| MILESTONE cap-1-refusal-caught-machine-survives: PASS -- shape=record OCLJCAP=done/583/not_enough_memory running=true lastError=<null>
rc3-record-r3-F-D exit=0 CLASS=RECOVERY-REFUSED APACITY| shape=record native=additive jit=on jitearly=- tier=192KB scale=1.8 kernelMemory=164923 held=555 why=not_enough_memory t_first5=0.0004 t_last5=0.0010 batches=56 last/first=2.50 freeKB_at_end/totalKB=0/192 arms=+158 refusals=+2 trace_flushes=+24 fill_ms=2253 queued=true running=true lastError=<null>
    rc3-record-r3-F-D CAP-IDLE| ticks=400 arms=+21 collects=+21 bailouts=+0 refusals=+0 trace_flushes=+0 trace_flush_bytes=+0 park_resets=+0 traces_live 57 -> 70 armed=0 state=0 stepmul=200 threshold=829600 gctotal=451733 ccap=518818 cused=451733 parked=false wallstats=present running=true
    rc3-record-r3-F-D CAP-LIVE| used=415283 kernelMemory=164923 user=250360 count(3 collects)=415235/415235/415235 total=518818 traces_live=70
    rc3-record-r3-F-D CAP-GC| collects=+158 bailouts=+0 overdrafts=+2174 od_peak=27933 od_state=0 park_resets=+0 od_limit=32768 kslice=16384 gc_low=391458 armby=0 window=4096 lends=+9 win=0 refused=56 tier=16384 end: armed=0 state=0 stepmul=200 threshold=783800 gctotal=400106 ccap=518818 cused=400106 parked=false
    rc3-record-r3-F-D CAP-X| batch=10 junk=24 recover=3 OCLJCAPX=56/550/0/0/1 traces(start/abort) 343/181 -> 590/231 class=RECOVERY-REFUSED site=-
    rc3-record-r3-F-D SMOKE| MILESTONE km-1-kernel-init-compiles-nothing: PASS -- traces live at the kernelMemory baseline = 0; kernelMemory=164923
    rc3-record-r3-F-D SMOKE| MILESTONE cap-1-refusal-caught-machine-survives: PASS -- shape=record OCLJCAP=done/555/not_enough_memory running=true lastError=<null>
rc3-string-r3-F-O exit=0 CLASS=CLEAN APACITY| shape=string native=additive jit=off jitearly=off tier=192KB scale=1.8 kernelMemory=164923 held=2210 why=not_enough_memory t_first5=0.0001 t_last5=0.0049 batches=221 last/first=49.00 freeKB_at_end/totalKB=0/192 arms=+423 refusals=+3 trace_flushes=+0 fill_ms=4977 queued=true running=true lastError=<null>
    rc3-string-r3-F-O CAP-IDLE| ticks=400 arms=+0 collects=+0 bailouts=+0 refusals=+0 trace_flushes=+0 trace_flush_bytes=+0 park_resets=+0 traces_live 0 -> 0 armed=0 state=0 stepmul=200 threshold=707000 gctotal=426989 ccap=518818 cused=426989 parked=false wallstats=present running=true
    rc3-string-r3-F-O CAP-LIVE| used=353963 kernelMemory=164923 user=189040 count(3 collects)=353979/353915/353915 total=518818 traces_live=0
    rc3-string-r3-F-O CAP-GC| collects=+423 bailouts=+0 overdrafts=+8700 od_peak=26545 od_state=0 park_resets=+0 od_limit=32768 kslice=16384 gc_low=366940 armby=0 window=4096 lends=+58 win=0 refused=64 tier=16384 end: armed=0 state=0 stepmul=200 threshold=733800 gctotal=374364 ccap=518818 cused=374364 parked=false
    rc3-string-r3-F-O CAP-X| batch=10 junk=24 recover=3 OCLJCAPX=221/2200/0/1/0 traces(start/abort) 0/0 -> 0/0 class=CLEAN site=-
    rc3-string-r3-F-O SMOKE| MILESTONE km-1-kernel-init-compiles-nothing: PASS -- traces live at the kernelMemory baseline = 0; kernelMemory=164923
    rc3-string-r3-F-O SMOKE| MILESTONE cap-1-refusal-caught-machine-survives: PASS -- shape=string OCLJCAP=done/2210/not_enough_memory running=true lastError=<null>
rc3-record-r3-E-D exit=0 CLASS=RECOVERY-REFUSED APACITY| shape=record native=additive jit=on jitearly=- tier=192KB scale=1.8 kernelMemory=164923 held=614 why=not_enough_memory t_first5=0.0007 t_last5=0.0020 batches=62 last/first=2.86 freeKB_at_end/totalKB=0/192 arms=+209 refusals=+4 trace_flushes=+28 fill_ms=2493 queued=true running=true lastError=<null>
    rc3-record-r3-E-D CAP-IDLE| ticks=400 arms=+20 collects=+20 bailouts=+0 refusals=+0 trace_flushes=+0 trace_flush_bytes=+0 park_resets=+0 traces_live 51 -> 64 armed=0 state=0 stepmul=200 threshold=823200 gctotal=430561 ccap=518818 cused=430561 parked=false wallstats=present running=true
    rc3-record-r3-E-D CAP-LIVE| used=410243 kernelMemory=164923 user=245320 count(3 collects)=410195/410195/410195 total=518818 traces_live=64
    rc3-record-r3-E-D CAP-GC| collects=+209 bailouts=+0 overdrafts=+2983 od_peak=34169 od_state=0 park_resets=+0 od_limit=32768 kslice=16384 gc_low=385854 armby=0 window=4096 lends=+131 win=0 refused=64 tier=n/a end: armed=0 state=0 stepmul=200 threshold=771800 gctotal=414814 ccap=518818 cused=414814 parked=false
    rc3-record-r3-E-D CAP-X| batch=10 junk=24 recover=3 OCLJCAPX=62/610/2/0/1 traces(start/abort) 321/177 -> 581/231 class=RECOVERY-REFUSED site=-
    rc3-record-r3-E-D SMOKE| MILESTONE km-1-kernel-init-compiles-nothing: PASS -- traces live at the kernelMemory baseline = 0; kernelMemory=164923
    rc3-record-r3-E-D SMOKE| MILESTONE cap-1-refusal-caught-machine-survives: PASS -- shape=record OCLJCAP=done/614/not_enough_memory running=true lastError=<null>
rc3-string-r3-E-O exit=0 CLASS=RECOVERY-REFUSED APACITY| shape=string native=additive jit=off jitearly=off tier=192KB scale=1.8 kernelMemory=164923 held=2484 why=not_enough_memory t_first5=0.0001 t_last5=0.0027 batches=249 last/first=27.00 freeKB_at_end/totalKB=0/192 arms=+493 refusals=+4 trace_flushes=+0 fill_ms=5222 queued=true running=true lastError=<null>
    rc3-string-r3-E-O CAP-IDLE| ticks=400 arms=+1 collects=+1 bailouts=+0 refusals=+0 trace_flushes=+0 trace_flush_bytes=+0 park_resets=+0 traces_live 0 -> 0 armed=0 state=0 stepmul=200 threshold=706800 gctotal=375609 ccap=518818 cused=375609 parked=false wallstats=present running=true
    rc3-string-r3-E-O CAP-LIVE| used=353895 kernelMemory=164923 user=188972 count(3 collects)=353911/353847/353847 total=518818 traces_live=0
    rc3-string-r3-E-O CAP-GC| collects=+493 bailouts=+0 overdrafts=+11281 od_peak=33061 od_state=0 park_resets=+0 od_limit=32768 kslice=16384 gc_low=366124 armby=0 window=4096 lends=+97 win=0 refused=48 tier=n/a end: armed=0 state=0 stepmul=200 threshold=732200 gctotal=403084 ccap=518818 cused=403084 parked=false
    rc3-string-r3-E-O CAP-X| batch=10 junk=24 recover=3 OCLJCAPX=249/2480/2/0/1 traces(start/abort) 0/0 -> 0/0 class=RECOVERY-REFUSED site=-
    rc3-string-r3-E-O SMOKE| MILESTONE km-1-kernel-init-compiles-nothing: PASS -- traces live at the kernelMemory baseline = 0; kernelMemory=164923
    rc3-string-r3-E-O SMOKE| MILESTONE cap-1-refusal-caught-machine-survives: PASS -- shape=string OCLJCAP=done/2484/not_enough_memory running=true lastError=<null>
rc3-record-r3-S-stock exit=0 CLASS=RECOVERY-REFUSED APACITY| shape=record native=stock jit=on jitearly=- tier=192KB scale=1.8 kernelMemory=174605 held=257 why=not_enough_memory t_first5=0.0002 t_last5=0.0005 batches=26 last/first=2.50 freeKB_at_end/totalKB=0/192 arms=+n/a refusals=+n/a trace_flushes=+n/a fill_ms=1739 queued=true running=true lastError=<null>
    rc3-record-r3-S-stock CAP-IDLE| ticks=400 arms=+n/a collects=+n/a bailouts=+n/a refusals=+n/a trace_flushes=+n/a trace_flush_bytes=+n/a park_resets=+n/a traces_live -1 -> -1 armed=n/a state=n/a stepmul=n/a threshold=n/a gctotal=n/a ccap=n/a cused=n/a parked=false wallstats=n/a running=true
    rc3-record-r3-S-stock CAP-LIVE| used=432566 kernelMemory=174605 user=257961 count(3 collects)=434961/434961/434961 total=528500 traces_live=-1
    rc3-record-r3-S-stock CAP-GC| collects=+n/a bailouts=+n/a overdrafts=+n/a od_peak=n/a od_state=n/a park_resets=+n/a od_limit=n/a kslice=n/a gc_low=n/a armby=n/a window=n/a lends=+n/a win=n/a refused=n/a tier=n/a end: armed=n/a state=n/a stepmul=n/a threshold=n/a gctotal=n/a ccap=n/a cused=n/a parked=false
    rc3-record-r3-S-stock CAP-X| batch=10 junk=24 recover=3 OCLJCAPX=26/250/0/0/1 traces(start/abort) n/a -> n/a class=RECOVERY-REFUSED site=-
    rc3-record-r3-S-stock SMOKE| MILESTONE km-1-kernel-init-compiles-nothing: SKIP -- kernel=stock: OpenComputers' own kernel has no site 13 (not counted)
    rc3-record-r3-S-stock SMOKE| MILESTONE cap-1-refusal-caught-machine-survives: PASS -- shape=record OCLJCAP=done/257/not_enough_memory running=true lastError=<null>
rc3-string-r3-S-stock exit=0 CLASS=RECOVERY-REFUSED APACITY| shape=string native=stock jit=on jitearly=- tier=192KB scale=1.8 kernelMemory=174605 held=901 why=not_enough_memory t_first5=0.0002 t_last5=0.0006 batches=91 last/first=3.00 freeKB_at_end/totalKB=0/192 arms=+n/a refusals=+n/a trace_flushes=+n/a fill_ms=2735 queued=true running=true lastError=<null>
    rc3-string-r3-S-stock CAP-IDLE| ticks=400 arms=+n/a collects=+n/a bailouts=+n/a refusals=+n/a trace_flushes=+n/a trace_flush_bytes=+n/a park_resets=+n/a traces_live -1 -> -1 armed=n/a state=n/a stepmul=n/a threshold=n/a gctotal=n/a ccap=n/a cused=n/a parked=false wallstats=n/a running=true
    rc3-string-r3-S-stock CAP-LIVE| used=432553 kernelMemory=174605 user=257948 count(3 collects)=434948/434948/434948 total=528500 traces_live=-1
    rc3-string-r3-S-stock CAP-GC| collects=+n/a bailouts=+n/a overdrafts=+n/a od_peak=n/a od_state=n/a park_resets=+n/a od_limit=n/a kslice=n/a gc_low=n/a armby=n/a window=n/a lends=+n/a win=n/a refused=n/a tier=n/a end: armed=n/a state=n/a stepmul=n/a threshold=n/a gctotal=n/a ccap=n/a cused=n/a parked=false
    rc3-string-r3-S-stock CAP-X| batch=10 junk=24 recover=3 OCLJCAPX=91/900/3/0/1 traces(start/abort) n/a -> n/a class=RECOVERY-REFUSED site=-
    rc3-string-r3-S-stock SMOKE| MILESTONE km-1-kernel-init-compiles-nothing: SKIP -- kernel=stock: OpenComputers' own kernel has no site 13 (not counted)
    rc3-string-r3-S-stock SMOKE| MILESTONE cap-1-refusal-caught-machine-survives: PASS -- shape=string OCLJCAP=done/901/not_enough_memory running=true lastError=<null>
rc1-record-r3-F-D exit=0 CLASS=RECOVERY-REFUSED APACITY| shape=record native=additive jit=on jitearly=- tier=192KB scale=1.8 kernelMemory=164923 held=587 why=not_enough_memory t_first5=0.0003 t_last5=0.0018 batches=59 last/first=6.00 freeKB_at_end/totalKB=0/192 arms=+200 refusals=+3 trace_flushes=+27 fill_ms=2242 queued=true running=true lastError=<null>
    rc1-record-r3-F-D CAP-IDLE| ticks=400 arms=+20 collects=+20 bailouts=+0 refusals=+0 trace_flushes=+0 trace_flush_bytes=+0 park_resets=+0 traces_live 51 -> 62 armed=0 state=0 stepmul=200 threshold=821400 gctotal=430029 ccap=518818 cused=430029 parked=false wallstats=present running=true
    rc1-record-r3-F-D CAP-LIVE| used=409535 kernelMemory=164923 user=244612 count(3 collects)=409487/409487/409487 total=518818 traces_live=62
    rc1-record-r3-F-D CAP-GC| collects=+200 bailouts=+0 overdrafts=+1909 od_peak=27009 od_state=0 park_resets=+0 od_limit=32768 kslice=16384 gc_low=387314 armby=0 window=4096 lends=+103 win=0 refused=44 tier=16384 end: armed=0 state=0 stepmul=200 threshold=774600 gctotal=394802 ccap=518818 cused=394802 parked=false
    rc1-record-r3-F-D CAP-X| batch=10 junk=24 recover=1 OCLJCAPX=59/580/1/0/1 traces(start/abort) 339/193 -> 571/235 class=RECOVERY-REFUSED site=-
    rc1-record-r3-F-D SMOKE| MILESTONE km-1-kernel-init-compiles-nothing: PASS -- traces live at the kernelMemory baseline = 0; kernelMemory=164923
    rc1-record-r3-F-D SMOKE| MILESTONE cap-1-refusal-caught-machine-survives: PASS -- shape=record OCLJCAP=done/587/not_enough_memory running=true lastError=<null>
rc3-record-r4-F-D exit=0 CLASS=RECOVERY-REFUSED APACITY| shape=record native=additive jit=on jitearly=- tier=192KB scale=1.8 kernelMemory=164923 held=587 why=not_enough_memory t_first5=0.0001 t_last5=0.0014 batches=59 last/first=14.00 freeKB_at_end/totalKB=0/192 arms=+149 refusals=+5 trace_flushes=+26 fill_ms=2243 queued=true running=true lastError=<null>
    rc3-record-r4-F-D CAP-IDLE| ticks=400 arms=+20 collects=+20 bailouts=+0 refusals=+0 trace_flushes=+0 trace_flush_bytes=+0 park_resets=+0 traces_live 48 -> 64 armed=0 state=0 stepmul=200 threshold=824400 gctotal=430473 ccap=518818 cused=430473 parked=false wallstats=present running=true
    rc3-record-r4-F-D CAP-LIVE| used=410747 kernelMemory=164923 user=245824 count(3 collects)=410699/410699/410699 total=518818 traces_live=64
    rc3-record-r4-F-D CAP-GC| collects=+149 bailouts=+0 overdrafts=+2103 od_peak=28709 od_state=0 park_resets=+0 od_limit=32768 kslice=16384 gc_low=388750 armby=0 window=4096 lends=+37 win=0 refused=44 tier=16384 end: armed=0 state=0 stepmul=200 threshold=779400 gctotal=397826 ccap=518818 cused=397826 parked=false
    rc3-record-r4-F-D CAP-X| batch=10 junk=24 recover=3 OCLJCAPX=59/580/2/0/1 traces(start/abort) 345/184 -> 572/222 class=RECOVERY-REFUSED site=-
    rc3-record-r4-F-D SMOKE| MILESTONE km-1-kernel-init-compiles-nothing: PASS -- traces live at the kernelMemory baseline = 0; kernelMemory=164923
    rc3-record-r4-F-D SMOKE| MILESTONE cap-1-refusal-caught-machine-survives: PASS -- shape=record OCLJCAP=done/587/not_enough_memory running=true lastError=<null>
rc3-string-r4-F-O exit=0 CLASS=RECOVERY-REFUSED APACITY| shape=string native=additive jit=off jitearly=off tier=192KB scale=1.8 kernelMemory=164923 held=2352 why=not_enough_memory t_first5=0.0001 t_last5=0.0024 batches=236 last/first=24.00 freeKB_at_end/totalKB=0/192 arms=+437 refusals=+5 trace_flushes=+0 fill_ms=4970 queued=true running=true lastError=<null>
    rc3-string-r4-F-O CAP-IDLE| ticks=400 arms=+0 collects=+0 bailouts=+0 refusals=+0 trace_flushes=+0 trace_flush_bytes=+0 park_resets=+0 traces_live 0 -> 0 armed=0 state=0 stepmul=200 threshold=706800 gctotal=433257 ccap=518818 cused=433257 parked=false wallstats=present running=true
    rc3-string-r4-F-O CAP-LIVE| used=353895 kernelMemory=164923 user=188972 count(3 collects)=353847/353847/353847 total=518818 traces_live=0
    rc3-string-r4-F-O CAP-GC| collects=+437 bailouts=+0 overdrafts=+7267 od_peak=25189 od_state=0 park_resets=+0 od_limit=32768 kslice=16384 gc_low=366124 armby=0 window=4096 lends=+116 win=0 refused=48 tier=16384 end: armed=0 state=0 stepmul=200 threshold=732200 gctotal=396980 ccap=518818 cused=396980 parked=false
    rc3-string-r4-F-O CAP-X| batch=10 junk=24 recover=3 OCLJCAPX=236/2350/3/0/1 traces(start/abort) 0/0 -> 0/0 class=RECOVERY-REFUSED site=-
    rc3-string-r4-F-O SMOKE| MILESTONE km-1-kernel-init-compiles-nothing: PASS -- traces live at the kernelMemory baseline = 0; kernelMemory=164923
    rc3-string-r4-F-O SMOKE| MILESTONE cap-1-refusal-caught-machine-survives: PASS -- shape=string OCLJCAP=done/2352/not_enough_memory running=true lastError=<null>
rc3-record-r5-F-D exit=0 CLASS=RECOVERY-REFUSED APACITY| shape=record native=additive jit=on jitearly=- tier=192KB scale=1.8 kernelMemory=164923 held=583 why=not_enough_memory t_first5=0.0003 t_last5=0.0015 batches=59 last/first=5.00 freeKB_at_end/totalKB=0/192 arms=+178 refusals=+5 trace_flushes=+27 fill_ms=2249 queued=true running=true lastError=<null>
    rc3-record-r5-F-D CAP-IDLE| ticks=400 arms=+21 collects=+21 bailouts=+0 refusals=+0 trace_flushes=+0 trace_flush_bytes=+0 park_resets=+0 traces_live 46 -> 58 armed=0 state=0 stepmul=200 threshold=834400 gctotal=439357 ccap=518818 cused=439357 parked=false wallstats=present running=true
    rc3-record-r5-F-D CAP-LIVE| used=416351 kernelMemory=164923 user=251428 count(3 collects)=416303/416303/416303 total=518818 traces_live=58
    rc3-record-r5-F-D CAP-GC| collects=+178 bailouts=+0 overdrafts=+2149 od_peak=26421 od_state=0 park_resets=+0 od_limit=32768 kslice=16384 gc_low=387682 armby=0 window=4096 lends=+41 win=0 refused=64 tier=16384 end: armed=0 state=0 stepmul=200 threshold=777800 gctotal=396358 ccap=518818 cused=396358 parked=false
    rc3-record-r5-F-D CAP-X| batch=10 junk=24 recover=3 OCLJCAPX=59/580/3/0/1 traces(start/abort) 334/190 -> 588/241 class=RECOVERY-REFUSED site=-
    rc3-record-r5-F-D SMOKE| MILESTONE km-1-kernel-init-compiles-nothing: PASS -- traces live at the kernelMemory baseline = 0; kernelMemory=164923
    rc3-record-r5-F-D SMOKE| MILESTONE cap-1-refusal-caught-machine-survives: PASS -- shape=record OCLJCAP=done/583/not_enough_memory running=true lastError=<null>
rc3-string-r5-F-O exit=0 CLASS=RECOVERY-REFUSED APACITY| shape=string native=additive jit=off jitearly=off tier=192KB scale=1.8 kernelMemory=164923 held=2352 why=not_enough_memory t_first5=0.0001 t_last5=0.0025 batches=236 last/first=25.00 freeKB_at_end/totalKB=0/192 arms=+450 refusals=+4 trace_flushes=+0 fill_ms=4968 queued=true running=true lastError=<null>
    rc3-string-r5-F-O CAP-IDLE| ticks=400 arms=+1 collects=+1 bailouts=+0 refusals=+0 trace_flushes=+0 trace_flush_bytes=+0 park_resets=+0 traces_live 0 -> 0 armed=0 state=0 stepmul=200 threshold=706800 gctotal=375609 ccap=518818 cused=375609 parked=false wallstats=present running=true
    rc3-string-r5-F-O CAP-LIVE| used=353895 kernelMemory=164923 user=188972 count(3 collects)=353911/353847/353847 total=518818 traces_live=0
    rc3-string-r5-F-O CAP-GC| collects=+450 bailouts=+0 overdrafts=+7262 od_peak=25189 od_state=0 park_resets=+0 od_limit=32768 kslice=16384 gc_low=366188 armby=0 window=4096 lends=+125 win=0 refused=48 tier=16384 end: armed=0 state=0 stepmul=200 threshold=732200 gctotal=381612 ccap=518818 cused=381612 parked=false
    rc3-string-r5-F-O CAP-X| batch=10 junk=24 recover=3 OCLJCAPX=236/2350/2/0/1 traces(start/abort) 0/0 -> 0/0 class=RECOVERY-REFUSED site=-
    rc3-string-r5-F-O SMOKE| MILESTONE km-1-kernel-init-compiles-nothing: PASS -- traces live at the kernelMemory baseline = 0; kernelMemory=164923
    rc3-string-r5-F-O SMOKE| MILESTONE cap-1-refusal-caught-machine-survives: PASS -- shape=string OCLJCAP=done/2352/not_enough_memory running=true lastError=<null>
